Component: ARM Compiler 5.06 update 1 (build 61) Tool: armlink [4d35a8]

==============================================================================

Section Cross References

    application.o(.text) refers to thread.o(.text) for rt_thread_create
    startup.o(.text) refers to kservice.o(.text) for rt_kprintf
    startup.o(.text) refers to board.o(.text) for rt_hw_board_init
    startup.o(.text) refers to clock.o(.text) for rt_system_tick_init
    startup.o(.text) refers to object.o(.text) for rt_system_object_init
    startup.o(.text) refers to timer.o(.text) for rt_system_timer_init
    startup.o(.text) refers to mem.o(.text) for rt_system_heap_init
    startup.o(.text) refers to scheduler.o(.text) for rt_system_scheduler_init
    startup.o(.text) refers to application.o(.text) for rt_application_init
    startup.o(.text) refers to shell.o(.text) for finsh_system_init
    startup.o(.text) refers to idle.o(.text) for rt_thread_idle_init
    startup.o(.text) refers to context_rvds.o(.text) for rt_hw_interrupt_disable
    board.o(.text) refers to misc.o(.text) for NVIC_SetVectorTable
    board.o(.text) refers to stm32f4xx_rcc.o(.text) for RCC_GetClocksFreq
    board.o(.text) refers to irq.o(.text) for rt_interrupt_enter
    board.o(.text) refers to clock.o(.text) for rt_tick_increase
    board.o(.text) refers to usart.o(.text) for stm32_hw_usart_init
    board.o(.text) refers to gpio.o(.text) for stm32_hw_pin_init
    board.o(.text) refers to kservice.o(.text) for rt_console_set_device
    usart.o(.text) refers to kservice.o(.text) for rt_assert_handler
    usart.o(.text) refers to stm32f4xx_usart.o(.text) for USART_Init
    usart.o(.text) refers to irq.o(.text) for rt_interrupt_enter
    usart.o(.text) refers to serial.o(.text) for rt_hw_serial_isr
    usart.o(.text) refers to stm32f4xx_rcc.o(.text) for RCC_AHB1PeriphClockCmd
    usart.o(.text) refers to stm32f4xx_gpio.o(.text) for GPIO_Init
    usart.o(.text) refers to misc.o(.text) for NVIC_Init
    usart.o(.text) refers to usart.o(.constdata) for __FUNCTION__
    usart.o(.text) refers to usart.o(.data) for uart1
    usart.o(.text) refers to usart.o(.bss) for serial1
    usart.o(.constdata) refers to usart.o(.text) for stm32_configure
    gpio.o(.text) refers to stm32f4xx_gpio.o(.text) for GPIO_ResetBits
    gpio.o(.text) refers to stm32f4xx_rcc.o(.text) for RCC_AHB1PeriphClockCmd
    gpio.o(.text) refers to pin.o(.text) for rt_device_pin_register
    gpio.o(.text) refers to gpio.o(.constdata) for pins
    gpio.o(.constdata) refers to gpio.o(.text) for stm32_pin_mode
    system_stm32f4xx.o(.text) refers to system_stm32f4xx.o(.data) for SystemCoreClock
    misc.o(.text) refers to startup.o(.text) for assert_failed
    stm32f4xx_adc.o(.text) refers to stm32f4xx_rcc.o(.text) for RCC_APB2PeriphResetCmd
    stm32f4xx_adc.o(.text) refers to startup.o(.text) for assert_failed
    stm32f4xx_can.o(.text) refers to startup.o(.text) for assert_failed
    stm32f4xx_can.o(.text) refers to stm32f4xx_rcc.o(.text) for RCC_APB1PeriphResetCmd
    stm32f4xx_cryp.o(.text) refers to stm32f4xx_rcc.o(.text) for RCC_AHB2PeriphResetCmd
    stm32f4xx_cryp.o(.text) refers to startup.o(.text) for assert_failed
    stm32f4xx_cryp_aes.o(.text) refers to stm32f4xx_cryp.o(.text) for CRYP_KeyStructInit
    stm32f4xx_cryp_des.o(.text) refers to stm32f4xx_cryp.o(.text) for CRYP_KeyStructInit
    stm32f4xx_cryp_tdes.o(.text) refers to stm32f4xx_cryp.o(.text) for CRYP_KeyStructInit
    stm32f4xx_dac.o(.text) refers to stm32f4xx_rcc.o(.text) for RCC_APB1PeriphResetCmd
    stm32f4xx_dac.o(.text) refers to startup.o(.text) for assert_failed
    stm32f4xx_dbgmcu.o(.text) refers to startup.o(.text) for assert_failed
    stm32f4xx_dcmi.o(.text) refers to startup.o(.text) for assert_failed
    stm32f4xx_dma.o(.text) refers to startup.o(.text) for assert_failed
    stm32f4xx_exti.o(.text) refers to startup.o(.text) for assert_failed
    stm32f4xx_flash.o(.text) refers to startup.o(.text) for assert_failed
    stm32f4xx_fsmc.o(.text) refers to startup.o(.text) for assert_failed
    stm32f4xx_gpio.o(.text) refers to startup.o(.text) for assert_failed
    stm32f4xx_gpio.o(.text) refers to stm32f4xx_rcc.o(.text) for RCC_AHB1PeriphResetCmd
    stm32f4xx_hash.o(.text) refers to stm32f4xx_rcc.o(.text) for RCC_AHB2PeriphResetCmd
    stm32f4xx_hash.o(.text) refers to startup.o(.text) for assert_failed
    stm32f4xx_hash_md5.o(.text) refers to stm32f4xx_hash.o(.text) for HASH_DeInit
    stm32f4xx_hash_sha1.o(.text) refers to stm32f4xx_hash.o(.text) for HASH_DeInit
    stm32f4xx_i2c.o(.text) refers to startup.o(.text) for assert_failed
    stm32f4xx_i2c.o(.text) refers to stm32f4xx_rcc.o(.text) for RCC_APB1PeriphResetCmd
    stm32f4xx_iwdg.o(.text) refers to startup.o(.text) for assert_failed
    stm32f4xx_pwr.o(.text) refers to stm32f4xx_rcc.o(.text) for RCC_APB1PeriphResetCmd
    stm32f4xx_pwr.o(.text) refers to startup.o(.text) for assert_failed
[...]
    STACK                                    0x20001810   Section     1024  startup_stm32f4xx.o(STACK)
    Stack_Mem                                0x20001810   Data        1024  startup_stm32f4xx.o(STACK)
    __initial_sp                             0x20001c10   Data           0  startup_stm32f4xx.o(STACK)

    Global Symbols

    Symbol Name                              Value     Ov Type        Size  Object(Section)

    BuildAttributes$$THM_ISAv4$E$P$D$K$B$S$7EM$VFPi3$EXTD16$VFPS$VFMA$PE$A:L22UL41UL21$X:L11$S22US41US21$IEEE1$IW$USESV6$~STKCKD$USESV7$~SHL$OSPACE$ROPI$EBA8$UX$STANDARDLIB$REQ8$PRES8$EABIv2 0x00000000   Number         0  anon$$obj.o ABSOLUTE
    __ARM_use_no_argv                        0x00000000   Number         0  startup.o ABSOLUTE
    __ARM_exceptions_init                     - Undefined Weak Reference
    __alloca_initialize                       - Undefined Weak Reference
    __arm_preinit_                            - Undefined Weak Reference
    __cpp_initialize__aeabi_                  - Undefined Weak Reference
    __cxa_finalize                            - Undefined Weak Reference
    __sigvec_lookup                           - Undefined Weak Reference
    _atexit_init                              - Undefined Weak Reference
    _call_atexit_fns                          - Undefined Weak Reference
    _clock_init                               - Undefined Weak Reference
    _fp_trap_init                             - Undefined Weak Reference
    _fp_trap_shutdown                         - Undefined Weak Reference
    _get_lc_collate                           - Undefined Weak Reference
    _get_lc_monetary                          - Undefined Weak Reference
    _get_lc_numeric                           - Undefined Weak Reference
    _get_lc_time                              - Undefined Weak Reference
    _getenv_init                              - Undefined Weak Reference
    _handle_redirection                       - Undefined Weak Reference
    _init_alloc                               - Undefined Weak Reference
    _init_user_alloc                          - Undefined Weak Reference
    _initio                                   - Undefined Weak Reference
    _rand_init                                - Undefined Weak Reference
    _signal_finish                            - Undefined Weak Reference
    _signal_init                              - Undefined Weak Reference
    _terminate_alloc                          - Undefined Weak Reference
    _terminate_user_alloc                     - Undefined Weak Reference
    _terminateio                              - Undefined Weak Reference
    __Vectors_Size                           0x00000188   Number         0  startup_stm32f4xx.o ABSOLUTE
    __Vectors                                0x08000000   Data           4  startup_stm32f4xx.o(RESET)
    __Vectors_End                            0x08000188   Data           0  startup_stm32f4xx.o(RESET)
    __main                                   0x08000189   Thumb Code     8  __main.o(!!!main)
    __scatterload                            0x08000191   Thumb Code     0  __scatter.o(!!!scatter)
    __scatterload_rt2                        0x08000191   Thumb Code    44  __scatter.o(!!!scatter)
    __scatterload_rt2_thumb_only             0x08000191   Thumb Code     0  __scatter.o(!!!scatter)
    __scatterload_null                       0x0800019f   Thumb Code     0  __scatter.o(!!!scatter)
    __decompress                             0x080001c5   Thumb Code    90  __dczerorl2.o(!!dczerorl2)
    __decompress1                            0x080001c5   Thumb Code     0  __dczerorl2.o(!!dczerorl2)
    __scatterload_zeroinit                   0x08000221   Thumb Code    28  __scatter_zi.o(!!handler_zi)
    __rt_lib_init                            0x0800023d   Thumb Code     0  libinit.o(.ARM.Collect$$libinit$$00000000)
    __rt_lib_init_fp_1                       0x0800023f   Thumb Code     0  libinit2.o(.ARM.Collect$$libinit$$00000001)
    __rt_lib_init_heap_1                     0x08000243   Thumb Code     0  libinit2.o(.ARM.Collect$$libinit$$0000000A)
    __rt_lib_init_lc_common                  0x08000243   Thumb Code     0  libinit2.o(.ARM.Collect$$libinit$$0000000F)
    __rt_lib_init_preinit_1                  0x08000243   Thumb Code     0  libinit2.o(.ARM.Collect$$libinit$$00000004)
    __rt_lib_init_rand_1                     0x08000243   Thumb Code     0  libinit2.o(.ARM.Collect$$libinit$$0000000E)
    __rt_lib_init_user_alloc_1               0x08000243   Thumb Code     0  libinit2.o(.ARM.Collect$$libinit$$0000000C)
    __rt_lib_init_lc_collate_1               0x08000249   Thumb Code     0  libinit2.o(.ARM.Collect$$libinit$$00000011)
    __rt_lib_init_lc_ctype_2                 0x08000249   Thumb Code     0  libinit2.o(.ARM.Collect$$libinit$$00000012)
    __rt_lib_init_alloca_1                   0x08000255   Thumb Code     0  libinit2.o(.ARM.Collect$$libinit$$0000002E)
    __rt_lib_init_argv_1                     0x08000255   Thumb Code     0  libinit2.o(.ARM.Collect$$libinit$$0000002C)
    __rt_lib_init_atexit_1                   0x08000255   Thumb Code     0  libinit2.o(.ARM.Collect$$libinit$$0000001B)
    __rt_lib_init_clock_1                    0x08000255   Thumb Code     0  libinit2.o(.ARM.Collect$$libinit$$00000021)
    __rt_lib_init_cpp_1                      0x08000255   Thumb Code     0  libinit2.o(.ARM.Collect$$libinit$$00000032)
    __rt_lib_init_exceptions_1               0x08000255   Thumb Code     0  libinit2.o(.ARM.Collect$$libinit$$00000030)
    __rt_lib_init_fp_trap_1                  0x08000255   Thumb Code     0  libinit2.o(.ARM.Collect$$libinit$$0000001F)
    __rt_lib_init_getenv_1                   0x08000255   Thumb Code     0  libinit2.o(.ARM.Collect$$libinit$$00000023)
    __rt_lib_init_lc_ctype_1                 0x08000255   Thumb Code     0  libinit2.o(.ARM.Collect$$libinit$$00000013)
    __rt_lib_init_lc_monetary_1              0x08000255   Thumb Code     0  libinit2.o(.ARM.Collect$$libinit$$00000015)
    __rt_lib_init_lc_numeric_1               0x08000255   Thumb Code     0  libinit2.o(.ARM.Collect$$libinit$$00000017)
    __rt_lib_init_lc_time_1                  0x08000255   Thumb Code     0  libinit2.o(.ARM.Collect$$libinit$$00000019)
    __rt_lib_init_return                     0x08000255   Thumb Code     0  libinit2.o(.ARM.Collect$$libinit$$00000033)
    __rt_lib_init_signal_1                   0x08000255   Thumb Code     0  libinit2.o(.ARM.Collect$$libinit$$0000001D)
    __rt_lib_init_stdio_1                    0x08000255   Thumb Code     0  libinit2.o(.ARM.Collect$$libinit$$00000025)
    __rt_lib_shutdown                        0x08000257   Thumb Code     0  libshutdown.o(.ARM.Collect$$libshutdown$$00000000)
    __rt_lib_shutdown_cpp_1                  0x08000259   Thumb Code     0  libshutdown2.o(.ARM.Collect$$libshutdown$$00000002)
    __rt_lib_shutdown_fp_trap_1              0x08000259   Thumb Code     0  libshutdown2.o(.ARM.Collect$$libshutdown$$00000007)
    __rt_lib_shutdown_heap_1                 0x08000259   Thumb Code     0  libshutdown2.o(.ARM.Collect$$libshutdown$$0000000F)
    __rt_lib_shutdown_return                 0x08000259   Thumb Code     0  libshutdown2.o(.ARM.Collect$$libshutdown$$00000010)
    __rt_lib_shutdown_signal_1               0x08000259   Thumb Code     0  libshutdown2.o(.ARM.Collect$$libshutdown$$0000000A)
    __rt_lib_shutdown_stdio_1                0x08000259   Thumb Code     0  libshutdown2.o(.ARM.Collect$$libshutdown$$00000004)
    __rt_lib_shutdown_user_alloc_1           0x08000259   Thumb Code     0  libshutdown2.o(.ARM.Collect$$libshutdown$$0000000C)
    __rt_entry                               0x0800025b   Thumb Code     0  __rtentry.o(.ARM.Collect$$rtentry$$00000000)
    __rt_entry_presh_1                       0x0800025b   Thumb Code     0  __rtentry2.o(.ARM.Collect$$rtentry$$00000002)
    __rt_entry_sh                            0x0800025b   Thumb Code     0  __rtentry4.o(.ARM.Collect$$rtentry$$00000004)
    __rt_entry_li                            0x08000261   Thumb Code     0  __rtentry2.o(.ARM.Collect$$rtentry$$0000000A)
    __rt_entry_postsh_1                      0x08000261   Thumb Code     0  __rtentry2.o(.ARM.Collect$$rtentry$$00000009)
    __rt_entry_main                          0x08000265   Thumb Code     0  __rtentry2.o(.ARM.Collect$$rtentry$$0000000D)
    __rt_entry_postli_1                      0x08000265   Thumb Code     0  __rtentry2.o(.ARM.Collect$$rtentry$$0000000C)
    __rt_exit                                0x0800026d   Thumb Code     0  rtexit.o(.ARM.Collect$$rtexit$$00000000)
    __rt_exit_ls                             0x0800026f   Thumb Code     0  rtexit2.o(.ARM.Collect$$rtexit$$00000003)
    __rt_exit_prels_1                        0x0800026f   Thumb Code     0  rtexit2.o(.ARM.Collect$$rtexit$$00000002)
    __rt_exit_exit                           0x08000273   Thumb Code     0  rtexit2.o(.ARM.Collect$$rtexit$$00000004)
    rt_init_thread_entry                     0x08000279   Thumb Code     2  application.o(.text)
    rt_application_init                      0x0800027b   Thumb Code    40  application.o(.text)
    assert_failed                            0x080002ad   Thumb Code    30  startup.o(.text)
    rtthread_startup                         0x080002cb   Thumb Code    62  startup.o(.text)
    main                                     0x08000309   Thumb Code    14  startup.o(.text)
    NVIC_Configuration                       0x08000379   Thumb Code    22  board.o(.text)
    SysTick_Configuration                    0x0800038f   Thumb Code    98  board.o(.text)
    SysTick_Handler                          0x080003f1   Thumb Code    16  board.o(.text)
    rt_hw_board_init                         0x08000401   Thumb Code    26  board.o(.text)
    NMI_Handler                              0x0800042d   Thumb Code     2  stm32f4xx_it.o(.text)
    MemManage_Handler                        0x0800042f   Thumb Code     4  stm32f4xx_it.o(.text)
    BusFault_Handler                         0x08000433   Thumb Code     4  stm32f4xx_it.o(.text)
    UsageFault_Handler                       0x08000437   Thumb Code     4  stm32f4xx_it.o(.text)
    SVC_Handler                              0x0800043b   Thumb Code     2  stm32f4xx_it.o(.text)
    USART1_IRQHandler                        0x08000599   Thumb Code    56  usart.o(.text)
    USART2_IRQHandler                        0x080005d1   Thumb Code    56  usart.o(.text)
    USART3_IRQHandler                        0x08000609   Thumb Code    56  usart.o(.text)
    stm32_hw_usart_init                      0x08000717   Thumb Code   136  usart.o(.text)
    get_pin                                  0x0800081d   Thumb Code    18  gpio.o(.text)
    stm32_pin_write                          0x0800082f   Thumb Code    52  gpio.o(.text)
    stm32_pin_read                           0x08000863   Thumb Code    48  gpio.o(.text)
    stm32_pin_mode                           0x08000893   Thumb Code   122  gpio.o(.text)
    stm32_hw_pin_init                        0x0800090d   Thumb Code    16  gpio.o(.text)
    SystemInit                               0x08000a05   Thumb Code    88  system_stm32f4xx.o(.text)
    SystemCoreClockUpdate                    0x08000a5d   Thumb Code   174  system_stm32f4xx.o(.text)
    NVIC_PriorityGroupConfig                 0x08000b39   Thumb Code    54  misc.o(.text)
    NVIC_Init                                0x08000b6f   Thumb Code   164  misc.o(.text)
    NVIC_SetVectorTable                      0x08000c13   Thumb Code    60  misc.o(.text)
    NVIC_SystemLPConfig                      0x08000c4f   Thumb Code    78  misc.o(.text)
    SysTick_CLKSourceConfig                  0x08000c9d   Thumb Code    62  misc.o(.text)
    GPIO_DeInit                              0x08000d25   Thumb Code   284  stm32f4xx_gpio.o(.text)
    GPIO_Init                                0x08000e41   Thumb Code   342  stm32f4xx_gpio.o(.text)
    GPIO_StructInit                          0x08000f97   Thumb Code    18  stm32f4xx_gpio.o(.text)
    GPIO_PinLockConfig                       0x08000fa9   Thumb Code   122  stm32f4xx_gpio.o(.text)
    GPIO_ReadInputDataBit                    0x08001023   Thumb Code   182  stm32f4xx_gpio.o(.text)
    GPIO_ReadInputData                       0x080010d9   Thumb Code   174  stm32f4xx_gpio.o(.text)
    GPIO_ReadOutputDataBit                   0x08001187   Thumb Code   186  stm32f4xx_gpio.o(.text)
    GPIO_ReadOutputData                      0x08001241   Thumb Code    78  stm32f4xx_gpio.o(.text)
    GPIO_SetBits                             0x0800128f   Thumb Code    98  stm32f4xx_gpio.o(.text)
    GPIO_ResetBits                           0x080012f1   Thumb Code    98  stm32f4xx_gpio.o(.text)
    GPIO_WriteBit                            0x08001353   Thumb Code   200  stm32f4xx_gpio.o(.text)
    GPIO_Write                               0x0800141b   Thumb Code    78  stm32f4xx_gpio.o(.text)
    GPIO_ToggleBits                          0x08001469   Thumb Code    82  stm32f4xx_gpio.o(.text)
    GPIO_PinAFConfig                         0x080014bb   Thumb Code   384  stm32f4xx_gpio.o(.text)
    RCC_DeInit                               0x0800163d   Thumb Code    60  stm32f4xx_rcc.o(.text)
    RCC_HSEConfig                            0x08001679   Thumb Code    38  stm32f4xx_rcc.o(.text)
    RCC_GetFlagStatus                        0x0800169f   Thumb Code   130  stm32f4xx_rcc.o(.text)
    RCC_WaitForHSEStartUp                    0x08001721   Thumb Code    56  stm32f4xx_rcc.o(.text)
    RCC_AdjustHSICalibrationValue            0x08001759   Thumb Code    38  stm32f4xx_rcc.o(.text)
    RCC_HSICmd                               0x0800177f   Thumb Code    28  stm32f4xx_rcc.o(.text)
    RCC_LSEConfig                            0x0800179b   Thumb Code    72  stm32f4xx_rcc.o(.text)
    RCC_LSICmd                               0x080017e3   Thumb Code    28  stm32f4xx_rcc.o(.text)
    RCC_PLLConfig                            0x080017ff   Thumb Code   156  stm32f4xx_rcc.o(.text)
    RCC_PLLCmd                               0x0800189b   Thumb Code    28  stm32f4xx_rcc.o(.text)
    RCC_PLLI2SConfig                         0x080018b7   Thumb Code    62  stm32f4xx_rcc.o(.text)
    RCC_PLLI2SCmd                            0x080018f5   Thumb Code    28  stm32f4xx_rcc.o(.text)
    RCC_ClockSecuritySystemCmd               0x08001911   Thumb Code    28  stm32f4xx_rcc.o(.text)
    RCC_MCO1Config                           0x0800192d   Thumb Code   102  stm32f4xx_rcc.o(.text)
    RCC_MCO2Config                           0x08001993   Thumb Code   102  stm32f4xx_rcc.o(.text)
    RCC_SYSCLKConfig                         0x080019f9   Thumb Code   124  stm32f4xx_rcc.o(.text)
    RCC_GetSYSCLKSource                      0x08001a75   Thumb Code    10  stm32f4xx_rcc.o(.text)
    RCC_HCLKConfig                           0x08001a7f   Thumb Code    68  stm32f4xx_rcc.o(.text)
    RCC_PCLK1Config                          0x08001ac3   Thumb Code    60  stm32f4xx_rcc.o(.text)
    RCC_PCLK2Config                          0x08001aff   Thumb Code    62  stm32f4xx_rcc.o(.text)
    RCC_GetClocksFreq                        0x08001b3d   Thumb Code   214  stm32f4xx_rcc.o(.text)
    RCC_RTCCLKConfig                         0x08001c13   Thumb Code   262  stm32f4xx_rcc.o(.text)
    RCC_RTCCLKCmd                            0x08001d19   Thumb Code    30  stm32f4xx_rcc.o(.text)
    RCC_BackupResetCmd                       0x08001d37   Thumb Code    32  stm32f4xx_rcc.o(.text)
    RCC_I2SCLKConfig                         0x08001d57   Thumb Code    30  stm32f4xx_rcc.o(.text)
    RCC_AHB1PeriphClockCmd                   0x08001d75   Thumb Code    82  stm32f4xx_rcc.o(.text)
    RCC_AHB2PeriphClockCmd                   0x08001dc7   Thumb Code    82  stm32f4xx_rcc.o(.text)
    RCC_AHB3PeriphClockCmd                   0x08001e19   Thumb Code   232  stm32f4xx_rcc.o(.text)
    RCC_APB1PeriphClockCmd                   0x08001f01   Thumb Code    82  stm32f4xx_rcc.o(.text)
    RCC_APB2PeriphClockCmd                   0x08001f53   Thumb Code    82  stm32f4xx_rcc.o(.text)
    RCC_AHB1PeriphResetCmd                   0x08001fa5   Thumb Code    82  stm32f4xx_rcc.o(.text)
    RCC_AHB2PeriphResetCmd                   0x08001ff7   Thumb Code    82  stm32f4xx_rcc.o(.text)
    RCC_AHB3PeriphResetCmd                   0x08002049   Thumb Code    82  stm32f4xx_rcc.o(.text)
    RCC_APB1PeriphResetCmd                   0x0800209b   Thumb Code    82  stm32f4xx_rcc.o(.text)
    RCC_APB2PeriphResetCmd                   0x080020ed   Thumb Code    82  stm32f4xx_rcc.o(.text)
    RCC_AHB1PeriphClockLPModeCmd             0x0800213f   Thumb Code    82  stm32f4xx_rcc.o(.text)
    RCC_AHB2PeriphClockLPModeCmd             0x08002191   Thumb Code    82  stm32f4xx_rcc.o(.text)
    RCC_AHB3PeriphClockLPModeCmd             0x080021e3   Thumb Code    82  stm32f4xx_rcc.o(.text)
    RCC_APB1PeriphClockLPModeCmd             0x08002235   Thumb Code    82  stm32f4xx_rcc.o(.text)
    RCC_APB2PeriphClockLPModeCmd             0x08002287   Thumb Code   106  stm32f4xx_rcc.o(.text)
    RCC_ITConfig                             0x080022f1   Thumb Code    74  stm32f4xx_rcc.o(.text)
    RCC_ClearFlag                            0x0800233b   Thumb Code    18  stm32f4xx_rcc.o(.text)
    RCC_GetITStatus                          0x0800234d   Thumb Code    68  stm32f4xx_rcc.o(.text)
    RCC_ClearITPendingBit                    0x08002391   Thumb Code    34  stm32f4xx_rcc.o(.text)
    USART_DeInit                             0x080023b9   Thumb Code   202  stm32f4xx_usart.o(.text)
    USART_Init                               0x08002483   Thumb Code   456  stm32f4xx_usart.o(.text)
    USART_StructInit                         0x0800264b   Thumb Code    24  stm32f4xx_usart.o(.text)
    USART_ClockInit                          0x08002663   Thumb Code   166  stm32f4xx_usart.o(.text)
    USART_ClockStructInit                    0x08002709   Thumb Code    12  stm32f4xx_usart.o(.text)
    USART_Cmd                                0x08002715   Thumb Code    96  stm32f4xx_usart.o(.text)
    USART_SetPrescaler                       0x08002775   Thumb Code   160  stm32f4xx_usart.o(.text)
    USART_OverSampling8Cmd                   0x08002815   Thumb Code    98  stm32f4xx_usart.o(.text)
    USART_OneBitMethodCmd                    0x08002877   Thumb Code   100  stm32f4xx_usart.o(.text)
    USART_SendData                           0x080028db   Thumb Code    84  stm32f4xx_usart.o(.text)
    USART_ReceiveData                        0x0800292f   Thumb Code    62  stm32f4xx_usart.o(.text)
    USART_SetAddress                         0x0800296d   Thumb Code    92  stm32f4xx_usart.o(.text)
    USART_ReceiverWakeUpCmd                  0x080029c9   Thumb Code   100  stm32f4xx_usart.o(.text)
    USART_WakeUpConfig                       0x08002a2d   Thumb Code    96  stm32f4xx_usart.o(.text)
    USART_LINBreakDetectLengthConfig         0x08002a8d   Thumb Code    94  stm32f4xx_usart.o(.text)
    USART_LINCmd                             0x08002aeb   Thumb Code   100  stm32f4xx_usart.o(.text)
    USART_SendBreak                          0x08002b4f   Thumb Code    64  stm32f4xx_usart.o(.text)
    USART_HalfDuplexCmd                      0x08002b8f   Thumb Code   100  stm32f4xx_usart.o(.text)
    USART_SetGuardTime                       0x08002bf3   Thumb Code    86  stm32f4xx_usart.o(.text)
    USART_SmartCardCmd                       0x08002c49   Thumb Code    88  stm32f4xx_usart.o(.text)
    USART_SmartCardNACKCmd                   0x08002ca1   Thumb Code    88  stm32f4xx_usart.o(.text)
    USART_IrDAConfig                         0x08002cf9   Thumb Code    94  stm32f4xx_usart.o(.text)
    USART_IrDACmd                            0x08002d57   Thumb Code   100  stm32f4xx_usart.o(.text)
    USART_DMACmd                             0x08002dbb   Thumb Code   120  stm32f4xx_usart.o(.text)
    USART_ITConfig                           0x08002e33   Thumb Code   268  stm32f4xx_usart.o(.text)
    USART_GetFlagStatus                      0x08002f3f   Thumb Code   176  stm32f4xx_usart.o(.text)
    USART_ClearFlag                          0x08002fef   Thumb Code   160  stm32f4xx_usart.o(.text)
    USART_GetITStatus                        0x0800308f   Thumb Code   284  stm32f4xx_usart.o(.text)
    USART_ClearITPendingBit                  0x080031ab   Thumb Code   170  stm32f4xx_usart.o(.text)
    Reset_Handler                            0x0800326d   Thumb Code     8  startup_stm32f4xx.o(.text)
    DebugMon_Handler                         0x08003281   Thumb Code     2  startup_stm32f4xx.o(.text)
    ADC_IRQHandler                           0x08003287   Thumb Code     0  startup_stm32f4xx.o(.text)
    CAN1_RX0_IRQHandler                      0x08003287   Thumb Code     0  startup_stm32f4xx.o(.text)
    CAN1_RX1_IRQHandler                      0x08003287   Thumb Code     0  startup_stm32f4xx.o(.text)
    CAN1_SCE_IRQHandler                      0x08003287   Thumb Code     0  startup_stm32f4xx.o(.text)
    CAN1_TX_IRQHandler                       0x08003287   Thumb Code     0  startup_stm32f4xx.o(.text)
    CAN2_RX0_IRQHandler                      0x08003287   Thumb Code     0  startup_stm32f4xx.o(.text)
    CAN2_RX1_IRQHandler                      0x08003287   Thumb Code     0  startup_stm32f4xx.o(.text)
    CAN2_SCE_IRQHandler                      0x08003287   Thumb Code     0  startup_stm32f4xx.o(.text)
    CAN2_TX_IRQHandler                       0x08003287   Thumb Code     0  startup_stm32f4xx.o(.text)
    CRYP_IRQHandler                          0x08003287   Thumb Code     0  startup_stm32f4xx.o(.text)
    DCMI_IRQHandler                          0x08003287   Thumb Code     0  startup_stm32f4xx.o(.text)
    DMA1_Stream0_IRQHandler                  0x08003287   Thumb Code     0  startup_stm32f4xx.o(.text)
    DMA1_Stream1_IRQHandler                  0x08003287   Thumb Code     0  startup_stm32f4xx.o(.text)
    DMA1_Stream2_IRQHandler                  0x08003287   Thumb Code     0  startup_stm32f4xx.o(.text)
    DMA1_Stream3_IRQHandler                  0x08003287   Thumb Code     0  startup_stm32f4xx.o(.text)
    DMA1_Stream4_IRQHandler                  0x08003287   Thumb Code     0  startup_stm32f4xx.o(.text)
    DMA1_Stream5_IRQHandler                  0x08003287   Thumb Code     0  startup_stm32f4xx.o(.text)
    DMA1_Stream6_IRQHandler                  0x08003287   Thumb Code     0  startup_stm32f4xx.o(.text)
    DMA1_Stream7_IRQHandler                  0x08003287   Thumb Code     0  startup_stm32f4xx.o(.text)
    DMA2_Stream0_IRQHandler                  0x08003287   Thumb Code     0  startup_stm32f4xx.o(.text)
    DMA2_Stream1_IRQHandler                  0x08003287   Thumb Code     0  startup_stm32f4xx.o(.text)
    DMA2_Stream2_IRQHandler                  0x08003287   Thumb Code     0  startup_stm32f4xx.o(.text)
    DMA2_Stream3_IRQHandler                  0x08003287   Thumb Code     0  startup_stm32f4xx.o(.text)
    DMA2_Stream4_IRQHandler                  0x08003287   Thumb Code     0  startup_stm32f4xx.o(.text)
    DMA2_Stream5_IRQHandler                  0x08003287   Thumb Code     0  startup_stm32f4xx.o(.text)
    DMA2_Stream6_IRQHandler                  0x08003287   Thumb Code     0  startup_stm32f4xx.o(.text)
    DMA2_Stream7_IRQHandler                  0x08003287   Thumb Code     0  startup_stm32f4xx.o(.text)
    ETH_IRQHandler                           0x08003287   Thumb Code     0  startup_stm32f4xx.o(.text)
    ETH_WKUP_IRQHandler                      0x08003287   Thumb Code     0  startup_stm32f4xx.o(.text)
    EXTI0_IRQHandler                         0x08003287   Thumb Code     0  startup_stm32f4xx.o(.text)
    EXTI15_10_IRQHandler                     0x08003287   Thumb Code     0  startup_stm32f4xx.o(.text)
    EXTI1_IRQHandler                         0x08003287   Thumb Code     0  startup_stm32f4xx.o(.text)
    EXTI2_IRQHandler                         0x08003287   Thumb Code     0  startup_stm32f4xx.o(.text)
    EXTI3_IRQHandler                         0x08003287   Thumb Code     0  startup_stm32f4xx.o(.text)
    EXTI4_IRQHandler                         0x08003287   Thumb Code     0  startup_stm32f4xx.o(.text)
    EXTI9_5_IRQHandler                       0x08003287   Thumb Code     0  startup_stm32f4xx.o(.text)
    FLASH_IRQHandler                         0x08003287   Thumb Code     0  startup_stm32f4xx.o(.text)
    FPU_IRQHandler                           0x08003287   Thumb Code     0  startup_stm32f4xx.o(.text)
    FSMC_IRQHandler                          0x08003287   Thumb Code     0  startup_stm32f4xx.o(.text)
    HASH_RNG_IRQHandler                      0x08003287   Thumb Code     0  startup_stm32f4xx.o(.text)
    I2C1_ER_IRQHandler                       0x08003287   Thumb Code     0  startup_stm32f4xx.o(.text)
    I2C1_EV_IRQHandler                       0x08003287   Thumb Code     0  startup_stm32f4xx.o(.text)
    I2C2_ER_IRQHandler                       0x08003287   Thumb Code     0  startup_stm32f4xx.o(.text)
    I2C2_EV_IRQHandler                       0x08003287   Thumb Code     0  startup_stm32f4xx.o(.text)
    I2C3_ER_IRQHandler                       0x08003287   Thumb Code     0  startup_stm32f4xx.o(.text)
    I2C3_EV_IRQHandler                       0x08003287   Thumb Code     0  startup_stm32f4xx.o(.text)
    OTG_FS_IRQHandler                        0x08003287   Thumb Code     0  startup_stm32f4xx.o(.text)
    OTG_FS_WKUP_IRQHandler                   0x08003287   Thumb Code     0  startup_stm32f4xx.o(.text)
    OTG_HS_EP1_IN_IRQHandler                 0x08003287   Thumb Code     0  startup_stm32f4xx.o(.text)
    OTG_HS_EP1_OUT_IRQHandler                0x08003287   Thumb Code     0  startup_stm32f4xx.o(.text)
    OTG_HS_IRQHandler                        0x08003287   Thumb Code     0  startup_stm32f4xx.o(.text)
    OTG_HS_WKUP_IRQHandler                   0x08003287   Thumb Code     0  startup_stm32f4xx.o(.text)
    PVD_IRQHandler                           0x08003287   Thumb Code     0  startup_stm32f4xx.o(.text)
    RCC_IRQHandler                           0x08003287   Thumb Code     0  startup_stm32f4xx.o(.text)
    RTC_Alarm_IRQHandler                     0x08003287   Thumb Code     0  startup_stm32f4xx.o(.text)
    RTC_WKUP_IRQHandler                      0x08003287   Thumb Code     0  startup_stm32f4xx.o(.text)
    SDIO_IRQHandler                          0x08003287   Thumb Code     0  startup_stm32f4xx.o(.text)
    SPI1_IRQHandler                          0x08003287   Thumb Code     0  startup_stm32f4xx.o(.text)
    SPI2_IRQHandler                          0x08003287   Thumb Code     0  startup_stm32f4xx.o(.text)
    SPI3_IRQHandler                          0x08003287   Thumb Code     0  startup_stm32f4xx.o(.text)
    TAMP_STAMP_IRQHandler                    0x08003287   Thumb Code     0  startup_stm32f4xx.o(.text)
    TIM1_BRK_TIM9_IRQHandler                 0x08003287   Thumb Code     0  startup_stm32f4xx.o(.text)
    TIM1_CC_IRQHandler                       0x08003287   Thumb Code     0  startup_stm32f4xx.o(.text)
    TIM1_TRG_COM_TIM11_IRQHandler            0x08003287   Thumb Code     0  startup_stm32f4xx.o(.text)
    TIM1_UP_TIM10_IRQHandler                 0x08003287   Thumb Code     0  startup_stm32f4xx.o(.text)
    TIM2_IRQHandler                          0x08003287   Thumb Code     0  startup_stm32f4xx.o(.text)
    TIM3_IRQHandler                          0x08003287   Thumb Code     0  startup_stm32f4xx.o(.text)
    TIM4_IRQHandler                          0x08003287   Thumb Code     0  startup_stm32f4xx.o(.text)
    TIM5_IRQHandler                          0x08003287   Thumb Code     0  startup_stm32f4xx.o(.text)
    TIM6_DAC_IRQHandler                      0x08003287   Thumb Code     0  startup_stm32f4xx.o(.text)
    TIM7_IRQHandler                          0x08003287   Thumb Code     0  startup_stm32f4xx.o(.text)
    TIM8_BRK_TIM12_IRQHandler                0x08003287   Thumb Code     0  startup_stm32f4xx.o(.text)
    TIM8_CC_IRQHandler                       0x08003287   Thumb Code     0  startup_stm32f4xx.o(.text)
    TIM8_TRG_COM_TIM14_IRQHandler            0x08003287   Thumb Code     0  startup_stm32f4xx.o(.text)
    TIM8_UP_TIM13_IRQHandler                 0x08003287   Thumb Code     0  startup_stm32f4xx.o(.text)
    UART4_IRQHandler                         0x08003287   Thumb Code     0  startup_stm32f4xx.o(.text)
    UART5_IRQHandler                         0x08003287   Thumb Code     0  startup_stm32f4xx.o(.text)
    USART6_IRQHandler                        0x08003287   Thumb Code     0  startup_stm32f4xx.o(.text)
    WWDG_IRQHandler                          0x08003287   Thumb Code     0  startup_stm32f4xx.o(.text)
    __user_initial_stackheap                 0x08003289   Thumb Code     0  startup_stm32f4xx.o(.text)
    rt_system_tick_init                      0x080032ad   Thumb Code     2  clock.o(.text)
    rt_tick_get                              0x080032af   Thumb Code     6  clock.o(.text)
    rt_tick_set                              0x080032b5   Thumb Code    22  clock.o(.text)
    rt_tick_increase                         0x080032cb   Thumb Code    42  clock.o(.text)
    rt_tick_from_millisecond                 0x080032f5   Thumb Code    22  clock.o(.text)
    rt_device_find                           0x08003311   Thumb Code    76  device.o(.text)
    rt_device_register                       0x0800335d   Thumb Code    52  device.o(.text)
    rt_device_unregister                     0x08003391   Thumb Code    26  device.o(.text)
    rt_device_init_all                       0x080033ab   Thumb Code     4  device.o(.text)
    rt_device_init                           0x080033af   Thumb Code    64  device.o(.text)
    rt_device_open                           0x080033ef   Thumb Code   136  device.o(.text)
    rt_device_close                          0x08003477   Thumb Code    68  device.o(.text)
    rt_device_read                           0x080034bb   Thumb Code    76  device.o(.text)
    rt_device_write                          0x08003507   Thumb Code    76  device.o(.text)
    rt_device_control                        0x08003553   Thumb Code    42  device.o(.text)
    rt_device_set_rx_indicate                0x0800357d   Thumb Code    26  device.o(.text)
    rt_device_set_tx_complete                0x08003597   Thumb Code    26  device.o(.text)
    rt_thread_idle_sethook                   0x08003635   Thumb Code     6  idle.o(.text)
    rt_thread_idle_excute                    0x0800363b   Thumb Code   154  idle.o(.text)
    rt_thread_idle_init                      0x080036e9   Thumb Code    38  idle.o(.text)
    rt_sem_init                              0x08003815   Thumb Code    50  ipc.o(.text)
    rt_sem_detach                            0x08003847   Thumb Code    34  ipc.o(.text)
    rt_sem_create                            0x08003869   Thumb Code    84  ipc.o(.text)
    rt_sem_delete                            0x080038bd   Thumb Code    78  ipc.o(.text)
    rt_sem_take                              0x0800390b   Thumb Code   266  ipc.o(.text)
    rt_sem_trytake                           0x08003a15   Thumb Code    14  ipc.o(.text)
    rt_sem_release                           0x08003a23   Thumb Code    80  ipc.o(.text)
    rt_sem_control                           0x08003a73   Thumb Code    68  ipc.o(.text)
    rt_mutex_init                            0x08003ab7   Thumb Code    58  ipc.o(.text)
    rt_mutex_detach                          0x08003af1   Thumb Code    36  ipc.o(.text)
    rt_mutex_create                          0x08003b15   Thumb Code    96  ipc.o(.text)
    rt_mutex_delete                          0x08003b75   Thumb Code    78  ipc.o(.text)
    rt_mutex_take                            0x08003bc3   Thumb Code   524  ipc.o(.text)
    rt_mutex_release                         0x08003dcf   Thumb Code   272  ipc.o(.text)
    rt_mutex_control                         0x08003edf   Thumb Code     8  ipc.o(.text)
    rt_event_init                            0x08003ee7   Thumb Code    46  ipc.o(.text)
    rt_event_detach                          0x08003f15   Thumb Code    36  ipc.o(.text)
    rt_event_create                          0x08003f39   Thumb Code    88  ipc.o(.text)
    rt_event_delete                          0x08003f91   Thumb Code    82  ipc.o(.text)
    rt_event_send                            0x08003fe3   Thumb Code   210  ipc.o(.text)
    rt_event_recv                            0x080040b5   Thumb Code   448  ipc.o(.text)
    rt_event_control                         0x08004275   Thumb Code    70  ipc.o(.text)
    rt_mb_init                               0x080042bb   Thumb Code    76  ipc.o(.text)
    rt_mb_detach                             0x08004307   Thumb Code    44  ipc.o(.text)
    rt_mb_create                             0x08004333   Thumb Code   128  ipc.o(.text)
    rt_mb_delete                             0x080043b3   Thumb Code    96  ipc.o(.text)
    rt_mb_send_wait                          0x08004413   Thumb Code   436  ipc.o(.text)
    rt_mb_send                               0x080045c7   Thumb Code    18  ipc.o(.text)
    rt_mb_recv                               0x080045d9   Thumb Code   412  ipc.o(.text)
    rt_mb_control                            0x08004775   Thumb Code    82  ipc.o(.text)
    rt_mq_init                               0x080047c7   Thumb Code   118  ipc.o(.text)
    rt_mq_detach                             0x0800483d   Thumb Code    36  ipc.o(.text)
    rt_mq_delete                             0x08004861   Thumb Code    88  ipc.o(.text)
    rt_mq_create                             0x080048b9   Thumb Code   174  ipc.o(.text)
    rt_mq_send                               0x08004967   Thumb Code   290  ipc.o(.text)
    rt_mq_urgent                             0x08004a89   Thumb Code   198  ipc.o(.text)
    rt_mq_recv                               0x08004b4f   Thumb Code   438  ipc.o(.text)
    rt_mq_control                            0x08004d05   Thumb Code    98  ipc.o(.text)
    rt_interrupt_enter                       0x08004dbd   Thumb Code    30  irq.o(.text)
    rt_interrupt_leave                       0x08004ddb   Thumb Code    30  irq.o(.text)
    rt_interrupt_get_nest                    0x08004df9   Thumb Code     6  irq.o(.text)
    rt_get_errno                             0x08004e05   Thumb Code    32  kservice.o(.text)
    rt_set_errno                             0x08004e25   Thumb Code    36  kservice.o(.text)
    _rt_errno                                0x08004e49   Thumb Code    30  kservice.o(.text)
    rt_memset                                0x08004e67   Thumb Code    72  kservice.o(.text)
    rt_memcpy                                0x08004eaf   Thumb Code   124  kservice.o(.text)
    rt_memmove                               0x08004f2b   Thumb Code    66  kservice.o(.text)
    rt_memcmp                                0x08004f6d   Thumb Code    38  kservice.o(.text)
    rt_strlen                                0x08004f93   Thumb Code    18  kservice.o(.text)
    rt_strstr                                0x08004fa5   Thumb Code    58  kservice.o(.text)
    rt_strcasecmp                            0x08004fdf   Thumb Code    48  kservice.o(.text)
    rt_strncpy                               0x0800500f   Thumb Code    52  kservice.o(.text)
    rt_strncmp                               0x08005043   Thumb Code    40  kservice.o(.text)
    rt_strcmp                                0x0800506b   Thumb Code    28  kservice.o(.text)
    rt_strdup                                0x08005087   Thumb Code    40  kservice.o(.text)
    rt_hw_console_output                     0x080050af   Thumb Code     2  kservice.o(.text)
    rt_vsnprintf                             0x08005267   Thumb Code   800  kservice.o(.text)
    rt_kprintf                               0x08005587   Thumb Code    96  kservice.o(.text)
    rt_show_version                          0x080055e7   Thumb Code    38  kservice.o(.text)
    rt_snprintf                              0x0800560d   Thumb Code    38  kservice.o(.text)
    rt_vsprintf                              0x08005633   Thumb Code    22  kservice.o(.text)
    rt_sprintf                               0x08005649   Thumb Code    34  kservice.o(.text)
    rt_console_get_device                    0x0800566b   Thumb Code     6  kservice.o(.text)
    rt_console_set_device                    0x08005671   Thumb Code    48  kservice.o(.text)
    rt_malloc_align                          0x080056a1   Thumb Code    66  kservice.o(.text)
    rt_free_align                            0x080056e3   Thumb Code    16  kservice.o(.text)
    __rt_ffs                                 0x080056f3   Thumb Code    70  kservice.o(.text)
    rt_assert_set_hook                       0x08005739   Thumb Code     6  kservice.o(.text)
    rt_assert_handler                        0x0800573f   Thumb Code    56  kservice.o(.text)
    rt_malloc_sethook                        0x08005851   Thumb Code     6  mem.o(.text)
    rt_free_sethook                          0x08005857   Thumb Code     6  mem.o(.text)
    rt_system_heap_init                      0x080058fd   Thumb Code   204  mem.o(.text)
    rt_malloc                                0x080059c9   Thumb Code   520  mem.o(.text)
    rt_free                                  0x08005bd1   Thumb Code   602  mem.o(.text)
    rt_realloc                               0x08005e2b   Thumb Code   312  mem.o(.text)
    rt_calloc                                0x08005f63   Thumb Code    84  mem.o(.text)
    rt_memory_info                           0x08005fb7   Thumb Code    26  mem.o(.text)
    list_mem                                 0x08005fd1   Thumb Code    34  mem.o(.text)
    rt_object_attach_sethook                 0x080060e5   Thumb Code     6  object.o(.text)
    rt_object_detach_sethook                 0x080060eb   Thumb Code     6  object.o(.text)
    rt_object_trytake_sethook                0x080060f1   Thumb Code     6  object.o(.text)
    rt_object_take_sethook                   0x080060f7   Thumb Code     6  object.o(.text)
    rt_object_put_sethook                    0x080060fd   Thumb Code     6  object.o(.text)
    rt_system_object_init                    0x08006103   Thumb Code     2  object.o(.text)
    rt_object_get_information                0x08006105   Thumb Code    10  object.o(.text)
    rt_object_init                           0x0800610f   Thumb Code    76  object.o(.text)
    rt_object_detach                         0x0800615b   Thumb Code    56  object.o(.text)
    rt_object_allocate                       0x08006193   Thumb Code   132  object.o(.text)
    rt_object_delete                         0x08006217   Thumb Code    84  object.o(.text)
    rt_object_is_systemobject                0x0800626b   Thumb Code    34  object.o(.text)
    rt_object_find                           0x0800628d   Thumb Code   126  object.o(.text)
    rt_scheduler_sethook                     0x080063a1   Thumb Code     6  scheduler.o(.text)
    rt_system_scheduler_init                 0x080063f9   Thumb Code    56  scheduler.o(.text)
    rt_system_scheduler_start                0x08006431   Thumb Code    36  scheduler.o(.text)
    rt_schedule                              0x08006455   Thumb Code   134  scheduler.o(.text)
    rt_schedule_insert_thread                0x080064db   Thumb Code    82  scheduler.o(.text)
    rt_schedule_remove_thread                0x0800652d   Thumb Code    94  scheduler.o(.text)
    rt_enter_critical                        0x0800658b   Thumb Code    28  scheduler.o(.text)
    rt_exit_critical                         0x080065a7   Thumb Code    54  scheduler.o(.text)
    rt_critical_level                        0x080065dd   Thumb Code     8  scheduler.o(.text)
    rt_thread_exit                           0x080066a1   Thumb Code    76  thread.o(.text)
    rt_thread_timeout                        0x080066ed   Thumb Code    66  thread.o(.text)
    rt_thread_init                           0x080067bd   Thumb Code    74  thread.o(.text)
    rt_thread_self                           0x08006807   Thumb Code     6  thread.o(.text)
    rt_thread_resume                         0x0800680d   Thumb Code    78  thread.o(.text)
    rt_thread_startup                        0x0800685b   Thumb Code    80  thread.o(.text)
    rt_thread_detach                         0x080068ab   Thumb Code    72  thread.o(.text)
    rt_thread_create                         0x080068f3   Thumb Code    80  thread.o(.text)
    rt_thread_delete                         0x08006943   Thumb Code    64  thread.o(.text)
    rt_thread_yield                          0x08006983   Thumb Code    88  thread.o(.text)
    rt_thread_suspend                        0x080069db   Thumb Code    76  thread.o(.text)
    rt_thread_sleep                          0x08006a27   Thumb Code    76  thread.o(.text)
    rt_thread_delay                          0x08006a73   Thumb Code   210  thread.o(.text)
    rt_thread_control                        0x08006b45   Thumb Code   130  thread.o(.text)
    rt_thread_find                           0x08006bc7   Thumb Code    76  thread.o(.text)
    rt_timer_timeout_sethook                 0x08006c2b   Thumb Code     6  timer.o(.text)
    rt_timer_init                            0x08006cbd   Thumb Code    58  timer.o(.text)
    rt_timer_detach                          0x08006cf7   Thumb Code    44  timer.o(.text)
    rt_timer_create                          0x08006d23   Thumb Code    54  timer.o(.text)
    rt_timer_delete                          0x08006d59   Thumb Code    46  timer.o(.text)
    rt_timer_start                           0x08006d87   Thumb Code   292  timer.o(.text)
    rt_timer_stop                            0x08006eab   Thumb Code    80  timer.o(.text)
    rt_timer_control                         0x08006efb   Thumb Code    76  timer.o(.text)
    rt_timer_check                           0x08006f47   Thumb Code   148  timer.o(.text)
    rt_timer_next_timeout_tick               0x08006fdb   Thumb Code    10  timer.o(.text)
    rt_system_timer_init                     0x08006fe5   Thumb Code    24  timer.o(.text)
    rt_system_timer_thread_init              0x08006ffd   Thumb Code     2  timer.o(.text)
    rt_hw_stack_init                         0x08007079   Thumb Code    74  cpuport.o(.text)
    rt_hw_exception_install                  0x080070c3   Thumb Code     6  cpuport.o(.text)
    rt_hw_hard_fault_exception               0x080070c9   Thumb Code   112  cpuport.o(.text)
    rt_hw_cpu_shutdown                       0x08007139   Thumb Code    20  cpuport.o(.text)
    rt_hw_interrupt_disable                  0x08007209   Thumb Code     8  context_rvds.o(.text)
    rt_hw_interrupt_enable                   0x08007211   Thumb Code     6  context_rvds.o(.text)
    rt_hw_context_switch                     0x08007217   Thumb Code    32  context_rvds.o(.text)
    rt_hw_context_switch_interrupt           0x08007217   Thumb Code     0  context_rvds.o(.text)
    PendSV_Handler                           0x08007237   Thumb Code   108  context_rvds.o(.text)
    rt_hw_context_switch_to                  0x080072a3   Thumb Code    68  context_rvds.o(.text)
    rt_hw_interrupt_thread_switch            0x080072e7   Thumb Code     2  context_rvds.o(.text)
    HardFault_Handler                        0x080072e9   Thumb Code    20  context_rvds.o(.text)
    rt_device_pin_register                   0x080073c5   Thumb Code    56  pin.o(.text)
    rt_pin_mode                              0x080073fd   Thumb Code    38  pin.o(.text)
    rt_pin_write                             0x08007423   Thumb Code    38  pin.o(.text)
    rt_pin_read                              0x08007449   Thumb Code    34  pin.o(.text)
    rt_hw_serial_register                    0x08007867   Thumb Code   246  serial.o(.text)
    rt_hw_serial_isr                         0x0800795d   Thumb Code   302  serial.o(.text)
    rt_completion_init                       0x08007d41   Thumb Code    42  completion.o(.text)
    rt_completion_wait                       0x08007d6b   Thumb Code   198  completion.o(.text)
    rt_completion_done                       0x08007e31   Thumb Code    76  completion.o(.text)
    rt_data_queue_init                       0x08007f17   Thumb Code    78  dataqueue.o(.text)
    rt_data_queue_push                       0x08007f65   Thumb Code   276  dataqueue.o(.text)
    rt_data_queue_pop                        0x08008079   Thumb Code   340  dataqueue.o(.text)
    rt_data_queue_peak                       0x080081cd   Thumb Code    94  dataqueue.o(.text)
    rt_data_queue_reset                      0x0800822b   Thumb Code   106  dataqueue.o(.text)
    finsh_set_device                         0x0800833f   Thumb Code   156  shell.o(.text)
    finsh_get_device                         0x080083db   Thumb Code    28  shell.o(.text)
    finsh_set_echo                           0x080083f7   Thumb Code    30  shell.o(.text)
    finsh_get_echo                           0x08008415   Thumb Code    32  shell.o(.text)
    finsh_run_line                           0x08008451   Thumb Code   164  shell.o(.text)
    finsh_thread_entry                       0x080085b1   Thumb Code  1646  shell.o(.text)
    finsh_system_function_init               0x08008c1f   Thumb Code    10  shell.o(.text)
    finsh_system_var_init                    0x08008c29   Thumb Code    10  shell.o(.text)
    finsh_system_init                        0x08008c33   Thumb Code   122  shell.o(.text)
    hello                                    0x08008d15   Thumb Code    12  cmd.o(.text)
    version                                  0x08008d21   Thumb Code    10  cmd.o(.text)
    list_thread                              0x08008dd7   Thumb Code    10  cmd.o(.text)
    list_sem                                 0x08008e75   Thumb Code    12  cmd.o(.text)
    list_event                               0x08008ee1   Thumb Code    12  cmd.o(.text)
    list_mutex                               0x08008f2f   Thumb Code    12  cmd.o(.text)
    list_mailbox                             0x08008fb3   Thumb Code    12  cmd.o(.text)
    list_msgqueue                            0x0800902b   Thumb Code    12  cmd.o(.text)
    list_mempool                             0x0800909d   Thumb Code    12  cmd.o(.text)
    list_timer                               0x080094e1   Thumb Code    10  cmd.o(.text)
    list_device                              0x0800953d   Thumb Code    12  cmd.o(.text)
    list                                     0x08009549   Thumb Code   126  cmd.o(.text)
    list_prefix                              0x08009609   Thumb Code   434  cmd.o(.text)
    finsh_compiler_run                       0x0800b073   Thumb Code    88  finsh_compiler.o(.text)
    finsh_error_init                         0x0800b0dd   Thumb Code     8  finsh_error.o(.text)
    finsh_error_set                          0x0800b0e5   Thumb Code    10  finsh_error.o(.text)
    finsh_errno                              0x0800b0ef   Thumb Code     6  finsh_error.o(.text)
    finsh_error_string                       0x0800b0f5   Thumb Code    10  finsh_error.o(.text)
    finsh_heap_init                          0x0800b109   Thumb Code    36  finsh_heap.o(.text)
    finsh_heap_free                          0x0800b22d   Thumb Code    34  finsh_heap.o(.text)
    finsh_heap_allocate                      0x0800b29d   Thumb Code   106  finsh_heap.o(.text)
    finsh_init                               0x0800b319   Thumb Code    30  finsh_init.o(.text)
    finsh_stack_bottom                       0x0800b337   Thumb Code     6  finsh_init.o(.text)
    finsh_flush                              0x0800b33d   Thumb Code    22  finsh_init.o(.text)
    finsh_reset                              0x0800b353   Thumb Code    24  finsh_init.o(.text)
    finsh_node_init                          0x0800b371   Thumb Code    16  finsh_node.o(.text)
    finsh_node_allocate                      0x0800b381   Thumb Code    56  finsh_node.o(.text)
    finsh_node_new_id                        0x0800b3b9   Thumb Code   118  finsh_node.o(.text)
    finsh_node_new_char                      0x0800b42f   Thumb Code    30  finsh_node.o(.text)
    finsh_node_new_int                       0x0800b44d   Thumb Code    30  finsh_node.o(.text)
    finsh_node_new_long                      0x0800b46b   Thumb Code    30  finsh_node.o(.text)
    finsh_node_new_string                    0x0800b489   Thumb Code    74  finsh_node.o(.text)
    finsh_node_new_ptr                       0x0800b4d3   Thumb Code    30  finsh_node.o(.text)
    OP_no_op                                 0x0800b4f5   Thumb Code     2  finsh_ops.o(.text)
    OP_add_byte                              0x0800b4f7   Thumb Code    42  finsh_ops.o(.text)
    OP_add_word                              0x0800b521   Thumb Code    44  finsh_ops.o(.text)
    OP_add_dword                             0x0800b54d   Thumb Code    42  finsh_ops.o(.text)
    OP_sub_byte                              0x0800b577   Thumb Code    42  finsh_ops.o(.text)
    OP_sub_word                              0x0800b5a1   Thumb Code    44  finsh_ops.o(.text)
    OP_sub_dword                             0x0800b5cd   Thumb Code    42  finsh_ops.o(.text)
    OP_div_byte                              0x0800b5f7   Thumb Code    44  finsh_ops.o(.text)
    OP_div_word                              0x0800b623   Thumb Code    46  finsh_ops.o(.text)
    OP_div_dword                             0x0800b651   Thumb Code    44  finsh_ops.o(.text)
    OP_mod_byte                              0x0800b67d   Thumb Code    48  finsh_ops.o(.text)
    OP_mod_word                              0x0800b6ad   Thumb Code    48  finsh_ops.o(.text)
    OP_mod_dword                             0x0800b6dd   Thumb Code    48  finsh_ops.o(.text)
    OP_mul_byte                              0x0800b70d   Thumb Code    44  finsh_ops.o(.text)
    OP_mul_word                              0x0800b739   Thumb Code    46  finsh_ops.o(.text)
    OP_mul_dword                             0x0800b767   Thumb Code    42  finsh_ops.o(.text)
    OP_and_byte                              0x0800b791   Thumb Code    42  finsh_ops.o(.text)
    OP_and_word                              0x0800b7bb   Thumb Code    42  finsh_ops.o(.text)
    OP_and_dword                             0x0800b7e5   Thumb Code    42  finsh_ops.o(.text)
    OP_or_byte                               0x0800b80f   Thumb Code    42  finsh_ops.o(.text)
    OP_or_word                               0x0800b839   Thumb Code    42  finsh_ops.o(.text)
    OP_or_dword                              0x0800b863   Thumb Code    42  finsh_ops.o(.text)
    OP_xor_byte                              0x0800b88d   Thumb Code    42  finsh_ops.o(.text)
    OP_xor_word                              0x0800b8b7   Thumb Code    46  finsh_ops.o(.text)
    OP_xor_dword                             0x0800b8e5   Thumb Code    42  finsh_ops.o(.text)
    OP_bw_byte                               0x0800b90f   Thumb Code    20  finsh_ops.o(.text)
    OP_bw_word                               0x0800b923   Thumb Code    20  finsh_ops.o(.text)
    OP_bw_dword                              0x0800b937   Thumb Code    20  finsh_ops.o(.text)
    OP_shl_byte                              0x0800b94b   Thumb Code    42  finsh_ops.o(.text)
    OP_shl_word                              0x0800b975   Thumb Code    44  finsh_ops.o(.text)
    OP_shl_dword                             0x0800b9a1   Thumb Code    42  finsh_ops.o(.text)
    OP_shr_byte                              0x0800b9cb   Thumb Code    42  finsh_ops.o(.text)
    OP_shr_word                              0x0800b9f5   Thumb Code    42  finsh_ops.o(.text)
    OP_shr_dword                             0x0800ba1f   Thumb Code    42  finsh_ops.o(.text)
    OP_ld_byte                               0x0800ba49   Thumb Code    34  finsh_ops.o(.text)
    OP_ld_word                               0x0800ba6b   Thumb Code    46  finsh_ops.o(.text)
    OP_ld_dword                              0x0800ba99   Thumb Code    64  finsh_ops.o(.text)
    OP_ld_value_byte                         0x0800bad9   Thumb Code    66  finsh_ops.o(.text)
    OP_ld_value_byte_stack                   0x0800bb1b   Thumb Code    20  finsh_ops.o(.text)
    OP_ld_value_word                         0x0800bb2f   Thumb Code    66  finsh_ops.o(.text)
    OP_ld_value_word_stack                   0x0800bb71   Thumb Code    20  finsh_ops.o(.text)
    OP_ld_value_dword                        0x0800bb85   Thumb Code    66  finsh_ops.o(.text)
    OP_ld_value_dword_stack                  0x0800bbc7   Thumb Code    20  finsh_ops.o(.text)
    OP_st_byte                               0x0800bbdb   Thumb Code    30  finsh_ops.o(.text)
    OP_st_word                               0x0800bbf9   Thumb Code    30  finsh_ops.o(.text)
    OP_st_dword                              0x0800bc17   Thumb Code    30  finsh_ops.o(.text)
    OP_pop                                   0x0800bc35   Thumb Code    12  finsh_ops.o(.text)
    OP_call                                  0x0800bc41   Thumb Code   906  finsh_ops.o(.text)
    finsh_parser_run                         0x0800c861   Thumb Code   220  finsh_parser.o(.text)
    finsh_parser_init                        0x0800c93d   Thumb Code    16  finsh_parser.o(.text)
    finsh_var_init                           0x0800c94d   Thumb Code    14  finsh_var.o(.text)
    finsh_var_insert                         0x0800c95b   Thumb Code   114  finsh_var.o(.text)
    finsh_var_delete                         0x0800c9cd   Thumb Code    68  finsh_var.o(.text)
    finsh_var_lookup                         0x0800ca11   Thumb Code    58  finsh_var.o(.text)
    finsh_sysvar_append                      0x0800ca4b   Thumb Code    62  finsh_var.o(.text)
    finsh_sysvar_lookup                      0x0800ca89   Thumb Code    78  finsh_var.o(.text)
    finsh_vm_run                             0x0800cae9   Thumb Code    62  finsh_vm.o(.text)
    finsh_syscall_append                     0x0800cb27   Thumb Code    54  finsh_vm.o(.text)
    finsh_syscall_lookup                     0x0800cb5d   Thumb Code    78  finsh_vm.o(.text)
    finsh_token_init                         0x0800cbcd   Thumb Code    20  finsh_token.o(.text)
    token_get_string                         0x0800cfe5   Thumb Code   120  finsh_token.o(.text)
    finsh_token_token                        0x0800d21d   Thumb Code    24  finsh_token.o(.text)
    finsh_token_get_token                    0x0800d235   Thumb Code    20  finsh_token.o(.text)
    atoi                                     0x0800d24d   Thumb Code    26  atoi.o(.text)
    strlen                                   0x0800d267   Thumb Code    62  strlen.o(.text)
    strncmp                                  0x0800d2a5   Thumb Code   150  strncmp.o(.text)
    __aeabi_memcpy                           0x0800d33b   Thumb Code     0  rt_memcpy_v6.o(.text)
    __rt_memcpy                              0x0800d33b   Thumb Code   138  rt_memcpy_v6.o(.text)
    _memcpy_lastbytes                        0x0800d3a1   Thumb Code     0  rt_memcpy_v6.o(.text)
    __aeabi_memcpy4                          0x0800d3c5   Thumb Code     0  rt_memcpy_w.o(.text)
    __aeabi_memcpy8                          0x0800d3c5   Thumb Code     0  rt_memcpy_w.o(.text)
    __rt_memcpy_w                            0x0800d3c5   Thumb Code   100  rt_memcpy_w.o(.text)
    _memcpy_lastbytes_aligned                0x0800d40d   Thumb Code     0  rt_memcpy_w.o(.text)
    __aeabi_memclr                           0x0800d429   Thumb Code     0  rt_memclr.o(.text)
    __rt_memclr                              0x0800d429   Thumb Code    68  rt_memclr.o(.text)
    _memset                                  0x0800d42d   Thumb Code     0  rt_memclr.o(.text)
    __aeabi_memclr4                          0x0800d46d   Thumb Code     0  rt_memclr_w.o(.text)
    __aeabi_memclr8                          0x0800d46d   Thumb Code     0  rt_memclr_w.o(.text)
    __rt_memclr_w                            0x0800d46d   Thumb Code    78  rt_memclr_w.o(.text)
    _memset_w                                0x0800d471   Thumb Code     0  rt_memclr_w.o(.text)
    strncpy                                  0x0800d4bb   Thumb Code    86  strncpy.o(.text)
    strcmp                                   0x0800d511   Thumb Code   128  strcmpv7m.o(.text)
    __use_two_region_memory                  0x0800d591   Thumb Code     2  heapauxi.o(.text)
    __rt_heap_escrow$2region                 0x0800d593   Thumb Code     2  heapauxi.o(.text)
    __rt_heap_expand$2region                 0x0800d595   Thumb Code     2  heapauxi.o(.text)
    __aeabi_errno_addr                       0x0800d599   Thumb Code     8  rt_errno_addr_intlibspace.o(.text)
    __errno$intlibspace                      0x0800d599   Thumb Code     0  rt_errno_addr_intlibspace.o(.text)
    __rt_errno_addr$intlibspace              0x0800d599   Thumb Code     0  rt_errno_addr_intlibspace.o(.text)
    strtol                                   0x0800d5a1   Thumb Code   112  strtol.o(.text)
    __user_libspace                          0x0800d611   Thumb Code     8  libspace.o(.text)
    __user_perproc_libspace                  0x0800d611   Thumb Code     0  libspace.o(.text)
    __user_perthread_libspace                0x0800d611   Thumb Code     0  libspace.o(.text)
    __rt_ctype_table                         0x0800d619   Thumb Code    16  rt_ctype_table.o(.text)
    _strtoul                                 0x0800d629   Thumb Code   158  _strtoul.o(.text)
    __user_setup_stackheap                   0x0800d6c7   Thumb Code    74  sys_stackheap_outer.o(.text)
    __rt_locale                              0x0800d711   Thumb Code     8  rt_locale_intlibspace.o(.text)
    _chval                                   0x0800d719   Thumb Code    28  _chval.o(.text)
    exit                                     0x0800d735   Thumb Code    18  exit.o(.text)
    _sys_exit                                0x0800d749   Thumb Code     8  sys_exit.o(.text)
    __I$use$semihosting                      0x0800d755   Thumb Code     0  use_no_semi.o(.text)
    __use_no_semihosting_swi                 0x0800d755   Thumb Code     2  use_no_semi.o(.text)
    __semihosting_library_function           0x0800d757   Thumb Code     0  indicate_semi.o(.text)
    _get_lc_ctype                            0x0800d759   Thumb Code    44  lc_ctype_c.o(locale$$code)
    _fp_init                                 0x0800d785   Thumb Code    10  fpinit.o(x$fpl$fpinit)
    __fplib_config_fpu_vfp                   0x0800d78d   Thumb Code     0  fpinit.o(x$fpl$fpinit)
    __fplib_config_pureend_doubles           0x0800d78d   Thumb Code     0  fpinit.o(x$fpl$fpinit)
    __lowest_bit_bitmap                      0x0800dde1   Data         256  kservice.o(.constdata)
    op_table                                 0x0800e35c   Data         196  finsh_ops.o(.constdata)
    __fsym_list_mem_name                     0x0800e832   Data           9  mem.o(.rodata.name)
    __fsym_list_mem_desc                     0x0800e83b   Data          30  mem.o(.rodata.name)
    __fsym_pinMode_name                      0x0800e859   Data           8  pin.o(.rodata.name)
    __fsym_pinMode_desc                      0x0800e861   Data          22  pin.o(.rodata.name)
    __fsym_pinWrite_name                     0x0800e877   Data           9  pin.o(.rodata.name)
    __fsym_pinWrite_desc                     0x0800e880   Data          28  pin.o(.rodata.name)
    __fsym_pinRead_name                      0x0800e89c   Data           8  pin.o(.rodata.name)
    __fsym_pinRead_desc                      0x0800e8a4   Data          30  pin.o(.rodata.name)
    __fsym_hello_name                        0x0800e8c2   Data           6  cmd.o(.rodata.name)
    __fsym_hello_desc                        0x0800e8c8   Data          16  cmd.o(.rodata.name)
    __fsym_version_name                      0x0800e8d8   Data           8  cmd.o(.rodata.name)
    __fsym_version_desc                      0x0800e8e0   Data          35  cmd.o(.rodata.name)
    __fsym_list_thread_name                  0x0800e903   Data          12  cmd.o(.rodata.name)
    __fsym_list_thread_desc                  0x0800e90f   Data          12  cmd.o(.rodata.name)
    __fsym_list_sem_name                     0x0800e91b   Data           9  cmd.o(.rodata.name)
    __fsym_list_sem_desc                     0x0800e924   Data          25  cmd.o(.rodata.name)
    __fsym_list_event_name                   0x0800e93d   Data          11  cmd.o(.rodata.name)
    __fsym_list_event_desc                   0x0800e948   Data          21  cmd.o(.rodata.name)
    __fsym_list_mutex_name                   0x0800e95d   Data          11  cmd.o(.rodata.name)
    __fsym_list_mutex_desc                   0x0800e968   Data          21  cmd.o(.rodata.name)
    __fsym_list_mailbox_name                 0x0800e97d   Data          13  cmd.o(.rodata.name)
    __fsym_list_mailbox_desc                 0x0800e98a   Data          24  cmd.o(.rodata.name)
    __fsym_list_msgqueue_name                0x0800e9a2   Data          14  cmd.o(.rodata.name)
    __fsym_list_msgqueue_desc                0x0800e9b0   Data          29  cmd.o(.rodata.name)
    __fsym_list_mempool_name                 0x0800e9cd   Data          13  cmd.o(.rodata.name)
    __fsym_list_mempool_desc                 0x0800e9da   Data          27  cmd.o(.rodata.name)
    __fsym_list_timer_name                   0x0800e9f5   Data          11  cmd.o(.rodata.name)
    __fsym_list_timer_desc                   0x0800ea00   Data          21  cmd.o(.rodata.name)
    __fsym_list_device_name                  0x0800ea15   Data          12  cmd.o(.rodata.name)
    __fsym_list_device_desc                  0x0800ea21   Data          22  cmd.o(.rodata.name)
    __fsym_list_name                         0x0800ea37   Data           5  cmd.o(.rodata.name)
    __fsym_list_desc                         0x0800ea3c   Data          26  cmd.o(.rodata.name)
    __vsym_dummy_name                        0x0800ea56   Data           6  cmd.o(.rodata.name)
    __vsym_dummy_desc                        0x0800ea5c   Data          25  cmd.o(.rodata.name)
    FSymTab$$Base                            0x0800ea78   Number         0  mem.o(FSymTab)
    __fsym_list_mem                          0x0800ea78   Data          12  mem.o(FSymTab)
    __fsym_pinMode                           0x0800ea84   Data          12  pin.o(FSymTab)
    __fsym_pinWrite                          0x0800ea90   Data          12  pin.o(FSymTab)
    __fsym_pinRead                           0x0800ea9c   Data          12  pin.o(FSymTab)
    __fsym_hello                             0x0800eaa8   Data          12  cmd.o(FSymTab)
    __fsym_version                           0x0800eab4   Data          12  cmd.o(FSymTab)
    __fsym_list_thread                       0x0800eac0   Data          12  cmd.o(FSymTab)
    __fsym_list_sem                          0x0800eacc   Data          12  cmd.o(FSymTab)
    __fsym_list_event                        0x0800ead8   Data          12  cmd.o(FSymTab)
    __fsym_list_mutex                        0x0800eae4   Data          12  cmd.o(FSymTab)
    __fsym_list_mailbox                      0x0800eaf0   Data          12  cmd.o(FSymTab)
    __fsym_list_msgqueue                     0x0800eafc   Data          12  cmd.o(FSymTab)
    __fsym_list_mempool                      0x0800eb08   Data          12  cmd.o(FSymTab)
    __fsym_list_timer                        0x0800eb14   Data          12  cmd.o(FSymTab)
    __fsym_list_device                       0x0800eb20   Data          12  cmd.o(FSymTab)
    __fsym_list                              0x0800eb2c   Data          12  cmd.o(FSymTab)
    FSymTab$$Limit                           0x0800eb38   Number         0  cmd.o(FSymTab)
    Region$$Table$$Base                      0x0800eb38   Number         0  anon$$obj.o(Region$$Table)
    Region$$Table$$Limit                     0x0800eb58   Number         0  anon$$obj.o(Region$$Table)
    VSymTab$$Base                            0x0800eb58   Number         0  cmd.o(VSymTab)
    __vsym_dummy                             0x0800eb58   Data          16  cmd.o(VSymTab)
    VSymTab$$Limit                           0x0800eb68   Number         0  cmd.o(VSymTab)
    __ctype                                  0x0800eb75   Data           0  lc_ctype_c.o(locale$$data)
    uart1                                    0x20000000   Data           8  usart.o(.data)
    uart2                                    0x20000008   Data           8  usart.o(.data)
    uart3                                    0x20000010   Data           8  usart.o(.data)
    SystemCoreClock                          0x20000018   Data           4  system_stm32f4xx.o(.data)
    AHBPrescTable                            0x2000001c   Data          16  system_stm32f4xx.o(.data)
    rt_interrupt_nest                        0x20000044   Data           1  irq.o(.data)
    rt_assert_hook                           0x20000050   Data           4  kservice.o(.data)
    rt_object_container                      0x20000074   Data         144  object.o(.data)
    rt_object_trytake_hook                   0x2000010c   Data           4  object.o(.data)
    rt_object_take_hook                      0x20000110   Data           4  object.o(.data)
    rt_object_put_hook                       0x20000114   Data           4  object.o(.data)
    rt_current_thread                        0x2000011c   Data           4  scheduler.o(.data)
    rt_current_priority                      0x20000120   Data           1  scheduler.o(.data)
    rt_thread_ready_priority_group           0x20000124   Data           4  scheduler.o(.data)
    rt_thread_defunct                        0x20000128   Data           8  scheduler.o(.data)
    rt_interrupt_from_thread                 0x20000144   Data           4  cpuport.o(.data)
    rt_interrupt_to_thread                   0x20000148   Data           4  cpuport.o(.data)
    rt_thread_switch_interrupt_flag          0x2000014c   Data           4  cpuport.o(.data)
    shell                                    0x20000154   Data           4  shell.o(.data)
    _syscall_table_begin                     0x20000158   Data           4  symbol.o(.data)
    _syscall_table_end                       0x2000015c   Data           4  symbol.o(.data)
    _sysvar_table_begin                      0x20000160   Data           4  symbol.o(.data)
    _sysvar_table_end                        0x20000164   Data           4  symbol.o(.data)
    finsh_compile_sp                         0x2000016c   Data           4  finsh_compiler.o(.data)
    finsh_compile_pc                         0x20000170   Data           4  finsh_compiler.o(.data)
    global_errno                             0x20000174   Data           1  finsh_error.o(.data)
    global_sysvar_list                       0x200001bc   Data           4  finsh_var.o(.data)
    finsh_sp                                 0x200001c0   Data           4  finsh_vm.o(.data)
    finsh_pc                                 0x200001c4   Data           4  finsh_vm.o(.data)
    global_syscall_list                      0x200001c8   Data           4  finsh_vm.o(.data)
    serial1                                  0x200001cc   Data          84  usart.o(.bss)
    serial2                                  0x20000220   Data          84  usart.o(.bss)
    serial3                                  0x20000274   Data          84  usart.o(.bss)
    rt_thread_priority_table                 0x200007e8   Data         256  scheduler.o(.bss)
    finsh_heap                               0x200011ac   Data         128  finsh_heap.o(.bss)
    global_node_table                        0x2000122c   Data         320  finsh_node.o(.bss)
    global_variable                          0x2000136c   Data         192  finsh_var.o(.bss)
    finsh_vm_stack                           0x2000142c   Data         256  finsh_vm.o(.bss)
    text_segment                             0x2000152c   Data         128  finsh_vm.o(.bss)
    __libspace_start                         0x200015ac   Data          96  libspace.o(.bss)
    __temporary_stack_top$libspace           0x2000160c   Data           0  libspace.o(.bss)
    Image$$RW_IRAM1$$ZI$$Limit               0x20001c10   Number         0  anon$$obj.o ABSOLUTE



==============================================================================

Memory Map of the image

  Image Entry point : 0x08000189

  Load Region LR_IROM1 (Base: 0x08000000, Size: 0x0000ee44, Max: 0x00100000, ABSOLUTE, COMPRESSED[0x0000ed1c])

    Execution Region ER_IROM1 (Base: 0x08000000, Size: 0x0000ec78, Max: 0x00100000, ABSOLUTE)

    Base Addr    Size         Type   Attr      Idx    E Section Name        Object

    0x08000000   0x00000188   Data   RO          785    RESET               startup_stm32f4xx.o
    0x08000188   0x00000008   Code   RO         1494  * !!!main             c_w.l(__main.o)
    0x08000190   0x00000034   Code   RO         1674    !!!scatter          c_w.l(__scatter.o)
    0x080001c4   0x0000005a   Code   RO         1672    !!dczerorl2         c_w.l(__dczerorl2.o)
    0x0800021e   0x00000002   PAD
    0x08000220   0x0000001c   Code   RO         1676    !!handler_zi        c_w.l(__scatter_zi.o)
    0x0800023c   0x00000002   Code   RO         1545    .ARM.Collect$$libinit$$00000000  c_w.l(libinit.o)
    0x0800023e   0x00000004   Code   RO         1548    .ARM.Collect$$libinit$$00000001  c_w.l(libinit2.o)
    0x08000242   0x00000000   Code   RO         1551    .ARM.Collect$$libinit$$00000004  c_w.l(libinit2.o)
    0x08000242   0x00000000   Code   RO         1554    .ARM.Collect$$libinit$$0000000A  c_w.l(libinit2.o)
    0x08000242   0x00000000   Code   RO         1556    .ARM.Collect$$libinit$$0000000C  c_w.l(libinit2.o)
    0x08000242   0x00000000   Code   RO         1558    .ARM.Collect$$libinit$$0000000E  c_w.l(libinit2.o)
    0x08000242   0x00000006   Code   RO         1559    .ARM.Collect$$libinit$$0000000F  c_w.l(libinit2.o)
    0x08000248   0x00000000   Code   RO         1561    .ARM.Collect$$libinit$$00000011  c_w.l(libinit2.o)
    0x08000248   0x0000000c   Code   RO         1562    .ARM.Collect$$libinit$$00000012  c_w.l(libinit2.o)
    0x08000254   0x00000000   Code   RO         1563    .ARM.Collect$$libinit$$00000013  c_w.l(libinit2.o)
    0x08000254   0x00000000   Code   RO         1565    .ARM.Collect$$libinit$$00000015  c_w.l(libinit2.o)
    0x08000254   0x00000000   Code   RO         1567    .ARM.Collect$$libinit$$00000017  c_w.l(libinit2.o)
    0x08000254   0x00000000   Code   RO         1569    .ARM.Collect$$libinit$$00000019  c_w.l(libinit2.o)
    0x08000254   0x00000000   Code   RO         1571    .ARM.Collect$$libinit$$0000001B  c_w.l(libinit2.o)
    0x08000254   0x00000000   Code   RO         1573    .ARM.Collect$$libinit$$0000001D  c_w.l(libinit2.o)
    0x08000254   0x00000000   Code   RO         1575    .ARM.Collect$$libinit$$0000001F  c_w.l(libinit2.o)
    0x08000254   0x00000000   Code   RO         1577    .ARM.Collect$$libinit$$00000021  c_w.l(libinit2.o)
    0x08000254   0x00000000   Code   RO         1579    .ARM.Collect$$libinit$$00000023  c_w.l(libinit2.o)
    0x08000254   0x00000000   Code   RO         1581    .ARM.Collect$$libinit$$00000025  c_w.l(libinit2.o)
    0x08000254   0x00000000   Code   RO         1585    .ARM.Collect$$libinit$$0000002C  c_w.l(libinit2.o)
    0x08000254   0x00000000   Code   RO         1587    .ARM.Collect$$libinit$$0000002E  c_w.l(libinit2.o)
    0x08000254   0x00000000   Code   RO         1589    .ARM.Collect$$libinit$$00000030  c_w.l(libinit2.o)
    0x08000254   0x00000000   Code   RO         1591    .ARM.Collect$$libinit$$00000032  c_w.l(libinit2.o)
    0x08000254   0x00000002   Code   RO         1592    .ARM.Collect$$libinit$$00000033  c_w.l(libinit2.o)
    0x08000256   0x00000002   Code   RO         1612    .ARM.Collect$$libshutdown$$00000000  c_w.l(libshutdown.o)
    0x08000258   0x00000000   Code   RO         1625    .ARM.Collect$$libshutdown$$00000002  c_w.l(libshutdown2.o)
    0x08000258   0x00000000   Code   RO         1627    .ARM.Collect$$libshutdown$$00000004  c_w.l(libshutdown2.o)
    0x08000258   0x00000000   Code   RO         1630    .ARM.Collect$$libshutdown$$00000007  c_w.l(libshutdown2.o)
    0x08000258   0x00000000   Code   RO         1633    .ARM.Collect$$libshutdown$$0000000A  c_w.l(libshutdown2.o)
    0x08000258   0x00000000   Code   RO         1635    .ARM.Collect$$libshutdown$$0000000C  c_w.l(libshutdown2.o)
    0x08000258   0x00000000   Code   RO         1638    .ARM.Collect$$libshutdown$$0000000F  c_w.l(libshutdown2.o)
    0x08000258   0x00000002   Code   RO         1639    .ARM.Collect$$libshutdown$$00000010  c_w.l(libshutdown2.o)
    0x0800025a   0x00000000   Code   RO         1496    .ARM.Collect$$rtentry$$00000000  c_w.l(__rtentry.o)
    0x0800025a   0x00000000   Code   RO         1508    .ARM.Collect$$rtentry$$00000002  c_w.l(__rtentry2.o)
    0x0800025a   0x00000006   Code   RO         1520    .ARM.Collect$$rtentry$$00000004  c_w.l(__rtentry4.o)
    0x08000260   0x00000000   Code   RO         1510    .ARM.Collect$$rtentry$$00000009  c_w.l(__rtentry2.o)
    0x08000260   0x00000004   Code   RO         1511    .ARM.Collect$$rtentry$$0000000A  c_w.l(__rtentry2.o)
    0x08000264   0x00000000   Code   RO         1513    .ARM.Collect$$rtentry$$0000000C  c_w.l(__rtentry2.o)
    0x08000264   0x00000008   Code   RO         1514    .ARM.Collect$$rtentry$$0000000D  c_w.l(__rtentry2.o)
    0x0800026c   0x00000002   Code   RO         1546    .ARM.Collect$$rtexit$$00000000  c_w.l(rtexit.o)
    0x0800026e   0x00000000   Code   RO         1594    .ARM.Collect$$rtexit$$00000002  c_w.l(rtexit2.o)
    0x0800026e   0x00000004   Code   RO         1595    .ARM.Collect$$rtexit$$00000003  c_w.l(rtexit2.o)
    0x08000272   0x00000006   Code   RO         1596    .ARM.Collect$$rtexit$$00000004  c_w.l(rtexit2.o)
    0x08000278   0x00000034   Code   RO            2    .text               application.o
    0x080002ac   0x000000cc   Code   RO          150    .text               startup.o
    0x08000378   0x000000b4   Code   RO          170    .text               board.o
    0x0800042c   0x00000010   Code   RO          196    .text               stm32f4xx_it.o
    0x0800043c   0x000003e0   Code   RO          212    .text               usart.o
    0x0800081c   0x0000010c   Code   RO          246    .text               gpio.o
    0x08000928   0x00000210   Code   RO          264    .text               system_stm32f4xx.o
    0x08000b38   0x000001ec   Code   RO          286    .text               misc.o
    0x08000d24   0x00000916   Code   RO          526    .text               stm32f4xx_gpio.o
    0x0800163a   0x00000002   PAD
    0x0800163c   0x00000d7c   Code   RO          638    .text               stm32f4xx_rcc.o
    0x080023b8   0x00000eb4   Code   RO          752    .text               stm32f4xx_usart.o
    0x0800326c   0x00000040   Code   RO          786    .text               startup_stm32f4xx.o
    0x080032ac   0x00000064   Code   RO          790    .text               clock.o
    0x08003310   0x00000324   Code   RO          810    .text               device.o
    0x08003634   0x00000134   Code   RO          824    .text               idle.o
    0x08003768   0x00001654   Code   RO          844    .text               ipc.o
    0x08004dbc   0x00000048   Code   RO          861    .text               irq.o
    0x08004e04   0x00000a4c   Code   RO          876    .text               kservice.o
    0x08005850   0x00000874   Code   RO          896    .text               mem.o
    0x080060c4   0x000002dc   Code   RO          948    .text               object.o
    0x080063a0   0x000002e0   Code   RO          967    .text               scheduler.o
    0x08006680   0x0000059c   Code   RO          988    .text               thread.o
    0x08006c1c   0x0000045c   Code   RO         1005    .text               timer.o
    0x08007078   0x00000190   Code   RO         1024    .text               cpuport.o
    0x08007208   0x0000010c   Code   RO         1040    .text               context_rvds.o
    0x08007314   0x000001a8   Code   RO         1078    .text               pin.o
    0x080074bc   0x00000884   Code   RO         1096    .text               serial.o
    0x08007d40   0x000001c8   Code   RO         1109    .text               completion.o
    0x08007f08   0x00000414   Code   RO         1125    .text               dataqueue.o
    0x0800831c   0x000009e4   Code   RO         1214    .text               shell.o
    0x08008d00   0x00000bc4   Code   RO         1248    .text               cmd.o
    0x080098c4   0x00001818   Code   RO         1272    .text               finsh_compiler.o
    0x0800b0dc   0x0000002c   Code   RO         1309    .text               finsh_error.o
    0x0800b108   0x00000210   Code   RO         1325    .text               finsh_heap.o
    0x0800b318   0x00000058   Code   RO         1341    .text               finsh_init.o
    0x0800b370   0x00000184   Code   RO         1359    .text               finsh_node.o
    0x0800b4f4   0x00000adc   Code   RO         1374    .text               finsh_ops.o
    0x0800bfd0   0x0000097c   Code   RO         1392    .text               finsh_parser.o
    0x0800c94c   0x0000019c   Code   RO         1407    .text               finsh_var.o
    0x0800cae8   0x000000e4   Code   RO         1430    .text               finsh_vm.o
    0x0800cbcc   0x00000680   Code   RO         1457    .text               finsh_token.o
    0x0800d24c   0x0000001a   Code   RO         1474    .text               c_w.l(atoi.o)
    0x0800d266   0x0000003e   Code   RO         1476    .text               c_w.l(strlen.o)
    0x0800d2a4   0x00000096   Code   RO         1478    .text               c_w.l(strncmp.o)
    0x0800d33a   0x0000008a   Code   RO         1480    .text               c_w.l(rt_memcpy_v6.o)
    0x0800d3c4   0x00000064   Code   RO         1482    .text               c_w.l(rt_memcpy_w.o)
    0x0800d428   0x00000044   Code   RO         1484    .text               c_w.l(rt_memclr.o)
    0x0800d46c   0x0000004e   Code   RO         1486    .text               c_w.l(rt_memclr_w.o)
    0x0800d4ba   0x00000056   Code   RO         1488    .text               c_w.l(strncpy.o)
    0x0800d510   0x00000080   Code   RO         1490    .text               c_w.l(strcmpv7m.o)
    0x0800d590   0x00000006   Code   RO         1492    .text               c_w.l(heapauxi.o)
    0x0800d596   0x00000002   PAD
    0x0800d598   0x00000008   Code   RO         1500    .text               c_w.l(rt_errno_addr_intlibspace.o)
    0x0800d5a0   0x00000070   Code   RO         1502    .text               c_w.l(strtol.o)
    0x0800d610   0x00000008   Code   RO         1504    .text               c_w.l(libspace.o)
    0x0800d618   0x00000010   Code   RO         1522    .text               c_w.l(rt_ctype_table.o)
    0x0800d628   0x0000009e   Code   RO         1524    .text               c_w.l(_strtoul.o)
    0x0800d6c6   0x0000004a   Code   RO         1526    .text               c_w.l(sys_stackheap_outer.o)
    0x0800d710   0x00000008   Code   RO         1531    .text               c_w.l(rt_locale_intlibspace.o)
    0x0800d718   0x0000001c   Code   RO         1533    .text               c_w.l(_chval.o)
    0x0800d734   0x00000012   Code   RO         1538    .text               c_w.l(exit.o)
    0x0800d746   0x00000002   PAD
    0x0800d748   0x0000000c   Code   RO         1604    .text               c_w.l(sys_exit.o)
    0x0800d754   0x00000002   Code   RO         1615    .text               c_w.l(use_no_semi.o)
    0x0800d756   0x00000000   Code   RO         1617    .text               c_w.l(indicate_semi.o)
    0x0800d756   0x00000002   PAD
    0x0800d758   0x0000002c   Code   RO         1536    locale$$code        c_w.l(lc_ctype_c.o)
    0x0800d784   0x0000000a   Code   RO         1602    x$fpl$fpinit        fz_wm.l(fpinit.o)
    0x0800d78e   0x00000002   PAD
    0x0800d790   0x00000050   Data   RO          214    .constdata          usart.o
    0x0800d7e0   0x0000036c   Data   RO          247    .constdata          gpio.o
    0x0800db4c   0x000000a8   Data   RO          811    .constdata          device.o
    0x0800dbf4   0x00000016   Data   RO          826    .constdata          idle.o
    0x0800dc0a   0x000001d7   Data   RO          845    .constdata          ipc.o
    0x0800dde1   0x00000122   Data   RO          878    .constdata          kservice.o
    0x0800df03   0x00000046   Data   RO          898    .constdata          mem.o
    0x0800df49   0x0000005e   Data   RO          949    .constdata          object.o
    0x0800dfa7   0x0000004e   Data   RO          969    .constdata          scheduler.o
    0x0800dff5   0x000000aa   Data   RO          989    .constdata          thread.o
    0x0800e09f   0x0000005c   Data   RO         1006    .constdata          timer.o
    0x0800e0fb   0x00000013   Data   RO         1025    .constdata          cpuport.o
    0x0800e10e   0x00000047   Data   RO         1080    .constdata          pin.o
    0x0800e155   0x000000d3   Data   RO         1097    .constdata          serial.o
    0x0800e228   0x00000039   Data   RO         1110    .constdata          completion.o
    0x0800e261   0x0000004b   Data   RO         1126    .constdata          dataqueue.o
    0x0800e2ac   0x00000060   Data   RO         1216    .constdata          shell.o
    0x0800e30c   0x00000050   Data   RO         1249    .constdata          cmd.o
    0x0800e35c   0x000000c4   Data   RO         1375    .constdata          finsh_ops.o
    0x0800e420   0x00000040   Data   RO         1458    .constdata          finsh_token.o
    0x0800e460   0x000000ed   Data   RO          899    .conststring        mem.o
    0x0800e54d   0x00000003   PAD
    0x0800e550   0x000001ad   Data   RO         1250    .conststring        cmd.o
    0x0800e6fd   0x00000003   PAD
    0x0800e700   0x000000f3   Data   RO         1310    .conststring        finsh_error.o
    0x0800e7f3   0x00000001   PAD
    0x0800e7f4   0x0000003e   Data   RO         1459    .conststring        finsh_token.o
    0x0800e832   0x00000027   Data   RO          901    .rodata.name        mem.o
    0x0800e859   0x00000069   Data   RO         1081    .rodata.name        pin.o
    0x0800e8c2   0x000001b3   Data   RO         1252    .rodata.name        cmd.o
    0x0800ea75   0x00000003   PAD
    0x0800ea78   0x0000000c   Data   RO          902    FSymTab             mem.o
    0x0800ea84   0x00000024   Data   RO         1082    FSymTab             pin.o
    0x0800eaa8   0x00000090   Data   RO         1253    FSymTab             cmd.o
    0x0800eb38   0x00000020   Data   RO         1670    Region$$Table       anon$$obj.o
    0x0800eb58   0x00000010   Data   RO         1254    VSymTab             cmd.o
    0x0800eb68   0x00000110   Data   RO         1535    locale$$data        c_w.l(lc_ctype_c.o)


    Execution Region RW_IRAM1 (Base: 0x20000000, Size: 0x00001c10, Max: 0x00020000, ABSOLUTE, COMPRESSED[0x000000a4])

    Base Addr    Size         Type   Attr      Idx    E Section Name        Object

    0x20000000   0x00000018   Data   RW          215    .data               usart.o
    0x20000018   0x00000014   Data   RW          265    .data               system_stm32f4xx.o
    0x2000002c   0x00000010   Data   RW          639    .data               stm32f4xx_rcc.o
    0x2000003c   0x00000004   Data   RW          791    .data               clock.o
    0x20000040   0x00000004   Data   RW          827    .data               idle.o
    0x20000044   0x00000001   Data   RW          862    .data               irq.o
    0x20000045   0x00000003   PAD
    0x20000048   0x0000000c   Data   RW          879    .data               kservice.o
    0x20000054   0x00000020   Data   RW          900    .data               mem.o
    0x20000074   0x000000a4   Data   RW          950    .data               object.o
    0x20000118   0x0000001c   Data   RW          970    .data               scheduler.o
    0x20000134   0x00000010   Data   RW         1007    .data               timer.o
    0x20000144   0x00000010   Data   RW         1026    .data               cpuport.o
    0x20000154   0x00000004   Data   RW         1217    .data               shell.o
    0x20000158   0x00000010   Data   RW         1235    .data               symbol.o
    0x20000168   0x00000004   Data   RW         1251    .data               cmd.o
    0x2000016c   0x00000008   Data   RW         1273    .data               finsh_compiler.o
    0x20000174   0x00000040   Data   RW         1311    .data               finsh_error.o
    0x200001b4   0x00000008   Data   RW         1327    .data               finsh_heap.o
    0x200001bc   0x00000004   Data   RW         1409    .data               finsh_var.o
    0x200001c0   0x0000000c   Data   RW         1432    .data               finsh_vm.o
    0x200001cc   0x000000fc   Zero   RW          213    .bss                usart.o
    0x200002c8   0x00000480   Zero   RW          825    .bss                idle.o
    0x20000748   0x00000080   Zero   RW          877    .bss                kservice.o
    0x200007c8   0x00000020   Zero   RW          897    .bss                mem.o
    0x200007e8   0x00000100   Zero   RW          968    .bss                scheduler.o
    0x200008e8   0x00000044   Zero   RW         1079    .bss                pin.o
    0x2000092c   0x00000880   Zero   RW         1215    .bss                shell.o
    0x200011ac   0x00000080   Zero   RW         1326    .bss                finsh_heap.o
    0x2000122c   0x00000140   Zero   RW         1360    .bss                finsh_node.o
    0x2000136c   0x000000c0   Zero   RW         1408    .bss                finsh_var.o
    0x2000142c   0x00000180   Zero   RW         1431    .bss                finsh_vm.o
    0x200015ac   0x00000060   Zero   RW         1505    .bss                c_w.l(libspace.o)
    0x2000160c   0x00000004   PAD
    0x20001610   0x00000200   Zero   RW          784    HEAP                startup_stm32f4xx.o
    0x20001810   0x00000400   Zero   RW          783    STACK               startup_stm32f4xx.o


==============================================================================

Image component sizes


      Code (inc. data)   RO Data    RW Data    ZI Data      Debug   Object Name

        52         10          0          0          0     249071   application.o
       180         18          0          0          0      19419   board.o
       100          6          0          4          0       1676   clock.o
      3012       1244       1104          4          0      10663   cmd.o
       456        124         57          0          0       2995   completion.o
       268         24          0          0          0        832   context_rvds.o
       400        188         19         16          0       3851   cpuport.o
      1044        114         75          0          0       6433   dataqueue.o
       804        132        168          0          0       5013   device.o
      6168        154          0          8          0      11146   finsh_compiler.o
        44         10        243         64          0       1821   finsh_error.o
       528         18          0          8        128       3551   finsh_heap.o
        88          6          0          0          0       1744   finsh_init.o
       388          4          0          0        320       3572   finsh_node.o
      2780         36        196          0          0       9012   finsh_ops.o
      2428         32          0          0          0       9893   finsh_parser.o
      1664         16        126          0          0       6372   finsh_token.o
       412         18          0          4        192       7613   finsh_var.o
       228         34          0         12        384       7262   finsh_vm.o
       268         12        876          0          0       2670   gpio.o
       308         74         22          4       1152       3039   idle.o
      5716        422        471          0          0      20251   ipc.o
        72          6          0          1          0       1506   irq.o
      2636        230        290         12        128      12092   kservice.o
      2164        560        358         32         32      11238   mem.o
       492         74          0          0          0       2233   misc.o
       732        150         94        164          0       5924   object.o
       424         82        212          0         68       4136   pin.o
       736        150         78         28        256       4897   scheduler.o
      2180        314        211          0          0       7961   serial.o
      2532        276         96          4       2176       6179   shell.o
       204         98          0          0          0       1459   startup.o
        64         26        392          0       1536        936   startup_stm32f4xx.o
      2326        132          0          0          0       5613   stm32f4xx_gpio.o
        16          0          0          0          0        888   stm32f4xx_it.o
      3452        262          0         16          0      13763   stm32f4xx_rcc.o
      3764        164          0          0          0      10288   stm32f4xx_usart.o
         0          0          0         16          0       4385   symbol.o
       528         46          0         20          0       2179   system_stm32f4xx.o
      1436        208        170          0          0       7697   thread.o
      1116        100         92         16          0       7043   timer.o
       992        126         80         24        252      28359   usart.o

    ----------------------------------------------------------------------
     53204       5700       5472        460       6624     526675   Object Totals
         0          0         32          0          0          0   (incl. Generated)
         2          0         10          3          0          0   (incl. Padding)

    ----------------------------------------------------------------------

      Code (inc. data)   RO Data    RW Data    ZI Data      Debug   Library Member Name

        90          0          0          0          0          0   __dczerorl2.o
         8          0          0          0          0         68   __main.o
         0          0          0          0          0          0   __rtentry.o
        12          0          0          0          0          0   __rtentry2.o
         6          0          0          0          0          0   __rtentry4.o
        52          8          0          0          0          0   __scatter.o
        28          0          0          0          0          0   __scatter_zi.o
        28          0          0          0          0         68   _chval.o
       158          0          0          0          0         92   _strtoul.o
        26          0          0          0          0         80   atoi.o
        18          0          0          0          0         80   exit.o
         6          0          0          0          0        152   heapauxi.o
         0          0          0          0          0          0   indicate_semi.o
        44         10        272          0          0         76   lc_ctype_c.o
         2          0          0          0          0          0   libinit.o
        24          0          0          0          0          0   libinit2.o
         2          0          0          0          0          0   libshutdown.o
         2          0          0          0          0          0   libshutdown2.o
         8          4          0          0         96         68   libspace.o
        16          4          0          0          0         76   rt_ctype_table.o
         8          4          0          0          0         68   rt_errno_addr_intlibspace.o
         8          4          0          0          0         68   rt_locale_intlibspace.o
        68          0          0          0          0         68   rt_memclr.o
        78          0          0          0          0         80   rt_memclr_w.o
       138          0          0          0          0         68   rt_memcpy_v6.o
       100          0          0          0          0         80   rt_memcpy_w.o
         2          0          0          0          0          0   rtexit.o
        10          0          0          0          0          0   rtexit2.o
       128          0          0          0          0         68   strcmpv7m.o
        62          0          0          0          0         76   strlen.o
       150          0          0          0          0         80   strncmp.o
        86          0          0          0          0         76   strncpy.o
       112          0          0          0          0         88   strtol.o
        12          4          0          0          0         68   sys_exit.o
        74          0          0          0          0         80   sys_stackheap_outer.o
         2          0          0          0          0         68   use_no_semi.o
        10          0          0          0          0        116   fpinit.o

    ----------------------------------------------------------------------
      1588         38        272          0        100       1912   Library Totals
        10          0          0          0          4          0   (incl. Padding)

    ----------------------------------------------------------------------

      Code (inc. data)   RO Data    RW Data    ZI Data      Debug   Library Name

      1568         38        272          0         96       1796   c_w.l
        10          0          0          0          0        116   fz_wm.l

    ----------------------------------------------------------------------
      1588         38        272          0        100       1912   Library Totals

    ----------------------------------------------------------------------

==============================================================================


      Code (inc. data)   RO Data    RW Data    ZI Data      Debug   

     54792       5738       5744        460       6724     520499   Grand Totals
     54792       5738       5744        164       6724     520499   ELF Image Totals (compressed)
     54792       5738       5744        164          0          0   ROM Totals

==============================================================================

    Total RO  Size (Code + RO Data)                60536 (  59.12kB)
    Total RW  Size (RW Data + ZI Data)              7184 (   7.02kB)
    Total ROM Size (Code + RO Data + RW Data)      60700 (  59.28kB)

==============================================================================

