Component: ARM Compiler 5.06 update 1 (build 61) Tool: armlink [4d35a8]

==============================================================================

Section Cross References

    application.o(.text) refers to dfs_posix.o(.text) for open
    application.o(.text) refers to dfs_fs.o(.text) for dfs_unmount
    application.o(.text) refers to kservice.o(.text) for rt_kprintf
    application.o(.text) refers to log_trace.o(.text) for log_trace
    application.o(.text) refers to thread.o(.text) for rt_thread_delay
    application.o(.text) refers to strlen.o(.text) for strlen
    application.o(.text) refers to dfs_file.o(.text) for rm
    application.o(.text) refers to json_config.o(.text) for json_cfg_create
    application.o(.text) refers to sys_misc.o(.text) for sys_reboot
    application.o(.text) refers to board.o(.data) for sys_config
    application.o(.text) refers to init_rc.o(.constdata) for sys_init_file_content
    application.o(.text) refers to sys_misc.o(.constdata) for sys_cfg_init_data
    application.o(.text) refers to application.o(.conststring) for .conststring
    application.o(.text) refers to lludivv7m.o(.text) for __aeabi_uldivmod
    application.o(.text) refers to adc.o(.text) for ADC_mother_board_check
    application.o(.text) refers to uitd_ble.o(.text) for module_BLE_init
    application.o(.text) refers to shell.o(.text) for finsh_system_init
    application.o(.text) refers to module.o(.text) for rt_system_module_init
    application.o(.text) refers to dfs.o(.text) for dfs_init
    application.o(.text) refers to i2c_core.o(.text) for rt_i2c_core_init
    application.o(.text) refers to dfs_elm.o(.text) for elm_init
    application.o(.text) refers to dfs_romfs.o(.text) for dfs_romfs_init
    application.o(.text) refers to stm32_i2c.o(.text) for rt_hw_i2c_init
    application.o(.text) refers to platform.o(.text) for rt_platform_init
    application.o(.text) refers to vk3266.o(.text) for VK32xx_init
    application.o(.text) refers to uitd.o(.data) for g_UITD_addr
    application.o(.text) refers to msd.o(.text) for msd_init
    application.o(.text) refers to stm32f2xx_rtc.o(.text) for RTC_ReadBackupRegister
    application.o(.text) refers to strcat.o(.text) for strcat
    application.o(.text) refers to log_file.o(.text) for log_trace_set_file
    application.o(.text) refers to cpuusage.o(.text) for cpu_usage_init
    application.o(.text) refers to init_rc.o(.text) for do_init
    application.o(.text) refers to sys_status.o(.text) for sys_status_set
    application.o(.text) refers to ethernetif.o(.text) for eth_system_device_init
    application.o(.text) refers to sys_arch.o(.text) for lwip_system_init
    application.o(.text) refers to board.o(.text) for mco_config
    application.o(.text) refers to stm32f2xx_eth_lan8720a.o(.text) for rt_hw_stm32_eth_init
    application.o(.text) refers to application.o(.data) for testing_TF
    application.o(.text) refers to romfs.o(.constdata) for romfs_root
    application.o(.text) refers to sys_status.o(.bss) for sys_ctrl
    application.o(.text) refers to uitd_ble.o(.data) for prio_UITD_BLE
    application.o(.text) refers to uitd_main.o(.data) for prio_UITD_GPRS_rec
    application.o(.text) refers to uitd_main.o(.text) for rt_thread_entry_UITD_GPRS_rec
    application.o(.text) refers to gsm_mg301.o(.data) for prio_GSM_MG301
    application.o(.text) refers to gsm_mg301.o(.text) for rt_thread_entry_GSM_MG301
    application.o(.text) refers to uitd_eth.o(.data) for prio_UITD_eth_rec
    application.o(.text) refers to uitd_eth.o(.text) for rt_thread_entry_UITD_eth_rec
    application.o(.text) refers to wifi_esp_07.o(.data) for prio_WIFI_ESP_07
    application.o(.text) refers to wifi_esp_07.o(.text) for rt_thread_entry_WIFI_ESP_07
    application.o(.text) refers to uitd_wifi.o(.data) for prio_UITD_WIFI_rec
    application.o(.text) refers to uitd_wifi.o(.text) for rt_thread_entry_UITD_WIFI_rec
    application.o(.text) refers to strcpy.o(.text) for strcpy
    application.o(.text) refers to transparent.o(.data) for prio_transparent
    application.o(.text) refers to transparent.o(.text) for rt_thread_entry_transparent
    application.o(.text) refers to sensor_sample.o(.data) for prio_sensor_sample
    application.o(.text) refers to sensor_sample.o(.text) for rt_thread_entry_sensor_sample
    application.o(.text) refers to fire_alarm.o(.data) for prio_fire_alarm
    application.o(.text) refers to fire_alarm.o(.text) for rt_thread_entry_fire_alarm
    application.o(.text) refers to controller.o(.data) for prio_ctrl_in
    application.o(.text) refers to controller.o(.text) for rt_thread_entry_ctrl_in
    application.o(.text) refers to pro_uitd.o(.data) for prio_PRO_UITD
    application.o(.text) refers to pro_uitd.o(.text) for rt_thread_entry_PRO_UITD
    application.o(.text) refers to pro_ctrl.o(.data) for prio_PRO_CTRL
    application.o(.text) refers to pro_ctrl.o(.text) for rt_thread_entry_PRO_CTRL
[...]
    mt_WIFI_send                             0x2000264c   Data          48  wifi_esp_07.o(.bss)
    sem_ESP_rx_data                          0x2000267c   Data          44  wifi_esp_07.o(.bss)
    mb_WIFI_rx                               0x200026a8   Data          60  wifi_esp_07.o(.bss)
    TIMx_TimeBaseStructure                   0x20002770   Data          12  timer.o(.bss)
    TIMx_OCInitStructure                     0x2000277c   Data          20  timer.o(.bss)
    DMA_ADC_InitStructure                    0x200027b8   Data          60  adc.o(.bss)
    mt_IO_input                              0x20004284   Data          48  iot_digit_in.o(.bss)
    sensor_testing_value                     0x200042b4   Data          80  iot_analog_in.o(.bss)
    sensor_testing_value_sum                 0x20004304   Data          32  iot_analog_in.o(.bss)
    mt_sensor                                0x20004324   Data          48  iot_analog_in.o(.bss)
    mt_output                                0x20004354   Data          48  iot_digit_out.o(.bss)
    rt_thread_priority_table                 0x20004848   Data         256  scheduler.o(.bss)
    filesystem_operation_table               0x20004948   Data          16  dfs.o(.bss)
    filesystem_table                         0x20004958   Data          48  dfs.o(.bss)
    fd_table                                 0x200049b8   Data         320  dfs.o(.bss)
    finsh_heap                               0x20005d04   Data         128  finsh_heap.o(.bss)
    global_node_table                        0x20005d84   Data         320  finsh_node.o(.bss)
    global_variable                          0x20005ec4   Data         192  finsh_var.o(.bss)
    finsh_vm_stack                           0x20005f84   Data         256  finsh_vm.o(.bss)
    text_segment                             0x20006084   Data         128  finsh_vm.o(.bss)
    dhcp_rx_options_val                      0x20006178   Data          40  dhcp.o(.bss)
    dhcp_rx_options_given                    0x200061a0   Data          10  dhcp.o(.bss)
    _random_number_data                      0x20007164   Data         228  rand.o(.bss)
    __libspace_start                         0x200072b8   Data          96  libspace.o(.bss)
    __temporary_stack_top$libspace           0x20007318   Data           0  libspace.o(.bss)
    Image$$RW_IRAM1$$ZI$$Limit               0x20007918   Number         0  anon$$obj.o ABSOLUTE



==============================================================================

Memory Map of the image

  Image Entry point : 0x08000185

  Load Region LR_IROM1 (Base: 0x08000000, Size: 0x00059e60, Max: 0x00080000, ABSOLUTE, COMPRESSED[0x00059450])

    Execution Region ER_IROM1 (Base: 0x08000000, Size: 0x00059124, Max: 0x00080000, ABSOLUTE)

    Base Addr    Size         Type   Attr      Idx    E Section Name        Object

    0x08000000   0x00000184   Data   RO         2377    RESET               startup_stm32f2xx.o
    0x08000184   0x00000008   Code   RO         5084  * !!!main             c_w.l(__main.o)
    0x0800018c   0x00000034   Code   RO         5579    !!!scatter          c_w.l(__scatter.o)
    0x080001c0   0x0000005a   Code   RO         5577    !!dczerorl2         c_w.l(__dczerorl2.o)
    0x0800021a   0x00000002   PAD
    0x0800021c   0x0000001c   Code   RO         5581    !!handler_zi        c_w.l(__scatter_zi.o)
    0x08000238   0x00000000   Code   RO         5029    .ARM.Collect$$_printf_percent$$00000000  c_w.l(_printf_percent.o)
    0x08000238   0x00000006   Code   RO         5193    .ARM.Collect$$_printf_percent$$00000001  c_w.l(_printf_n.o)
    0x0800023e   0x00000006   Code   RO         5194    .ARM.Collect$$_printf_percent$$00000002  c_w.l(_printf_p.o)
    0x08000244   0x00000006   Code   RO         5027    .ARM.Collect$$_printf_percent$$00000003  c_w.l(_printf_f.o)
    0x0800024a   0x00000006   Code   RO         5028    .ARM.Collect$$_printf_percent$$00000004  c_w.l(_printf_e.o)
    0x08000250   0x00000006   Code   RO         5197    .ARM.Collect$$_printf_percent$$00000005  c_w.l(_printf_g.o)
    0x08000256   0x00000006   Code   RO         5198    .ARM.Collect$$_printf_percent$$00000006  c_w.l(_printf_a.o)
    0x0800025c   0x0000000a   Code   RO         5203    .ARM.Collect$$_printf_percent$$00000007  c_w.l(_printf_ll.o)
    0x08000266   0x00000006   Code   RO         5196    .ARM.Collect$$_printf_percent$$00000008  c_w.l(_printf_i.o)
    0x0800026c   0x00000006   Code   RO         5025    .ARM.Collect$$_printf_percent$$00000009  c_w.l(_printf_d.o)
    0x08000272   0x00000006   Code   RO         5026    .ARM.Collect$$_printf_percent$$0000000A  c_w.l(_printf_u.o)
    0x08000278   0x00000006   Code   RO         5195    .ARM.Collect$$_printf_percent$$0000000B  c_w.l(_printf_o.o)
    0x0800027e   0x00000006   Code   RO         5024    .ARM.Collect$$_printf_percent$$0000000C  c_w.l(_printf_x.o)
    0x08000284   0x00000006   Code   RO         5200    .ARM.Collect$$_printf_percent$$0000000D  c_w.l(_printf_lli.o)
    0x0800028a   0x00000006   Code   RO         5201    .ARM.Collect$$_printf_percent$$0000000E  c_w.l(_printf_lld.o)
    0x08000290   0x00000006   Code   RO         5202    .ARM.Collect$$_printf_percent$$0000000F  c_w.l(_printf_llu.o)
    0x08000296   0x00000006   Code   RO         5207    .ARM.Collect$$_printf_percent$$00000010  c_w.l(_printf_llo.o)
    0x0800029c   0x00000006   Code   RO         5208    .ARM.Collect$$_printf_percent$$00000011  c_w.l(_printf_llx.o)
    0x080002a2   0x0000000a   Code   RO         5204    .ARM.Collect$$_printf_percent$$00000012  c_w.l(_printf_l.o)
    0x080002ac   0x00000006   Code   RO         5192    .ARM.Collect$$_printf_percent$$00000013  c_w.l(_printf_c.o)
    0x080002b2   0x00000006   Code   RO         5023    .ARM.Collect$$_printf_percent$$00000014  c_w.l(_printf_s.o)
    0x080002b8   0x00000006   Code   RO         5205    .ARM.Collect$$_printf_percent$$00000015  c_w.l(_printf_lc.o)
    0x080002be   0x00000006   Code   RO         5206    .ARM.Collect$$_printf_percent$$00000016  c_w.l(_printf_ls.o)
    0x080002c4   0x00000004   Code   RO         5199    .ARM.Collect$$_printf_percent$$00000017  c_w.l(_printf_percent_end.o)
    0x080002c8   0x00000002   Code   RO         5469    .ARM.Collect$$libinit$$00000000  c_w.l(libinit.o)
    0x080002ca   0x00000000   Code   RO         5234    .ARM.Collect$$libinit$$00000002  c_w.l(libinit2.o)
    0x080002ca   0x00000000   Code   RO         5236    .ARM.Collect$$libinit$$00000004  c_w.l(libinit2.o)
    0x080002ca   0x00000008   Code   RO         5237    .ARM.Collect$$libinit$$00000005  c_w.l(libinit2.o)
    0x080002d2   0x00000000   Code   RO         5239    .ARM.Collect$$libinit$$0000000A  c_w.l(libinit2.o)
    0x080002d2   0x00000000   Code   RO         5241    .ARM.Collect$$libinit$$0000000C  c_w.l(libinit2.o)
    0x080002d2   0x00000004   Code   RO         5242    .ARM.Collect$$libinit$$0000000D  c_w.l(libinit2.o)
    0x080002d6   0x00000000   Code   RO         5243    .ARM.Collect$$libinit$$0000000E  c_w.l(libinit2.o)
    0x080002d6   0x00000006   Code   RO         5244    .ARM.Collect$$libinit$$0000000F  c_w.l(libinit2.o)
    0x080002dc   0x00000000   Code   RO         5246    .ARM.Collect$$libinit$$00000011  c_w.l(libinit2.o)
    0x080002dc   0x0000000c   Code   RO         5247    .ARM.Collect$$libinit$$00000012  c_w.l(libinit2.o)
    0x080002e8   0x00000000   Code   RO         5248    .ARM.Collect$$libinit$$00000013  c_w.l(libinit2.o)
    0x080002e8   0x00000000   Code   RO         5250    .ARM.Collect$$libinit$$00000015  c_w.l(libinit2.o)
    0x080002e8   0x0000000a   Code   RO         5251    .ARM.Collect$$libinit$$00000016  c_w.l(libinit2.o)
    0x080002f2   0x00000000   Code   RO         5252    .ARM.Collect$$libinit$$00000017  c_w.l(libinit2.o)
    0x080002f2   0x0000000a   Code   RO         5253    .ARM.Collect$$libinit$$00000018  c_w.l(libinit2.o)
    0x080002fc   0x00000000   Code   RO         5254    .ARM.Collect$$libinit$$00000019  c_w.l(libinit2.o)
    0x080002fc   0x00000000   Code   RO         5256    .ARM.Collect$$libinit$$0000001B  c_w.l(libinit2.o)
    0x080002fc   0x00000000   Code   RO         5258    .ARM.Collect$$libinit$$0000001D  c_w.l(libinit2.o)
    0x080002fc   0x00000000   Code   RO         5260    .ARM.Collect$$libinit$$0000001F  c_w.l(libinit2.o)
    0x080002fc   0x00000000   Code   RO         5262    .ARM.Collect$$libinit$$00000021  c_w.l(libinit2.o)
    0x080002fc   0x00000000   Code   RO         5264    .ARM.Collect$$libinit$$00000023  c_w.l(libinit2.o)
    0x080002fc   0x00000000   Code   RO         5266    .ARM.Collect$$libinit$$00000025  c_w.l(libinit2.o)
    0x080002fc   0x00000000   Code   RO         5270    .ARM.Collect$$libinit$$0000002C  c_w.l(libinit2.o)
    0x080002fc   0x00000000   Code   RO         5272    .ARM.Collect$$libinit$$0000002E  c_w.l(libinit2.o)
    0x080002fc   0x00000000   Code   RO         5274    .ARM.Collect$$libinit$$00000030  c_w.l(libinit2.o)
    0x080002fc   0x00000000   Code   RO         5276    .ARM.Collect$$libinit$$00000032  c_w.l(libinit2.o)
    0x080002fc   0x00000002   Code   RO         5277    .ARM.Collect$$libinit$$00000033  c_w.l(libinit2.o)
    0x080002fe   0x00000002   Code   RO         5574    .ARM.Collect$$libshutdown$$00000000  c_w.l(libshutdown.o)
    0x08000300   0x00000000   Code   RO         5506    .ARM.Collect$$libshutdown$$00000002  c_w.l(libshutdown2.o)
    0x08000300   0x00000000   Code   RO         5508    .ARM.Collect$$libshutdown$$00000004  c_w.l(libshutdown2.o)
    0x08000300   0x00000000   Code   RO         5511    .ARM.Collect$$libshutdown$$00000007  c_w.l(libshutdown2.o)
    0x08000300   0x00000000   Code   RO         5514    .ARM.Collect$$libshutdown$$0000000A  c_w.l(libshutdown2.o)
    0x08000300   0x00000000   Code   RO         5516    .ARM.Collect$$libshutdown$$0000000C  c_w.l(libshutdown2.o)
    0x08000300   0x00000000   Code   RO         5519    .ARM.Collect$$libshutdown$$0000000F  c_w.l(libshutdown2.o)
    0x08000300   0x00000002   Code   RO         5520    .ARM.Collect$$libshutdown$$00000010  c_w.l(libshutdown2.o)
    0x08000302   0x00000000   Code   RO         5128    .ARM.Collect$$rtentry$$00000000  c_w.l(__rtentry.o)
    0x08000302   0x00000000   Code   RO         5334    .ARM.Collect$$rtentry$$00000002  c_w.l(__rtentry2.o)
    0x08000302   0x00000006   Code   RO         5346    .ARM.Collect$$rtentry$$00000004  c_w.l(__rtentry4.o)
    0x08000308   0x00000000   Code   RO         5336    .ARM.Collect$$rtentry$$00000009  c_w.l(__rtentry2.o)
    0x08000308   0x00000004   Code   RO         5337    .ARM.Collect$$rtentry$$0000000A  c_w.l(__rtentry2.o)
    0x0800030c   0x00000000   Code   RO         5339    .ARM.Collect$$rtentry$$0000000C  c_w.l(__rtentry2.o)
    0x0800030c   0x00000008   Code   RO         5340    .ARM.Collect$$rtentry$$0000000D  c_w.l(__rtentry2.o)
    0x08000314   0x00000002   Code   RO         5489    .ARM.Collect$$rtexit$$00000000  c_w.l(rtexit.o)
    0x08000316   0x00000000   Code   RO         5534    .ARM.Collect$$rtexit$$00000002  c_w.l(rtexit2.o)
    0x08000316   0x00000004   Code   RO         5535    .ARM.Collect$$rtexit$$00000003  c_w.l(rtexit2.o)
    0x0800031a   0x00000006   Code   RO         5536    .ARM.Collect$$rtexit$$00000004  c_w.l(rtexit2.o)
    0x08000320   0x00000034   Code   RO         5040    .emb_text           c_w.l(rand.o)
    0x08000354   0x00000000   Code   RO         5357    .emb_text           c_w.l(maybetermalloc1.o)
    0x08000354   0x00001ff8   Code   RO            4    .text               application.o
    0x0800234c   0x00000c0c   Code   RO          391    .text               selftest.o
    0x08002f58   0x00001374   Code   RO          418    .text               uitd_main.o
    0x080042cc   0x00001728   Code   RO          460    .text               uitd_eth.o
    0x080059f4   0x000000b8   Code   RO          528    .text               startup.o
    0x08005aac   0x0000064c   Code   RO          553    .text               sys_misc.o
    0x080060f8   0x00006998   Code   RO          620    .text               uitd.o
    0x0800ca90   0x00000994   Code   RO          682    .text               sys_status.o
    0x0800d424   0x00000248   Code   RO          716    .text               sensor_sample.o
    0x0800d66c   0x000016b0   Code   RO          746    .text               fire_alarm.o
    0x0800ed1c   0x00000224   Code   RO          788    .text               controller.o
    0x0800ef40   0x00000354   Code   RO          869    .text               uitd_ble.o
    0x0800f294   0x00001090   Code   RO          900    .text               uitd_wifi.o
    0x08010324   0x00000774   Code   RO          934    .text               transparent.o
    0x08010a98   0x00000530   Code   RO          969    .text               pro_ctrl.o
    0x08010fc8   0x0000026c   Code   RO         1002    .text               pro_uitd.o
    0x08011234   0x0000042c   Code   RO         1032    .text               board.o
    0x08011660   0x0000005a   Code   RO         1103    .text               stm32f2xx_it.o
    0x080116ba   0x00000002   PAD
    0x080116bc   0x00000950   Code   RO         1130    .text               usart.o
    0x0801200c   0x00000658   Code   RO         1163    .text               rtc.o
    0x08012664   0x00000908   Code   RO         1207    .text               platform.o
    0x08012f6c   0x00002908   Code   RO         1239    .text               gsm_mg301.o
    0x08015874   0x000016d8   Code   RO         1273    .text               wifi_esp_07.o
    0x08016f4c   0x000005bc   Code   RO         1307    .text               spi_flash_w25qxx.o
    0x08017508   0x0000024c   Code   RO         1340    .text               timer.o
    0x08017754   0x00000d68   Code   RO         1367    .text               adc.o
    0x080184bc   0x00001490   Code   RO         1395    .text               msd.o
    0x0801994c   0x000005d8   Code   RO         1419    .text               vk3266.o
    0x08019f24   0x00000264   Code   RO         1450    .text               mcp23x17.o
    0x0801a188   0x000018d8   Code   RO         1477    .text               stm32f2xx_eth_lan8720a.o
    0x0801ba60   0x000001a8   Code   RO         1523    .text               gpio.o
    0x0801bc08   0x000002a8   Code   RO         1549    .text               stm32f20x_40x_spi.o
    0x0801beb0   0x000000fc   Code   RO         1575    .text               stm32_i2c.o
    0x0801bfac   0x000001e0   Code   RO         1602    .text               system_stm32f2xx.o
    0x0801c18c   0x000000e0   Code   RO         1632    .text               misc.o
    0x0801c26c   0x00000464   Code   RO         1656    .text               stm32f2xx_adc.o
    0x0801c6d0   0x000003a8   Code   RO         1896    .text               stm32f2xx_dma.o
    0x0801ca78   0x0000011c   Code   RO         1920    .text               stm32f2xx_exti.o
    0x0801cb94   0x0000025c   Code   RO         1992    .text               stm32f2xx_gpio.o
    0x0801cdf0   0x00000040   Code   RO         2112    .text               stm32f2xx_iwdg.o
    0x0801ce30   0x000000d8   Code   RO         2136    .text               stm32f2xx_pwr.o
    0x0801cf08   0x00000588   Code   RO         2160    .text               stm32f2xx_rcc.o
    0x0801d490   0x00000b1c   Code   RO         2210    .text               stm32f2xx_rtc.o
    0x0801dfac   0x000003a8   Code   RO         2258    .text               stm32f2xx_spi.o
    0x0801e354   0x0000008c   Code   RO         2282    .text               stm32f2xx_syscfg.o
    0x0801e3e0   0x00000ca2   Code   RO         2306    .text               stm32f2xx_tim.o
    0x0801f082   0x00000002   PAD
    0x0801f084   0x0000041a   Code   RO         2330    .text               stm32f2xx_usart.o
    0x0801f49e   0x00000002   PAD
    0x0801f4a0   0x00000040   Code   RO         2378    .text               startup_stm32f2xx.o
    0x0801f4e0   0x00000128   Code   RO         2399    .text               cpuusage.o
    0x0801f608   0x00000318   Code   RO         2435    .text               tofile.o
    0x0801f920   0x000001ec   Code   RO         2464    .text               init_rc.o
    0x0801fb0c   0x000014e8   Code   RO         2484    .text               cjson.o
    0x08020ff4   0x00003880   Code   RO         2519    .text               json_config.o
    0x08024874   0x000002d4   Code   RO         2639    .text               sw_crc.o
    0x08024b48   0x0000047c   Code   RO         2656    .text               iot_digit_in.o
    0x08024fc4   0x00000594   Code   RO         2688    .text               iot_analog_in.o
    0x08025558   0x0000077c   Code   RO         2720    .text               iot_digit_out.o
    0x08025cd4   0x00000064   Code   RO         2750    .text               clock.o
    0x08025d38   0x0000033c   Code   RO         2767    .text               device.o
    0x08026074   0x00000174   Code   RO         2785    .text               idle.o
    0x080261e8   0x0000166c   Code   RO         2805    .text               ipc.o
    0x08027854   0x00000048   Code   RO         2826    .text               irq.o
    0x0802789c   0x00000a80   Code   RO         2843    .text               kservice.o
    0x0802831c   0x00000874   Code   RO         2865    .text               mem.o
    0x08028b90   0x00000404   Code   RO         2886    .text               mempool.o
    0x08028f94   0x0000171c   Code   RO         2907    .text               module.o
    0x0802a6b0   0x000003b8   Code   RO         2933    .text               object.o
    0x0802aa68   0x000002e0   Code   RO         2954    .text               scheduler.o
    0x0802ad48   0x000005a0   Code   RO         2977    .text               thread.o
    0x0802b2e8   0x0000045c   Code   RO         2998    .text               src_timer.o
    0x0802b744   0x000005d4   Code   RO         3020    .text               cpuport.o
    0x0802bd18   0x000000ec   Code   RO         3036    .text               context_rvds.o
    0x0802be04   0x000003ac   Code   RO         3074    .text               dfs.o
    0x0802c1b0   0x000009b4   Code   RO         3099    .text               dfs_file.o
    0x0802cb64   0x000005f0   Code   RO         3116    .text               dfs_fs.o
    0x0802d154   0x000005e8   Code   RO         3133    .text               dfs_posix.o
    0x0802d73c   0x00000aa4   Code   RO         3150    .text               dfs_elm.o
    0x0802e1e0   0x00002b00   Code   RO         3181    .text               ff.o
    0x08030ce0   0x00000080   Code   RO         3196    .text               ccsbcs.o
    0x08030d60   0x00000370   Code   RO         3219    .text               dfs_romfs.o
    0x080310d0   0x0000014c   Code   RO         3247    .text               i2c_core.o
    0x0803121c   0x00000188   Code   RO         3260    .text               i2c_dev.o
    0x080313a4   0x000001a8   Code   RO         3273    .text               pin.o
    0x0803154c   0x0000088c   Code   RO         3291    .text               serial.o
    0x08031dd8   0x00000624   Code   RO         3304    .text               spi_core.o
    0x080323fc   0x00000218   Code   RO         3317    .text               spi_dev.o
    0x08032614   0x000001c8   Code   RO         3330    .text               completion.o
    0x080327dc   0x00000414   Code   RO         3350    .text               dataqueue.o
    0x08032bf0   0x0000047c   Code   RO         3373    .text               pipe.o
    0x0803306c   0x000002d4   Code   RO         3396    .text               portal.o
    0x08033340   0x00000498   Code   RO         3413    .text               ringbuffer.o
    0x080337d8   0x00000464   Code   RO         3452    .text               i2c-bit-ops.o
    0x08033c3c   0x000009e4   Code   RO         3506    .text               shell.o
    0x08034620   0x00000e3c   Code   RO         3537    .text               cmd.o
    0x0803545c   0x00001818   Code   RO         3561    .text               finsh_compiler.o
    0x08036c74   0x0000002c   Code   RO         3598    .text               finsh_error.o
    0x08036ca0   0x00000210   Code   RO         3614    .text               finsh_heap.o
    0x08036eb0   0x00000058   Code   RO         3630    .text               finsh_init.o
    0x08036f08   0x00000184   Code   RO         3648    .text               finsh_node.o
    0x0803708c   0x00000ad8   Code   RO         3663    .text               finsh_ops.o
    0x08037b64   0x0000097c   Code   RO         3681    .text               finsh_parser.o
    0x080384e0   0x0000019c   Code   RO         3696    .text               finsh_var.o
    0x0803867c   0x000000e4   Code   RO         3719    .text               finsh_vm.o
    0x08038760   0x00000680   Code   RO         3746    .text               finsh_token.o
    0x08038de0   0x00000040   Code   RO         3761    .text               dlclose.o
    0x08038e20   0x0000000c   Code   RO         3778    .text               dlerror.o
    0x08038e2c   0x000000e4   Code   RO         3794    .text               dlopen.o
    0x08038f10   0x00000058   Code   RO         3811    .text               dlsym.o
    0x08038f68   0x00000c80   Code   RO         3828    .text               api_lib.o
    0x08039be8   0x00001888   Code   RO         3904    .text               api_msg.o
    0x0803b470   0x000003ac   Code   RO         3967    .text               netbuf.o
    0x0803b81c   0x000002b8   Code   RO         3982    .text               netdb.o
    0x0803bad4   0x000000f8   Code   RO         4019    .text               netifapi.o
    0x0803bbcc   0x00001c54   Code   RO         4064    .text               sockets.o
    0x0803d820   0x000003dc   Code   RO         4116    .text               tcpip.o
    0x0803dbfc   0x00000784   Code   RO         4173    .text               sys_arch.o
    0x0803e380   0x0000003e   Code   RO         4211    .text               def.o
    0x0803e3be   0x00000002   PAD
    0x0803e3c0   0x00001908   Code   RO         4223    .text               dhcp.o
    0x0803fcc8   0x0000074c   Code   RO         4261    .text               dns.o
    0x08040414   0x00000020   Code   RO         4300    .text               init.o
    0x08040434   0x000002ec   Code   RO         4378    .text               netif.o
    0x08040720   0x00000fc4   Code   RO         4421    .text               pbuf.o
    0x080416e4   0x0000022c   Code   RO         4466    .text               raw.o
    0x08041910   0x000014a8   Code   RO         4498    .text               tcp.o
    0x08042db8   0x00001cd8   Code   RO         4525    .text               tcp_in.o
    0x08044a90   0x000011ee   Code   RO         4551    .text               tcp_out.o
    0x08045c7e   0x00000002   PAD
    0x08045c80   0x0000030c   Code   RO         4564    .text               timers.o
    0x08045f8c   0x00000584   Code   RO         4608    .text               udp.o
    0x08046510   0x000003e0   Code   RO         4643    .text               icmp.o
    0x080468f0   0x00000250   Code   RO         4667    .text               inet_chksum.o
    0x08046b40   0x000003b4   Code   RO         4680    .text               ip.o
    0x08046ef4   0x000002d8   Code   RO         4708    .text               ip_addr.o
    0x080471cc   0x00000ea0   Code   RO         4741    .text               etharp.o
    0x0804806c   0x000009f8   Code   RO         4773    .text               ethernetif.o
    0x08048a64   0x00000180   Code   RO         4848    .text               log_file.o
    0x08048be4   0x0000063c   Code   RO         4865    .text               log_trace.o
    0x08049220   0x00000484   Code   RO         4885    .text               ymodem.o
    0x080496a4   0x0000005e   Code   RO         4906    .text               c_w.l(h1_alloc.o)
    0x08049702   0x0000004e   Code   RO         4908    .text               c_w.l(h1_free.o)
    0x08049750   0x000000ee   Code   RO         4964    .text               c_w.l(lludivv7m.o)
    0x0804983e   0x0000001a   Code   RO         4966    .text               c_w.l(tolower.o)
    0x08049858   0x0000002c   Code   RO         4968    .text               c_w.l(sprintf.o)
    0x08049884   0x0000002c   Code   RO         4970    .text               c_w.l(__2sprintf.o)
    0x080498b0   0x0000004e   Code   RO         4976    .text               c_w.l(_printf_pad.o)
    0x080498fe   0x00000052   Code   RO         4978    .text               c_w.l(_printf_str.o)
    0x08049950   0x00000078   Code   RO         4980    .text               c_w.l(_printf_dec.o)
    0x080499c8   0x00000094   Code   RO         5000    .text               c_w.l(_printf_hex_int_ll_ptr.o)
    0x08049a5c   0x00000188   Code   RO         5020    .text               c_w.l(__printf_flags_ss_wp.o)
    0x08049be4   0x0000003c   Code   RO         5030    .text               c_w.l(sscanf.o)
    0x08049c20   0x0000003c   Code   RO         5032    .text               c_w.l(__0sscanf.o)
    0x08049c5c   0x0000014c   Code   RO         5034    .text               c_w.l(_scanf_int.o)
    0x08049da8   0x000000e0   Code   RO         5036    .text               c_w.l(_scanf_str.o)
    0x08049e88   0x0000001a   Code   RO         5038    .text               c_w.l(atoi.o)
    0x08049ea2   0x00000002   PAD
    0x08049ea4   0x0000003c   Code   RO         5041    .text               c_w.l(rand.o)
    0x08049ee0   0x00000014   Code   RO         5045    .text               c_w.l(strchr.o)
    0x08049ef4   0x00000024   Code   RO         5047    .text               c_w.l(strstr.o)
    0x08049f18   0x00000058   Code   RO         5049    .text               c_w.l(memcmp.o)
    0x08049f70   0x00000048   Code   RO         5051    .text               c_w.l(strcpy.o)
    0x08049fb8   0x00000016   Code   RO         5053    .text               c_w.l(strrchr.o)
    0x08049fce   0x0000003e   Code   RO         5055    .text               c_w.l(strlen.o)
    0x0804a00c   0x00000096   Code   RO         5057    .text               c_w.l(strncmp.o)
    0x0804a0a2   0x00000018   Code   RO         5059    .text               c_w.l(strcat.o)
    0x0804a0ba   0x0000008a   Code   RO         5061    .text               c_w.l(rt_memcpy_v6.o)
    0x0804a144   0x00000064   Code   RO         5063    .text               c_w.l(rt_memcpy_w.o)
    0x0804a1a8   0x00000010   Code   RO         5065    .text               c_w.l(aeabi_memset.o)
    0x0804a1b8   0x00000044   Code   RO         5067    .text               c_w.l(rt_memclr.o)
    0x0804a1fc   0x0000004e   Code   RO         5069    .text               c_w.l(rt_memclr_w.o)
    0x0804a24a   0x00000056   Code   RO         5071    .text               c_w.l(strncpy.o)
    0x0804a2a0   0x00000080   Code   RO         5073    .text               c_w.l(strcmpv7m.o)
    0x0804a320   0x0000000e   Code   RO         5075    .text               c_w.l(ctime.o)
    0x0804a32e   0x00000002   PAD
    0x0804a330   0x0000000c   Code   RO         5077    .text               c_w.l(localtime.o)
    0x0804a33c   0x000001a8   Code   RO         5080    .text               c_w.l(mktime.o)
    0x0804a4e4   0x00000006   Code   RO         5082    .text               c_w.l(heapauxi.o)
    0x0804a4ea   0x00000002   PAD
    0x0804a4ec   0x00000010   Code   RO         5129    .text               c_w.l(rt_ctype_table.o)
    0x0804a4fc   0x00000008   Code   RO         5138    .text               c_w.l(rt_heap_descriptor_intlibspace.o)
    0x0804a504   0x00000008   Code   RO         5143    .text               c_w.l(rt_errno_addr_intlibspace.o)
    0x0804a50c   0x00000004   Code   RO         5145    .text               c_w.l(hguard.o)
    0x0804a510   0x0000008a   Code   RO         5147    .text               c_w.l(init_alloc.o)
    0x0804a59a   0x0000000e   Code   RO         5151    .text               c_w.l(h1_init.o)
    0x0804a5a8   0x00000016   Code   RO         5165    .text               c_w.l(_rserrno.o)
    0x0804a5be   0x00000024   Code   RO         5167    .text               c_w.l(_printf_truncate.o)
    0x0804a5e2   0x000000b2   Code   RO         5169    .text               c_w.l(_printf_intcommon.o)
    0x0804a694   0x00000028   Code   RO         5171    .text               c_w.l(_printf_charcount.o)
    0x0804a6bc   0x0000041a   Code   RO         5173    .text               c_w.l(_printf_fp_dec.o)
    0x0804aad6   0x00000002   PAD
    0x0804aad8   0x00000030   Code   RO         5175    .text               c_w.l(_printf_char_common.o)
    0x0804ab08   0x0000000a   Code   RO         5177    .text               c_w.l(_sputc.o)
    0x0804ab12   0x0000002c   Code   RO         5179    .text               c_w.l(_printf_char.o)
    0x0804ab3e   0x00000002   PAD
    0x0804ab40   0x000000bc   Code   RO         5181    .text               c_w.l(_printf_wctomb.o)
    0x0804abfc   0x0000007c   Code   RO         5184    .text               c_w.l(_printf_longlong_dec.o)
    0x0804ac78   0x00000070   Code   RO         5190    .text               c_w.l(_printf_oct_int_ll.o)
    0x0804ace8   0x0000001c   Code   RO         5209    .text               c_w.l(_chval.o)
    0x0804ad04   0x00000156   Code   RO         5211    .text               c_w.l(_scanf_longlong.o)
    0x0804ae5a   0x00000002   PAD
    0x0804ae5c   0x0000002c   Code   RO         5213    .text               c_w.l(scanf_char.o)
    0x0804ae88   0x00000040   Code   RO         5215    .text               c_w.l(_sgetc.o)
    0x0804aec8   0x00000070   Code   RO         5217    .text               c_w.l(strtol.o)
    0x0804af38   0x00000114   Code   RO         5219    .text               c_w.l(_scanf_mbtowc.o)
    0x0804b04c   0x000000e8   Code   RO         5221    .text               c_w.l(_scanf_wctomb.o)
    0x0804b134   0x000000d0   Code   RO         5223    .text               c_w.l(_scanf_wstr.o)
    0x0804b204   0x0000000c   Code   RO         5225    .text               c_w.l(asctime.o)
    0x0804b210   0x000000b8   Code   RO         5229    .text               c_w.l(localtime_internal.o)
    0x0804b2c8   0x00000008   Code   RO         5330    .text               c_w.l(libspace.o)
    0x0804b2d0   0x00000008   Code   RO         5353    .text               c_w.l(rt_locale_intlibspace.o)
    0x0804b2d8   0x00000034   Code   RO         5359    .text               c_w.l(h1_extend.o)
    0x0804b30c   0x0000008a   Code   RO         5363    .text               c_w.l(lludiv10.o)
    0x0804b396   0x00000012   Code   RO         5365    .text               c_w.l(isspace.o)
    0x0804b3a8   0x000002fc   Code   RO         5367    .text               c_w.l(_printf_fp_hex.o)
    0x0804b6a4   0x00000080   Code   RO         5370    .text               c_w.l(_printf_fp_infnan.o)
    0x0804b724   0x0000002c   Code   RO         5374    .text               c_w.l(_printf_wchar.o)
    0x0804b750   0x00000374   Code   RO         5376    .text               c_w.l(_scanf.o)
    0x0804bac4   0x000004a4   Code   RO         5378    .text               c_w.l(scanf_fp.o)
    0x0804bf68   0x0000009e   Code   RO         5380    .text               c_w.l(_strtoul.o)
    0x0804c006   0x0000001e   Code   RO         5382    .text               c_w.l(_scanf_wcharmap.o)
    0x0804c024   0x000000dc   Code   RO         5384    .text               c_w.l(bigflt0.o)
    0x0804c100   0x0000003c   Code   RO         5409    .text               c_w.l(_mbrtowc.o)
    0x0804c13c   0x00000040   Code   RO         5411    .text               c_w.l(_wcrtomb.o)
    0x0804c17c   0x0000000e   Code   RO         5419    .text               c_w.l(defsig_rtmem_outer.o)
    0x0804c18a   0x00000002   PAD
    0x0804c18c   0x00000068   Code   RO         5423    .text               c_w.l(asctime_internal.o)
    0x0804c1f4   0x00000002   Code   RO         5438    .text               c_w.l(use_no_semi.o)
    0x0804c1f6   0x00000000   Code   RO         5440    .text               c_w.l(indicate_semi.o)
    0x0804c1f6   0x0000004a   Code   RO         5441    .text               c_w.l(sys_stackheap_outer.o)
    0x0804c240   0x00000012   Code   RO         5450    .text               c_w.l(exit.o)
    0x0804c252   0x0000000a   Code   RO         5452    .text               c_w.l(defsig_exit.o)
    0x0804c25c   0x00000050   Code   RO         5458    .text               c_w.l(defsig_rtmem_inner.o)
    0x0804c2ac   0x0000000c   Code   RO         5487    .text               c_w.l(sys_exit.o)
    0x0804c2b8   0x00000318   Code   RO         5495    .text               c_w.l(scanf_hexfp.o)
    0x0804c5d0   0x00000134   Code   RO         5497    .text               c_w.l(scanf_infnan.o)
    0x0804c704   0x00000032   Code   RO         5501    .text               c_w.l(defsig_general.o)
    0x0804c736   0x0000000e   Code   RO         5531    .text               c_w.l(sys_wrch.o)
    0x0804c744   0x00000026   Code   RO         5540    .text               c_w.l(llshl.o)
    0x0804c76a   0x0000003e   Code   RO         5387    CL$$btod_d2e        c_w.l(btod.o)
    0x0804c7a8   0x00000046   Code   RO         5389    CL$$btod_d2e_denorm_low  c_w.l(btod.o)
    0x0804c7ee   0x00000060   Code   RO         5388    CL$$btod_d2e_norm_op1  c_w.l(btod.o)
    0x0804c84e   0x00000338   Code   RO         5397    CL$$btod_div_common  c_w.l(btod.o)
    0x0804cb86   0x00000002   PAD
    0x0804cb88   0x00000054   Code   RO         5395    CL$$btod_e2d        c_w.l(btod.o)
    0x0804cbdc   0x000000c6   Code   RO         5394    CL$$btod_e2e        c_w.l(btod.o)
    0x0804cca2   0x00000028   Code   RO         5391    CL$$btod_ediv       c_w.l(btod.o)
    0x0804ccca   0x00000028   Code   RO         5393    CL$$btod_edivd      c_w.l(btod.o)
    0x0804ccf2   0x00000028   Code   RO         5390    CL$$btod_emul       c_w.l(btod.o)
    0x0804cd1a   0x00000028   Code   RO         5392    CL$$btod_emuld      c_w.l(btod.o)
    0x0804cd42   0x00000244   Code   RO         5396    CL$$btod_mult_common  c_w.l(btod.o)
    0x0804cf86   0x00000028   Code   RO         5315    i.__ARM_fpclassify  m_ws.l(fpclassify.o)
    0x0804cfae   0x000000aa   Code   RO         5317    i.__kernel_poly     m_ws.l(poly.o)
    0x0804d058   0x00000010   Code   RO         5301    i.__mathlib_dbl_divzero  m_ws.l(dunder.o)
    0x0804d068   0x00000004   Code   RO         5303    i.__mathlib_dbl_infnan2  m_ws.l(dunder.o)
    0x0804d06c   0x0000000c   Code   RO         5304    i.__mathlib_dbl_invalid  m_ws.l(dunder.o)
    0x0804d078   0x0000000e   Code   RO         5305    i.__mathlib_dbl_overflow  m_ws.l(dunder.o)
    0x0804d086   0x00000002   PAD
    0x0804d088   0x00000010   Code   RO         5307    i.__mathlib_dbl_underflow  m_ws.l(dunder.o)
    0x0804d098   0x00000010   Code   RO         5481    i.__mathlib_narrow  m_ws.l(narrow.o)
    0x0804d0a8   0x00000088   Code   RO         5482    i.__mathlib_tofloat  m_ws.l(narrow.o)
    0x0804d130   0x00000016   Code   RO         5547    i.__support_ldexp   m_ws.l(ldexp.o)
    0x0804d146   0x0000000e   Code   RO         5013    i._is_digit         c_w.l(__printf_wp.o)
    0x0804d154   0x000000dc   Code   RO         5113    i.floor             m_ws.l(floor.o)
    0x0804d230   0x00000058   Code   RO         5528    i.frexp             m_ws.l(frexp.o)
    0x0804d288   0x00000074   Code   RO         5548    i.ldexp             m_ws.l(ldexp.o)
    0x0804d2fc   0x000009d8   Code   RO         5117    i.pow               m_ws.l(pow.o)
    0x0804dcd4   0x0000004c   Code   RO         5321    i.sqrt              m_ws.l(sqrt.o)
    0x0804dd20   0x0000002c   Code   RO         5414    locale$$code        c_w.l(lc_ctype_c.o)
    0x0804dd4c   0x0000002c   Code   RO         5417    locale$$code        c_w.l(lc_numeric_c.o)
    0x0804dd78   0x0000002c   Code   RO         5448    locale$$code        c_w.l(lc_time_c.o)
    0x0804dda4   0x00000062   Code   RO         5521    x$fpl$d2f           fz_ws.l(d2f.o)
    0x0804de06   0x00000002   PAD
    0x0804de08   0x00000150   Code   RO         5086    x$fpl$dadd          fz_ws.l(daddsub_clz.o)
    0x0804df58   0x00000010   Code   RO         5430    x$fpl$dcheck1       fz_ws.l(dcheck1.o)
    0x0804df68   0x00000018   Code   RO         5278    x$fpl$dcmpinf       fz_ws.l(dcmpi.o)
    0x0804df80   0x000002b0   Code   RO         5281    x$fpl$ddiv          fz_ws.l(ddiv.o)
    0x0804e230   0x00000078   Code   RO         5523    x$fpl$deqf          fz_ws.l(deqf.o)
    0x0804e2a8   0x0000005e   Code   RO         5092    x$fpl$dfix          fz_ws.l(dfix.o)
    0x0804e306   0x0000002e   Code   RO         5097    x$fpl$dflt          fz_ws.l(dflt_clz.o)
    0x0804e334   0x00000026   Code   RO         5096    x$fpl$dfltu         fz_ws.l(dflt_clz.o)
    0x0804e35a   0x00000002   PAD
    0x0804e35c   0x00000078   Code   RO         5102    x$fpl$dleqf         fz_ws.l(dleqf.o)
    0x0804e3d4   0x00000154   Code   RO         5104    x$fpl$dmul          fz_ws.l(dmul.o)
    0x0804e528   0x0000009c   Code   RO         5284    x$fpl$dnaninf       fz_ws.l(dnaninf.o)
    0x0804e5c4   0x0000000c   Code   RO         5286    x$fpl$dretinf       fz_ws.l(dretinf.o)
    0x0804e5d0   0x0000006c   Code   RO         5106    x$fpl$drleqf        fz_ws.l(drleqf.o)
    0x0804e63c   0x00000016   Code   RO         5087    x$fpl$drsb          fz_ws.l(daddsub_clz.o)
    0x0804e652   0x00000002   PAD
    0x0804e654   0x000001cc   Code   RO         5432    x$fpl$dsqrt         fz_ws.l(dsqrt_noumaal.o)
    0x0804e820   0x000001d4   Code   RO         5088    x$fpl$dsub          fz_ws.l(daddsub_clz.o)
    0x0804e9f4   0x00000056   Code   RO         5108    x$fpl$f2d           fz_ws.l(f2d.o)
    0x0804ea4a   0x0000008c   Code   RO         5288    x$fpl$fnaninf       fz_ws.l(fnaninf.o)
    0x0804ead6   0x0000000a   Code   RO         5544    x$fpl$fretinf       fz_ws.l(fretinf.o)
    0x0804eae0   0x00000004   Code   RO         5110    x$fpl$printf1       fz_ws.l(printf1.o)
    0x0804eae4   0x00000004   Code   RO         5290    x$fpl$printf2       fz_ws.l(printf2.o)
    0x0804eae8   0x00000064   Code   RO         5473    x$fpl$retnan        fz_ws.l(retnan.o)
    0x0804eb4c   0x0000005c   Code   RO         5296    x$fpl$scalbn        fz_ws.l(scalbn.o)
    0x0804eba8   0x00000004   Code   RO         5298    x$fpl$scanf1        fz_ws.l(scanf1.o)
    0x0804ebac   0x00000008   Code   RO         5475    x$fpl$scanf2        fz_ws.l(scanf2.o)
    0x0804ebb4   0x00000030   Code   RO         5525    x$fpl$trapveneer    fz_ws.l(trapv.o)
    0x0804ebe4   0x00000000   Code   RO         5300    x$fpl$usenofp       fz_ws.l(usenofp.o)
    0x0804ebe4   0x000002b8   Data   RO          554    .constdata          sys_misc.o
    0x0804ee9c   0x00000810   Data   RO          622    .constdata          uitd.o
    0x0804f6ac   0x00002fe8   Data   RO          748    .constdata          fire_alarm.o
    0x08052694   0x0000055c   Data   RO         1034    .constdata          board.o
    0x08052bf0   0x00000088   Data   RO         1132    .constdata          usart.o
    0x08052c78   0x0000000f   Data   RO         1165    .constdata          rtc.o
    0x08052c87   0x00000027   Data   RO         1309    .constdata          spi_flash_w25qxx.o
    0x08052cae   0x0000000f   Data   RO         1397    .constdata          msd.o
    0x08052cbd   0x00000003   PAD
    0x08052cc0   0x0000001e   Data   RO         1421    .constdata          vk3266.o
    0x08052cde   0x00000023   Data   RO         1451    .constdata          mcp23x17.o
    0x08052d01   0x00000003   PAD
    0x08052d04   0x0000049c   Data   RO         1524    .constdata          gpio.o
    0x080531a0   0x00000020   Data   RO         1577    .constdata          stm32_i2c.o
    0x080531c0   0x0000000e   Data   RO         2400    .constdata          cpuusage.o
    0x080531ce   0x00000024   Data   RO         2436    .constdata          tofile.o
    0x080531f2   0x00000035   Data   RO         2465    .constdata          init_rc.o
    0x08053227   0x00000007   Data   RO         2485    .constdata          cjson.o
    0x0805322e   0x00000002   PAD
    0x08053230   0x00000700   Data   RO         2640    .constdata          sw_crc.o
    0x08053930   0x000000a8   Data   RO         2768    .constdata          device.o
    0x080539d8   0x00000016   Data   RO         2787    .constdata          idle.o
    0x080539ee   0x000001d7   Data   RO         2806    .constdata          ipc.o
    0x08053bc5   0x00000122   Data   RO         2845    .constdata          kservice.o
    0x08053ce7   0x00000046   Data   RO         2867    .constdata          mem.o
    0x08053d2d   0x0000003e   Data   RO         2887    .constdata          mempool.o
    0x08053d6b   0x0000009a   Data   RO         2908    .constdata          module.o
    0x08053e05   0x0000005e   Data   RO         2934    .constdata          object.o
    0x08053e63   0x0000004e   Data   RO         2956    .constdata          scheduler.o
    0x08053eb1   0x000000aa   Data   RO         2978    .constdata          thread.o
    0x08053f5b   0x0000005c   Data   RO         2999    .constdata          src_timer.o
    0x08053fb7   0x00000013   Data   RO         3021    .constdata          cpuport.o
    0x08053fca   0x00000023   Data   RO         3076    .constdata          dfs.o
    0x08053fed   0x00000033   Data   RO         3117    .constdata          dfs_fs.o
    0x08054020   0x000000b9   Data   RO         3151    .constdata          dfs_elm.o
    0x080540d9   0x00000001   PAD
    0x080540da   0x000000ba   Data   RO         3182    .constdata          ff.o
    0x08054194   0x000004c0   Data   RO         3197    .constdata          ccsbcs.o
    0x08054654   0x00000066   Data   RO         3220    .constdata          dfs_romfs.o
    0x080546ba   0x00000002   PAD
    0x080546bc   0x00000368   Data   RO         3234    .constdata          romfs.o
    0x08054a24   0x00000013   Data   RO         3248    .constdata          i2c_core.o
    0x08054a37   0x0000005e   Data   RO         3261    .constdata          i2c_dev.o
    0x08054a95   0x00000047   Data   RO         3275    .constdata          pin.o
    0x08054adc   0x000000d3   Data   RO         3292    .constdata          serial.o
    0x08054baf   0x000000a3   Data   RO         3305    .constdata          spi_core.o
    0x08054c52   0x00000081   Data   RO         3318    .constdata          spi_dev.o
    0x08054cd3   0x00000039   Data   RO         3331    .constdata          completion.o
    0x08054d0c   0x0000004b   Data   RO         3351    .constdata          dataqueue.o
    0x08054d57   0x00000056   Data   RO         3374    .constdata          pipe.o
    0x08054dad   0x0000005f   Data   RO         3397    .constdata          portal.o
    0x08054e0c   0x00000097   Data   RO         3414    .constdata          ringbuffer.o
    0x08054ea3   0x00000001   PAD
    0x08054ea4   0x0000000c   Data   RO         3453    .constdata          i2c-bit-ops.o
    0x08054eb0   0x00000060   Data   RO         3508    .constdata          shell.o
    0x08054f10   0x00000050   Data   RO         3538    .constdata          cmd.o
    0x08054f60   0x000000c4   Data   RO         3664    .constdata          finsh_ops.o
    0x08055024   0x00000040   Data   RO         3747    .constdata          finsh_token.o
    0x08055064   0x00000008   Data   RO         3762    .constdata          dlclose.o
    0x0805506c   0x00000007   Data   RO         3795    .constdata          dlopen.o
    0x08055073   0x00000006   Data   RO         3812    .constdata          dlsym.o
    0x08055079   0x00000003   PAD
    0x0805507c   0x00000040   Data   RO         4066    .constdata          sockets.o
    0x080550bc   0x000000b3   Data   RO         4174    .constdata          sys_arch.o
    0x0805516f   0x00000001   PAD
    0x08055170   0x0000001c   Data   RO         4345    .constdata          memp.o
    0x0805518c   0x00000050   Data   RO         4499    .constdata          tcp.o
    0x080551dc   0x00000008   Data   RO         4710    .constdata          ip_addr.o
    0x080551e4   0x0000000c   Data   RO         4743    .constdata          etharp.o
    0x080551f0   0x00000057   Data   RO         4775    .constdata          ethernetif.o
    0x08055247   0x0000008f   Data   RO         4867    .constdata          log_trace.o
    0x080552d6   0x00000213   Data   RO         4886    .constdata          ymodem.o
    0x080554e9   0x00000028   Data   RO         5001    .constdata          c_w.l(_printf_hex_int_ll_ptr.o)
    0x08055511   0x00000011   Data   RO         5021    .constdata          c_w.l(__printf_flags_ss_wp.o)
    0x08055522   0x00000006   PAD
    0x08055528   0x00000088   Data   RO         5118    .constdata          m_ws.l(pow.o)
    0x080555b0   0x00000008   Data   RO         5182    .constdata          c_w.l(_printf_wctomb.o)
    0x080555b8   0x0000000c   Data   RO         5228    .constdata          c_w.l(_monlen.o)
    0x080555c4   0x00000004   PAD
    0x080555c8   0x00000008   Data   RO         5319    .constdata          m_ws.l(qnan.o)
    0x080555d0   0x00000026   Data   RO         5368    .constdata          c_w.l(_printf_fp_hex.o)
    0x080555f6   0x00000002   PAD
    0x080555f8   0x00000094   Data   RO         5385    .constdata          c_w.l(bigflt0.o)
    0x0805568c   0x00000117   Data   RO            5    .conststring        application.o
    0x080557a3   0x00000001   PAD
    0x080557a4   0x00000058   Data   RO          420    .conststring        uitd_main.o
    0x080557fc   0x00000088   Data   RO          462    .conststring        uitd_eth.o
    0x08055884   0x0000010e   Data   RO          555    .conststring        sys_misc.o
    0x08055992   0x00000002   PAD
    0x08055994   0x000000a8   Data   RO          623    .conststring        uitd.o
    0x08055a3c   0x000000ed   Data   RO         2868    .conststring        mem.o
    0x08055b29   0x00000003   PAD
    0x08055b2c   0x00000048   Data   RO         3152    .conststring        dfs_elm.o
    0x08055b74   0x00000004   Data   RO         3221    .conststring        dfs_romfs.o
    0x08055b78   0x00000047   Data   RO         3235    .conststring        romfs.o
    0x08055bbf   0x00000001   PAD
    0x08055bc0   0x000001fd   Data   RO         3539    .conststring        cmd.o
    0x08055dbd   0x00000003   PAD
    0x08055dc0   0x000000f3   Data   RO         3599    .conststring        finsh_error.o
    0x08055eb3   0x00000001   PAD
    0x08055eb4   0x0000003e   Data   RO         3748    .conststring        finsh_token.o
    0x08055ef2   0x00000002   PAD
    0x08055ef4   0x0000008c   Data   RO         4225    .conststring        dhcp.o
    0x08055f80   0x00000075   Data   RO         4500    .conststring        tcp.o
    0x08055ff5   0x00000003   PAD
    0x08055ff8   0x00000055   Data   RO         4552    .conststring        tcp_out.o
    0x0805604d   0x00000003   PAD
    0x08056050   0x00000046   Data   RO         4668    .conststring        inet_chksum.o
    0x08056096   0x00000002   PAD
    0x08056098   0x00000042   Data   RO         4711    .conststring        ip_addr.o
    0x080560da   0x00000002   PAD
    0x080560dc   0x00000044   Data   RO         4744    .conststring        etharp.o
    0x08056120   0x00000041   Data   RO         4776    .conststring        ethernetif.o
    0x08056161   0x000000be   Data   RO          422    .rodata.name        uitd_main.o
    0x0805621f   0x0000003a   Data   RO          464    .rodata.name        uitd_eth.o
    0x08056259   0x0000025d   Data   RO          557    .rodata.name        sys_misc.o
    0x080564b6   0x0000010e   Data   RO          750    .rodata.name        fire_alarm.o
    0x080565c4   0x00000037   Data   RO          904    .rodata.name        uitd_wifi.o
    0x080565fb   0x00000029   Data   RO         1036    .rodata.name        board.o
    0x08056624   0x000000c9   Data   RO         1167    .rodata.name        rtc.o
    0x080566ed   0x00000127   Data   RO         1242    .rodata.name        gsm_mg301.o
    0x08056814   0x00000067   Data   RO         1276    .rodata.name        wifi_esp_07.o
    0x0805687b   0x0000006f   Data   RO         1423    .rodata.name        vk3266.o
    0x080568ea   0x00000049   Data   RO         2437    .rodata.name        tofile.o
    0x08056933   0x000000a1   Data   RO         2466    .rodata.name        init_rc.o
    0x080569d4   0x00000687   Data   RO         2523    .rodata.name        json_config.o
    0x0805705b   0x0000008c   Data   RO         2723    .rodata.name        iot_digit_out.o
    0x080570e7   0x00000025   Data   RO         2752    .rodata.name        clock.o
    0x0805710c   0x000000bb   Data   RO         2769    .rodata.name        device.o
    0x080571c7   0x00000211   Data   RO         2807    .rodata.name        ipc.o
    0x080573d8   0x0000006b   Data   RO         2828    .rodata.name        irq.o
    0x08057443   0x0000016d   Data   RO         2847    .rodata.name        kservice.o
    0x080575b0   0x0000004e   Data   RO         2870    .rodata.name        mem.o
    0x080575fe   0x00000049   Data   RO         2889    .rodata.name        mempool.o
    0x08057647   0x0000005e   Data   RO         2910    .rodata.name        module.o
    0x080576a5   0x0000001a   Data   RO         2936    .rodata.name        object.o
    0x080576bf   0x00000035   Data   RO         2958    .rodata.name        scheduler.o
    0x080576f4   0x000000d9   Data   RO         2979    .rodata.name        thread.o
    0x080577cd   0x0000006c   Data   RO         3001    .rodata.name        src_timer.o
    0x08057839   0x0000001e   Data   RO         3077    .rodata.name        dfs.o
    0x08057857   0x0000005f   Data   RO         3101    .rodata.name        dfs_file.o
    0x080578b6   0x00000029   Data   RO         3118    .rodata.name        dfs_fs.o
    0x080578df   0x000000a7   Data   RO         3134    .rodata.name        dfs_posix.o
    0x08057986   0x00000069   Data   RO         3276    .rodata.name        pin.o
    0x080579ef   0x00000039   Data   RO         3332    .rodata.name        completion.o
    0x08057a28   0x0000005f   Data   RO         3352    .rodata.name        dataqueue.o
    0x08057a87   0x0000003b   Data   RO         3375    .rodata.name        pipe.o
    0x08057ac2   0x00000043   Data   RO         3398    .rodata.name        portal.o
    0x08057b05   0x00000097   Data   RO         3415    .rodata.name        ringbuffer.o
    0x08057b9c   0x00000203   Data   RO         3541    .rodata.name        cmd.o
    0x08057d9f   0x00000008   Data   RO         3763    .rodata.name        dlclose.o
    0x08057da7   0x00000008   Data   RO         3779    .rodata.name        dlerror.o
    0x08057daf   0x00000007   Data   RO         3796    .rodata.name        dlopen.o
    0x08057db6   0x00000006   Data   RO         3813    .rodata.name        dlsym.o
    0x08057dbc   0x0000020c   Data   RO         4176    .rodata.name        sys_arch.o
    0x08057fc8   0x00000095   Data   RO         4777    .rodata.name        ethernetif.o
    0x0805805d   0x0000002a   Data   RO         4850    .rodata.name        log_file.o
    0x08058087   0x000000d3   Data   RO         4869    .rodata.name        log_trace.o
    0x0805815a   0x00000002   PAD
    0x0805815c   0x0000003c   Data   RO          423    FSymTab             uitd_main.o
    0x08058198   0x0000000c   Data   RO          465    FSymTab             uitd_eth.o
    0x080581a4   0x0000009c   Data   RO          558    FSymTab             sys_misc.o
    0x08058240   0x00000024   Data   RO          751    FSymTab             fire_alarm.o
    0x08058264   0x0000000c   Data   RO          905    FSymTab             uitd_wifi.o
    0x08058270   0x0000003c   Data   RO         1168    FSymTab             rtc.o
    0x080582ac   0x00000060   Data   RO         1243    FSymTab             gsm_mg301.o
    0x0805830c   0x00000024   Data   RO         1277    FSymTab             wifi_esp_07.o
    0x08058330   0x00000018   Data   RO         1424    FSymTab             vk3266.o
    0x08058348   0x00000018   Data   RO         2438    FSymTab             tofile.o
    0x08058360   0x0000003c   Data   RO         2467    FSymTab             init_rc.o
    0x0805839c   0x00000198   Data   RO         2524    FSymTab             json_config.o
    0x08058534   0x00000024   Data   RO         2724    FSymTab             iot_digit_out.o
    0x08058558   0x0000000c   Data   RO         2871    FSymTab             mem.o
    0x08058564   0x00000018   Data   RO         2911    FSymTab             module.o
    0x0805857c   0x00000030   Data   RO         3102    FSymTab             dfs_file.o
    0x080585ac   0x00000018   Data   RO         3119    FSymTab             dfs_fs.o
    0x080585c4   0x0000000c   Data   RO         3135    FSymTab             dfs_posix.o
    0x080585d0   0x00000024   Data   RO         3277    FSymTab             pin.o
    0x080585f4   0x000000a8   Data   RO         3542    FSymTab             cmd.o
    0x0805869c   0x00000030   Data   RO         4778    FSymTab             ethernetif.o
    0x080586cc   0x0000000c   Data   RO         4851    FSymTab             log_file.o
    0x080586d8   0x00000048   Data   RO         4870    FSymTab             log_trace.o
    0x08058720   0x00000038   Data   RO          559    RTMSymTab           sys_misc.o
    0x08058758   0x00000048   Data   RO          752    RTMSymTab           fire_alarm.o
    0x080587a0   0x00000008   Data   RO         1037    RTMSymTab           board.o
    0x080587a8   0x00000010   Data   RO         2753    RTMSymTab           clock.o
    0x080587b8   0x00000050   Data   RO         2770    RTMSymTab           device.o
    0x08058808   0x00000130   Data   RO         2808    RTMSymTab           ipc.o
    0x08058938   0x00000028   Data   RO         2829    RTMSymTab           irq.o
    0x08058960   0x000000d8   Data   RO         2848    RTMSymTab           kservice.o
    0x08058a38   0x00000020   Data   RO         2872    RTMSymTab           mem.o
    0x08058a58   0x00000030   Data   RO         2890    RTMSymTab           mempool.o
    0x08058a88   0x00000010   Data   RO         2912    RTMSymTab           module.o
    0x08058a98   0x00000008   Data   RO         2937    RTMSymTab           object.o
    0x08058aa0   0x00000018   Data   RO         2959    RTMSymTab           scheduler.o
    0x08058ab8   0x00000068   Data   RO         2980    RTMSymTab           thread.o
    0x08058b20   0x00000038   Data   RO         3002    RTMSymTab           src_timer.o
    0x08058b58   0x00000010   Data   RO         3078    RTMSymTab           dfs.o
    0x08058b68   0x000000a8   Data   RO         3136    RTMSymTab           dfs_posix.o
    0x08058c10   0x00000018   Data   RO         3333    RTMSymTab           completion.o
    0x08058c28   0x00000028   Data   RO         3353    RTMSymTab           dataqueue.o
    0x08058c50   0x00000020   Data   RO         3376    RTMSymTab           pipe.o
    0x08058c70   0x00000020   Data   RO         3399    RTMSymTab           portal.o
    0x08058c90   0x00000038   Data   RO         3416    RTMSymTab           ringbuffer.o
    0x08058cc8   0x00000008   Data   RO         3764    RTMSymTab           dlclose.o
    0x08058cd0   0x00000008   Data   RO         3780    RTMSymTab           dlerror.o
    0x08058cd8   0x00000008   Data   RO         3797    RTMSymTab           dlopen.o
    0x08058ce0   0x00000008   Data   RO         3814    RTMSymTab           dlsym.o
    0x08058ce8   0x00000138   Data   RO         4177    RTMSymTab           sys_arch.o
    0x08058e20   0x00000010   Data   RO         4871    RTMSymTab           log_trace.o
    0x08058e30   0x00000020   Data   RO         5575    Region$$Table       anon$$obj.o
    0x08058e50   0x00000010   Data   RO         1038    VSymTab             board.o
    0x08058e60   0x00000010   Data   RO         3543    VSymTab             cmd.o
    0x08058e70   0x00000008   Data   RO         5470    c$$dinf             fz_ws.l(fpconst.o)
    0x08058e78   0x00000110   Data   RO         5413    locale$$data        c_w.l(lc_ctype_c.o)
    0x08058f88   0x0000001c   Data   RO         5416    locale$$data        c_w.l(lc_numeric_c.o)
    0x08058fa4   0x00000180   Data   RO         5447    locale$$data        c_w.l(lc_time_c.o)


    Execution Region RW_IRAM1 (Base: 0x20000000, Size: 0x00007918, Max: 0x00020000, ABSOLUTE, COMPRESSED[0x0000032c])

    Base Addr    Size         Type   Attr      Idx    E Section Name        Object

    0x20000000   0x00000005   Data   RW            6    .data               application.o
    0x20000005   0x00000003   PAD
    0x20000008   0x0000007f   Data   RW          421    .data               uitd_main.o
    0x20000087   0x00000001   PAD
    0x20000088   0x00000057   Data   RW          463    .data               uitd_eth.o
    0x200000df   0x00000001   PAD
    0x200000e0   0x00000044   Data   RW          556    .data               sys_misc.o
    0x20000124   0x00000004   PAD
    0x20000128   0x00000038   Data   RW          624    .data               uitd.o
    0x20000160   0x00000012   Data   RW          684    .data               sys_status.o
    0x20000172   0x00000002   PAD
    0x20000174   0x0000002c   Data   RW          717    .data               sensor_sample.o
    0x200001a0   0x000000ac   Data   RW          749    .data               fire_alarm.o
    0x2000024c   0x00000084   Data   RW          789    .data               controller.o
    0x200002d0   0x00000021   Data   RW          871    .data               uitd_ble.o
    0x200002f1   0x00000003   PAD
    0x200002f4   0x00000034   Data   RW          903    .data               uitd_wifi.o
    0x20000328   0x00000018   Data   RW          936    .data               transparent.o
    0x20000340   0x00000130   Data   RW          970    .data               pro_ctrl.o
    0x20000470   0x00000054   Data   RW         1003    .data               pro_uitd.o
    0x200004c4   0x000001e4   Data   RW         1035    .data               board.o
    0x200006a8   0x00000030   Data   RW         1133    .data               usart.o
    0x200006d8   0x00000040   Data   RW         1166    .data               rtc.o
    0x20000718   0x00000048   Data   RW         1209    .data               platform.o
    0x20000760   0x00000096   Data   RW         1241    .data               gsm_mg301.o
    0x200007f6   0x00000002   PAD
    0x200007f8   0x00000021   Data   RW         1275    .data               wifi_esp_07.o
    0x20000819   0x00000003   PAD
    0x2000081c   0x00000008   Data   RW         1369    .data               adc.o
    0x20000824   0x00000194   Data   RW         1422    .data               vk3266.o
    0x200009b8   0x0000000a   Data   RW         1452    .data               mcp23x17.o
    0x200009c2   0x00000002   PAD
    0x200009c4   0x00000015   Data   RW         1479    .data               stm32f2xx_eth_lan8720a.o
    0x200009d9   0x00000003   PAD
    0x200009dc   0x00000008   Data   RW         1550    .data               stm32f20x_40x_spi.o
    0x200009e4   0x00000014   Data   RW         1603    .data               system_stm32f2xx.o
    0x200009f8   0x00000010   Data   RW         2161    .data               stm32f2xx_rcc.o
    0x20000a08   0x00000008   Data   RW         2401    .data               cpuusage.o
    0x20000a10   0x0000000c   Data   RW         2486    .data               cjson.o
    0x20000a1c   0x00000004   Data   RW         2522    .data               json_config.o
    0x20000a20   0x00000010   Data   RW         2658    .data               iot_digit_in.o
    0x20000a30   0x00000010   Data   RW         2690    .data               iot_analog_in.o
    0x20000a40   0x00000012   Data   RW         2722    .data               iot_digit_out.o
    0x20000a52   0x00000002   PAD
    0x20000a54   0x00000004   Data   RW         2751    .data               clock.o
    0x20000a58   0x00000004   Data   RW         2788    .data               idle.o
    0x20000a5c   0x00000001   Data   RW         2827    .data               irq.o
    0x20000a5d   0x00000003   PAD
    0x20000a60   0x0000000c   Data   RW         2846    .data               kservice.o
    0x20000a6c   0x00000020   Data   RW         2869    .data               mem.o
    0x20000a8c   0x00000008   Data   RW         2888    .data               mempool.o
    0x20000a94   0x00000014   Data   RW         2909    .data               module.o
    0x20000aa8   0x000000b4   Data   RW         2935    .data               object.o
    0x20000b5c   0x0000001c   Data   RW         2957    .data               scheduler.o
    0x20000b78   0x00000010   Data   RW         3000    .data               src_timer.o
    0x20000b88   0x00000010   Data   RW         3022    .data               cpuport.o
    0x20000b98   0x00000008   Data   RW         3153    .data               dfs_elm.o
    0x20000ba0   0x0000000a   Data   RW         3183    .data               ff.o
    0x20000baa   0x00000002   PAD
    0x20000bac   0x00000004   Data   RW         3509    .data               shell.o
    0x20000bb0   0x00000010   Data   RW         3524    .data               symbol.o
    0x20000bc0   0x00000004   Data   RW         3540    .data               cmd.o
    0x20000bc4   0x00000008   Data   RW         3562    .data               finsh_compiler.o
    0x20000bcc   0x00000040   Data   RW         3600    .data               finsh_error.o
    0x20000c0c   0x00000008   Data   RW         3616    .data               finsh_heap.o
    0x20000c14   0x00000004   Data   RW         3698    .data               finsh_var.o
    0x20000c18   0x0000000c   Data   RW         3721    .data               finsh_vm.o
    0x20000c24   0x00000014   Data   RW         3984    .data               netdb.o
    0x20000c38   0x00000008   Data   RW         4067    .data               sockets.o
    0x20000c40   0x0000000c   Data   RW         4117    .data               tcpip.o
    0x20000c4c   0x00000006   Data   RW         4175    .data               sys_arch.o
    0x20000c52   0x00000002   PAD
    0x20000c54   0x00000004   Data   RW         4226    .data               dhcp.o
    0x20000c58   0x00000014   Data   RW         4263    .data               dns.o
    0x20000c6c   0x00000009   Data   RW         4379    .data               netif.o
    0x20000c75   0x00000001   Data   RW         4422    .data               pbuf.o
    0x20000c76   0x00000002   PAD
    0x20000c78   0x00000004   Data   RW         4467    .data               raw.o
    0x20000c7c   0x00000024   Data   RW         4501    .data               tcp.o
    0x20000ca0   0x00000020   Data   RW         4527    .data               tcp_in.o
    0x20000cc0   0x00000008   Data   RW         4565    .data               timers.o
    0x20000cc8   0x00000008   Data   RW         4609    .data               udp.o
    0x20000cd0   0x00000012   Data   RW         4681    .data               ip.o
    0x20000ce2   0x00000001   Data   RW         4745    .data               etharp.o
    0x20000ce3   0x00000001   PAD
    0x20000ce4   0x00000054   Data   RW         4868    .data               log_trace.o
    0x20000d38   0x00000004   Data   RW         4887    .data               ymodem.o
    0x20000d3c   0x00000058   Zero   RW          419    .bss                uitd_main.o
    0x20000d94   0x000000e0   Zero   RW          461    .bss                uitd_eth.o
    0x20000e74   0x00000136   Zero   RW          621    .bss                uitd.o
    0x20000faa   0x0000001a   Zero   RW          683    .bss                sys_status.o
    0x20000fc4   0x00000148   Zero   RW          747    .bss                fire_alarm.o
    0x2000110c   0x0000002c   Zero   RW          870    .bss                uitd_ble.o
    0x20001138   0x00000058   Zero   RW          901    .bss                uitd_wifi.o
    0x20001190   0x00000074   Zero   RW          935    .bss                transparent.o
    0x20001204   0x00000020   Zero   RW         1033    .bss                board.o
    0x20001224   0x00000240   Zero   RW         1131    .bss                usart.o
    0x20001464   0x00000068   Zero   RW         1164    .bss                rtc.o
    0x200014cc   0x000004b0   Zero   RW         1208    .bss                platform.o
    0x2000197c   0x00000130   Zero   RW         1240    .bss                gsm_mg301.o
    0x20001aac   0x00000c38   Zero   RW         1274    .bss                wifi_esp_07.o
    0x200026e4   0x0000008c   Zero   RW         1308    .bss                spi_flash_w25qxx.o
    0x20002770   0x00000020   Zero   RW         1341    .bss                timer.o
    0x20002790   0x00000064   Zero   RW         1368    .bss                adc.o
    0x200027f4   0x00000064   Zero   RW         1396    .bss                msd.o
    0x20002858   0x00000080   Zero   RW         1420    .bss                vk3266.o
    0x200028d8   0x00001904   Zero   RW         1478    .bss                stm32f2xx_eth_lan8720a.o
    0x200041dc   0x00000090   Zero   RW         1576    .bss                stm32_i2c.o
    0x2000426c   0x00000016   Zero   RW         2520    .bss                json_config.o
    0x20004282   0x00000002   PAD
    0x20004284   0x00000030   Zero   RW         2657    .bss                iot_digit_in.o
    0x200042b4   0x000000a0   Zero   RW         2689    .bss                iot_analog_in.o
    0x20004354   0x00000030   Zero   RW         2721    .bss                iot_digit_out.o
    0x20004384   0x00000298   Zero   RW         2786    .bss                idle.o
    0x2000461c   0x00000200   Zero   RW         2844    .bss                kservice.o
    0x2000481c   0x0000002c   Zero   RW         2866    .bss                mem.o
    0x20004848   0x00000100   Zero   RW         2955    .bss                scheduler.o
    0x20004948   0x000001b0   Zero   RW         3075    .bss                dfs.o
    0x20004af8   0x00000124   Zero   RW         3100    .bss                dfs_file.o
    0x20004c1c   0x00000050   Zero   RW         3274    .bss                pin.o
    0x20004c6c   0x00001098   Zero   RW         3507    .bss                shell.o
    0x20005d04   0x00000080   Zero   RW         3615    .bss                finsh_heap.o
    0x20005d84   0x00000140   Zero   RW         3649    .bss                finsh_node.o
    0x20005ec4   0x000000c0   Zero   RW         3697    .bss                finsh_var.o
    0x20005f84   0x00000180   Zero   RW         3720    .bss                finsh_vm.o
    0x20006104   0x00000014   Zero   RW         3983    .bss                netdb.o
    0x20006118   0x00000060   Zero   RW         4065    .bss                sockets.o
    0x20006178   0x00000032   Zero   RW         4224    .bss                dhcp.o
    0x200061aa   0x00000002   PAD
    0x200061ac   0x00000663   Zero   RW         4262    .bss                dns.o
    0x2000680f   0x00000001   PAD
    0x20006810   0x00000010   Zero   RW         4526    .bss                tcp_in.o
    0x20006820   0x00000010   Zero   RW         4709    .bss                ip_addr.o
    0x20006830   0x000000c8   Zero   RW         4742    .bss                etharp.o
    0x200068f8   0x000005c8   Zero   RW         4774    .bss                ethernetif.o
    0x20006ec0   0x00000054   Zero   RW         4849    .bss                log_file.o
    0x20006f14   0x0000024d   Zero   RW         4866    .bss                log_trace.o
    0x20007161   0x00000003   PAD
    0x20007164   0x000000e4   Zero   RW         5042    .bss                c_w.l(rand.o)
    0x20007248   0x0000002c   Zero   RW         5078    .bss                c_w.l(localtime.o)
    0x20007274   0x00000044   Zero   RW         5226    .bss                c_w.l(asctime.o)
    0x200072b8   0x00000060   Zero   RW         5331    .bss                c_w.l(libspace.o)
    0x20007318   0x00000200   Zero   RW         2376    HEAP                startup_stm32f2xx.o
    0x20007518   0x00000400   Zero   RW         2375    STACK               startup_stm32f2xx.o


==============================================================================

Image component sizes


      Code (inc. data)   RO Data    RW Data    ZI Data      Debug   Object Name

      3432        314          0          8        100       6176   adc.o
      3200        876          0          0          0      30390   api_lib.o
      6280       1248          0          0          0      30622   api_msg.o
      8184       2518        279          5          0     437646   application.o
      1068         72       1437        484         32      40112   board.o
       128         12       1216          0          0       2321   ccsbcs.o
      5352        182          7         12          0      20760   cjson.o
       100          6         53          4          0       2098   clock.o
      3644       1416       1288          4          0      11877   cmd.o
       456        124        138          0          0       3632   completion.o
       236         24          0          0          0        772   context_rvds.o
       548        162          0        132          0       1769   controller.o
      1492        718         19         16          0       3899   cpuport.o
       296         60         14          8          0       1583   cpuusage.o
      1044        114        210          0          0       7512   dataqueue.o
        62          0          0          0          0       1174   def.o
       828        132        435          0          0       6719   device.o
       940        130         81          0        432       8914   dfs.o
      2724        230        257          8          0      17413   dfs_elm.o
      2484        356        143          0        292       9147   dfs_file.o
      1520        264        116          0          0       5868   dfs_fs.o
      1512         50        347          0          0      10754   dfs_posix.o
       880         70        106          0          0       5616   dfs_romfs.o
      6408       1078        140          4         50      20800   dhcp.o
        64         24         24          0          0       1315   dlclose.o
        12          8         16          0          0       1143   dlerror.o
       228         64         22          0          0       1652   dlopen.o
        88         24         20          0          0       1441   dlsym.o
      1868        272          0         20       1635      12519   dns.o
      3744        618         80          1        200      12730   etharp.o
      2552        748        349          0       1480      30515   ethernetif.o
     11008        148        186         10          0      29937   ff.o
      6168        154          0          8          0      10998   finsh_compiler.o
        44         10        243         64          0       1673   finsh_error.o
       528         18          0          8        128       3447   finsh_heap.o
        88          6          0          0          0       1620   finsh_init.o
       388          4          0          0        320       3372   finsh_node.o
      2776         36        196          0          0       8744   finsh_ops.o
      2428         32          0          0          0       9805   finsh_parser.o
      1664         16        126          0          0       6272   finsh_token.o
       412         18          0          4        192       7481   finsh_var.o
       228         34          0         12        384       7114   finsh_vm.o
      5808       1130      12642        172        328      21545   fire_alarm.o
       424         24       1180          0          0       2710   gpio.o
     10504       1544        391        150        304      25102   gsm_mg301.o
      1124          4         12          0          0      17413   i2c-bit-ops.o
       332         36         19          0          0       2955   i2c_core.o
       392         64         94          0          0       2508   i2c_dev.o
       992        352          0          0          0       2567   icmp.o
       372         74         22          4        664       3047   idle.o
       592         18         70          0          0       3237   inet_chksum.o
        32          0          0          0          0      14668   init.o
       492        110        274          0          0       4213   init_rc.o
      1428        178          0         16        160       6105   iot_analog_in.o
      1148         62          0         16         48       3909   iot_digit_in.o
      1916         92        176         18         48       6305   iot_digit_out.o
       948        154          0         18          0      11682   ip.o
       728         26         74          0         16       9727   ip_addr.o
      5740        418       1304          0          0      25749   ipc.o
        72          6        147          1          0       2247   irq.o
     14464       2676       2079          4         22      73559   json_config.o
      2688        230        871         12        512      15783   kservice.o
       384         30         54          0         84       3381   log_file.o
      1596        280        442         84        589       8592   log_trace.o
       612         80         35         10          0       4565   mcp23x17.o
      2164        560        429         32         44       5925   mem.o
         0          0          0          0          0       1332   memlog.o
         0          0         28          0          0       1261   memp.o
      1028        110        183          8          0       6036   mempool.o
       224         20          0          0          0       1865   misc.o
      5916        842        288         20          0      18228   module.o
      5264         86         15          0        100      12367   msd.o
       940        324          0          0          0       4325   netbuf.o
       696        142          0         20         20      10215   netdb.o
       748        104          0          9          0      20065   netif.o
       248          0          0          0          0      10407   netifapi.o
       952        148        128        180          0       6299   object.o
      4036       1158          0          1          0      10175   pbuf.o
       424         80        212          0         80       4040   pin.o
      1148        172        177          0          0       8173   pipe.o
      2312        320          0         72       1200       3639   platform.o
       724        146        194          0          0       5345   portal.o
      1328        304          0        304          0       3593   pro_ctrl.o
       620        186          0         84          0       1629   pro_uitd.o
       556        118          0          4          0       3609   raw.o
      1176         56        358          0          0       7774   ringbuffer.o
         0          0        943          0          0       1557   romfs.o
      1624        172        276         64        104       8042   rtc.o
       736        150        155         28        256       5172   scheduler.o
      3084        330          0          0          0       2442   selftest.o
       584        186          0         44          0       1535   sensor_sample.o
      2188        316        211          0          0       7901   serial.o
      2532        276         96          4       4248       5179   shell.o
         0          0          0          0          0       5368   sntp.o
      7252        640         64          8         96      35736   sockets.o
      1572        114        163          0          0       5802   spi_core.o
       536        148        129          0          0       3483   spi_dev.o
      1468        432         39          0        140       8108   spi_flash_w25qxx.o
      1116        100        256         16          0       7914   src_timer.o
       184         88          0          0          0       1351   startup.o
        64         26        388          0       1536        884   startup_stm32f2xx.o
       252         22         32          0        144       2201   stm32_i2c.o
       680         30          0          8          0       2805   stm32f20x_40x_spi.o
      1124         24          0          0          0      10538   stm32f2xx_adc.o
       936         32          0          0          0       6393   stm32f2xx_dma.o
      6360        308          0         21       6404      38756   stm32f2xx_eth_lan8720a.o
       284         10          0          0          0       2319   stm32f2xx_exti.o
       604         36          0          0          0       4025   stm32f2xx_gpio.o
        90          0          0          0          0       4203   stm32f2xx_it.o
        64          6          0          0          0       1305   stm32f2xx_iwdg.o
       216         12          0          0          0       2284   stm32f2xx_pwr.o
      1416         48          0         16          0      11027   stm32f2xx_rcc.o
      2844         36          0          0          0      12157   stm32f2xx_rtc.o
       936         22          0          0          0       6420   stm32f2xx_spi.o
       140         12          0          0          0       1543   stm32f2xx_syscfg.o
      3234         60          0          0          0      22912   stm32f2xx_tim.o
      1050         26          0          0          0       7760   stm32f2xx_usart.o
       724         14       1792          0          0       2915   sw_crc.o
         0          0          0         16          0       4349   symbol.o
      1924        374       1015          6          0      18138   sys_arch.o
      1612        422       1783         68          0      45648   sys_misc.o
      2452         64          0         18         26       6225   sys_status.o
       480         40          0         20          0       1923   system_stm32f2xx.o
      5288       1112        197         36          0      22700   tcp.o
      7384       1046          0         32         16      16547   tcp_in.o
      4590        848         85          0          0      10187   tcp_out.o
       988        172          0         12          0      22401   tcpip.o
      1440        208        491          0          0       9780   thread.o
       588         44          0          0         32       1840   timer.o
       780        166          0          8          0       4851   timers.o
       792        234        133          0          0       4720   tofile.o
      1908        324          0         24        116      21289   transparent.o
      1412        184          0          8          0      14933   udp.o
     27032       3106       2232         56        310      73005   uitd.o
       852         98          0         33         44       6670   uitd_ble.o
      5928        870        206         87        224      34813   uitd_eth.o
      4980        744        338        127         88      16446   uitd_main.o
      4240        738         67         52         88       9180   uitd_wifi.o
      2384        234        136         48        576      35175   usart.o
      1496        244        165        404        128       8289   vk3266.o
      5848        914        139         33       3128      17241   wifi_esp_07.o
      1156         48        531          4          0       5471   ymodem.o

    ----------------------------------------------------------------------
    299856      40764      41581       3388      27176    1909081   Object Totals
         0          0         32          0          0          0   (incl. Generated)
        10          0         41         36          8          0   (incl. Padding)

    ----------------------------------------------------------------------

      Code (inc. data)   RO Data    RW Data    ZI Data      Debug   Library Member Name

        60          8          0          0          0         84   __0sscanf.o
        44          6          0          0          0         84   __2sprintf.o
        90          0          0          0          0          0   __dczerorl2.o
         8          0          0          0          0         68   __main.o
       392          4         17          0          0         92   __printf_flags_ss_wp.o
        14          0          0          0          0         68   __printf_wp.o
         0          0          0          0          0          0   __rtentry.o
        12          0          0          0          0          0   __rtentry2.o
         6          0          0          0          0          0   __rtentry4.o
        52          8          0          0          0          0   __scatter.o
        28          0          0          0          0          0   __scatter_zi.o
        28          0          0          0          0         68   _chval.o
        60          0          0          0          0         92   _mbrtowc.o
         0          0         12          0          0          0   _monlen.o
         6          0          0          0          0          0   _printf_a.o
         6          0          0          0          0          0   _printf_c.o
        44          0          0          0          0        108   _printf_char.o
        48          6          0          0          0         96   _printf_char_common.o
        40          0          0          0          0         68   _printf_charcount.o
         6          0          0          0          0          0   _printf_d.o
       120         16          0          0          0         92   _printf_dec.o
         6          0          0          0          0          0   _printf_e.o
         6          0          0          0          0          0   _printf_f.o
      1050          0          0          0          0        216   _printf_fp_dec.o
       764         10         38          0          0        100   _printf_fp_hex.o
       128         16          0          0          0         84   _printf_fp_infnan.o
         6          0          0          0          0          0   _printf_g.o
       148          4         40          0          0        160   _printf_hex_int_ll_ptr.o
         6          0          0          0          0          0   _printf_i.o
       178          0          0          0          0         88   _printf_intcommon.o
        10          0          0          0          0          0   _printf_l.o
         6          0          0          0          0          0   _printf_lc.o
        10          0          0          0          0          0   _printf_ll.o
         6          0          0          0          0          0   _printf_lld.o
         6          0          0          0          0          0   _printf_lli.o
         6          0          0          0          0          0   _printf_llo.o
         6          0          0          0          0          0   _printf_llu.o
         6          0          0          0          0          0   _printf_llx.o
       124         16          0          0          0         92   _printf_longlong_dec.o
         6          0          0          0          0          0   _printf_ls.o
         6          0          0          0          0          0   _printf_n.o
         6          0          0          0          0          0   _printf_o.o
       112          8          0          0          0        124   _printf_oct_int_ll.o
         6          0          0          0          0          0   _printf_p.o
        78          0          0          0          0        108   _printf_pad.o
         0          0          0          0          0          0   _printf_percent.o
         4          0          0          0          0          0   _printf_percent_end.o
         6          0          0          0          0          0   _printf_s.o
        82          0          0          0          0         80   _printf_str.o
        36          0          0          0          0         84   _printf_truncate.o
         6          0          0          0          0          0   _printf_u.o
        44          0          0          0          0        108   _printf_wchar.o
       188          6          8          0          0         92   _printf_wctomb.o
         6          0          0          0          0          0   _printf_x.o
        22          0          0          0          0        100   _rserrno.o
       884          6          0          0          0        100   _scanf.o
       332          0          0          0          0         96   _scanf_int.o
       342          0          0          0          0        100   _scanf_longlong.o
       276          0          0          0          0        100   _scanf_mbtowc.o
       224          0          0          0          0         96   _scanf_str.o
        30          0          0          0          0         76   _scanf_wcharmap.o
       232          0          0          0          0        100   _scanf_wctomb.o
       208          0          0          0          0         96   _scanf_wstr.o
        64          0          0          0          0         84   _sgetc.o
        10          0          0          0          0         68   _sputc.o
       158          0          0          0          0         92   _strtoul.o
        64          0          0          0          0         92   _wcrtomb.o
        16          0          0          0          0         68   aeabi_memset.o
        12          6          0          0         68         68   asctime.o
       104         30          0          0          0         88   asctime_internal.o
        26          0          0          0          0         80   atoi.o
       220          4        148          0          0         96   bigflt0.o
      2074        132          0          0          0        940   btod.o
        14          0          0          0          0         80   ctime.o
        10          0          0          0          0         68   defsig_exit.o
        50          0          0          0          0         88   defsig_general.o
        80         58          0          0          0         76   defsig_rtmem_inner.o
        14          0          0          0          0         80   defsig_rtmem_outer.o
        18          0          0          0          0         80   exit.o
        94          0          0          0          0         80   h1_alloc.o
        52          0          0          0          0         68   h1_extend.o
        78          0          0          0          0         80   h1_free.o
        14          0          0          0          0         84   h1_init.o
         6          0          0          0          0        152   heapauxi.o
         4          0          0          0          0        136   hguard.o
         0          0          0          0          0          0   indicate_semi.o
       138          0          0          0          0        168   init_alloc.o
        18          0          0          0          0         76   isspace.o
        44         10        272          0          0         76   lc_ctype_c.o
        44         10         28          0          0         76   lc_numeric_c.o
        44         10        384          0          0         76   lc_time_c.o
         2          0          0          0          0          0   libinit.o
        52          0          0          0          0          0   libinit2.o
         2          0          0          0          0          0   libshutdown.o
         2          0          0          0          0          0   libshutdown2.o
         8          4          0          0         96         68   libspace.o
        38          0          0          0          0         68   llshl.o
       138          0          0          0          0         80   lludiv10.o
       238          0          0          0          0        100   lludivv7m.o
        12          6          0          0         44         68   localtime.o
       184          6          0          0          0         80   localtime_internal.o
         0          0          0          0          0          0   maybetermalloc1.o
        88          0          0          0          0         76   memcmp.o
       424         10          0          0          0        124   mktime.o
       112         18          0          0        228        160   rand.o
        16          4          0          0          0         76   rt_ctype_table.o
         8          4          0          0          0         68   rt_errno_addr_intlibspace.o
         8          4          0          0          0         68   rt_heap_descriptor_intlibspace.o
         8          4          0          0          0         68   rt_locale_intlibspace.o
        68          0          0          0          0         68   rt_memclr.o
        78          0          0          0          0         80   rt_memclr_w.o
       138          0          0          0          0         68   rt_memcpy_v6.o
       100          0          0          0          0         80   rt_memcpy_w.o
         2          0          0          0          0          0   rtexit.o
        10          0          0          0          0          0   rtexit2.o
        44          8          0          0          0         84   scanf_char.o
      1188         12          0          0          0        148   scanf_fp.o
       792         14          0          0          0        100   scanf_hexfp.o
       308         16          0          0          0        100   scanf_infnan.o
        44          6          0          0          0         84   sprintf.o
        60          8          0          0          0         84   sscanf.o
        24          0          0          0          0         68   strcat.o
        20          0          0          0          0         68   strchr.o
       128          0          0          0          0         68   strcmpv7m.o
        72          0          0          0          0         80   strcpy.o
        62          0          0          0          0         76   strlen.o
       150          0          0          0          0         80   strncmp.o
        86          0          0          0          0         76   strncpy.o
        22          0          0          0          0         68   strrchr.o
        36          0          0          0          0         80   strstr.o
       112          0          0          0          0         88   strtol.o
        12          4          0          0          0         68   sys_exit.o
        74          0          0          0          0         80   sys_stackheap_outer.o
        14          0          0          0          0         76   sys_wrch.o
        26          0          0          0          0         76   tolower.o
         2          0          0          0          0         68   use_no_semi.o
        98          4          0          0          0         92   d2f.o
       826         16          0          0          0        348   daddsub_clz.o
        16          4          0          0          0         68   dcheck1.o
        24          0          0          0          0         68   dcmpi.o
       688        140          0          0          0        208   ddiv.o
       120          4          0          0          0         92   deqf.o
        94          4          0          0          0         92   dfix.o
        84          0          0          0          0        136   dflt_clz.o
       120          4          0          0          0         92   dleqf.o
       340         12          0          0          0        104   dmul.o
       156          4          0          0          0         92   dnaninf.o
        12          0          0          0          0         68   dretinf.o
       108          0          0          0          0         80   drleqf.o
       460         56          0          0          0        120   dsqrt_noumaal.o
        86          4          0          0          0         84   f2d.o
       140          4          0          0          0         84   fnaninf.o
         0          0          8          0          0          0   fpconst.o
        10          0          0          0          0         68   fretinf.o
         4          0          0          0          0         68   printf1.o
         4          0          0          0          0         68   printf2.o
       100          0          0          0          0         68   retnan.o
        92          0          0          0          0         68   scalbn.o
         4          0          0          0          0         68   scanf1.o
         8          0          0          0          0         84   scanf2.o
        48          0          0          0          0         68   trapv.o
         0          0          0          0          0          0   usenofp.o
        62         10          0          0          0        340   dunder.o
       220         16          0          0          0         84   floor.o
        40          0          0          0          0         68   fpclassify.o
        88          8          0          0          0         76   frexp.o
       138          0          0          0          0        160   ldexp.o
       152          4          0          0          0        168   narrow.o
       170          0          0          0          0         96   poly.o
      2520        190        136          0          0        324   pow.o
         0          0          8          0          0          0   qnan.o
        76          0          0          0          0         84   sqrt.o

    ----------------------------------------------------------------------
     22288        988       1111          0        436      13248   Library Totals
        26          2         12          0          0          0   (incl. Padding)

    ----------------------------------------------------------------------

      Code (inc. data)   RO Data    RW Data    ZI Data      Debug   Library Name

     15154        502        947          0        436       9460   c_w.l
      3642        256          8          0          0       2388   fz_ws.l
      3466        228        144          0          0       1400   m_ws.l

    ----------------------------------------------------------------------
     22288        988       1111          0        436      13248   Library Totals

    ----------------------------------------------------------------------

==============================================================================


      Code (inc. data)   RO Data    RW Data    ZI Data      Debug   

    322144      41752      42692       3388      27612    1902461   Grand Totals
    322144      41752      42692        812      27612    1902461   ELF Image Totals (compressed)
    322144      41752      42692        812          0          0   ROM Totals

==============================================================================

    Total RO  Size (Code + RO Data)               364836 ( 356.29kB)
    Total RW  Size (RW Data + ZI Data)             31000 (  30.27kB)
    Total ROM Size (Code + RO Data + RW Data)     365648 ( 357.08kB)

==============================================================================

