Component: ARM Compiler 5.06 update 1 (build 61) Tool: armlink [4d35a8]

==============================================================================

Section Cross References

    application.o(.text) refers to dfs_posix.o(.text) for open
    application.o(.text) refers to dfs_fs.o(.text) for dfs_unmount
    application.o(.text) refers to kservice.o(.text) for rt_kprintf
    application.o(.text) refers to log_trace.o(.text) for log_trace
    application.o(.text) refers to thread.o(.text) for rt_thread_delay
    application.o(.text) refers to strlen.o(.text) for strlen
    application.o(.text) refers to dfs_file.o(.text) for rm
    application.o(.text) refers to sys_misc.o(.text) for sys_reboot
    application.o(.text) refers to json_config.o(.text) for json_cfg_create
    application.o(.text) refers to board.o(.data) for sys_config
    application.o(.text) refers to init_rc.o(.constdata) for sys_init_file_content
    application.o(.text) refers to sys_misc.o(.constdata) for sys_cfg_init_data
    application.o(.text) refers to sys_misc.o(.constdata) for transparent_cfg_init_data
    application.o(.text) refers to application.o(.conststring) for .conststring
    application.o(.text) refers to sys_misc.o(.constdata) for PRO_UITD_cfg_init_data
    application.o(.text) refers to sys_misc.o(.constdata) for PRO_CTRL_cfg_init_data
    application.o(.text) refers to sys_misc.o(.constdata) for AP01_cfg_init_data
    application.o(.text) refers to sys_misc.o(.constdata) for FA_cfg_init_data
    application.o(.text) refers to sys_misc.o(.constdata) for eth_cfg_init_data
    application.o(.text) refers to sys_misc.o(.constdata) for WIFI_cfg_init_data
    application.o(.text) refers to uldiv.o(.text) for __aeabi_uldivmod
    application.o(.text) refers to adc.o(.text) for ADC_mother_board_check
    application.o(.text) refers to shell.o(.text) for finsh_system_init
    application.o(.text) refers to module.o(.text) for rt_system_module_init
    application.o(.text) refers to dfs.o(.text) for dfs_init
    application.o(.text) refers to i2c_core.o(.text) for rt_i2c_core_init
    application.o(.text) refers to dfs_elm.o(.text) for elm_init
    application.o(.text) refers to dfs_romfs.o(.text) for dfs_romfs_init
    application.o(.text) refers to stm32_i2c.o(.text) for rt_hw_i2c_init
    application.o(.text) refers to platform.o(.text) for rt_platform_init
    application.o(.text) refers to uitd_ble.o(.text) for module_BLE_init
    application.o(.text) refers to vk3266.o(.text) for VK32xx_init
    application.o(.text) refers to msd.o(.text) for msd_init
    application.o(.text) refers to stm32f2xx_rtc.o(.text) for RTC_ReadBackupRegister
    application.o(.text) refers to uitd.o(.data) for g_UITD_addr
    application.o(.text) refers to uitd.o(.data) for g_UITD_SN
    application.o(.text) refers to application.o(.data) for .data
    application.o(.text) refers to romfs.o(.constdata) for romfs_root
    application.o(.text) refers to strcat.o(.text) for strcat
    application.o(.text) refers to log_file.o(.text) for log_trace_set_file
    application.o(.text) refers to cpuusage.o(.text) for cpu_usage_init
    application.o(.text) refers to init_rc.o(.text) for do_init
    application.o(.text) refers to sys_status.o(.text) for sys_status_set
    application.o(.text) refers to ethernetif.o(.text) for eth_system_device_init
    application.o(.text) refers to sys_arch.o(.text) for lwip_system_init
    application.o(.text) refers to board.o(.text) for mco_config
    application.o(.text) refers to stm32f2xx_eth_lan8720a.o(.text) for rt_hw_stm32_eth_init
    application.o(.text) refers to sys_status.o(.bss) for sys_ctrl
    application.o(.text) refers to uitd_ble.o(.data) for prio_UITD_BLE
    application.o(.text) refers to uitd_ble.o(.data) for thread_UITD_BLE
    application.o(.text) refers to uitd_ble.o(.data) for prio_UITD_BLE_rx
    application.o(.text) refers to uitd_ble.o(.data) for thread_UITD_BLE_rx
    application.o(.text) refers to uitd_ble.o(.data) for prio_UITD_BLE_rec
    application.o(.text) refers to uitd_ble.o(.data) for thread_UITD_BLE_rec
    application.o(.text) refers to uitd_main.o(.data) for prio_UITD_GPRS_rec
    application.o(.text) refers to uitd_main.o(.text) for rt_thread_entry_UITD_GPRS_rec
    application.o(.text) refers to uitd_main.o(.data) for thread_UITD_GPRS_rec
    application.o(.text) refers to gsm_mg301.o(.data) for prio_GSM_MG301
    application.o(.text) refers to gsm_mg301.o(.text) for rt_thread_entry_GSM_MG301
    application.o(.text) refers to gsm_mg301.o(.data) for thread_GSM_MG301
    application.o(.text) refers to gsm_mg301.o(.data) for prio_GSM_rx
    application.o(.text) refers to gsm_mg301.o(.data) for thread_GSM_rx
    application.o(.text) refers to uitd_eth.o(.data) for prio_UITD_eth_rec
    application.o(.text) refers to uitd_eth.o(.text) for rt_thread_entry_UITD_eth_rec
    application.o(.text) refers to uitd_eth.o(.data) for thread_UITD_eth_rec
[...]
    0x0806774b   0x00000019   Data   RO         2060    .rodata.name        json_config.o
    0x08067764   0x00000010   Data   RO         2061    .rodata.name        json_config.o
    0x08067774   0x00000019   Data   RO         2062    .rodata.name        json_config.o
    0x0806778d   0x0000000f   Data   RO         2063    .rodata.name        json_config.o
    0x0806779c   0x00000015   Data   RO         2064    .rodata.name        json_config.o
    0x080677b1   0x0000000c   Data   RO         2065    .rodata.name        json_config.o
    0x080677bd   0x00000045   Data   RO         2066    .rodata.name        json_config.o
    0x08067802   0x00000010   Data   RO         2067    .rodata.name        json_config.o
    0x08067812   0x00000016   Data   RO         2068    .rodata.name        json_config.o
    0x08067828   0x0000000d   Data   RO         2069    .rodata.name        json_config.o
    0x08067835   0x00000019   Data   RO         2070    .rodata.name        json_config.o
    0x0806784e   0x00000010   Data   RO         2071    .rodata.name        json_config.o
    0x0806785e   0x0000001c   Data   RO         2072    .rodata.name        json_config.o
    0x0806787a   0x0000000c   Data   RO         2073    .rodata.name        json_config.o
    0x08067886   0x00000015   Data   RO         2074    .rodata.name        json_config.o
    0x0806789b   0x00000007   Data   RO         2252    .rodata.name        iot_digit_out.o
    0x080678a2   0x00000022   Data   RO         2253    .rodata.name        iot_digit_out.o
    0x080678c4   0x0000000d   Data   RO         2254    .rodata.name        iot_digit_out.o
    0x080678d1   0x00000035   Data   RO         2255    .rodata.name        iot_digit_out.o
    0x08067906   0x00000007   Data   RO         2256    .rodata.name        iot_digit_out.o
    0x0806790d   0x0000001a   Data   RO         2257    .rodata.name        iot_digit_out.o
    0x08067927   0x0000000c   Data   RO         2279    .rodata.name        clock.o
    0x08067933   0x00000019   Data   RO         2280    .rodata.name        clock.o
    0x0806794c   0x00000013   Data   RO         2298    .rodata.name        device.o
    0x0806795f   0x00000015   Data   RO         2299    .rodata.name        device.o
    0x08067974   0x0000000f   Data   RO         2300    .rodata.name        device.o
    0x08067983   0x0000000f   Data   RO         2301    .rodata.name        device.o
    0x08067992   0x00000010   Data   RO         2302    .rodata.name        device.o
    0x080679a2   0x0000000f   Data   RO         2303    .rodata.name        device.o
    0x080679b1   0x00000010   Data   RO         2304    .rodata.name        device.o
    0x080679c1   0x00000012   Data   RO         2305    .rodata.name        device.o
    0x080679d3   0x0000001a   Data   RO         2306    .rodata.name        device.o
    0x080679ed   0x0000001a   Data   RO         2307    .rodata.name        device.o
    0x08067a07   0x0000000c   Data   RO         2354    .rodata.name        ipc.o
    0x08067a13   0x0000000e   Data   RO         2355    .rodata.name        ipc.o
    0x08067a21   0x0000000e   Data   RO         2356    .rodata.name        ipc.o
    0x08067a2f   0x0000000e   Data   RO         2357    .rodata.name        ipc.o
    0x08067a3d   0x0000000c   Data   RO         2358    .rodata.name        ipc.o
    0x08067a49   0x0000000f   Data   RO         2359    .rodata.name        ipc.o
    0x08067a58   0x0000000f   Data   RO         2360    .rodata.name        ipc.o
    0x08067a67   0x0000000f   Data   RO         2361    .rodata.name        ipc.o
    0x08067a76   0x0000000e   Data   RO         2362    .rodata.name        ipc.o
    0x08067a84   0x00000010   Data   RO         2363    .rodata.name        ipc.o
    0x08067a94   0x00000010   Data   RO         2364    .rodata.name        ipc.o
    0x08067aa4   0x00000010   Data   RO         2365    .rodata.name        ipc.o
    0x08067ab4   0x0000000e   Data   RO         2366    .rodata.name        ipc.o
    0x08067ac2   0x00000011   Data   RO         2367    .rodata.name        ipc.o
    0x08067ad3   0x00000011   Data   RO         2368    .rodata.name        ipc.o
    0x08067ae4   0x0000000e   Data   RO         2369    .rodata.name        ipc.o
    0x08067af2   0x00000010   Data   RO         2370    .rodata.name        ipc.o
    0x08067b02   0x00000010   Data   RO         2371    .rodata.name        ipc.o
    0x08067b12   0x00000010   Data   RO         2372    .rodata.name        ipc.o
    0x08067b22   0x0000000e   Data   RO         2373    .rodata.name        ipc.o
    0x08067b30   0x0000000e   Data   RO         2374    .rodata.name        ipc.o
    0x08067b3e   0x00000011   Data   RO         2375    .rodata.name        ipc.o
    0x08067b4f   0x0000000b   Data   RO         2376    .rodata.name        ipc.o
    0x08067b5a   0x0000000d   Data   RO         2377    .rodata.name        ipc.o
    0x08067b67   0x0000000d   Data   RO         2378    .rodata.name        ipc.o
    0x08067b74   0x0000000d   Data   RO         2379    .rodata.name        ipc.o
    0x08067b81   0x00000010   Data   RO         2380    .rodata.name        ipc.o
    0x08067b91   0x0000000b   Data   RO         2381    .rodata.name        ipc.o
    0x08067b9c   0x0000000b   Data   RO         2382    .rodata.name        ipc.o
    0x08067ba7   0x0000000e   Data   RO         2383    .rodata.name        ipc.o
    0x08067bb5   0x0000000b   Data   RO         2384    .rodata.name        ipc.o
    0x08067bc0   0x0000000d   Data   RO         2385    .rodata.name        ipc.o
    0x08067bcd   0x0000000d   Data   RO         2386    .rodata.name        ipc.o
    0x08067bda   0x0000000d   Data   RO         2387    .rodata.name        ipc.o
    0x08067be7   0x0000000b   Data   RO         2388    .rodata.name        ipc.o
    0x08067bf2   0x0000000d   Data   RO         2389    .rodata.name        ipc.o
    0x08067bff   0x0000000b   Data   RO         2390    .rodata.name        ipc.o
    0x08067c0a   0x0000000e   Data   RO         2391    .rodata.name        ipc.o
    0x08067c18   0x00000013   Data   RO         2449    .rodata.name        irq.o
    0x08067c2b   0x00000013   Data   RO         2450    .rodata.name        irq.o
    0x08067c3e   0x00000016   Data   RO         2451    .rodata.name        irq.o
    0x08067c54   0x00000018   Data   RO         2452    .rodata.name        irq.o
    0x08067c6c   0x00000017   Data   RO         2453    .rodata.name        irq.o
    0x08067c83   0x0000000d   Data   RO         2476    .rodata.name        kservice.o
    0x08067c90   0x0000000d   Data   RO         2477    .rodata.name        kservice.o
    0x08067c9d   0x0000000a   Data   RO         2478    .rodata.name        kservice.o
    0x08067ca7   0x0000000a   Data   RO         2479    .rodata.name        kservice.o
    0x08067cb1   0x0000000a   Data   RO         2480    .rodata.name        kservice.o
    0x08067cbb   0x0000000b   Data   RO         2481    .rodata.name        kservice.o
    0x08067cc6   0x0000000a   Data   RO         2482    .rodata.name        kservice.o
    0x08067cd0   0x0000000a   Data   RO         2483    .rodata.name        kservice.o
    0x08067cda   0x0000000e   Data   RO         2484    .rodata.name        kservice.o
    0x08067ce8   0x0000000b   Data   RO         2485    .rodata.name        kservice.o
    0x08067cf3   0x0000000b   Data   RO         2486    .rodata.name        kservice.o
    0x08067cfe   0x0000000a   Data   RO         2487    .rodata.name        kservice.o
    0x08067d08   0x0000000a   Data   RO         2488    .rodata.name        kservice.o
    0x08067d12   0x0000000a   Data   RO         2489    .rodata.name        kservice.o
    0x08067d1c   0x00000010   Data   RO         2490    .rodata.name        kservice.o
    0x08067d2c   0x0000000d   Data   RO         2491    .rodata.name        kservice.o
    0x08067d39   0x0000000c   Data   RO         2492    .rodata.name        kservice.o
    0x08067d45   0x0000000c   Data   RO         2493    .rodata.name        kservice.o
    0x08067d51   0x0000000b   Data   RO         2494    .rodata.name        kservice.o
    0x08067d5c   0x00000016   Data   RO         2495    .rodata.name        kservice.o
    0x08067d72   0x00000018   Data   RO         2496    .rodata.name        kservice.o
    0x08067d8a   0x00000016   Data   RO         2497    .rodata.name        kservice.o
    0x08067da0   0x00000015   Data   RO         2498    .rodata.name        kservice.o
    0x08067db5   0x0000000b   Data   RO         2499    .rodata.name        kservice.o
    0x08067dc0   0x00000010   Data   RO         2500    .rodata.name        kservice.o
    0x08067dd0   0x0000000e   Data   RO         2501    .rodata.name        kservice.o
    0x08067dde   0x00000012   Data   RO         2502    .rodata.name        kservice.o
    0x08067df0   0x0000000a   Data   RO         2551    .rodata.name        mem.o
    0x08067dfa   0x0000000b   Data   RO         2552    .rodata.name        mem.o
    0x08067e05   0x0000000a   Data   RO         2553    .rodata.name        mem.o
    0x08067e0f   0x00000008   Data   RO         2554    .rodata.name        mem.o
    0x08067e17   0x00000009   Data   RO         2555    .rodata.name        mem.o
    0x08067e20   0x0000001e   Data   RO         2556    .rodata.name        mem.o
    0x08067e3e   0x0000000b   Data   RO         2578    .rodata.name        mempool.o
    0x08067e49   0x0000000d   Data   RO         2579    .rodata.name        mempool.o
    0x08067e56   0x0000000d   Data   RO         2580    .rodata.name        mempool.o
    0x08067e63   0x0000000d   Data   RO         2581    .rodata.name        mempool.o
    0x08067e70   0x0000000c   Data   RO         2582    .rodata.name        mempool.o
    0x08067e7c   0x0000000b   Data   RO         2583    .rodata.name        mempool.o
    0x08067e87   0x0000000c   Data   RO         2609    .rodata.name        module.o
    0x08067e93   0x00000017   Data   RO         2610    .rodata.name        module.o
    0x08067eaa   0x0000000f   Data   RO         2611    .rodata.name        module.o
    0x08067eb9   0x00000005   Data   RO         2612    .rodata.name        module.o
    0x08067ebe   0x00000018   Data   RO         2613    .rodata.name        module.o
    0x08067ed6   0x0000000f   Data   RO         2614    .rodata.name        module.o
    0x08067ee5   0x0000001a   Data   RO         2642    .rodata.name        object.o
    0x08067eff   0x00000012   Data   RO         2664    .rodata.name        scheduler.o
    0x08067f11   0x00000011   Data   RO         2665    .rodata.name        scheduler.o
    0x08067f22   0x00000012   Data   RO         2666    .rodata.name        scheduler.o
    0x08067f34   0x0000000f   Data   RO         2689    .rodata.name        thread.o
    0x08067f43   0x0000000f   Data   RO         2690    .rodata.name        thread.o
    0x08067f52   0x00000012   Data   RO         2691    .rodata.name        thread.o
    0x08067f64   0x00000011   Data   RO         2692    .rodata.name        thread.o
    0x08067f75   0x00000011   Data   RO         2693    .rodata.name        thread.o
    0x08067f86   0x00000011   Data   RO         2694    .rodata.name        thread.o
    0x08067f97   0x00000010   Data   RO         2695    .rodata.name        thread.o
    0x08067fa7   0x00000010   Data   RO         2696    .rodata.name        thread.o
    0x08067fb7   0x00000012   Data   RO         2697    .rodata.name        thread.o
    0x08067fc9   0x00000012   Data   RO         2698    .rodata.name        thread.o
    0x08067fdb   0x00000011   Data   RO         2699    .rodata.name        thread.o
    0x08067fec   0x00000012   Data   RO         2700    .rodata.name        thread.o
    0x08067ffe   0x0000000f   Data   RO         2701    .rodata.name        thread.o
    0x0806800d   0x0000000e   Data   RO         2735    .rodata.name        src_timer.o
    0x0806801b   0x00000010   Data   RO         2736    .rodata.name        src_timer.o
    0x0806802b   0x00000010   Data   RO         2737    .rodata.name        src_timer.o
    0x0806803b   0x00000010   Data   RO         2738    .rodata.name        src_timer.o
    0x0806804b   0x0000000f   Data   RO         2739    .rodata.name        src_timer.o
    0x0806805a   0x0000000e   Data   RO         2740    .rodata.name        src_timer.o
    0x08068068   0x00000011   Data   RO         2741    .rodata.name        src_timer.o
    0x08068079   0x0000000b   Data   RO         2826    .rodata.name        dfs.o
    0x08068084   0x00000013   Data   RO         2827    .rodata.name        dfs.o
    0x08068097   0x00000003   Data   RO         2852    .rodata.name        dfs_file.o
    0x0806809a   0x00000018   Data   RO         2853    .rodata.name        dfs_file.o
    0x080680b2   0x00000003   Data   RO         2854    .rodata.name        dfs_file.o
    0x080680b5   0x0000001c   Data   RO         2855    .rodata.name        dfs_file.o
    0x080680d1   0x00000004   Data   RO         2856    .rodata.name        dfs_file.o
    0x080680d5   0x0000000b   Data   RO         2857    .rodata.name        dfs_file.o
    0x080680e0   0x00000005   Data   RO         2858    .rodata.name        dfs_file.o
    0x080680e5   0x00000011   Data   RO         2859    .rodata.name        dfs_file.o
    0x080680f6   0x00000005   Data   RO         2879    .rodata.name        dfs_fs.o
    0x080680fb   0x00000013   Data   RO         2880    .rodata.name        dfs_fs.o
    0x0806810e   0x00000003   Data   RO         2881    .rodata.name        dfs_fs.o
    0x08068111   0x0000000e   Data   RO         2882    .rodata.name        dfs_fs.o
    0x0806811f   0x00000005   Data   RO         2899    .rodata.name        dfs_posix.o
    0x08068124   0x00000006   Data   RO         2900    .rodata.name        dfs_posix.o
    0x0806812a   0x00000005   Data   RO         2901    .rodata.name        dfs_posix.o
    0x0806812f   0x00000006   Data   RO         2902    .rodata.name        dfs_posix.o
    0x08068135   0x00000006   Data   RO         2903    .rodata.name        dfs_posix.o
    0x0806813b   0x00000007   Data   RO         2904    .rodata.name        dfs_posix.o
    0x08068142   0x00000007   Data   RO         2905    .rodata.name        dfs_posix.o
    0x08068149   0x00000005   Data   RO         2906    .rodata.name        dfs_posix.o
    0x0806814e   0x00000006   Data   RO         2907    .rodata.name        dfs_posix.o
    0x08068154   0x00000006   Data   RO         2908    .rodata.name        dfs_posix.o
    0x0806815a   0x00000006   Data   RO         2909    .rodata.name        dfs_posix.o
    0x08068160   0x00000007   Data   RO         2910    .rodata.name        dfs_posix.o
    0x08068167   0x00000006   Data   RO         2911    .rodata.name        dfs_posix.o
    0x0806816d   0x00000006   Data   RO         2912    .rodata.name        dfs_posix.o
    0x08068173   0x00000013   Data   RO         2913    .rodata.name        dfs_posix.o
    0x08068186   0x00000006   Data   RO         2914    .rodata.name        dfs_posix.o
    0x0806818c   0x00000008   Data   RO         2915    .rodata.name        dfs_posix.o
    0x08068194   0x00000008   Data   RO         2916    .rodata.name        dfs_posix.o
    0x0806819c   0x00000008   Data   RO         2917    .rodata.name        dfs_posix.o
    0x080681a4   0x00000008   Data   RO         2918    .rodata.name        dfs_posix.o
    0x080681ac   0x0000000a   Data   RO         2919    .rodata.name        dfs_posix.o
    0x080681b6   0x00000009   Data   RO         2920    .rodata.name        dfs_posix.o
    0x080681bf   0x00000007   Data   RO         2921    .rodata.name        dfs_posix.o
    0x080681c6   0x00000008   Data   RO         3107    .rodata.name        pin.o
    0x080681ce   0x00000016   Data   RO         3108    .rodata.name        pin.o
    0x080681e4   0x00000009   Data   RO         3109    .rodata.name        pin.o
    0x080681ed   0x0000001c   Data   RO         3110    .rodata.name        pin.o
    0x08068209   0x00000008   Data   RO         3111    .rodata.name        pin.o
    0x08068211   0x0000001e   Data   RO         3112    .rodata.name        pin.o
    0x0806822f   0x00000013   Data   RO         3170    .rodata.name        completion.o
    0x08068242   0x00000013   Data   RO         3171    .rodata.name        completion.o
    0x08068255   0x00000013   Data   RO         3172    .rodata.name        completion.o
    0x08068268   0x00000013   Data   RO         3191    .rodata.name        dataqueue.o
    0x0806827b   0x00000013   Data   RO         3192    .rodata.name        dataqueue.o
    0x0806828e   0x00000012   Data   RO         3193    .rodata.name        dataqueue.o
    0x080682a0   0x00000013   Data   RO         3194    .rodata.name        dataqueue.o
    0x080682b3   0x00000014   Data   RO         3195    .rodata.name        dataqueue.o
    0x080682c7   0x0000000d   Data   RO         3222    .rodata.name        pipe.o
    0x080682d4   0x0000000f   Data   RO         3223    .rodata.name        pipe.o
    0x080682e3   0x0000000f   Data   RO         3224    .rodata.name        pipe.o
    0x080682f2   0x00000010   Data   RO         3225    .rodata.name        pipe.o
    0x08068302   0x0000000f   Data   RO         3251    .rodata.name        portal.o
    0x08068311   0x00000011   Data   RO         3252    .rodata.name        portal.o
    0x08068322   0x00000011   Data   RO         3253    .rodata.name        portal.o
    0x08068333   0x00000012   Data   RO         3254    .rodata.name        portal.o
    0x08068345   0x00000013   Data   RO         3274    .rodata.name        ringbuffer.o
    0x08068358   0x00000012   Data   RO         3275    .rodata.name        ringbuffer.o
    0x0806836a   0x00000018   Data   RO         3276    .rodata.name        ringbuffer.o
    0x08068382   0x00000012   Data   RO         3277    .rodata.name        ringbuffer.o
    0x08068394   0x00000016   Data   RO         3278    .rodata.name        ringbuffer.o
    0x080683aa   0x0000001c   Data   RO         3279    .rodata.name        ringbuffer.o
    0x080683c6   0x00000016   Data   RO         3280    .rodata.name        ringbuffer.o
    0x080683dc   0x00000006   Data   RO         3352    .rodata.name        cmd.o
    0x080683e2   0x00000010   Data   RO         3353    .rodata.name        cmd.o
    0x080683f2   0x00000008   Data   RO         3354    .rodata.name        cmd.o
    0x080683fa   0x00000023   Data   RO         3355    .rodata.name        cmd.o
    0x0806841d   0x0000000c   Data   RO         3356    .rodata.name        cmd.o
    0x08068429   0x0000000c   Data   RO         3357    .rodata.name        cmd.o
    0x08068435   0x00000009   Data   RO         3358    .rodata.name        cmd.o
    0x0806843e   0x00000019   Data   RO         3359    .rodata.name        cmd.o
    0x08068457   0x0000000b   Data   RO         3360    .rodata.name        cmd.o
    0x08068462   0x00000015   Data   RO         3361    .rodata.name        cmd.o
    0x08068477   0x0000000b   Data   RO         3362    .rodata.name        cmd.o
    0x08068482   0x00000015   Data   RO         3363    .rodata.name        cmd.o
    0x08068497   0x0000000d   Data   RO         3364    .rodata.name        cmd.o
    0x080684a4   0x00000018   Data   RO         3365    .rodata.name        cmd.o
    0x080684bc   0x0000000e   Data   RO         3366    .rodata.name        cmd.o
    0x080684ca   0x0000001d   Data   RO         3367    .rodata.name        cmd.o
    0x080684e7   0x0000000d   Data   RO         3368    .rodata.name        cmd.o
    0x080684f4   0x0000001b   Data   RO         3369    .rodata.name        cmd.o
    0x0806850f   0x0000000b   Data   RO         3370    .rodata.name        cmd.o
    0x0806851a   0x00000015   Data   RO         3371    .rodata.name        cmd.o
    0x0806852f   0x0000000c   Data   RO         3372    .rodata.name        cmd.o
    0x0806853b   0x00000016   Data   RO         3373    .rodata.name        cmd.o
    0x08068551   0x0000000c   Data   RO         3374    .rodata.name        cmd.o
    0x0806855d   0x00000016   Data   RO         3375    .rodata.name        cmd.o
    0x08068573   0x00000010   Data   RO         3376    .rodata.name        cmd.o
    0x08068583   0x0000001e   Data   RO         3377    .rodata.name        cmd.o
    0x080685a1   0x00000005   Data   RO         3378    .rodata.name        cmd.o
    0x080685a6   0x0000001a   Data   RO         3379    .rodata.name        cmd.o
    0x080685c0   0x00000006   Data   RO         3380    .rodata.name        cmd.o
    0x080685c6   0x00000019   Data   RO         3381    .rodata.name        cmd.o
    0x080685df   0x00000008   Data   RO         3616    .rodata.name        dlclose.o
    0x080685e7   0x00000008   Data   RO         3632    .rodata.name        dlerror.o
    0x080685ef   0x00000007   Data   RO         3649    .rodata.name        dlopen.o
    0x080685f6   0x00000006   Data   RO         3666    .rodata.name        dlsym.o
    0x080685fc   0x0000000c   Data   RO         4029    .rodata.name        sys_arch.o
    0x08068608   0x0000000a   Data   RO         4030    .rodata.name        sys_arch.o
    0x08068612   0x0000000e   Data   RO         4031    .rodata.name        sys_arch.o
    0x08068620   0x00000011   Data   RO         4032    .rodata.name        sys_arch.o
    0x08068631   0x00000011   Data   RO         4033    .rodata.name        sys_arch.o
    0x08068642   0x00000010   Data   RO         4034    .rodata.name        sys_arch.o
    0x08068652   0x00000010   Data   RO         4035    .rodata.name        sys_arch.o
    0x08068662   0x0000000b   Data   RO         4036    .rodata.name        sys_arch.o
    0x0806866d   0x0000000d   Data   RO         4037    .rodata.name        sys_arch.o
    0x0806867a   0x0000000c   Data   RO         4038    .rodata.name        sys_arch.o
    0x08068686   0x0000000a   Data   RO         4039    .rodata.name        sys_arch.o
    0x08068690   0x0000000a   Data   RO         4040    .rodata.name        sys_arch.o
    0x0806869a   0x0000000e   Data   RO         4041    .rodata.name        sys_arch.o
    0x080686a8   0x0000000a   Data   RO         4042    .rodata.name        sys_arch.o
    0x080686b2   0x0000000c   Data   RO         4043    .rodata.name        sys_arch.o
    0x080686be   0x0000000c   Data   RO         4044    .rodata.name        sys_arch.o
    0x080686ca   0x0000000b   Data   RO         4045    .rodata.name        sys_arch.o
    0x080686d5   0x0000000c   Data   RO         4046    .rodata.name        sys_arch.o
    0x080686e1   0x0000000b   Data   RO         4047    .rodata.name        sys_arch.o
    0x080686ec   0x0000000b   Data   RO         4048    .rodata.name        sys_arch.o
    0x080686f7   0x0000000b   Data   RO         4049    .rodata.name        sys_arch.o
    0x08068702   0x0000000b   Data   RO         4050    .rodata.name        sys_arch.o
    0x0806870d   0x0000000b   Data   RO         4051    .rodata.name        sys_arch.o
    0x08068718   0x0000000b   Data   RO         4052    .rodata.name        sys_arch.o
    0x08068723   0x0000000c   Data   RO         4053    .rodata.name        sys_arch.o
    0x0806872f   0x0000000c   Data   RO         4054    .rodata.name        sys_arch.o
    0x0806873b   0x00000013   Data   RO         4055    .rodata.name        sys_arch.o
    0x0806874e   0x00000015   Data   RO         4056    .rodata.name        sys_arch.o
    0x08068763   0x00000012   Data   RO         4057    .rodata.name        sys_arch.o
    0x08068775   0x00000011   Data   RO         4058    .rodata.name        sys_arch.o
    0x08068786   0x0000000b   Data   RO         4059    .rodata.name        sys_arch.o
    0x08068791   0x0000000b   Data   RO         4060    .rodata.name        sys_arch.o
    0x0806879c   0x0000000a   Data   RO         4061    .rodata.name        sys_arch.o
    0x080687a6   0x00000018   Data   RO         4062    .rodata.name        sys_arch.o
    0x080687be   0x0000000b   Data   RO         4063    .rodata.name        sys_arch.o
    0x080687c9   0x0000000f   Data   RO         4064    .rodata.name        sys_arch.o
    0x080687d8   0x00000011   Data   RO         4065    .rodata.name        sys_arch.o
    0x080687e9   0x0000000d   Data   RO         4066    .rodata.name        sys_arch.o
    0x080687f6   0x00000012   Data   RO         4067    .rodata.name        sys_arch.o
    0x08068808   0x00000007   Data   RO         4692    .rodata.name        ethernetif.o
    0x0806880f   0x0000001e   Data   RO         4693    .rodata.name        ethernetif.o
    0x0806882d   0x00000008   Data   RO         4694    .rodata.name        ethernetif.o
    0x08068835   0x00000017   Data   RO         4695    .rodata.name        ethernetif.o
    0x0806884c   0x00000008   Data   RO         4696    .rodata.name        ethernetif.o
    0x08068854   0x00000023   Data   RO         4697    .rodata.name        ethernetif.o
    0x08068877   0x0000000a   Data   RO         4698    .rodata.name        ethernetif.o
    0x08068881   0x0000001c   Data   RO         4699    .rodata.name        ethernetif.o
    0x0806889d   0x00000009   Data   RO         4766    .rodata.name        log_file.o
    0x080688a6   0x00000021   Data   RO         4767    .rodata.name        log_file.o
    0x080688c7   0x0000000a   Data   RO         4786    .rodata.name        log_trace.o
    0x080688d1   0x00000022   Data   RO         4787    .rodata.name        log_trace.o
    0x080688f3   0x0000000a   Data   RO         4788    .rodata.name        log_trace.o
    0x080688fd   0x0000000a   Data   RO         4789    .rodata.name        log_trace.o
    0x08068907   0x0000000a   Data   RO         4790    .rodata.name        log_trace.o
    0x08068911   0x00000010   Data   RO         4791    .rodata.name        log_trace.o
    0x08068921   0x0000000a   Data   RO         4792    .rodata.name        log_trace.o
    0x0806892b   0x00000018   Data   RO         4793    .rodata.name        log_trace.o
    0x08068943   0x0000000b   Data   RO         4794    .rodata.name        log_trace.o
    0x0806894e   0x00000018   Data   RO         4795    .rodata.name        log_trace.o
    0x08068966   0x00000009   Data   RO         4796    .rodata.name        log_trace.o
    0x0806896f   0x00000012   Data   RO         4797    .rodata.name        log_trace.o
    0x08068981   0x0000000a   Data   RO         4798    .rodata.name        log_trace.o
    0x0806898b   0x0000000f   Data   RO         4799    .rodata.name        log_trace.o
    0x0806899a   0x00000002   PAD
    0x0806899c   0x0000000c   Data   RO          408    FSymTab             uitd_main.o
    0x080689a8   0x0000000c   Data   RO          409    FSymTab             uitd_main.o
    0x080689b4   0x0000000c   Data   RO          410    FSymTab             uitd_main.o
    0x080689c0   0x0000000c   Data   RO          411    FSymTab             uitd_main.o
    0x080689cc   0x0000000c   Data   RO          412    FSymTab             uitd_main.o
    0x080689d8   0x0000000c   Data   RO          462    FSymTab             uitd_eth.o
    0x080689e4   0x0000000c   Data   RO          582    FSymTab             sys_misc.o
    0x080689f0   0x0000000c   Data   RO          583    FSymTab             sys_misc.o
    0x080689fc   0x0000000c   Data   RO          584    FSymTab             sys_misc.o
    0x08068a08   0x0000000c   Data   RO          585    FSymTab             sys_misc.o
    0x08068a14   0x0000000c   Data   RO          586    FSymTab             sys_misc.o
    0x08068a20   0x0000000c   Data   RO          587    FSymTab             sys_misc.o
    0x08068a2c   0x0000000c   Data   RO          588    FSymTab             sys_misc.o
    0x08068a38   0x0000000c   Data   RO          589    FSymTab             sys_misc.o
    0x08068a44   0x0000000c   Data   RO          590    FSymTab             sys_misc.o
    0x08068a50   0x0000000c   Data   RO          591    FSymTab             sys_misc.o
    0x08068a5c   0x0000000c   Data   RO          592    FSymTab             sys_misc.o
    0x08068a68   0x0000000c   Data   RO          593    FSymTab             sys_misc.o
    0x08068a74   0x0000000c   Data   RO          594    FSymTab             sys_misc.o
    0x08068a80   0x0000000c   Data   RO          769    FSymTab             fire_alarm.o
    0x08068a8c   0x0000000c   Data   RO          770    FSymTab             fire_alarm.o
    0x08068a98   0x0000000c   Data   RO          771    FSymTab             fire_alarm.o
    0x08068aa4   0x0000000c   Data   RO          909    FSymTab             uitd_wifi.o
    0x08068ab0   0x0000000c   Data   RO         1133    FSymTab             rtc.o
    0x08068abc   0x0000000c   Data   RO         1134    FSymTab             rtc.o
    0x08068ac8   0x0000000c   Data   RO         1135    FSymTab             rtc.o
    0x08068ad4   0x0000000c   Data   RO         1136    FSymTab             rtc.o
    0x08068ae0   0x0000000c   Data   RO         1137    FSymTab             rtc.o
    0x08068aec   0x0000000c   Data   RO         1212    FSymTab             gsm_mg301.o
    0x08068af8   0x0000000c   Data   RO         1213    FSymTab             gsm_mg301.o
    0x08068b04   0x0000000c   Data   RO         1214    FSymTab             gsm_mg301.o
    0x08068b10   0x0000000c   Data   RO         1215    FSymTab             gsm_mg301.o
    0x08068b1c   0x0000000c   Data   RO         1216    FSymTab             gsm_mg301.o
    0x08068b28   0x0000000c   Data   RO         1217    FSymTab             gsm_mg301.o
    0x08068b34   0x0000000c   Data   RO         1218    FSymTab             gsm_mg301.o
    0x08068b40   0x0000000c   Data   RO         1219    FSymTab             gsm_mg301.o
    0x08068b4c   0x0000000c   Data   RO         1253    FSymTab             wifi_esp_07.o
    0x08068b58   0x0000000c   Data   RO         1254    FSymTab             wifi_esp_07.o
    0x08068b64   0x0000000c   Data   RO         1255    FSymTab             wifi_esp_07.o
    0x08068b70   0x0000000c   Data   RO         1358    FSymTab             vk3266.o
    0x08068b7c   0x0000000c   Data   RO         1359    FSymTab             vk3266.o
    0x08068b88   0x0000000c   Data   RO         1921    FSymTab             tofile.o
    0x08068b94   0x0000000c   Data   RO         1922    FSymTab             tofile.o
    0x08068ba0   0x0000000c   Data   RO         1951    FSymTab             init_rc.o
    0x08068bac   0x0000000c   Data   RO         1952    FSymTab             init_rc.o
    0x08068bb8   0x0000000c   Data   RO         1953    FSymTab             init_rc.o
    0x08068bc4   0x0000000c   Data   RO         1954    FSymTab             init_rc.o
    0x08068bd0   0x0000000c   Data   RO         1955    FSymTab             init_rc.o
    0x08068bdc   0x0000000c   Data   RO         2075    FSymTab             json_config.o
    0x08068be8   0x0000000c   Data   RO         2076    FSymTab             json_config.o
    0x08068bf4   0x0000000c   Data   RO         2077    FSymTab             json_config.o
    0x08068c00   0x0000000c   Data   RO         2078    FSymTab             json_config.o
    0x08068c0c   0x0000000c   Data   RO         2079    FSymTab             json_config.o
    0x08068c18   0x0000000c   Data   RO         2080    FSymTab             json_config.o
    0x08068c24   0x0000000c   Data   RO         2081    FSymTab             json_config.o
    0x08068c30   0x0000000c   Data   RO         2082    FSymTab             json_config.o
    0x08068c3c   0x0000000c   Data   RO         2083    FSymTab             json_config.o
    0x08068c48   0x0000000c   Data   RO         2084    FSymTab             json_config.o
    0x08068c54   0x0000000c   Data   RO         2085    FSymTab             json_config.o
    0x08068c60   0x0000000c   Data   RO         2086    FSymTab             json_config.o
    0x08068c6c   0x0000000c   Data   RO         2087    FSymTab             json_config.o
    0x08068c78   0x0000000c   Data   RO         2088    FSymTab             json_config.o
    0x08068c84   0x0000000c   Data   RO         2089    FSymTab             json_config.o
    0x08068c90   0x0000000c   Data   RO         2090    FSymTab             json_config.o
    0x08068c9c   0x0000000c   Data   RO         2091    FSymTab             json_config.o
    0x08068ca8   0x0000000c   Data   RO         2092    FSymTab             json_config.o
    0x08068cb4   0x0000000c   Data   RO         2093    FSymTab             json_config.o
    0x08068cc0   0x0000000c   Data   RO         2094    FSymTab             json_config.o
    0x08068ccc   0x0000000c   Data   RO         2095    FSymTab             json_config.o
    0x08068cd8   0x0000000c   Data   RO         2096    FSymTab             json_config.o
    0x08068ce4   0x0000000c   Data   RO         2097    FSymTab             json_config.o
    0x08068cf0   0x0000000c   Data   RO         2098    FSymTab             json_config.o
    0x08068cfc   0x0000000c   Data   RO         2099    FSymTab             json_config.o
    0x08068d08   0x0000000c   Data   RO         2100    FSymTab             json_config.o
    0x08068d14   0x0000000c   Data   RO         2101    FSymTab             json_config.o
    0x08068d20   0x0000000c   Data   RO         2102    FSymTab             json_config.o
    0x08068d2c   0x0000000c   Data   RO         2103    FSymTab             json_config.o
    0x08068d38   0x0000000c   Data   RO         2104    FSymTab             json_config.o
    0x08068d44   0x0000000c   Data   RO         2105    FSymTab             json_config.o
    0x08068d50   0x0000000c   Data   RO         2106    FSymTab             json_config.o
    0x08068d5c   0x0000000c   Data   RO         2107    FSymTab             json_config.o
    0x08068d68   0x0000000c   Data   RO         2108    FSymTab             json_config.o
    0x08068d74   0x0000000c   Data   RO         2258    FSymTab             iot_digit_out.o
    0x08068d80   0x0000000c   Data   RO         2259    FSymTab             iot_digit_out.o
    0x08068d8c   0x0000000c   Data   RO         2260    FSymTab             iot_digit_out.o
    0x08068d98   0x0000000c   Data   RO         2557    FSymTab             mem.o
    0x08068da4   0x0000000c   Data   RO         2615    FSymTab             module.o
    0x08068db0   0x0000000c   Data   RO         2616    FSymTab             module.o
    0x08068dbc   0x0000000c   Data   RO         2860    FSymTab             dfs_file.o
    0x08068dc8   0x0000000c   Data   RO         2861    FSymTab             dfs_file.o
    0x08068dd4   0x0000000c   Data   RO         2862    FSymTab             dfs_file.o
    0x08068de0   0x0000000c   Data   RO         2863    FSymTab             dfs_file.o
    0x08068dec   0x0000000c   Data   RO         2883    FSymTab             dfs_fs.o
    0x08068df8   0x0000000c   Data   RO         2884    FSymTab             dfs_fs.o
    0x08068e04   0x0000000c   Data   RO         2922    FSymTab             dfs_posix.o
    0x08068e10   0x0000000c   Data   RO         3113    FSymTab             pin.o
    0x08068e1c   0x0000000c   Data   RO         3114    FSymTab             pin.o
    0x08068e28   0x0000000c   Data   RO         3115    FSymTab             pin.o
    0x08068e34   0x0000000c   Data   RO         3382    FSymTab             cmd.o
    0x08068e40   0x0000000c   Data   RO         3383    FSymTab             cmd.o
    0x08068e4c   0x0000000c   Data   RO         3384    FSymTab             cmd.o
    0x08068e58   0x0000000c   Data   RO         3385    FSymTab             cmd.o
    0x08068e64   0x0000000c   Data   RO         3386    FSymTab             cmd.o
    0x08068e70   0x0000000c   Data   RO         3387    FSymTab             cmd.o
    0x08068e7c   0x0000000c   Data   RO         3388    FSymTab             cmd.o
    0x08068e88   0x0000000c   Data   RO         3389    FSymTab             cmd.o
    0x08068e94   0x0000000c   Data   RO         3390    FSymTab             cmd.o
    0x08068ea0   0x0000000c   Data   RO         3391    FSymTab             cmd.o
    0x08068eac   0x0000000c   Data   RO         3392    FSymTab             cmd.o
    0x08068eb8   0x0000000c   Data   RO         3393    FSymTab             cmd.o
    0x08068ec4   0x0000000c   Data   RO         3394    FSymTab             cmd.o
    0x08068ed0   0x0000000c   Data   RO         3395    FSymTab             cmd.o
    0x08068edc   0x0000000c   Data   RO         4700    FSymTab             ethernetif.o
    0x08068ee8   0x0000000c   Data   RO         4701    FSymTab             ethernetif.o
    0x08068ef4   0x0000000c   Data   RO         4702    FSymTab             ethernetif.o
    0x08068f00   0x0000000c   Data   RO         4703    FSymTab             ethernetif.o
    0x08068f0c   0x0000000c   Data   RO         4768    FSymTab             log_file.o
    0x08068f18   0x0000000c   Data   RO         4800    FSymTab             log_trace.o
    0x08068f24   0x0000000c   Data   RO         4801    FSymTab             log_trace.o
    0x08068f30   0x0000000c   Data   RO         4802    FSymTab             log_trace.o
    0x08068f3c   0x0000000c   Data   RO         4803    FSymTab             log_trace.o
    0x08068f48   0x0000000c   Data   RO         4804    FSymTab             log_trace.o
    0x08068f54   0x0000000c   Data   RO         4805    FSymTab             log_trace.o
    0x08068f60   0x00000008   Data   RO          595    RTMSymTab           sys_misc.o
    0x08068f68   0x00000008   Data   RO          596    RTMSymTab           sys_misc.o
    0x08068f70   0x00000008   Data   RO          597    RTMSymTab           sys_misc.o
    0x08068f78   0x00000008   Data   RO          598    RTMSymTab           sys_misc.o
    0x08068f80   0x00000008   Data   RO          599    RTMSymTab           sys_misc.o
    0x08068f88   0x00000008   Data   RO          600    RTMSymTab           sys_misc.o
    0x08068f90   0x00000008   Data   RO          601    RTMSymTab           sys_misc.o
    0x08068f98   0x00000008   Data   RO          772    RTMSymTab           fire_alarm.o
    0x08068fa0   0x00000008   Data   RO          773    RTMSymTab           fire_alarm.o
    0x08068fa8   0x00000008   Data   RO          774    RTMSymTab           fire_alarm.o
    0x08068fb0   0x00000008   Data   RO          775    RTMSymTab           fire_alarm.o
    0x08068fb8   0x00000008   Data   RO          776    RTMSymTab           fire_alarm.o
    0x08068fc0   0x00000008   Data   RO          777    RTMSymTab           fire_alarm.o
    0x08068fc8   0x00000008   Data   RO          778    RTMSymTab           fire_alarm.o
    0x08068fd0   0x00000008   Data   RO          779    RTMSymTab           fire_alarm.o
    0x08068fd8   0x00000008   Data   RO          780    RTMSymTab           fire_alarm.o
    0x08068fe0   0x00000008   Data   RO         1028    RTMSymTab           board.o
    0x08068fe8   0x00000008   Data   RO         2281    RTMSymTab           clock.o
    0x08068ff0   0x00000008   Data   RO         2282    RTMSymTab           clock.o
    0x08068ff8   0x00000008   Data   RO         2308    RTMSymTab           device.o
    0x08069000   0x00000008   Data   RO         2309    RTMSymTab           device.o
    0x08069008   0x00000008   Data   RO         2310    RTMSymTab           device.o
    0x08069010   0x00000008   Data   RO         2311    RTMSymTab           device.o
    0x08069018   0x00000008   Data   RO         2312    RTMSymTab           device.o
    0x08069020   0x00000008   Data   RO         2313    RTMSymTab           device.o
    0x08069028   0x00000008   Data   RO         2314    RTMSymTab           device.o
    0x08069030   0x00000008   Data   RO         2315    RTMSymTab           device.o
    0x08069038   0x00000008   Data   RO         2316    RTMSymTab           device.o
    0x08069040   0x00000008   Data   RO         2317    RTMSymTab           device.o
    0x08069048   0x00000008   Data   RO         2392    RTMSymTab           ipc.o
    0x08069050   0x00000008   Data   RO         2393    RTMSymTab           ipc.o
    0x08069058   0x00000008   Data   RO         2394    RTMSymTab           ipc.o
    0x08069060   0x00000008   Data   RO         2395    RTMSymTab           ipc.o
    0x08069068   0x00000008   Data   RO         2396    RTMSymTab           ipc.o
    0x08069070   0x00000008   Data   RO         2397    RTMSymTab           ipc.o
    0x08069078   0x00000008   Data   RO         2398    RTMSymTab           ipc.o
    0x08069080   0x00000008   Data   RO         2399    RTMSymTab           ipc.o
    0x08069088   0x00000008   Data   RO         2400    RTMSymTab           ipc.o
    0x08069090   0x00000008   Data   RO         2401    RTMSymTab           ipc.o
    0x08069098   0x00000008   Data   RO         2402    RTMSymTab           ipc.o
    0x080690a0   0x00000008   Data   RO         2403    RTMSymTab           ipc.o
    0x080690a8   0x00000008   Data   RO         2404    RTMSymTab           ipc.o
    0x080690b0   0x00000008   Data   RO         2405    RTMSymTab           ipc.o
    0x080690b8   0x00000008   Data   RO         2406    RTMSymTab           ipc.o
    0x080690c0   0x00000008   Data   RO         2407    RTMSymTab           ipc.o
    0x080690c8   0x00000008   Data   RO         2408    RTMSymTab           ipc.o
    0x080690d0   0x00000008   Data   RO         2409    RTMSymTab           ipc.o
    0x080690d8   0x00000008   Data   RO         2410    RTMSymTab           ipc.o
    0x080690e0   0x00000008   Data   RO         2411    RTMSymTab           ipc.o
    0x080690e8   0x00000008   Data   RO         2412    RTMSymTab           ipc.o
    0x080690f0   0x00000008   Data   RO         2413    RTMSymTab           ipc.o
    0x080690f8   0x00000008   Data   RO         2414    RTMSymTab           ipc.o
    0x08069100   0x00000008   Data   RO         2415    RTMSymTab           ipc.o
    0x08069108   0x00000008   Data   RO         2416    RTMSymTab           ipc.o
    0x08069110   0x00000008   Data   RO         2417    RTMSymTab           ipc.o
    0x08069118   0x00000008   Data   RO         2418    RTMSymTab           ipc.o
    0x08069120   0x00000008   Data   RO         2419    RTMSymTab           ipc.o
    0x08069128   0x00000008   Data   RO         2420    RTMSymTab           ipc.o
    0x08069130   0x00000008   Data   RO         2421    RTMSymTab           ipc.o
    0x08069138   0x00000008   Data   RO         2422    RTMSymTab           ipc.o
    0x08069140   0x00000008   Data   RO         2423    RTMSymTab           ipc.o
    0x08069148   0x00000008   Data   RO         2424    RTMSymTab           ipc.o
    0x08069150   0x00000008   Data   RO         2425    RTMSymTab           ipc.o
    0x08069158   0x00000008   Data   RO         2426    RTMSymTab           ipc.o
    0x08069160   0x00000008   Data   RO         2427    RTMSymTab           ipc.o
    0x08069168   0x00000008   Data   RO         2428    RTMSymTab           ipc.o
    0x08069170   0x00000008   Data   RO         2429    RTMSymTab           ipc.o
    0x08069178   0x00000008   Data   RO         2454    RTMSymTab           irq.o
    0x08069180   0x00000008   Data   RO         2455    RTMSymTab           irq.o
    0x08069188   0x00000008   Data   RO         2456    RTMSymTab           irq.o
    0x08069190   0x00000008   Data   RO         2457    RTMSymTab           irq.o
    0x08069198   0x00000008   Data   RO         2458    RTMSymTab           irq.o
    0x080691a0   0x00000008   Data   RO         2503    RTMSymTab           kservice.o
    0x080691a8   0x00000008   Data   RO         2504    RTMSymTab           kservice.o
    0x080691b0   0x00000008   Data   RO         2505    RTMSymTab           kservice.o
    0x080691b8   0x00000008   Data   RO         2506    RTMSymTab           kservice.o
    0x080691c0   0x00000008   Data   RO         2507    RTMSymTab           kservice.o
    0x080691c8   0x00000008   Data   RO         2508    RTMSymTab           kservice.o
    0x080691d0   0x00000008   Data   RO         2509    RTMSymTab           kservice.o
    0x080691d8   0x00000008   Data   RO         2510    RTMSymTab           kservice.o
    0x080691e0   0x00000008   Data   RO         2511    RTMSymTab           kservice.o
    0x080691e8   0x00000008   Data   RO         2512    RTMSymTab           kservice.o
    0x080691f0   0x00000008   Data   RO         2513    RTMSymTab           kservice.o
    0x080691f8   0x00000008   Data   RO         2514    RTMSymTab           kservice.o
    0x08069200   0x00000008   Data   RO         2515    RTMSymTab           kservice.o
    0x08069208   0x00000008   Data   RO         2516    RTMSymTab           kservice.o
    0x08069210   0x00000008   Data   RO         2517    RTMSymTab           kservice.o
    0x08069218   0x00000008   Data   RO         2518    RTMSymTab           kservice.o
    0x08069220   0x00000008   Data   RO         2519    RTMSymTab           kservice.o
    0x08069228   0x00000008   Data   RO         2520    RTMSymTab           kservice.o
    0x08069230   0x00000008   Data   RO         2521    RTMSymTab           kservice.o
    0x08069238   0x00000008   Data   RO         2522    RTMSymTab           kservice.o
    0x08069240   0x00000008   Data   RO         2523    RTMSymTab           kservice.o
    0x08069248   0x00000008   Data   RO         2524    RTMSymTab           kservice.o
    0x08069250   0x00000008   Data   RO         2525    RTMSymTab           kservice.o
    0x08069258   0x00000008   Data   RO         2526    RTMSymTab           kservice.o
    0x08069260   0x00000008   Data   RO         2527    RTMSymTab           kservice.o
    0x08069268   0x00000008   Data   RO         2528    RTMSymTab           kservice.o
    0x08069270   0x00000008   Data   RO         2529    RTMSymTab           kservice.o
    0x08069278   0x00000008   Data   RO         2558    RTMSymTab           mem.o
    0x08069280   0x00000008   Data   RO         2559    RTMSymTab           mem.o
    0x08069288   0x00000008   Data   RO         2560    RTMSymTab           mem.o
    0x08069290   0x00000008   Data   RO         2561    RTMSymTab           mem.o
    0x08069298   0x00000008   Data   RO         2584    RTMSymTab           mempool.o
    0x080692a0   0x00000008   Data   RO         2585    RTMSymTab           mempool.o
    0x080692a8   0x00000008   Data   RO         2586    RTMSymTab           mempool.o
    0x080692b0   0x00000008   Data   RO         2587    RTMSymTab           mempool.o
    0x080692b8   0x00000008   Data   RO         2588    RTMSymTab           mempool.o
    0x080692c0   0x00000008   Data   RO         2589    RTMSymTab           mempool.o
    0x080692c8   0x00000008   Data   RO         2617    RTMSymTab           module.o
    0x080692d0   0x00000008   Data   RO         2618    RTMSymTab           module.o
    0x080692d8   0x00000008   Data   RO         2643    RTMSymTab           object.o
    0x080692e0   0x00000008   Data   RO         2667    RTMSymTab           scheduler.o
    0x080692e8   0x00000008   Data   RO         2668    RTMSymTab           scheduler.o
    0x080692f0   0x00000008   Data   RO         2669    RTMSymTab           scheduler.o
    0x080692f8   0x00000008   Data   RO         2702    RTMSymTab           thread.o
    0x08069300   0x00000008   Data   RO         2703    RTMSymTab           thread.o
    0x08069308   0x00000008   Data   RO         2704    RTMSymTab           thread.o
    0x08069310   0x00000008   Data   RO         2705    RTMSymTab           thread.o
    0x08069318   0x00000008   Data   RO         2706    RTMSymTab           thread.o
    0x08069320   0x00000008   Data   RO         2707    RTMSymTab           thread.o
    0x08069328   0x00000008   Data   RO         2708    RTMSymTab           thread.o
    0x08069330   0x00000008   Data   RO         2709    RTMSymTab           thread.o
    0x08069338   0x00000008   Data   RO         2710    RTMSymTab           thread.o
    0x08069340   0x00000008   Data   RO         2711    RTMSymTab           thread.o
    0x08069348   0x00000008   Data   RO         2712    RTMSymTab           thread.o
    0x08069350   0x00000008   Data   RO         2713    RTMSymTab           thread.o
    0x08069358   0x00000008   Data   RO         2714    RTMSymTab           thread.o
    0x08069360   0x00000008   Data   RO         2742    RTMSymTab           src_timer.o
    0x08069368   0x00000008   Data   RO         2743    RTMSymTab           src_timer.o
    0x08069370   0x00000008   Data   RO         2744    RTMSymTab           src_timer.o
    0x08069378   0x00000008   Data   RO         2745    RTMSymTab           src_timer.o
    0x08069380   0x00000008   Data   RO         2746    RTMSymTab           src_timer.o
    0x08069388   0x00000008   Data   RO         2747    RTMSymTab           src_timer.o
    0x08069390   0x00000008   Data   RO         2748    RTMSymTab           src_timer.o
    0x08069398   0x00000008   Data   RO         2828    RTMSymTab           dfs.o
    0x080693a0   0x00000008   Data   RO         2829    RTMSymTab           dfs.o
    0x080693a8   0x00000008   Data   RO         2923    RTMSymTab           dfs_posix.o
    0x080693b0   0x00000008   Data   RO         2924    RTMSymTab           dfs_posix.o
    0x080693b8   0x00000008   Data   RO         2925    RTMSymTab           dfs_posix.o
    0x080693c0   0x00000008   Data   RO         2926    RTMSymTab           dfs_posix.o
    0x080693c8   0x00000008   Data   RO         2927    RTMSymTab           dfs_posix.o
    0x080693d0   0x00000008   Data   RO         2928    RTMSymTab           dfs_posix.o
    0x080693d8   0x00000008   Data   RO         2929    RTMSymTab           dfs_posix.o
    0x080693e0   0x00000008   Data   RO         2930    RTMSymTab           dfs_posix.o
    0x080693e8   0x00000008   Data   RO         2931    RTMSymTab           dfs_posix.o
    0x080693f0   0x00000008   Data   RO         2932    RTMSymTab           dfs_posix.o
    0x080693f8   0x00000008   Data   RO         2933    RTMSymTab           dfs_posix.o
    0x08069400   0x00000008   Data   RO         2934    RTMSymTab           dfs_posix.o
    0x08069408   0x00000008   Data   RO         2935    RTMSymTab           dfs_posix.o
    0x08069410   0x00000008   Data   RO         2936    RTMSymTab           dfs_posix.o
    0x08069418   0x00000008   Data   RO         2937    RTMSymTab           dfs_posix.o
    0x08069420   0x00000008   Data   RO         2938    RTMSymTab           dfs_posix.o
    0x08069428   0x00000008   Data   RO         2939    RTMSymTab           dfs_posix.o
    0x08069430   0x00000008   Data   RO         2940    RTMSymTab           dfs_posix.o
    0x08069438   0x00000008   Data   RO         2941    RTMSymTab           dfs_posix.o
    0x08069440   0x00000008   Data   RO         2942    RTMSymTab           dfs_posix.o
    0x08069448   0x00000008   Data   RO         2943    RTMSymTab           dfs_posix.o
    0x08069450   0x00000008   Data   RO         3173    RTMSymTab           completion.o
    0x08069458   0x00000008   Data   RO         3174    RTMSymTab           completion.o
    0x08069460   0x00000008   Data   RO         3175    RTMSymTab           completion.o
    0x08069468   0x00000008   Data   RO         3196    RTMSymTab           dataqueue.o
    0x08069470   0x00000008   Data   RO         3197    RTMSymTab           dataqueue.o
    0x08069478   0x00000008   Data   RO         3198    RTMSymTab           dataqueue.o
    0x08069480   0x00000008   Data   RO         3199    RTMSymTab           dataqueue.o
    0x08069488   0x00000008   Data   RO         3200    RTMSymTab           dataqueue.o
    0x08069490   0x00000008   Data   RO         3226    RTMSymTab           pipe.o
    0x08069498   0x00000008   Data   RO         3227    RTMSymTab           pipe.o
    0x080694a0   0x00000008   Data   RO         3228    RTMSymTab           pipe.o
    0x080694a8   0x00000008   Data   RO         3229    RTMSymTab           pipe.o
    0x080694b0   0x00000008   Data   RO         3255    RTMSymTab           portal.o
    0x080694b8   0x00000008   Data   RO         3256    RTMSymTab           portal.o
    0x080694c0   0x00000008   Data   RO         3257    RTMSymTab           portal.o
    0x080694c8   0x00000008   Data   RO         3258    RTMSymTab           portal.o
    0x080694d0   0x00000008   Data   RO         3281    RTMSymTab           ringbuffer.o
    0x080694d8   0x00000008   Data   RO         3282    RTMSymTab           ringbuffer.o
    0x080694e0   0x00000008   Data   RO         3283    RTMSymTab           ringbuffer.o
    0x080694e8   0x00000008   Data   RO         3284    RTMSymTab           ringbuffer.o
    0x080694f0   0x00000008   Data   RO         3285    RTMSymTab           ringbuffer.o
    0x080694f8   0x00000008   Data   RO         3286    RTMSymTab           ringbuffer.o
    0x08069500   0x00000008   Data   RO         3287    RTMSymTab           ringbuffer.o
    0x08069508   0x00000008   Data   RO         3617    RTMSymTab           dlclose.o
    0x08069510   0x00000008   Data   RO         3633    RTMSymTab           dlerror.o
    0x08069518   0x00000008   Data   RO         3650    RTMSymTab           dlopen.o
    0x08069520   0x00000008   Data   RO         3667    RTMSymTab           dlsym.o
    0x08069528   0x00000008   Data   RO         4068    RTMSymTab           sys_arch.o
    0x08069530   0x00000008   Data   RO         4069    RTMSymTab           sys_arch.o
    0x08069538   0x00000008   Data   RO         4070    RTMSymTab           sys_arch.o
    0x08069540   0x00000008   Data   RO         4071    RTMSymTab           sys_arch.o
    0x08069548   0x00000008   Data   RO         4072    RTMSymTab           sys_arch.o
    0x08069550   0x00000008   Data   RO         4073    RTMSymTab           sys_arch.o
    0x08069558   0x00000008   Data   RO         4074    RTMSymTab           sys_arch.o
    0x08069560   0x00000008   Data   RO         4075    RTMSymTab           sys_arch.o
    0x08069568   0x00000008   Data   RO         4076    RTMSymTab           sys_arch.o
    0x08069570   0x00000008   Data   RO         4077    RTMSymTab           sys_arch.o
    0x08069578   0x00000008   Data   RO         4078    RTMSymTab           sys_arch.o
    0x08069580   0x00000008   Data   RO         4079    RTMSymTab           sys_arch.o
    0x08069588   0x00000008   Data   RO         4080    RTMSymTab           sys_arch.o
    0x08069590   0x00000008   Data   RO         4081    RTMSymTab           sys_arch.o
    0x08069598   0x00000008   Data   RO         4082    RTMSymTab           sys_arch.o
    0x080695a0   0x00000008   Data   RO         4083    RTMSymTab           sys_arch.o
    0x080695a8   0x00000008   Data   RO         4084    RTMSymTab           sys_arch.o
    0x080695b0   0x00000008   Data   RO         4085    RTMSymTab           sys_arch.o
    0x080695b8   0x00000008   Data   RO         4086    RTMSymTab           sys_arch.o
    0x080695c0   0x00000008   Data   RO         4087    RTMSymTab           sys_arch.o
    0x080695c8   0x00000008   Data   RO         4088    RTMSymTab           sys_arch.o
    0x080695d0   0x00000008   Data   RO         4089    RTMSymTab           sys_arch.o
    0x080695d8   0x00000008   Data   RO         4090    RTMSymTab           sys_arch.o
    0x080695e0   0x00000008   Data   RO         4091    RTMSymTab           sys_arch.o
    0x080695e8   0x00000008   Data   RO         4092    RTMSymTab           sys_arch.o
    0x080695f0   0x00000008   Data   RO         4093    RTMSymTab           sys_arch.o
    0x080695f8   0x00000008   Data   RO         4094    RTMSymTab           sys_arch.o
    0x08069600   0x00000008   Data   RO         4095    RTMSymTab           sys_arch.o
    0x08069608   0x00000008   Data   RO         4096    RTMSymTab           sys_arch.o
    0x08069610   0x00000008   Data   RO         4097    RTMSymTab           sys_arch.o
    0x08069618   0x00000008   Data   RO         4098    RTMSymTab           sys_arch.o
    0x08069620   0x00000008   Data   RO         4099    RTMSymTab           sys_arch.o
    0x08069628   0x00000008   Data   RO         4100    RTMSymTab           sys_arch.o
    0x08069630   0x00000008   Data   RO         4101    RTMSymTab           sys_arch.o
    0x08069638   0x00000008   Data   RO         4102    RTMSymTab           sys_arch.o
    0x08069640   0x00000008   Data   RO         4103    RTMSymTab           sys_arch.o
    0x08069648   0x00000008   Data   RO         4104    RTMSymTab           sys_arch.o
    0x08069650   0x00000008   Data   RO         4105    RTMSymTab           sys_arch.o
    0x08069658   0x00000008   Data   RO         4106    RTMSymTab           sys_arch.o
    0x08069660   0x00000008   Data   RO         4806    RTMSymTab           log_trace.o
    0x08069668   0x00000008   Data   RO         4807    RTMSymTab           log_trace.o
    0x08069670   0x00000020   Data   RO         5353    Region$$Table       anon$$obj.o
    0x08069690   0x00000010   Data   RO         1029    VSymTab             board.o
    0x080696a0   0x00000010   Data   RO         3396    VSymTab             cmd.o


    Execution Region RW_IRAM1 (Base: 0x20000000, Size: 0x00006940, Max: 0x00020000, ABSOLUTE, COMPRESSED[0x00000268])

    Base Addr    Size         Type   Attr      Idx    E Section Name        Object

    0x20000000   0x00000008   Data   RW            3    .data               application.o
    0x20000008   0x00000001   Data   RW          381    .data               uitd_main.o
    0x20000009   0x00000001   Data   RW          382    .data               uitd_main.o
    0x2000000a   0x00000001   Data   RW          383    .data               uitd_main.o
    0x2000000b   0x00000001   PAD
    0x2000000c   0x00000008   Data   RW          389    .data               uitd_main.o
    0x20000014   0x00000004   Data   RW          391    .data               uitd_main.o
    0x20000018   0x00000004   Data   RW          392    .data               uitd_main.o
    0x2000001c   0x00000004   Data   RW          393    .data               uitd_main.o
    0x20000020   0x00000001   Data   RW          444    .data               uitd_eth.o
    0x20000021   0x00000001   Data   RW          445    .data               uitd_eth.o
    0x20000022   0x00000001   Data   RW          446    .data               uitd_eth.o
    0x20000023   0x00000001   Data   RW          447    .data               uitd_eth.o
    0x20000024   0x00000001   Data   RW          448    .data               uitd_eth.o
    0x20000025   0x00000003   PAD
    0x20000028   0x00000018   Data   RW          453    .data               uitd_eth.o
    0x20000040   0x00000004   Data   RW          455    .data               uitd_eth.o
    0x20000044   0x00000004   Data   RW          456    .data               uitd_eth.o
    0x20000048   0x00000004   Data   RW          457    .data               uitd_eth.o
    0x2000004c   0x00000004   Data   RW          458    .data               uitd_eth.o
    0x20000050   0x00000004   Data   RW          459    .data               uitd_eth.o
    0x20000054   0x00000001   Data   RW          546    .data               sys_misc.o
    0x20000055   0x00000003   PAD
    0x20000058   0x00000023   Data   RW          652    .data               uitd.o
    0x2000007b   0x00000005   PAD
    0x20000080   0x00000008   Data   RW          653    .data               uitd.o
    0x20000088   0x00000001   Data   RW          701    .data               sys_status.o
    0x20000089   0x00000003   PAD
    0x2000008c   0x00000008   Data   RW          702    .data               sys_status.o
    0x20000094   0x00000004   Data   RW          703    .data               sys_status.o
    0x20000098   0x00000001   Data   RW          724    .data               sensor_sample.o
    0x20000099   0x00000003   PAD
    0x2000009c   0x00000024   Data   RW          725    .data               sensor_sample.o
    0x200000c0   0x00000004   Data   RW          726    .data               sensor_sample.o
    0x200000c4   0x0000008c   Data   RW          746    .data               fire_alarm.o
    0x20000150   0x00000001   Data   RW          750    .data               fire_alarm.o
    0x20000151   0x00000001   Data   RW          751    .data               fire_alarm.o
    0x20000152   0x00000002   PAD
    0x20000154   0x00000004   Data   RW          752    .data               fire_alarm.o
    0x20000158   0x00000004   Data   RW          753    .data               fire_alarm.o
    0x2000015c   0x00000001   Data   RW          805    .data               controller.o
    0x2000015d   0x00000001   Data   RW          806    .data               controller.o
    0x2000015e   0x00000002   PAD
    0x20000160   0x00000074   Data   RW          807    .data               controller.o
    0x200001d4   0x00000004   Data   RW          808    .data               controller.o
    0x200001d8   0x00000004   Data   RW          809    .data               controller.o
    0x200001dc   0x0000000c   Data   RW          828    .data               uitd_ble.o
    0x200001e8   0x00000001   Data   RW          829    .data               uitd_ble.o
    0x200001e9   0x00000001   Data   RW          830    .data               uitd_ble.o
    0x200001ea   0x00000001   Data   RW          831    .data               uitd_ble.o
    0x200001eb   0x00000001   PAD
    0x200001ec   0x00000004   Data   RW          832    .data               uitd_ble.o
    0x200001f0   0x00000004   Data   RW          833    .data               uitd_ble.o
    0x200001f4   0x00000004   Data   RW          834    .data               uitd_ble.o
    0x200001f8   0x00000001   Data   RW          894    .data               uitd_wifi.o
    0x200001f9   0x00000001   Data   RW          895    .data               uitd_wifi.o
    0x200001fa   0x00000001   Data   RW          896    .data               uitd_wifi.o
    0x200001fb   0x00000001   PAD
    0x200001fc   0x00000008   Data   RW          902    .data               uitd_wifi.o
    0x20000204   0x00000004   Data   RW          904    .data               uitd_wifi.o
    0x20000208   0x00000004   Data   RW          905    .data               uitd_wifi.o
    0x2000020c   0x00000004   Data   RW          906    .data               uitd_wifi.o
    0x20000210   0x00000008   Data   RW          929    .data               transparent.o
    0x20000218   0x00000001   Data   RW          930    .data               transparent.o
    0x20000219   0x00000001   Data   RW          931    .data               transparent.o
    0x2000021a   0x00000002   PAD
    0x2000021c   0x00000004   Data   RW          933    .data               transparent.o
    0x20000220   0x00000004   Data   RW          934    .data               transparent.o
    0x20000224   0x00000001   Data   RW          956    .data               pro_ctrl.o
    0x20000225   0x00000003   PAD
    0x20000228   0x00000118   Data   RW          957    .data               pro_ctrl.o
    0x20000340   0x00000004   Data   RW          958    .data               pro_ctrl.o
    0x20000344   0x00000001   Data   RW          979    .data               pro_uitd.o
    0x20000345   0x00000003   PAD
    0x20000348   0x00000044   Data   RW          980    .data               pro_uitd.o
    0x2000038c   0x00000004   Data   RW          981    .data               pro_uitd.o
    0x20000390   0x00000004   Data   RW         1001    .data               board.o
    0x20000394   0x000000f0   Data   RW         1002    .data               board.o
    0x20000484   0x00000041   Data   RW         1003    .data               board.o
    0x200004c5   0x0000000d   Data   RW         1004    .data               board.o
    0x200004d2   0x00000040   Data   RW         1005    .data               board.o
    0x20000512   0x00000001   Data   RW         1014    .data               board.o
    0x20000513   0x00000001   Data   RW         1016    .data               board.o
    0x20000514   0x00000001   Data   RW         1017    .data               board.o
    0x20000515   0x00000003   PAD
    0x20000518   0x00000004   Data   RW         1023    .data               board.o
    0x2000051c   0x00000004   Data   RW         1024    .data               board.o
    0x20000520   0x00000030   Data   RW         1100    .data               usart.o
    0x20000550   0x00000040   Data   RW         1122    .data               rtc.o
    0x20000590   0x00000048   Data   RW         1166    .data               platform.o
    0x200005d8   0x00000018   Data   RW         1189    .data               gsm_mg301.o
    0x200005f0   0x00000001   Data   RW         1190    .data               gsm_mg301.o
    0x200005f1   0x00000001   Data   RW         1191    .data               gsm_mg301.o
    0x200005f2   0x00000002   PAD
    0x200005f4   0x00000004   Data   RW         1194    .data               gsm_mg301.o
    0x200005f8   0x00000004   Data   RW         1195    .data               gsm_mg301.o
    0x200005fc   0x00000001   Data   RW         1241    .data               wifi_esp_07.o
    0x200005fd   0x00000003   PAD
    0x20000600   0x00000010   Data   RW         1243    .data               wifi_esp_07.o
    0x20000610   0x00000004   Data   RW         1245    .data               wifi_esp_07.o
    0x20000614   0x00000004   Data   RW         1246    .data               wifi_esp_07.o
    0x20000618   0x00000008   Data   RW         1311    .data               adc.o
    0x20000620   0x00000190   Data   RW         1353    .data               vk3266.o
    0x200007b0   0x00000008   Data   RW         1375    .data               mcp23x17.o
    0x200007b8   0x00000018   Data   RW         1390    .data               stm32f2xx_eth_lan8720a.o
    0x200007d0   0x00000008   Data   RW         1437    .data               stm32f20x_40x_spi.o
    0x200007d8   0x00000014   Data   RW         1466    .data               system_stm32f2xx.o
    0x200007ec   0x00000010   Data   RW         1748    .data               stm32f2xx_rcc.o
    0x200007fc   0x00000008   Data   RW         1884    .data               cpuusage.o
    0x20000804   0x0000000c   Data   RW         1974    .data               cjson.o
    0x20000810   0x00000004   Data   RW         2006    .data               json_config.o
    0x20000814   0x0000000c   Data   RW         2209    .data               iot_analog_in.o
    0x20000820   0x00000004   Data   RW         2210    .data               iot_analog_in.o
    0x20000824   0x0000000c   Data   RW         2230    .data               iot_digit_in.o
    0x20000830   0x00000004   Data   RW         2231    .data               iot_digit_in.o
    0x20000834   0x00000012   Data   RW         2251    .data               iot_digit_out.o
    0x20000846   0x00000002   PAD
    0x20000848   0x00000004   Data   RW         2278    .data               clock.o
    0x2000084c   0x00000004   Data   RW         2335    .data               idle.o
    0x20000850   0x00000001   Data   RW         2448    .data               irq.o
    0x20000851   0x00000003   PAD
    0x20000854   0x0000000c   Data   RW         2475    .data               kservice.o
    0x20000860   0x00000020   Data   RW         2550    .data               mem.o
    0x20000880   0x00000008   Data   RW         2577    .data               mempool.o
    0x20000888   0x00000014   Data   RW         2608    .data               module.o
    0x2000089c   0x000000b4   Data   RW         2641    .data               object.o
    0x20000950   0x00000018   Data   RW         2663    .data               scheduler.o
    0x20000968   0x00000010   Data   RW         2734    .data               src_timer.o
    0x20000978   0x00000004   Data   RW         2768    .data               cpuport.o
    0x2000097c   0x00000004   Data   RW         2769    .data               cpuport.o
    0x20000980   0x00000004   Data   RW         2770    .data               cpuport.o
    0x20000984   0x00000004   Data   RW         2771    .data               cpuport.o
    0x20000988   0x00000008   Data   RW         2960    .data               dfs_elm.o
    0x20000990   0x0000000c   Data   RW         2990    .data               ff.o
    0x2000099c   0x00000004   Data   RW         3317    .data               shell.o
    0x200009a0   0x00000004   Data   RW         3332    .data               symbol.o
    0x200009a4   0x00000004   Data   RW         3333    .data               symbol.o
    0x200009a8   0x00000004   Data   RW         3334    .data               symbol.o
    0x200009ac   0x00000004   Data   RW         3335    .data               symbol.o
    0x200009b0   0x00000004   Data   RW         3351    .data               cmd.o
    0x200009b4   0x00000008   Data   RW         3415    .data               finsh_compiler.o
    0x200009bc   0x00000040   Data   RW         3453    .data               finsh_error.o
    0x200009fc   0x00000008   Data   RW         3469    .data               finsh_heap.o
    0x20000a04   0x00000004   Data   RW         3551    .data               finsh_var.o
    0x20000a08   0x0000000c   Data   RW         3574    .data               finsh_vm.o
    0x20000a14   0x00000014   Data   RW         3837    .data               netdb.o
    0x20000a28   0x00000008   Data   RW         3920    .data               sockets.o
    0x20000a30   0x0000000c   Data   RW         3970    .data               tcpip.o
    0x20000a3c   0x00000006   Data   RW         4028    .data               sys_arch.o
    0x20000a42   0x00000002   PAD
    0x20000a44   0x00000004   Data   RW         4155    .data               dhcp.o
    0x20000a48   0x00000014   Data   RW         4189    .data               dns.o
    0x20000a5c   0x0000000c   Data   RW         4296    .data               netif.o
    0x20000a68   0x00000001   Data   RW         4339    .data               pbuf.o
    0x20000a69   0x00000003   PAD
    0x20000a6c   0x00000004   Data   RW         4384    .data               raw.o
    0x20000a70   0x00000024   Data   RW         4418    .data               tcp.o
    0x20000a94   0x0000001c   Data   RW         4444    .data               tcp_in.o
    0x20000ab0   0x00000008   Data   RW         4482    .data               timers.o
    0x20000ab8   0x00000008   Data   RW         4526    .data               udp.o
    0x20000ac0   0x00000014   Data   RW         4598    .data               ip.o
    0x20000ad4   0x00000001   Data   RW         4663    .data               etharp.o
    0x20000ad5   0x00000003   PAD
    0x20000ad8   0x00000054   Data   RW         4785    .data               log_trace.o
    0x20000b2c   0x00000004   Data   RW         4823    .data               ymodem.o
    0x20000b30   0x00000004   Data   RW         4858    .data               mc_w.l(rand.o)
    0x20000b34   0x00000004   Data   RW         5272    .data               mc_w.l(mvars.o)
    0x20000b38   0x00000004   Data   RW         5273    .data               mc_w.l(mvars.o)
    0x20000b3c   0x00000004   Data   RW         5277    .data               mc_w.l(errno.o)
    0x20000b40   0x00000058   Zero   RW          379    .bss                uitd_main.o
    0x20000b98   0x00000030   Zero   RW          440    .bss                uitd_eth.o
    0x20000bc8   0x00000014   Zero   RW          648    .bss                uitd.o
    0x20000bdc   0x000000dc   Zero   RW          649    .bss                uitd.o
    0x20000cb8   0x0000001a   Zero   RW          700    .bss                sys_status.o
    0x20000cd2   0x00000002   PAD
    0x20000cd4   0x00000148   Zero   RW          744    .bss                fire_alarm.o
    0x20000e1c   0x0000002c   Zero   RW          827    .bss                uitd_ble.o
    0x20000e48   0x00000058   Zero   RW          892    .bss                uitd_wifi.o
    0x20000ea0   0x00000048   Zero   RW          927    .bss                transparent.o
    0x20000ee8   0x00000020   Zero   RW          999    .bss                board.o
    0x20000f08   0x00000240   Zero   RW         1098    .bss                usart.o
    0x20001148   0x00000058   Zero   RW         1119    .bss                rtc.o
    0x200011a0   0x000004b0   Zero   RW         1165    .bss                platform.o
    0x20001650   0x00000104   Zero   RW         1185    .bss                gsm_mg301.o
    0x20001754   0x0000012c   Zero   RW         1238    .bss                wifi_esp_07.o
    0x20001880   0x0000008c   Zero   RW         1274    .bss                spi_flash_w25qxx.o
    0x2000190c   0x00000020   Zero   RW         1295    .bss                timer.o
    0x2000192c   0x00000064   Zero   RW         1310    .bss                adc.o
    0x20001990   0x00000064   Zero   RW         1329    .bss                msd.o
    0x200019f4   0x00000080   Zero   RW         1350    .bss                vk3266.o
    0x20001a74   0x00001904   Zero   RW         1389    .bss                stm32f2xx_eth_lan8720a.o
    0x20003378   0x00000090   Zero   RW         1451    .bss                stm32_i2c.o
    0x20003408   0x0000000a   Zero   RW         2005    .bss                json_config.o
    0x20003412   0x00000002   PAD
    0x20003414   0x000000a0   Zero   RW         2208    .bss                iot_analog_in.o
    0x200034b4   0x00000030   Zero   RW         2229    .bss                iot_digit_in.o
    0x200034e4   0x00000030   Zero   RW         2250    .bss                iot_digit_out.o
    0x20003514   0x00000298   Zero   RW         2333    .bss                idle.o
    0x200037ac   0x00000200   Zero   RW         2473    .bss                kservice.o
    0x200039ac   0x0000002c   Zero   RW         2547    .bss                mem.o
    0x200039d8   0x00000100   Zero   RW         2661    .bss                scheduler.o
    0x20003ad8   0x000001b0   Zero   RW         2824    .bss                dfs.o
    0x20003c88   0x00000124   Zero   RW         2851    .bss                dfs_file.o
    0x20003dac   0x00000050   Zero   RW         3105    .bss                pin.o
    0x20003dfc   0x00001098   Zero   RW         3315    .bss                shell.o
    0x20004e94   0x00000080   Zero   RW         3468    .bss                finsh_heap.o
    0x20004f14   0x00000140   Zero   RW         3502    .bss                finsh_node.o
    0x20005054   0x000000c0   Zero   RW         3550    .bss                finsh_var.o
    0x20005114   0x00000180   Zero   RW         3573    .bss                finsh_vm.o
    0x20005294   0x00000014   Zero   RW         3836    .bss                netdb.o
    0x200052a8   0x00000060   Zero   RW         3918    .bss                sockets.o
    0x20005308   0x00000032   Zero   RW         4153    .bss                dhcp.o
    0x2000533a   0x00000002   PAD
    0x2000533c   0x00000663   Zero   RW         4188    .bss                dns.o
    0x2000599f   0x00000001   PAD
    0x200059a0   0x00000010   Zero   RW         4443    .bss                tcp_in.o
    0x200059b0   0x00000010   Zero   RW         4626    .bss                ip_addr.o
    0x200059c0   0x000000c8   Zero   RW         4660    .bss                etharp.o
    0x20005a88   0x000005c8   Zero   RW         4689    .bss                ethernetif.o
    0x20006050   0x00000054   Zero   RW         4765    .bss                log_file.o
    0x200060a4   0x00000250   Zero   RW         4783    .bss                log_trace.o
    0x200062f4   0x0000002c   Zero   RW         5263    .bss                mc_w.l(localtime_w.o)
    0x20006320   0x0000001a   Zero   RW         5269    .bss                mc_w.l(asctime.o)
    0x2000633a   0x00000006   PAD
    0x20006340   0x00000200   Zero   RW         1858    HEAP                startup_stm32f2xx.o
    0x20006540   0x00000400   Zero   RW         1857    STACK               startup_stm32f2xx.o


==============================================================================

Image component sizes


      Code (inc. data)   RO Data    RW Data    ZI Data      Debug   Object Name

      3020        282          0          8        100       6232   adc.o
      2812        876          0          0          0      30614   api_lib.o
      5512       1246          0          0          0      31890   api_msg.o
      6996       2510        279          8          0     437990   application.o
       872         54       1437        397         32      30340   board.o
        96         14       1216          0          0       2245   ccsbcs.o
      4624        160          7         12          0      22736   cjson.o
        96          6         53          4          0       2098   clock.o
      3424       1410       1288          4          0      12141   cmd.o
       448        118        138          0          0       3148   completion.o
       236         24          0          0          0        760   context_rvds.o
       440        156          0        126          0       1725   controller.o
      1380        718         19         16          0       4071   cpuport.o
       248         54         14          8          0       1571   cpuusage.o
      1020        102        210          0          0       7732   dataqueue.o
        38          0          0          0          0       1002   def.o
       812        102        435          0          0       7023   device.o
       856        110         81          0        432       9086   dfs.o
      2472        202        257          8          0      18465   dfs_elm.o
      2232        358        143          0        292       9187   dfs_file.o
      1372        254        116          0          0       6284   dfs_fs.o
      1360         48        347          0          0      11102   dfs_posix.o
       768         60        106          0          0       5920   dfs_romfs.o
      5720       1050        140          4         50      22220   dhcp.o
        64         26         24          0          0       1315   dlclose.o
        12          8         16          0          0       1115   dlerror.o
       212         64         22          0          0       1664   dlopen.o
        92         26         20          0          0       1433   dlsym.o
      1608        258          0         20       1635      12823   dns.o
      2992        606         80          1        200      13110   etharp.o
      2416        706        349          0       1480      30715   ethernetif.o
      9532        142        186         12          0      33245   ff.o
      2776        100          0          8          0      10250   finsh_compiler.o
        36          4        243         64          0       1625   finsh_error.o
       448         12          0          8        128       3519   finsh_heap.o
        76          4          0          0          0       1560   finsh_init.o
       352          4          0          0        320       3420   finsh_node.o
      1532         34        196          0          0       8760   finsh_ops.o
      2196         32          0          0          0      11061   finsh_parser.o
      1508         18        126          0          0       6948   finsh_token.o
       368         18          0          4        192       7517   finsh_var.o
       180         20          0         12        384       7106   finsh_vm.o
      4712        954      12642        150        328      21161   fire_alarm.o
       336         26       1180          0          0       2754   gpio.o
      7716       1478        391         34        260      25682   gsm_mg301.o
       972          4         12          0          0       6605   i2c-bit-ops.o
       280         38         19          0          0       2847   i2c_core.o
       316         52         94          0          0       2552   i2c_dev.o
       888        352          0          0          0       2655   icmp.o
       360         68         22          4        664       3135   idle.o
       500         18         70          0          0       3569   inet_chksum.o
        34          0          0          0          0      14616   init.o
       448        110        274          0          0       4205   init_rc.o
      1112        146          0         16        160       6189   iot_analog_in.o
       720         58          0         16         48       3973   iot_digit_in.o
      1136         68        176         18         48       6233   iot_digit_out.o
       852        136          0         20          0      11758   ip.o
       580         26         74          0         16       9747   ip_addr.o
      5244        290       1304          0          0      27617   ipc.o
        56          6        147          1          0       2251   irq.o
     12920       2638       2079          4         10      73451   json_config.o
      2196        220        871         12        512      16819   kservice.o
       304         30         54          0         84       3365   log_file.o
      1412        232        442         84        592       8804   log_trace.o
       512         66         35          8          0       4393   mcp23x17.o
      1780        488        429         32         44       6165   mem.o
         0          0          0          0          0       1320   memlog.o
         0          0         28          0          0       1237   memp.o
       948         90        183          8          0       6236   mempool.o
       188         14          0          0          0       1993   misc.o
      4924        814        288         20          0      19312   module.o
      4080         82         15          0        100      12915   msd.o
       840        324          0          0          0       4705   netbuf.o
       620        130          0         20         20      10379   netdb.o
       640         96          0         12          0      20117   netif.o
       218          0          0          0          0      10279   netifapi.o
       880        114        128        180          0       6643   object.o
      3468       1158          0          1          0      10655   pbuf.o
       380         62        212          0         80       4048   pin.o
      1044        156        177          0          0       8381   pipe.o
      2160        258          0         72       1200       3783   platform.o
       640        124        194          0          0       5325   portal.o
      1008        258          0        285          0       3441   pro_ctrl.o
       532        182          0         73          0       1581   pro_uitd.o
       504        118          0          4          0       3809   raw.o
       972         34        358          0          0       5794   ringbuffer.o
         0          0        941          0          0       1521   romfs.o
      1496        152        276         64         88       8082   rtc.o
       620        120        155         24        256       5456   scheduler.o
      2468        326          0          0          0       2778   selftest.o
       504        182          0         41          0       1495   sensor_sample.o
      1896        250        211          0          0       8089   serial.o
      1940        248         96          4       4248       5319   shell.o
         0          0          0          0          0       5356   sntp.o
      5964        632         64          8         96      36820   sockets.o
      1372         86        163          0          0       5986   spi_core.o
       488        128        129          0          0       3519   spi_dev.o
      1284        406         39          0        140       7992   spi_flash_w25qxx.o
       960         72        256         16          0       8110   src_timer.o
       184         88          0          0          0       1347   startup.o
        36          8        388          0       1536        900   startup_stm32f2xx.o
       212         20         32          0        144       2021   stm32_i2c.o
       600         28          0          8          0       2969   stm32f20x_40x_spi.o
       928         26          0          0          0      11186   stm32f2xx_adc.o
       836         34          0          0          0       6917   stm32f2xx_dma.o
      5148        258          0         24       6404      40060   stm32f2xx_eth_lan8720a.o
       236         10          0          0          0       2479   stm32f2xx_exti.o
       548         36          0          0          0       4481   stm32f2xx_gpio.o
        88          0          0          0          0       4195   stm32f2xx_it.o
        60          6          0          0          0       1325   stm32f2xx_iwdg.o
       188         14          0          0          0       2284   stm32f2xx_pwr.o
      1080         48          0         16          0      11743   stm32f2xx_rcc.o
      2284         30          0          0          0      12813   stm32f2xx_rtc.o
       764         22          0          0          0       7044   stm32f2xx_spi.o
       112         16          0          0          0       1587   stm32f2xx_syscfg.o
      2754         60          0          0          0      24804   stm32f2xx_tim.o
       948         24          0          0          0       8512   stm32f2xx_usart.o
       672         12       1792          0          0       3011   sw_crc.o
         0          0          0         16          0       4333   symbol.o
      1728        328       1015          6          0      18114   sys_arch.o
      1396        420       1506          1          0      32092   sys_misc.o
      2132         54          0         13         26       6469   sys_status.o
       368         40          0         20          0       1999   system_stm32f2xx.o
      4380       1010        201         36          0      23408   tcp.o
      5764        892          0         28         16      17099   tcp_in.o
      4034        846         85          0          0      10631   tcp_out.o
       920        166          0         12          0      22349   tcpip.o
      1372        172        491          0          0      10124   thread.o
       572         40          0          0         32       1848   timer.o
       652        160          0          8          0       4939   timers.o
       712        224        133          0          0       4716   tofile.o
      1604        312          0         18         72      21221   transparent.o
      1240        178          0          8          0      15213   udp.o
     19796       2996       2232         43        240      76625   uitd.o
       712         88          0         27         44       6474   uitd_ble.o
      4676        796        206         49         48      34665   uitd_eth.o
      3828        706        338         23         88      16246   uitd_main.o
      3328        706         67         23         88       8868   uitd_wifi.o
      2182        136        136         48        576      25799   usart.o
      1248        200        165        400        128       8189   vk3266.o
      4328        844        139         25        300      17233   wifi_esp_07.o
      1044         46        531          4          0       5727   ymodem.o

    ----------------------------------------------------------------------
    247384      38216      41320       2864      23988    1899849   Object Totals
         0          0         32          0          0          0   (incl. Generated)
        12          0         55         53          7          0   (incl. Padding)

    ----------------------------------------------------------------------

      Code (inc. data)   RO Data    RW Data    ZI Data      Debug   Library Member Name

        62         10          0          0          0        340   dunder.o
       220         16          0          0          0         84   floor.o
        40          0          0          0          0         68   fpclassify.o
       170          0          0          0          0         96   poly.o
      2520        190        136          0          0        324   pow.o
         0          0          8          0          0          0   qnan.o
        76          0          0          0          0         84   sqrt.o
        56          8          0          0          0         84   __0sscanf.o
        86          0          0          0          0          0   __dczerorl2.o
        28          0          0          0          0         68   _chval.o
       812          4          0          0          0        112   _scanf.o
       332          0          0          0          0         96   _scanf_int.o
       342          0          0          0          0        100   _scanf_longlong.o
       224          0          0          0          0         96   _scanf_str.o
        64          0          0          0          0         84   _sgetc.o
       158          0          0          0          0         92   _strtoul.o
       188         16         57          0         26         88   asctime.o
        26          0          0          0          0         80   atoi.o
        14          0          0          0          0         80   ctime.o
         8          4        133          0          0         68   ctype_o.o
         0          0          0          0          0          0   entry.o
         0          0          0          0          0          0   entry10a.o
         0          0          0          0          0          0   entry11a.o
         8          4          0          0          0          0   entry2.o
         4          0          0          0          0          0   entry5.o
         0          0          0          0          0          0   entry7b.o
         0          0          0          0          0          0   entry8b.o
         8          4          0          0          0          0   entry9a.o
        20         10          0          4          0        136   errno.o
        30          0          0          0          0          0   handlers.o
        36          8          0          0          0         68   init.o
        18          0          0          0          0         76   isspace_o.o
         0          0          0          0          0          0   iusefp.o
        30          0          0          0          0         68   llshl.o
        36          0          0          0          0         68   llsshr.o
        32          0          0          0          0         68   llushr.o
       140          6         12          0          0         76   localtime_i.o
        12          6          0          0         44         68   localtime_w.o
       188         20          0          0          0        160   malloc.o
        26          0          0          0          0         80   memcmp.o
        36          0          0          0          0         68   memcpya.o
        36          0          0          0          0        108   memseta.o
       168         18         12          0          0         80   mktime.o
         0          0          0          8          0          0   mvars.o
      2244         86          0          0          0        512   printfa.o
        36         10          0          4          0        136   rand.o
        40          8          0          0          0         84   scanf_char.o
       838         12          0          0          0        216   scanf_fp.o
        56          8          0          0          0         84   sscanf.o
        24          0          0          0          0         68   strcat.o
        20          0          0          0          0         68   strchr.o
        28          0          0          0          0         76   strcmp.o
        18          0          0          0          0         68   strcpy.o
        14          0          0          0          0         68   strlen.o
        30          0          0          0          0         80   strncmp.o
        24          0          0          0          0         76   strncpy.o
        32          0          0          0          0         68   strrchr.o
        36          0          0          0          0         80   strstr.o
       112          0          0          0          0         88   strtol.o
        12          0          0          0          0         68   tolower.o
        44          0          0          0          0         80   uidiv.o
        98          0          0          0          0         92   uldiv.o
        48          0          0          0          0         68   cdcmple.o
        48          0          0          0          0         68   cdrcmple.o
        56          0          0          0          0         88   d2f.o
       334          0          0          0          0        148   dadd.o
       222          0          0          0          0        100   ddiv.o
       186          0          0          0          0        176   depilogue.o
        62          0          0          0          0         80   dfixi.o
        48          0          0          0          0         68   dfixul.o
        34          0          0          0          0         76   dflti.o
        26          0          0          0          0         76   dfltui.o
        24          0          0          0          0         76   dfltul.o
       228          0          0          0          0         96   dmul.o
        46          0          0          0          0         80   dscalb.o
       162          0          0          0          0        100   dsqrt.o
        38          0          0          0          0         68   f2d.o
       110          0          0          0          0        168   fepilogue.o

    ----------------------------------------------------------------------
     11652        448        364         16         76       6716   Library Totals
        20          0          6          0          6          0   (incl. Padding)

    ----------------------------------------------------------------------

      Code (inc. data)   RO Data    RW Data    ZI Data      Debug   Library Name

      3088        216        144          0          0        996   m_ws.l
      6872        232        214         16         70       4184   mc_w.l
      1672          0          0          0          0       1536   mf_w.l

    ----------------------------------------------------------------------
     11652        448        364         16         76       6716   Library Totals

    ----------------------------------------------------------------------

==============================================================================


      Code (inc. data)   RO Data    RW Data    ZI Data      Debug   

    259036      38664      41684       2880      24064    1889741   Grand Totals
    259036      38664      41684        616      24064    1889741   ELF Image Totals (compressed)
    259036      38664      41684        616          0          0   ROM Totals

==============================================================================

    Total RO  Size (Code + RO Data)               300720 ( 293.67kB)
    Total RW  Size (RW Data + ZI Data)             26944 (  26.31kB)
    Total ROM Size (Code + RO Data + RW Data)     301336 ( 294.27kB)

==============================================================================

