<html>
<body>
<pre>
<h1>µVision Build Log</h1>
<h2>Tool Versions:</h2>
IDE-Version: ¦ÌVision V5.17.0.0
Copyright (C) 2015 ARM Ltd and ARM Germany GmbH. All rights reserved.
License Information: bao Microsoft, Microsoft, LIC=7YKNN-Y52DQ-NRDXL-0NA71-ZXPRQ-9KU0R
 
Tool Versions:
Toolchain:       MDK-ARM Professional  Version: 5.17
Toolchain Path:  d:\Keil_v5\ARM\ARMCC\Bin
C Compiler:      Armcc.exe V5.06 update 1 (build 61)
Assembler:       Armasm.exe V5.06 update 1 (build 61)
Linker/Locator:  ArmLink.exe V5.06 update 1 (build 61)
Library Manager: ArmAr.exe V5.06 update 1 (build 61)
Hex Converter:   FromElf.exe V5.06 update 1 (build 61)
CPU DLL:         SARMCM3.DLL V5.17
Dialog DLL:      DARMSTM.DLL V1.65.0.0
Target DLL:      Segger\JL2CM3.dll V2.99.16.0
Dialog DLL:      TARMSTM.DLL V1.64.0.0
 
<h2>Project:</h2>
E:\SZJS\RTT_2_1_0\bsp\stm32f20x\project.uvprojx
Project File Date:  04/24/2016

<h2>Output:</h2>
*** Using Compiler 'V5.06 update 1 (build 61)', folder: 'd:\Keil_v5\ARM\ARMCC\Bin'
Rebuild target 'RT-Thread STM32'
compiling application.c...
compiling startup.c...
applications\startup.c(108): warning:  #223-D: function "rt_hw_rtc_init" declared implicitly
  	rt_hw_rtc_init();
applications\startup.c: 1 warning, 0 errors
compiling 24LCxx.c...
Drivers\i2c.h(143): warning:  #1295-D: Deprecated declaration I2C1_INIT - give arg types
  void I2C1_INIT();
Drivers\i2c.h(147): warning:  #1-D: last line of file ends without a newline
  #endif
Drivers\24LCxx.c(62): warning:  #177-D: variable "NumOfPage" was declared but never referenced
  	uint8_t NumOfPage = 0, NumOfSingle = 0;
Drivers\24LCxx.c(62): warning:  #177-D: variable "NumOfSingle" was declared but never referenced
  	uint8_t NumOfPage = 0, NumOfSingle = 0;
Drivers\24LCxx.c(100): warning:  #68-D: integer conversion resulted in a change of sign
  		return -1;
Drivers\24LCxx.c(108): warning:  #68-D: integer conversion resulted in a change of sign
  		return -1;
Drivers\24LCxx.c: 6 warnings, 0 errors
compiling board.c...
compiling i2c.c...
Drivers\i2c.h(143): warning:  #1295-D: Deprecated declaration I2C1_INIT - give arg types
  void I2C1_INIT();
Drivers\i2c.h(147): warning:  #1-D: last line of file ends without a newline
  #endif
Drivers\i2c.c(81): warning:  #550-D: variable "tmp" was set but never used
      uint16_t tmp;
Drivers\i2c.c(119): warning:  #177-D: variable "i" was declared but never referenced
  	int i=10;
Drivers\i2c.c(397): warning:  #188-D: enumerated type mixed with another type
  	ret = rt_mutex_take(i2c_mux, 
T_WAITING_FOREVER );
Drivers\i2c.c(426): warning:  #167-D: argument of type "uint32_t *" is incompatible with parameter of type "rt_uint32_t *"
  		if( rt_event_recv( &i2c_event, 
T_EVENT_FLAG_AND | 
T_EVENT_FLAG_CLEAR, 
T_WAITING_FOREVER, &ev ) != RT_EOK ) {ret = Error; goto i2cError;}
Drivers\i2c.c(393): warning:  #550-D: variable "temp" was set but never used
      uint16_t temp, temp2;
Drivers\i2c.c(393): warning:  #177-D: variable "temp2" was declared but never referenced
      uint16_t temp, temp2;
Drivers\i2c.c(394): warning:  #177-D: variable "call_cnt" was declared but never referenced
  	static uint32_t call_cnt = 0, i;
Drivers\i2c.c(394): warning:  #177-D: variable "i" was declared but never referenced
  	static uint32_t call_cnt = 0, i;
Drivers\i2c.c(57): warning:  #177-D: variable "i2cPhase" was declared but never referenced
  static uint8_t* i2c_buf, *MemAddr, i2cStatus, i2cFlag, i2cPhase, memtype, i2c1_init_flag = 0;
Drivers\i2c.c: 11 warnings, 0 errors
compiling FM25Lx.c...
Drivers\FM25Lx.h(43): warning:  #1-D: last line of file ends without a newline
  #endif
Drivers\FM25Lx.c(132): warning:  #68-D: integer conversion resulted in a change of sign
  			return -1;
Drivers\FM25Lx.c(168): warning:  #68-D: integer conversion resulted in a change of sign
  			return -1;
Drivers\FM25Lx.c(186): warning:  #177-D: variable "i" was declared but never referenced
  	char i;
Drivers\FM25Lx.c(292): warning:  #940-D: missing return statement at end of non-void function "fram_test"
  }
Drivers\FM25Lx.c(98): warning:  #177-D: function "fm25_read_status" was declared but never referenced
  static uint8_t fm25_read_status(void)
Drivers\FM25Lx.c: 6 warnings, 0 errors
compiling rtc.c...
compiling serial.c...
compiling stm32f2xx_it.c...
compiling system_stm32f2xx.c...
compiling misc.c...
compiling usart.c...
compiling stm32f2xx_can.c...
compiling stm32f2xx_crc.c...
compiling stm32f2xx_adc.c...
compiling stm32f2xx_cryp_aes.c...
compiling stm32f2xx_cryp.c...
compiling stm32f2xx_cryp_des.c...
compiling stm32f2xx_dac.c...
compiling stm32f2xx_dbgmcu.c...
compiling stm32f2xx_cryp_tdes.c...
compiling stm32f2xx_exti.c...
compiling stm32f2xx_dcmi.c...
compiling stm32f2xx_dma.c...
compiling stm32f2xx_gpio.c...
compiling stm32f2xx_flash.c...
compiling stm32f2xx_fsmc.c...
compiling stm32f2xx_hash.c...
compiling stm32f2xx_hash_md5.c...
compiling stm32f2xx_hash_sha1.c...
compiling stm32f2xx_i2c.c...
compiling stm32f2xx_pwr.c...
compiling stm32f2xx_iwdg.c...
compiling stm32f2xx_rcc.c...
compiling stm32f2xx_rtc.c...
compiling stm32f2xx_rng.c...
compiling stm32f2xx_syscfg.c...
compiling stm32f2xx_sdio.c...
compiling stm32f2xx_spi.c...
compiling stm32f2xx_usart.c...
compiling stm32f2xx_wwdg.c...
compiling stm32f2xx_tim.c...
compiling clock.c...
assembling startup_stm32f2xx.s...
compiling device.c...
compiling idle.c...
compiling ipc.c...
compiling irq.c...
compiling mem.c...
compiling kservice.c...
compiling mempool.c...
compiling scheduler.c...
compiling object.c...
compiling cpuport.c...
compiling thread.c...
compiling timer.c...
compiling backtrace.c...
assembling context_rvds.S...
compiling div0.c...
compiling showmem.c...
compiling symbol.c...
compiling shell.c...
compiling cmd.c...
compiling finsh_error.c...
compiling finsh_compiler.c...
compiling finsh_heap.c...
compiling finsh_init.c...
compiling finsh_node.c...
compiling finsh_parser.c...
compiling finsh_ops.c...
compiling finsh_var.c...
compiling finsh_vm.c...
compiling finsh_token.c...
linking...
Program Size: Code=65608 RO-data=5380 RW-data=576 ZI-data=6192  
After Build - User command #1: fromelf --bin .\build\rtthread-stm32.axf --output rtthread.bin
".\build\rtthread-stm32.axf" - 0 Error(s), 24 Warning(s).

<h2>Collection of Component include folders:</h2>
  E:\SZJS\RTT_2_1_0\bsp\stm32f20x\RTE
  d:\Keil_v5\ARM\PACK\Keil\STM32F2xx_DFP\2.7.0\Drivers\CMSIS\Device\ST\STM32F2xx\Include

<h2>Collection of Component Files used:</h2>
Build Time Elapsed:  00:00:23
</pre>
</body>
</html>
