<!doctype html public "-//w3c//dtd html 4.0 transitional//en">
<html><head>
<title>Static Call Graph - [.\build\SZJS_gateway.axf]</title></head>
<body><HR>
<H1>Static Call Graph for image .\build\SZJS_gateway.axf</H1><HR>
<BR><P>#&#060CALLGRAPH&#062# ARM Linker, 5060061: Last Updated: Tue Mar 28 20:10:04 2017
<BR><P>
<H3>Maximum Stack Usage =       1728 bytes + Unknown(Cycles, Untraceable Function Pointers)</H3><H3>
Call chain for Maximum Stack Depth:</H3>
rt_ISP_thread_entry &rArr; ISP_otp_ID &rArr; ISP_flash &rArr; ISP_stm32 &rArr; init_bl_exit &rArr; stm32_reset_device &rArr; stm32_run_raw_code &rArr; stm32_write_memory &rArr; stm32_send_command &rArr; stm32_send_command_timeout &rArr; stm32_get_ack_timeout &rArr; rt_time &rArr; rt_device_control &rArr; rt_assert_handler &rArr;  rt_schedule (Cycle)
<P>
<H3>
Mutually Recursive functions
</H3> <LI><a href="#[14a]">rt_device_write</a>&nbsp;&nbsp;&nbsp;&rArr;&nbsp;&nbsp;&nbsp;<a href="#[192]">rt_assert_handler</a><BR>
 <LI><a href="#[334]">rt_module_unload</a>&nbsp;&nbsp;&nbsp;&rArr;&nbsp;&nbsp;&nbsp;<a href="#[192]">rt_assert_handler</a><BR>
 <LI><a href="#[326]">rt_object_is_systemobject</a>&nbsp;&nbsp;&nbsp;&rArr;&nbsp;&nbsp;&nbsp;<a href="#[192]">rt_assert_handler</a><BR>
 <LI><a href="#[19f]">rt_exit_critical</a>&nbsp;&nbsp;&nbsp;&rArr;&nbsp;&nbsp;&nbsp;<a href="#[32f]">rt_schedule</a><BR>
 <LI><a href="#[1a4]">rt_thread_detach</a>&nbsp;&nbsp;&nbsp;&rArr;&nbsp;&nbsp;&nbsp;<a href="#[192]">rt_assert_handler</a><BR>
 <LI><a href="#[322]">rt_object_detach</a>&nbsp;&nbsp;&nbsp;&rArr;&nbsp;&nbsp;&nbsp;<a href="#[192]">rt_assert_handler</a><BR>
 <LI><a href="#[34d]">rt_schedule_remove_thread</a>&nbsp;&nbsp;&nbsp;&rArr;&nbsp;&nbsp;&nbsp;<a href="#[192]">rt_assert_handler</a><BR>
 <LI><a href="#[1af]">rt_timer_detach</a>&nbsp;&nbsp;&nbsp;&rArr;&nbsp;&nbsp;&nbsp;<a href="#[192]">rt_assert_handler</a><BR>
 <LI><a href="#[1a6]">rt_thread_delete</a>&nbsp;&nbsp;&nbsp;&rArr;&nbsp;&nbsp;&nbsp;<a href="#[192]">rt_assert_handler</a><BR>
 <LI><a href="#[192]">rt_assert_handler</a>&nbsp;&nbsp;&nbsp;&rArr;&nbsp;&nbsp;&nbsp;<a href="#[32f]">rt_schedule</a><BR>
 <LI><a href="#[2b5]">print_array</a>&nbsp;&nbsp;&nbsp;&rArr;&nbsp;&nbsp;&nbsp;<a href="#[2b4]">print_value</a><BR>
 <LI><a href="#[2b3]">print_object</a>&nbsp;&nbsp;&nbsp;&rArr;&nbsp;&nbsp;&nbsp;<a href="#[2b4]">print_value</a><BR>
 <LI><a href="#[29a]">cJSON_Delete</a>&nbsp;&nbsp;&nbsp;&rArr;&nbsp;&nbsp;&nbsp;<a href="#[29a]">cJSON_Delete</a><BR>
 <LI><a href="#[2af]">parse_array</a>&nbsp;&nbsp;&nbsp;&rArr;&nbsp;&nbsp;&nbsp;<a href="#[2ae]">parse_value</a><BR>
 <LI><a href="#[2ac]">parse_object</a>&nbsp;&nbsp;&nbsp;&rArr;&nbsp;&nbsp;&nbsp;<a href="#[2ae]">parse_value</a><BR>
 <LI><a href="#[408]">proc_assign_expr</a>&nbsp;&nbsp;&nbsp;&rArr;&nbsp;&nbsp;&nbsp;<a href="#[408]">proc_assign_expr</a><BR>
 <LI><a href="#[40f]">proc_cast_expr</a>&nbsp;&nbsp;&nbsp;&rArr;&nbsp;&nbsp;&nbsp;<a href="#[40f]">proc_cast_expr</a><BR>
 <LI><a href="#[40e]">proc_unary_expr</a>&nbsp;&nbsp;&nbsp;&rArr;&nbsp;&nbsp;&nbsp;<a href="#[40f]">proc_cast_expr</a><BR>
 <LI><a href="#[40c]">proc_primary_expr</a>&nbsp;&nbsp;&nbsp;&rArr;&nbsp;&nbsp;&nbsp;<a href="#[40a]">proc_expr</a><BR>
 <LI><a href="#[407]">proc_param_list</a>&nbsp;&nbsp;&nbsp;&rArr;&nbsp;&nbsp;&nbsp;<a href="#[408]">proc_assign_expr</a><BR>
 <LI><a href="#[3ed]">finsh_type_check</a>&nbsp;&nbsp;&nbsp;&rArr;&nbsp;&nbsp;&nbsp;<a href="#[3ed]">finsh_type_check</a><BR>
 <LI><a href="#[3eb]">finsh_compile</a>&nbsp;&nbsp;&nbsp;&rArr;&nbsp;&nbsp;&nbsp;<a href="#[3eb]">finsh_compile</a><BR>
 <LI><a href="#[36b]">copydir</a>&nbsp;&nbsp;&nbsp;&rArr;&nbsp;&nbsp;&nbsp;<a href="#[36b]">copydir</a><BR>
 <LI><a href="#[32]">ADC_IRQHandler</a>&nbsp;&nbsp;&nbsp;&rArr;&nbsp;&nbsp;&nbsp;<a href="#[32]">ADC_IRQHandler</a><BR>
</UL>
<P>
<H3>
Function Pointers
</H3><UL>
 <LI><a href="#[32]">ADC_IRQHandler</a> from startup_stm32f2xx.o(.text) referenced from startup_stm32f2xx.o(RESET)
 <LI><a href="#[1a]">BusFault_Handler</a> from stm32f2xx_it.o(.text) referenced from startup_stm32f2xx.o(RESET)
 <LI><a href="#[34]">CAN1_RX0_IRQHandler</a> from startup_stm32f2xx.o(.text) referenced from startup_stm32f2xx.o(RESET)
 <LI><a href="#[35]">CAN1_RX1_IRQHandler</a> from startup_stm32f2xx.o(.text) referenced from startup_stm32f2xx.o(RESET)
 <LI><a href="#[36]">CAN1_SCE_IRQHandler</a> from startup_stm32f2xx.o(.text) referenced from startup_stm32f2xx.o(RESET)
 <LI><a href="#[33]">CAN1_TX_IRQHandler</a> from startup_stm32f2xx.o(.text) referenced from startup_stm32f2xx.o(RESET)
 <LI><a href="#[60]">CAN2_RX0_IRQHandler</a> from startup_stm32f2xx.o(.text) referenced from startup_stm32f2xx.o(RESET)
 <LI><a href="#[61]">CAN2_RX1_IRQHandler</a> from startup_stm32f2xx.o(.text) referenced from startup_stm32f2xx.o(RESET)
 <LI><a href="#[62]">CAN2_SCE_IRQHandler</a> from startup_stm32f2xx.o(.text) referenced from startup_stm32f2xx.o(RESET)
 <LI><a href="#[5f]">CAN2_TX_IRQHandler</a> from startup_stm32f2xx.o(.text) referenced from startup_stm32f2xx.o(RESET)
 <LI><a href="#[6f]">CRYP_IRQHandler</a> from startup_stm32f2xx.o(.text) referenced from startup_stm32f2xx.o(RESET)
 <LI><a href="#[6e]">DCMI_IRQHandler</a> from startup_stm32f2xx.o(.text) referenced from startup_stm32f2xx.o(RESET)
 <LI><a href="#[2b]">DMA1_Stream0_IRQHandler</a> from startup_stm32f2xx.o(.text) referenced from startup_stm32f2xx.o(RESET)
 <LI><a href="#[2c]">DMA1_Stream1_IRQHandler</a> from startup_stm32f2xx.o(.text) referenced from startup_stm32f2xx.o(RESET)
 <LI><a href="#[2d]">DMA1_Stream2_IRQHandler</a> from startup_stm32f2xx.o(.text) referenced from startup_stm32f2xx.o(RESET)
 <LI><a href="#[2e]">DMA1_Stream3_IRQHandler</a> from startup_stm32f2xx.o(.text) referenced from startup_stm32f2xx.o(RESET)
 <LI><a href="#[2f]">DMA1_Stream4_IRQHandler</a> from startup_stm32f2xx.o(.text) referenced from startup_stm32f2xx.o(RESET)
 <LI><a href="#[30]">DMA1_Stream5_IRQHandler</a> from startup_stm32f2xx.o(.text) referenced from startup_stm32f2xx.o(RESET)
 <LI><a href="#[31]">DMA1_Stream6_IRQHandler</a> from startup_stm32f2xx.o(.text) referenced from startup_stm32f2xx.o(RESET)
 <LI><a href="#[4f]">DMA1_Stream7_IRQHandler</a> from startup_stm32f2xx.o(.text) referenced from startup_stm32f2xx.o(RESET)
 <LI><a href="#[58]">DMA2_Stream0_IRQHandler</a> from startup_stm32f2xx.o(.text) referenced from startup_stm32f2xx.o(RESET)
 <LI><a href="#[59]">DMA2_Stream1_IRQHandler</a> from startup_stm32f2xx.o(.text) referenced from startup_stm32f2xx.o(RESET)
 <LI><a href="#[5a]">DMA2_Stream2_IRQHandler</a> from startup_stm32f2xx.o(.text) referenced from startup_stm32f2xx.o(RESET)
 <LI><a href="#[5b]">DMA2_Stream3_IRQHandler</a> from startup_stm32f2xx.o(.text) referenced from startup_stm32f2xx.o(RESET)
 <LI><a href="#[5c]">DMA2_Stream4_IRQHandler</a> from startup_stm32f2xx.o(.text) referenced from startup_stm32f2xx.o(RESET)
 <LI><a href="#[64]">DMA2_Stream5_IRQHandler</a> from startup_stm32f2xx.o(.text) referenced from startup_stm32f2xx.o(RESET)
 <LI><a href="#[65]">DMA2_Stream6_IRQHandler</a> from startup_stm32f2xx.o(.text) referenced from startup_stm32f2xx.o(RESET)
 <LI><a href="#[66]">DMA2_Stream7_IRQHandler</a> from startup_stm32f2xx.o(.text) referenced from startup_stm32f2xx.o(RESET)
 <LI><a href="#[1d]">DebugMon_Handler</a> from stm32f2xx_it.o(.text) referenced from startup_stm32f2xx.o(RESET)
 <LI><a href="#[5d]">ETH_IRQHandler</a> from startup_stm32f2xx.o(.text) referenced from startup_stm32f2xx.o(RESET)
 <LI><a href="#[5e]">ETH_WKUP_IRQHandler</a> from startup_stm32f2xx.o(.text) referenced from startup_stm32f2xx.o(RESET)
 <LI><a href="#[26]">EXTI0_IRQHandler</a> from startup_stm32f2xx.o(.text) referenced from startup_stm32f2xx.o(RESET)
 <LI><a href="#[48]">EXTI15_10_IRQHandler</a> from startup_stm32f2xx.o(.text) referenced from startup_stm32f2xx.o(RESET)
 <LI><a href="#[27]">EXTI1_IRQHandler</a> from startup_stm32f2xx.o(.text) referenced from startup_stm32f2xx.o(RESET)
 <LI><a href="#[28]">EXTI2_IRQHandler</a> from startup_stm32f2xx.o(.text) referenced from startup_stm32f2xx.o(RESET)
 <LI><a href="#[29]">EXTI3_IRQHandler</a> from startup_stm32f2xx.o(.text) referenced from startup_stm32f2xx.o(RESET)
 <LI><a href="#[2a]">EXTI4_IRQHandler</a> from startup_stm32f2xx.o(.text) referenced from startup_stm32f2xx.o(RESET)
 <LI><a href="#[37]">EXTI9_5_IRQHandler</a> from startup_stm32f2xx.o(.text) referenced from startup_stm32f2xx.o(RESET)
 <LI><a href="#[24]">FLASH_IRQHandler</a> from startup_stm32f2xx.o(.text) referenced from startup_stm32f2xx.o(RESET)
 <LI><a href="#[50]">FSMC_IRQHandler</a> from startup_stm32f2xx.o(.text) referenced from startup_stm32f2xx.o(RESET)
 <LI><a href="#[70]">HASH_RNG_IRQHandler</a> from startup_stm32f2xx.o(.text) referenced from startup_stm32f2xx.o(RESET)
 <LI><a href="#[18]">HardFault_Handler</a> from context_rvds.o(.text) referenced from startup_stm32f2xx.o(RESET)
 <LI><a href="#[40]">I2C1_ER_IRQHandler</a> from startup_stm32f2xx.o(.text) referenced from startup_stm32f2xx.o(RESET)
 <LI><a href="#[3f]">I2C1_EV_IRQHandler</a> from startup_stm32f2xx.o(.text) referenced from startup_stm32f2xx.o(RESET)
 <LI><a href="#[42]">I2C2_ER_IRQHandler</a> from startup_stm32f2xx.o(.text) referenced from startup_stm32f2xx.o(RESET)
 <LI><a href="#[41]">I2C2_EV_IRQHandler</a> from startup_stm32f2xx.o(.text) referenced from startup_stm32f2xx.o(RESET)
 <LI><a href="#[69]">I2C3_ER_IRQHandler</a> from startup_stm32f2xx.o(.text) referenced from startup_stm32f2xx.o(RESET)
 <LI><a href="#[68]">I2C3_EV_IRQHandler</a> from startup_stm32f2xx.o(.text) referenced from startup_stm32f2xx.o(RESET)
 <LI><a href="#[11d]">ISP_flash</a> from isp_main.o(.text) referenced from isp_main.o(FSymTab)
 <LI><a href="#[11e]">ISP_readprot</a> from isp_main.o(.text) referenced from isp_main.o(FSymTab)
 <LI><a href="#[11f]">ISP_unreadprot</a> from isp_main.o(.text) referenced from isp_main.o(FSymTab)
 <LI><a href="#[19]">MemManage_Handler</a> from stm32f2xx_it.o(.text) referenced from startup_stm32f2xx.o(RESET)
 <LI><a href="#[17]">NMI_Handler</a> from stm32f2xx_it.o(.text) referenced from startup_stm32f2xx.o(RESET)
 <LI><a href="#[cb]">OP_add_byte</a> from finsh_ops.o(.text) referenced from finsh_ops.o(.constdata)
 <LI><a href="#[cd]">OP_add_dword</a> from finsh_ops.o(.text) referenced from finsh_ops.o(.constdata)
 <LI><a href="#[cc]">OP_add_word</a> from finsh_ops.o(.text) referenced from finsh_ops.o(.constdata)
 <LI><a href="#[da]">OP_and_byte</a> from finsh_ops.o(.text) referenced from finsh_ops.o(.constdata)
 <LI><a href="#[dc]">OP_and_dword</a> from finsh_ops.o(.text) referenced from finsh_ops.o(.constdata)
 <LI><a href="#[db]">OP_and_word</a> from finsh_ops.o(.text) referenced from finsh_ops.o(.constdata)
 <LI><a href="#[e3]">OP_bw_byte</a> from finsh_ops.o(.text) referenced from finsh_ops.o(.constdata)
 <LI><a href="#[e5]">OP_bw_dword</a> from finsh_ops.o(.text) referenced from finsh_ops.o(.constdata)
 <LI><a href="#[e4]">OP_bw_word</a> from finsh_ops.o(.text) referenced from finsh_ops.o(.constdata)
 <LI><a href="#[f6]">OP_call</a> from finsh_ops.o(.text) referenced from finsh_ops.o(.constdata)
 <LI><a href="#[d1]">OP_div_byte</a> from finsh_ops.o(.text) referenced from finsh_ops.o(.constdata)
 <LI><a href="#[d3]">OP_div_dword</a> from finsh_ops.o(.text) referenced from finsh_ops.o(.constdata)
 <LI><a href="#[d2]">OP_div_word</a> from finsh_ops.o(.text) referenced from finsh_ops.o(.constdata)
 <LI><a href="#[ec]">OP_ld_byte</a> from finsh_ops.o(.text) referenced from finsh_ops.o(.constdata)
 <LI><a href="#[ee]">OP_ld_dword</a> from finsh_ops.o(.text) referenced from finsh_ops.o(.constdata)
 <LI><a href="#[ef]">OP_ld_value_byte</a> from finsh_ops.o(.text) referenced from finsh_ops.o(.constdata)
 <LI><a href="#[f7]">OP_ld_value_byte_stack</a> from finsh_ops.o(.text) referenced from finsh_ops.o(.constdata)
 <LI><a href="#[f1]">OP_ld_value_dword</a> from finsh_ops.o(.text) referenced from finsh_ops.o(.constdata)
 <LI><a href="#[f9]">OP_ld_value_dword_stack</a> from finsh_ops.o(.text) referenced from finsh_ops.o(.constdata)
 <LI><a href="#[f0]">OP_ld_value_word</a> from finsh_ops.o(.text) referenced from finsh_ops.o(.constdata)
 <LI><a href="#[f8]">OP_ld_value_word_stack</a> from finsh_ops.o(.text) referenced from finsh_ops.o(.constdata)
 <LI><a href="#[ed]">OP_ld_word</a> from finsh_ops.o(.text) referenced from finsh_ops.o(.constdata)
 <LI><a href="#[d4]">OP_mod_byte</a> from finsh_ops.o(.text) referenced from finsh_ops.o(.constdata)
 <LI><a href="#[d6]">OP_mod_dword</a> from finsh_ops.o(.text) referenced from finsh_ops.o(.constdata)
 <LI><a href="#[d5]">OP_mod_word</a> from finsh_ops.o(.text) referenced from finsh_ops.o(.constdata)
 <LI><a href="#[d7]">OP_mul_byte</a> from finsh_ops.o(.text) referenced from finsh_ops.o(.constdata)
 <LI><a href="#[d9]">OP_mul_dword</a> from finsh_ops.o(.text) referenced from finsh_ops.o(.constdata)
 <LI><a href="#[d8]">OP_mul_word</a> from finsh_ops.o(.text) referenced from finsh_ops.o(.constdata)
 <LI><a href="#[ca]">OP_no_op</a> from finsh_ops.o(.text) referenced from finsh_ops.o(.constdata)
 <LI><a href="#[dd]">OP_or_byte</a> from finsh_ops.o(.text) referenced from finsh_ops.o(.constdata)
 <LI><a href="#[df]">OP_or_dword</a> from finsh_ops.o(.text) referenced from finsh_ops.o(.constdata)
 <LI><a href="#[de]">OP_or_word</a> from finsh_ops.o(.text) referenced from finsh_ops.o(.constdata)
 <LI><a href="#[f5]">OP_pop</a> from finsh_ops.o(.text) referenced from finsh_ops.o(.constdata)
 <LI><a href="#[e6]">OP_shl_byte</a> from finsh_ops.o(.text) referenced from finsh_ops.o(.constdata)
 <LI><a href="#[e8]">OP_shl_dword</a> from finsh_ops.o(.text) referenced from finsh_ops.o(.constdata)
 <LI><a href="#[e7]">OP_shl_word</a> from finsh_ops.o(.text) referenced from finsh_ops.o(.constdata)
 <LI><a href="#[e9]">OP_shr_byte</a> from finsh_ops.o(.text) referenced from finsh_ops.o(.constdata)
 <LI><a href="#[eb]">OP_shr_dword</a> from finsh_ops.o(.text) referenced from finsh_ops.o(.constdata)
 <LI><a href="#[ea]">OP_shr_word</a> from finsh_ops.o(.text) referenced from finsh_ops.o(.constdata)
 <LI><a href="#[f2]">OP_st_byte</a> from finsh_ops.o(.text) referenced from finsh_ops.o(.constdata)
 <LI><a href="#[f4]">OP_st_dword</a> from finsh_ops.o(.text) referenced from finsh_ops.o(.constdata)
 <LI><a href="#[f3]">OP_st_word</a> from finsh_ops.o(.text) referenced from finsh_ops.o(.constdata)
 <LI><a href="#[ce]">OP_sub_byte</a> from finsh_ops.o(.text) referenced from finsh_ops.o(.constdata)
 <LI><a href="#[d0]">OP_sub_dword</a> from finsh_ops.o(.text) referenced from finsh_ops.o(.constdata)
 <LI><a href="#[cf]">OP_sub_word</a> from finsh_ops.o(.text) referenced from finsh_ops.o(.constdata)
 <LI><a href="#[e0]">OP_xor_byte</a> from finsh_ops.o(.text) referenced from finsh_ops.o(.constdata)
 <LI><a href="#[e2]">OP_xor_dword</a> from finsh_ops.o(.text) referenced from finsh_ops.o(.constdata)
 <LI><a href="#[e1]">OP_xor_word</a> from finsh_ops.o(.text) referenced from finsh_ops.o(.constdata)
 <LI><a href="#[63]">OTG_FS_IRQHandler</a> from startup_stm32f2xx.o(.text) referenced from startup_stm32f2xx.o(RESET)
 <LI><a href="#[4a]">OTG_FS_WKUP_IRQHandler</a> from startup_stm32f2xx.o(.text) referenced from startup_stm32f2xx.o(RESET)
 <LI><a href="#[6b]">OTG_HS_EP1_IN_IRQHandler</a> from startup_stm32f2xx.o(.text) referenced from startup_stm32f2xx.o(RESET)
 <LI><a href="#[6a]">OTG_HS_EP1_OUT_IRQHandler</a> from startup_stm32f2xx.o(.text) referenced from startup_stm32f2xx.o(RESET)
 <LI><a href="#[6d]">OTG_HS_IRQHandler</a> from startup_stm32f2xx.o(.text) referenced from startup_stm32f2xx.o(RESET)
 <LI><a href="#[6c]">OTG_HS_WKUP_IRQHandler</a> from startup_stm32f2xx.o(.text) referenced from startup_stm32f2xx.o(RESET)
 <LI><a href="#[21]">PVD_IRQHandler</a> from startup_stm32f2xx.o(.text) referenced from startup_stm32f2xx.o(RESET)
 <LI><a href="#[1e]">PendSV_Handler</a> from context_rvds.o(.text) referenced from startup_stm32f2xx.o(RESET)
 <LI><a href="#[25]">RCC_IRQHandler</a> from startup_stm32f2xx.o(.text) referenced from startup_stm32f2xx.o(RESET)
 <LI><a href="#[49]">RTC_Alarm_IRQHandler</a> from startup_stm32f2xx.o(.text) referenced from startup_stm32f2xx.o(RESET)
 <LI><a href="#[23]">RTC_WKUP_IRQHandler</a> from startup_stm32f2xx.o(.text) referenced from startup_stm32f2xx.o(RESET)
 <LI><a href="#[16]">Reset_Handler</a> from startup_stm32f2xx.o(.text) referenced from startup_stm32f2xx.o(RESET)
 <LI><a href="#[51]">SDIO_IRQHandler</a> from startup_stm32f2xx.o(.text) referenced from startup_stm32f2xx.o(RESET)
 <LI><a href="#[43]">SPI1_IRQHandler</a> from startup_stm32f2xx.o(.text) referenced from startup_stm32f2xx.o(RESET)
 <LI><a href="#[44]">SPI2_IRQHandler</a> from startup_stm32f2xx.o(.text) referenced from startup_stm32f2xx.o(RESET)
 <LI><a href="#[53]">SPI3_IRQHandler</a> from startup_stm32f2xx.o(.text) referenced from startup_stm32f2xx.o(RESET)
 <LI><a href="#[1c]">SVC_Handler</a> from stm32f2xx_it.o(.text) referenced from startup_stm32f2xx.o(RESET)
 <LI><a href="#[1f]">SysTick_Handler</a> from board.o(.text) referenced from startup_stm32f2xx.o(RESET)
 <LI><a href="#[84]">SystemInit</a> from system_stm32f2xx.o(.text) referenced from startup_stm32f2xx.o(.text)
 <LI><a href="#[22]">TAMP_STAMP_IRQHandler</a> from startup_stm32f2xx.o(.text) referenced from startup_stm32f2xx.o(RESET)
 <LI><a href="#[38]">TIM1_BRK_TIM9_IRQHandler</a> from startup_stm32f2xx.o(.text) referenced from startup_stm32f2xx.o(RESET)
 <LI><a href="#[3b]">TIM1_CC_IRQHandler</a> from startup_stm32f2xx.o(.text) referenced from startup_stm32f2xx.o(RESET)
 <LI><a href="#[3a]">TIM1_TRG_COM_TIM11_IRQHandler</a> from startup_stm32f2xx.o(.text) referenced from startup_stm32f2xx.o(RESET)
 <LI><a href="#[39]">TIM1_UP_TIM10_IRQHandler</a> from startup_stm32f2xx.o(.text) referenced from startup_stm32f2xx.o(RESET)
 <LI><a href="#[3c]">TIM2_IRQHandler</a> from startup_stm32f2xx.o(.text) referenced from startup_stm32f2xx.o(RESET)
 <LI><a href="#[3d]">TIM3_IRQHandler</a> from startup_stm32f2xx.o(.text) referenced from startup_stm32f2xx.o(RESET)
 <LI><a href="#[3e]">TIM4_IRQHandler</a> from startup_stm32f2xx.o(.text) referenced from startup_stm32f2xx.o(RESET)
 <LI><a href="#[52]">TIM5_IRQHandler</a> from startup_stm32f2xx.o(.text) referenced from startup_stm32f2xx.o(RESET)
 <LI><a href="#[56]">TIM6_DAC_IRQHandler</a> from startup_stm32f2xx.o(.text) referenced from startup_stm32f2xx.o(RESET)
 <LI><a href="#[57]">TIM7_IRQHandler</a> from startup_stm32f2xx.o(.text) referenced from startup_stm32f2xx.o(RESET)
 <LI><a href="#[4b]">TIM8_BRK_TIM12_IRQHandler</a> from startup_stm32f2xx.o(.text) referenced from startup_stm32f2xx.o(RESET)
 <LI><a href="#[4e]">TIM8_CC_IRQHandler</a> from startup_stm32f2xx.o(.text) referenced from startup_stm32f2xx.o(RESET)
 <LI><a href="#[4d]">TIM8_TRG_COM_TIM14_IRQHandler</a> from startup_stm32f2xx.o(.text) referenced from startup_stm32f2xx.o(RESET)
 <LI><a href="#[4c]">TIM8_UP_TIM13_IRQHandler</a> from startup_stm32f2xx.o(.text) referenced from startup_stm32f2xx.o(RESET)
 <LI><a href="#[54]">UART4_IRQHandler</a> from startup_stm32f2xx.o(.text) referenced from startup_stm32f2xx.o(RESET)
 <LI><a href="#[55]">UART5_IRQHandler</a> from usart.o(.text) referenced from startup_stm32f2xx.o(RESET)
 <LI><a href="#[45]">USART1_IRQHandler</a> from usart.o(.text) referenced from startup_stm32f2xx.o(RESET)
 <LI><a href="#[46]">USART2_IRQHandler</a> from usart.o(.text) referenced from startup_stm32f2xx.o(RESET)
 <LI><a href="#[47]">USART3_IRQHandler</a> from usart.o(.text) referenced from startup_stm32f2xx.o(RESET)
 <LI><a href="#[67]">USART6_IRQHandler</a> from startup_stm32f2xx.o(.text) referenced from startup_stm32f2xx.o(RESET)
 <LI><a href="#[1b]">UsageFault_Handler</a> from stm32f2xx_it.o(.text) referenced from startup_stm32f2xx.o(RESET)
 <LI><a href="#[20]">WWDG_IRQHandler</a> from startup_stm32f2xx.o(.text) referenced from startup_stm32f2xx.o(RESET)
 <LI><a href="#[85]">__main</a> from entry.o(.ARM.Collect$$$$00000000) referenced from startup_stm32f2xx.o(.text)
 <LI><a href="#[ac]">_log_control</a> from log_trace.o(.text) referenced from log_trace.o(.text)
 <LI><a href="#[ab]">_log_write</a> from log_trace.o(.text) referenced from log_trace.o(.text)
 <LI><a href="#[8f]">_pin_control</a> from pin.o(.text) referenced from pin.o(.text)
 <LI><a href="#[8d]">_pin_read</a> from pin.o(.text) referenced from pin.o(.text)
 <LI><a href="#[8e]">_pin_write</a> from pin.o(.text) referenced from pin.o(.text)
 <LI><a href="#[a1]">_portal_close</a> from portal.o(.text) referenced from portal.o(.text)
 <LI><a href="#[9f]">_portal_init</a> from portal.o(.text) referenced from portal.o(.text)
 <LI><a href="#[a0]">_portal_open</a> from portal.o(.text) referenced from portal.o(.text)
 <LI><a href="#[a3]">_portal_read</a> from portal.o(.text) referenced from portal.o(.text)
 <LI><a href="#[a5]">_portal_rx_indicate</a> from portal.o(.text) referenced from portal.o(.text)
 <LI><a href="#[a4]">_portal_tx_complete</a> from portal.o(.text) referenced from portal.o(.text)
 <LI><a href="#[a2]">_portal_write</a> from portal.o(.text) referenced from portal.o(.text)
 <LI><a href="#[17b]">_rt_errno</a> from kservice.o(.text) referenced from kservice.o(RTMSymTab)
 <LI><a href="#[88]">_rym_bg</a> from tofile.o(.text) referenced from tofile.o(.text)
 <LI><a href="#[86]">_rym_end</a> from tofile.o(.text) referenced from tofile.o(.text)
 <LI><a href="#[ad]">_rym_rx_ind</a> from ymodem.o(.text) referenced from ymodem.o(.text)
 <LI><a href="#[87]">_rym_tof</a> from tofile.o(.text) referenced from tofile.o(.text)
 <LI><a href="#[af]">_sbackspace</a> from _sgetc.o(.text) referenced from __0sscanf.o(.text)
 <LI><a href="#[b0]">_scanf_char_input</a> from scanf_char.o(.text) referenced from scanf_char.o(.text)
 <LI><a href="#[ae]">_sgetc</a> from _sgetc.o(.text) referenced from __0sscanf.o(.text)
 <LI><a href="#[b2]">_snputc</a> from printfa.o(i._snputc) referenced from printfa.o(i.__0snprintf)
 <LI><a href="#[98]">_spi_bus_device_control</a> from spi_dev.o(.text) referenced from spi_dev.o(.text)
 <LI><a href="#[96]">_spi_bus_device_read</a> from spi_dev.o(.text) referenced from spi_dev.o(.text)
 <LI><a href="#[97]">_spi_bus_device_write</a> from spi_dev.o(.text) referenced from spi_dev.o(.text)
 <LI><a href="#[9b]">_spidev_device_control</a> from spi_dev.o(.text) referenced from spi_dev.o(.text)
 <LI><a href="#[99]">_spidev_device_read</a> from spi_dev.o(.text) referenced from spi_dev.o(.text)
 <LI><a href="#[9a]">_spidev_device_write</a> from spi_dev.o(.text) referenced from spi_dev.o(.text)
 <LI><a href="#[b3]">_sputc</a> from printfa.o(i._sputc) referenced from printfa.o(i.__0sprintf)
 <LI><a href="#[10c]">append</a> from sys_misc.o(.text) referenced from sys_misc.o(FSymTab)
 <LI><a href="#[c]">binary_close</a> from binary.o(.text) referenced 2 times from binary.o(.data)
 <LI><a href="#[a]">binary_init</a> from binary.o(.text) referenced 2 times from binary.o(.data)
 <LI><a href="#[b]">binary_open</a> from binary.o(.text) referenced 2 times from binary.o(.data)
 <LI><a href="#[e]">binary_read</a> from binary.o(.text) referenced 2 times from binary.o(.data)
 <LI><a href="#[d]">binary_size</a> from binary.o(.text) referenced 2 times from binary.o(.data)
 <LI><a href="#[f]">binary_write</a> from binary.o(.text) referenced 2 times from binary.o(.data)
 <LI><a href="#[125]">cat</a> from dfs_file.o(.text) referenced from dfs_file.o(FSymTab)
 <LI><a href="#[109]">cat_bin</a> from sys_misc.o(.text) referenced from sys_misc.o(FSymTab)
 <LI><a href="#[10a]">cat_flash</a> from sys_misc.o(.text) referenced from sys_misc.o(FSymTab)
 <LI><a href="#[1b8]">close</a> from dfs_posix.o(.text) referenced from dfs_posix.o(RTMSymTab)
 <LI><a href="#[1c9]">closedir</a> from dfs_posix.o(.text) referenced from dfs_posix.o(RTMSymTab)
 <LI><a href="#[1e8]">com_bus_rx_ind</a> from application.o(.text) referenced from application.o(.text)
 <LI><a href="#[1fa]">com_bus_tx_complete</a> from application.o(.text) referenced from application.o(.text)
 <LI><a href="#[0]">configure</a> from stm32f20x_40x_spi.o(.text) referenced 2 times from stm32f20x_40x_spi.o(.data)
 <LI><a href="#[126]">copy</a> from dfs_file.o(.text) referenced from dfs_file.o(FSymTab)
 <LI><a href="#[128]">df</a> from dfs_fs.o(.text) referenced from dfs_fs.o(FSymTab)
 <LI><a href="#[c0]">dfs_elm_close</a> from dfs_elm.o(.text) referenced from dfs_elm.o(.constdata)
 <LI><a href="#[c4]">dfs_elm_flush</a> from dfs_elm.o(.text) referenced from dfs_elm.o(.constdata)
 <LI><a href="#[c6]">dfs_elm_getdents</a> from dfs_elm.o(.text) referenced from dfs_elm.o(.constdata)
 <LI><a href="#[c1]">dfs_elm_ioctl</a> from dfs_elm.o(.text) referenced from dfs_elm.o(.constdata)
 <LI><a href="#[c5]">dfs_elm_lseek</a> from dfs_elm.o(.text) referenced from dfs_elm.o(.constdata)
 <LI><a href="#[bd]">dfs_elm_mkfs</a> from dfs_elm.o(.text) referenced from dfs_elm.o(.constdata)
 <LI><a href="#[bb]">dfs_elm_mount</a> from dfs_elm.o(.text) referenced from dfs_elm.o(.constdata)
 <LI><a href="#[bf]">dfs_elm_open</a> from dfs_elm.o(.text) referenced from dfs_elm.o(.constdata)
 <LI><a href="#[c2]">dfs_elm_read</a> from dfs_elm.o(.text) referenced from dfs_elm.o(.constdata)
 <LI><a href="#[c9]">dfs_elm_rename</a> from dfs_elm.o(.text) referenced from dfs_elm.o(.constdata)
 <LI><a href="#[c8]">dfs_elm_stat</a> from dfs_elm.o(.text) referenced from dfs_elm.o(.constdata)
 <LI><a href="#[be]">dfs_elm_statfs</a> from dfs_elm.o(.text) referenced from dfs_elm.o(.constdata)
 <LI><a href="#[c7]">dfs_elm_unlink</a> from dfs_elm.o(.text) referenced from dfs_elm.o(.constdata)
 <LI><a href="#[bc]">dfs_elm_unmount</a> from dfs_elm.o(.text) referenced from dfs_elm.o(.constdata)
 <LI><a href="#[c3]">dfs_elm_write</a> from dfs_elm.o(.text) referenced from dfs_elm.o(.constdata)
 <LI><a href="#[101]">dfs_init</a> from dfs.o(.text) referenced from dfs.o(.rti_fn.3)
 <LI><a href="#[1b6]">dfs_normalize_path</a> from dfs.o(.text) referenced from dfs.o(RTMSymTab)
 <LI><a href="#[1b5]">dfs_subdir</a> from dfs.o(.text) referenced from dfs.o(RTMSymTab)
 <LI><a href="#[1e2]">dlclose</a> from dlclose.o(.text) referenced from dlclose.o(RTMSymTab)
 <LI><a href="#[1e3]">dlerror</a> from dlerror.o(.text) referenced from dlerror.o(RTMSymTab)
 <LI><a href="#[1e4]">dlopen</a> from dlopen.o(.text) referenced from dlopen.o(RTMSymTab)
 <LI><a href="#[1e5]">dlsym</a> from dlsym.o(.text) referenced from dlsym.o(RTMSymTab)
 <LI><a href="#[114]">do_init</a> from init_rc.o(.text) referenced from init_rc.o(FSymTab)
 <LI><a href="#[113]">do_modules</a> from init_rc.o(.text) referenced from init_rc.o(FSymTab)
 <LI><a href="#[103]">elm_init</a> from dfs_elm.o(.text) referenced from dfs_elm.o(.rti_fn.4)
 <LI><a href="#[a8]">fdevice_close</a> from log_file.o(.text) referenced from log_file.o(.text)
 <LI><a href="#[aa]">fdevice_control</a> from log_file.o(.text) referenced from log_file.o(.text)
 <LI><a href="#[a7]">fdevice_open</a> from log_file.o(.text) referenced from log_file.o(.text)
 <LI><a href="#[a9]">fdevice_write</a> from log_file.o(.text) referenced from log_file.o(.text)
 <LI><a href="#[a6]">finsh_rx_ind</a> from shell.o(.text) referenced from shell.o(.text)
 <LI><a href="#[102]">finsh_system_init</a> from shell.o(.text) referenced from shell.o(.rti_fn.3)
 <LI><a href="#[3da]">finsh_thread_entry</a> from shell.o(.text) referenced from shell.o(.text)
 <LI><a href="#[8a]">free</a> from mallocr.o(i.__free$realloc) referenced from cjson.o(.text)
 <LI><a href="#[1bf]">fstat</a> from dfs_posix.o(.text) referenced from dfs_posix.o(RTMSymTab)
 <LI><a href="#[1c0]">fsync</a> from dfs_posix.o(.text) referenced from dfs_posix.o(RTMSymTab)
 <LI><a href="#[1ca]">getcwd</a> from dfs_posix.o(.text) referenced from dfs_posix.o(RTMSymTab)
 <LI><a href="#[10d]">gpio_pin_circle</a> from sys_misc.o(.text) referenced from sys_misc.o(FSymTab)
 <LI><a href="#[12d]">hello</a> from cmd.o(.text) referenced from cmd.o(FSymTab)
 <LI><a href="#[12]">hex_close</a> from hex.o(.text) referenced 2 times from hex.o(.data)
 <LI><a href="#[10]">hex_init</a> from hex.o(.text) referenced 2 times from hex.o(.data)
 <LI><a href="#[11]">hex_open</a> from hex.o(.text) referenced 2 times from hex.o(.data)
 <LI><a href="#[14]">hex_read</a> from hex.o(.text) referenced 2 times from hex.o(.data)
 <LI><a href="#[13]">hex_size</a> from hex.o(.text) referenced 2 times from hex.o(.data)
 <LI><a href="#[15]">hex_write</a> from hex.o(.text) referenced 2 times from hex.o(.data)
 <LI><a href="#[1c1]">ioctl</a> from dfs_posix.o(.text) referenced from dfs_posix.o(RTMSymTab)
 <LI><a href="#[b1]">isspace</a> from isspace_o.o(.text) referenced from scanf_char.o(.text)
 <LI><a href="#[11c]">json_cfg_print_server_ip_port</a> from json_config.o(.text) referenced from json_config.o(FSymTab)
 <LI><a href="#[11b]">json_cfg_print_server_port</a> from json_config.o(.text) referenced from json_config.o(FSymTab)
 <LI><a href="#[11a]">json_cfg_print_svr_use_name</a> from json_config.o(.text) referenced from json_config.o(FSymTab)
 <LI><a href="#[119]">json_cfg_wr_server_ip_port</a> from json_config.o(.text) referenced from json_config.o(FSymTab)
 <LI><a href="#[118]">json_cfg_wr_server_port</a> from json_config.o(.text) referenced from json_config.o(FSymTab)
 <LI><a href="#[117]">json_cfg_wr_svr_use_name</a> from json_config.o(.text) referenced from json_config.o(FSymTab)
 <LI><a href="#[13a]">list</a> from cmd.o(.text) referenced from cmd.o(FSymTab)
 <LI><a href="#[110]">list_date</a> from rtc.o(.text) referenced from rtc.o(FSymTab)
 <LI><a href="#[137]">list_device</a> from cmd.o(.text) referenced from cmd.o(FSymTab)
 <LI><a href="#[131]">list_event</a> from cmd.o(.text) referenced from cmd.o(FSymTab)
 <LI><a href="#[133]">list_mailbox</a> from cmd.o(.text) referenced from cmd.o(FSymTab)
 <LI><a href="#[120]">list_mem</a> from mem.o(.text) referenced from mem.o(FSymTab)
 <LI><a href="#[135]">list_mempool</a> from cmd.o(.text) referenced from cmd.o(FSymTab)
 <LI><a href="#[139]">list_mod_detail</a> from cmd.o(.text) referenced from cmd.o(FSymTab)
 <LI><a href="#[138]">list_module</a> from cmd.o(.text) referenced from cmd.o(FSymTab)
 <LI><a href="#[134]">list_msgqueue</a> from cmd.o(.text) referenced from cmd.o(FSymTab)
 <LI><a href="#[132]">list_mutex</a> from cmd.o(.text) referenced from cmd.o(FSymTab)
 <LI><a href="#[130]">list_sem</a> from cmd.o(.text) referenced from cmd.o(FSymTab)
 <LI><a href="#[121]">list_symbol</a> from module.o(.text) referenced from module.o(FSymTab)
 <LI><a href="#[12f]">list_thread</a> from cmd.o(.text) referenced from cmd.o(FSymTab)
 <LI><a href="#[136]">list_timer</a> from cmd.o(.text) referenced from cmd.o(FSymTab)
 <LI><a href="#[13d]">log_trace</a> from log_trace.o(.text) referenced from log_trace.o(FSymTab)
 <LI><a href="#[13d]">log_trace</a> from log_trace.o(.text) referenced from log_trace.o(RTMSymTab)
 <LI><a href="#[141]">log_trace_close</a> from log_trace.o(.text) referenced from log_trace.o(FSymTab)
 <LI><a href="#[13e]">log_trace_flush</a> from log_trace.o(.text) referenced from log_trace.o(FSymTab)
 <LI><a href="#[13e]">log_trace_flush</a> from log_trace.o(.text) referenced from log_trace.o(RTMSymTab)
 <LI><a href="#[ff]">log_trace_init</a> from log_trace.o(.text) referenced from log_trace.o(.rti_fn.2)
 <LI><a href="#[140]">log_trace_list_date</a> from log_trace.o(.text) referenced from log_trace.o(FSymTab)
 <LI><a href="#[13f]">log_trace_set_device</a> from log_trace.o(.text) referenced from log_trace.o(FSymTab)
 <LI><a href="#[13b]">log_trace_set_file</a> from log_file.o(.text) referenced from log_file.o(FSymTab)
 <LI><a href="#[13c]">log_trace_set_level</a> from log_trace.o(.text) referenced from log_trace.o(FSymTab)
 <LI><a href="#[123]">ls</a> from dfs_file.o(.text) referenced from dfs_file.o(FSymTab)
 <LI><a href="#[1bb]">lseek</a> from dfs_posix.o(.text) referenced from dfs_posix.o(RTMSymTab)
 <LI><a href="#[71]">main</a> from startup.o(.text) referenced from entry9a.o(.ARM.Collect$$$$0000000B)
 <LI><a href="#[89]">malloc</a> from mallocr.o(i.__malloc$realloc) referenced from cjson.o(.text)
 <LI><a href="#[285]">memlog_flush</a> from memlog.o(.text) referenced from memlog.o(.text)
 <LI><a href="#[129]">mkdir</a> from dfs_posix.o(.text) referenced from dfs_posix.o(FSymTab)
 <LI><a href="#[129]">mkdir</a> from dfs_posix.o(.text) referenced from dfs_posix.o(RTMSymTab)
 <LI><a href="#[127]">mkfs</a> from dfs_fs.o(.text) referenced from dfs_fs.o(FSymTab)
 <LI><a href="#[8c]">module_main_entry</a> from module.o(.text) referenced from module.o(.text)
 <LI><a href="#[116]">module_test</a> from init_rc.o(.text) referenced from init_rc.o(FSymTab)
 <LI><a href="#[1b7]">open</a> from dfs_posix.o(.text) referenced from dfs_posix.o(RTMSymTab)
 <LI><a href="#[1c4]">opendir</a> from dfs_posix.o(.text) referenced from dfs_posix.o(RTMSymTab)
 <LI><a href="#[1b9]">read</a> from dfs_posix.o(.text) referenced from dfs_posix.o(RTMSymTab)
 <LI><a href="#[1c5]">readdir</a> from dfs_posix.o(.text) referenced from dfs_posix.o(RTMSymTab)
 <LI><a href="#[1bc]">rename</a> from dfs_posix.o(.text) referenced from dfs_posix.o(RTMSymTab)
 <LI><a href="#[1c8]">rewinddir</a> from dfs_posix.o(.text) referenced from dfs_posix.o(RTMSymTab)
 <LI><a href="#[112]">rf</a> from tofile.o(.text) referenced from tofile.o(FSymTab)
 <LI><a href="#[124]">rm</a> from dfs_file.o(.text) referenced from dfs_file.o(FSymTab)
 <LI><a href="#[1c3]">rmdir</a> from dfs_posix.o(.text) referenced from dfs_posix.o(RTMSymTab)
 <LI><a href="#[1f9]">rt_ISP_thread_entry</a> from application.o(.text) referenced from application.o(.text)
 <LI><a href="#[192]">rt_assert_handler</a> from kservice.o(.text) referenced from kservice.o(RTMSymTab)
 <LI><a href="#[194]">rt_calloc</a> from mem.o(.text) referenced from mem.o(RTMSymTab)
 <LI><a href="#[1cd]">rt_completion_done</a> from completion.o(.text) referenced from completion.o(RTMSymTab)
 <LI><a href="#[1cb]">rt_completion_init</a> from completion.o(.text) referenced from completion.o(RTMSymTab)
 <LI><a href="#[1cc]">rt_completion_wait</a> from completion.o(.text) referenced from completion.o(RTMSymTab)
 <LI><a href="#[18d]">rt_console_close_device</a> from kservice.o(.text) referenced from kservice.o(RTMSymTab)
 <LI><a href="#[18c]">rt_console_get_device</a> from kservice.o(.text) referenced from kservice.o(RTMSymTab)
 <LI><a href="#[18e]">rt_console_set_device</a> from kservice.o(.text) referenced from kservice.o(RTMSymTab)
 <LI><a href="#[1a0]">rt_critical_level</a> from scheduler.o(.text) referenced from scheduler.o(RTMSymTab)
 <LI><a href="#[1ce]">rt_data_queue_init</a> from dataqueue.o(.text) referenced from dataqueue.o(RTMSymTab)
 <LI><a href="#[1d1]">rt_data_queue_peak</a> from dataqueue.o(.text) referenced from dataqueue.o(RTMSymTab)
 <LI><a href="#[1d0]">rt_data_queue_pop</a> from dataqueue.o(.text) referenced from dataqueue.o(RTMSymTab)
 <LI><a href="#[1cf]">rt_data_queue_push</a> from dataqueue.o(.text) referenced from dataqueue.o(RTMSymTab)
 <LI><a href="#[1d2]">rt_data_queue_reset</a> from dataqueue.o(.text) referenced from dataqueue.o(RTMSymTab)
 <LI><a href="#[148]">rt_device_close</a> from device.o(.text) referenced from device.o(RTMSymTab)
 <LI><a href="#[14b]">rt_device_control</a> from device.o(.text) referenced from device.o(RTMSymTab)
 <LI><a href="#[146]">rt_device_find</a> from device.o(.text) referenced from device.o(RTMSymTab)
 <LI><a href="#[147]">rt_device_open</a> from device.o(.text) referenced from device.o(RTMSymTab)
 <LI><a href="#[149]">rt_device_read</a> from device.o(.text) referenced from device.o(RTMSymTab)
 <LI><a href="#[144]">rt_device_register</a> from device.o(.text) referenced from device.o(RTMSymTab)
 <LI><a href="#[14c]">rt_device_set_rx_indicate</a> from device.o(.text) referenced from device.o(RTMSymTab)
 <LI><a href="#[14d]">rt_device_set_tx_complete</a> from device.o(.text) referenced from device.o(RTMSymTab)
 <LI><a href="#[145]">rt_device_unregister</a> from device.o(.text) referenced from device.o(RTMSymTab)
 <LI><a href="#[14a]">rt_device_write</a> from device.o(.text) referenced from device.o(RTMSymTab)
 <LI><a href="#[19e]">rt_enter_critical</a> from scheduler.o(.text) referenced from scheduler.o(RTMSymTab)
 <LI><a href="#[163]">rt_event_control</a> from ipc.o(.text) referenced from ipc.o(RTMSymTab)
 <LI><a href="#[15f]">rt_event_create</a> from ipc.o(.text) referenced from ipc.o(RTMSymTab)
 <LI><a href="#[160]">rt_event_delete</a> from ipc.o(.text) referenced from ipc.o(RTMSymTab)
 <LI><a href="#[15e]">rt_event_detach</a> from ipc.o(.text) referenced from ipc.o(RTMSymTab)
 <LI><a href="#[15d]">rt_event_init</a> from ipc.o(.text) referenced from ipc.o(RTMSymTab)
 <LI><a href="#[162]">rt_event_recv</a> from ipc.o(.text) referenced from ipc.o(RTMSymTab)
 <LI><a href="#[161]">rt_event_send</a> from ipc.o(.text) referenced from ipc.o(RTMSymTab)
 <LI><a href="#[19f]">rt_exit_critical</a> from scheduler.o(.text) referenced from scheduler.o(RTMSymTab)
 <LI><a href="#[3]">rt_free</a> from mem.o(.text) referenced 2 times from cjson.o(.data)
 <LI><a href="#[3]">rt_free</a> from mem.o(.text) referenced from mem.o(RTMSymTab)
 <LI><a href="#[191]">rt_free_align</a> from kservice.o(.text) referenced from kservice.o(RTMSymTab)
 <LI><a href="#[179]">rt_get_errno</a> from kservice.o(.text) referenced from kservice.o(RTMSymTab)
 <LI><a href="#[18f]">rt_hw_console_output</a> from kservice.o(.text) referenced from kservice.o(RTMSymTab)
 <LI><a href="#[177]">rt_hw_interrupt_disable</a> from context_rvds.o(.text) referenced from irq.o(RTMSymTab)
 <LI><a href="#[178]">rt_hw_interrupt_enable</a> from context_rvds.o(.text) referenced from irq.o(RTMSymTab)
 <LI><a href="#[1ee]">rt_init_thread_entry</a> from application.o(.text) referenced from application.o(.text)
 <LI><a href="#[174]">rt_interrupt_enter</a> from irq.o(.text) referenced from irq.o(RTMSymTab)
 <LI><a href="#[176]">rt_interrupt_get_nest</a> from irq.o(.text) referenced from irq.o(RTMSymTab)
 <LI><a href="#[175]">rt_interrupt_leave</a> from irq.o(.text) referenced from irq.o(RTMSymTab)
 <LI><a href="#[115]">rt_kprintf</a> from kservice.o(.text) referenced from init_rc.o(FSymTab)
 <LI><a href="#[115]">rt_kprintf</a> from kservice.o(.text) referenced from kservice.o(RTMSymTab)
 <LI><a href="#[2]">rt_malloc</a> from mem.o(.text) referenced 2 times from cjson.o(.data)
 <LI><a href="#[2]">rt_malloc</a> from mem.o(.text) referenced from mem.o(RTMSymTab)
 <LI><a href="#[190]">rt_malloc_align</a> from kservice.o(.text) referenced from kservice.o(RTMSymTab)
 <LI><a href="#[16b]">rt_mb_control</a> from ipc.o(.text) referenced from ipc.o(RTMSymTab)
 <LI><a href="#[166]">rt_mb_create</a> from ipc.o(.text) referenced from ipc.o(RTMSymTab)
 <LI><a href="#[167]">rt_mb_delete</a> from ipc.o(.text) referenced from ipc.o(RTMSymTab)
 <LI><a href="#[165]">rt_mb_detach</a> from ipc.o(.text) referenced from ipc.o(RTMSymTab)
 <LI><a href="#[164]">rt_mb_init</a> from ipc.o(.text) referenced from ipc.o(RTMSymTab)
 <LI><a href="#[16a]">rt_mb_recv</a> from ipc.o(.text) referenced from ipc.o(RTMSymTab)
 <LI><a href="#[169]">rt_mb_send</a> from ipc.o(.text) referenced from ipc.o(RTMSymTab)
 <LI><a href="#[168]">rt_mb_send_wait</a> from ipc.o(.text) referenced from ipc.o(RTMSymTab)
 <LI><a href="#[17f]">rt_memcmp</a> from kservice.o(.text) referenced from kservice.o(RTMSymTab)
 <LI><a href="#[17d]">rt_memcpy</a> from kservice.o(.text) referenced from kservice.o(RTMSymTab)
 <LI><a href="#[17e]">rt_memmove</a> from kservice.o(.text) referenced from kservice.o(RTMSymTab)
 <LI><a href="#[17c]">rt_memset</a> from kservice.o(.text) referenced from kservice.o(RTMSymTab)
 <LI><a href="#[19c]">rt_module_find</a> from module.o(.text) referenced from module.o(RTMSymTab)
 <LI><a href="#[122]">rt_module_open</a> from module.o(.text) referenced from module.o(FSymTab)
 <LI><a href="#[19b]">rt_module_self</a> from module.o(.text) referenced from module.o(RTMSymTab)
 <LI><a href="#[199]">rt_mp_alloc</a> from mempool.o(.text) referenced from mempool.o(RTMSymTab)
 <LI><a href="#[197]">rt_mp_create</a> from mempool.o(.text) referenced from mempool.o(RTMSymTab)
 <LI><a href="#[198]">rt_mp_delete</a> from mempool.o(.text) referenced from mempool.o(RTMSymTab)
 <LI><a href="#[196]">rt_mp_detach</a> from mempool.o(.text) referenced from mempool.o(RTMSymTab)
 <LI><a href="#[19a]">rt_mp_free</a> from mempool.o(.text) referenced from mempool.o(RTMSymTab)
 <LI><a href="#[195]">rt_mp_init</a> from mempool.o(.text) referenced from mempool.o(RTMSymTab)
 <LI><a href="#[173]">rt_mq_control</a> from ipc.o(.text) referenced from ipc.o(RTMSymTab)
 <LI><a href="#[16e]">rt_mq_create</a> from ipc.o(.text) referenced from ipc.o(RTMSymTab)
 <LI><a href="#[16f]">rt_mq_delete</a> from ipc.o(.text) referenced from ipc.o(RTMSymTab)
 <LI><a href="#[16d]">rt_mq_detach</a> from ipc.o(.text) referenced from ipc.o(RTMSymTab)
 <LI><a href="#[16c]">rt_mq_init</a> from ipc.o(.text) referenced from ipc.o(RTMSymTab)
 <LI><a href="#[172]">rt_mq_recv</a> from ipc.o(.text) referenced from ipc.o(RTMSymTab)
 <LI><a href="#[170]">rt_mq_send</a> from ipc.o(.text) referenced from ipc.o(RTMSymTab)
 <LI><a href="#[171]">rt_mq_urgent</a> from ipc.o(.text) referenced from ipc.o(RTMSymTab)
 <LI><a href="#[82]">rt_msd_close</a> from msd.o(.text) referenced from msd.o(.text)
 <LI><a href="#[83]">rt_msd_control</a> from msd.o(.text) referenced from msd.o(.text)
 <LI><a href="#[80]">rt_msd_init</a> from msd.o(.text) referenced from msd.o(.text)
 <LI><a href="#[81]">rt_msd_open</a> from msd.o(.text) referenced from msd.o(.text)
 <LI><a href="#[7e]">rt_msd_read</a> from msd.o(.text) referenced from msd.o(.text)
 <LI><a href="#[7c]">rt_msd_sdhc_read</a> from msd.o(.text) referenced from msd.o(.text)
 <LI><a href="#[7d]">rt_msd_sdhc_write</a> from msd.o(.text) referenced from msd.o(.text)
 <LI><a href="#[7f]">rt_msd_write</a> from msd.o(.text) referenced from msd.o(.text)
 <LI><a href="#[15c]">rt_mutex_control</a> from ipc.o(.text) referenced from ipc.o(RTMSymTab)
 <LI><a href="#[158]">rt_mutex_create</a> from ipc.o(.text) referenced from ipc.o(RTMSymTab)
 <LI><a href="#[159]">rt_mutex_delete</a> from ipc.o(.text) referenced from ipc.o(RTMSymTab)
 <LI><a href="#[157]">rt_mutex_detach</a> from ipc.o(.text) referenced from ipc.o(RTMSymTab)
 <LI><a href="#[156]">rt_mutex_init</a> from ipc.o(.text) referenced from ipc.o(RTMSymTab)
 <LI><a href="#[15b]">rt_mutex_release</a> from ipc.o(.text) referenced from ipc.o(RTMSymTab)
 <LI><a href="#[15a]">rt_mutex_take</a> from ipc.o(.text) referenced from ipc.o(RTMSymTab)
 <LI><a href="#[19d]">rt_object_get_information</a> from object.o(.text) referenced from object.o(RTMSymTab)
 <LI><a href="#[12a]">rt_pin_mode</a> from pin.o(.text) referenced from pin.o(FSymTab)
 <LI><a href="#[12c]">rt_pin_read</a> from pin.o(.text) referenced from pin.o(FSymTab)
 <LI><a href="#[12b]">rt_pin_write</a> from pin.o(.text) referenced from pin.o(FSymTab)
 <LI><a href="#[9e]">rt_pipe_control</a> from pipe.o(.text) referenced from pipe.o(.text)
 <LI><a href="#[1d5]">rt_pipe_create</a> from pipe.o(.text) referenced from pipe.o(RTMSymTab)
 <LI><a href="#[1d6]">rt_pipe_destroy</a> from pipe.o(.text) referenced from pipe.o(RTMSymTab)
 <LI><a href="#[1d4]">rt_pipe_detach</a> from pipe.o(.text) referenced from pipe.o(RTMSymTab)
 <LI><a href="#[1d3]">rt_pipe_init</a> from pipe.o(.text) referenced from pipe.o(RTMSymTab)
 <LI><a href="#[9c]">rt_pipe_read</a> from pipe.o(.text) referenced from pipe.o(.text)
 <LI><a href="#[9d]">rt_pipe_write</a> from pipe.o(.text) referenced from pipe.o(.text)
 <LI><a href="#[1d9]">rt_portal_create</a> from portal.o(.text) referenced from portal.o(RTMSymTab)
 <LI><a href="#[1da]">rt_portal_destroy</a> from portal.o(.text) referenced from portal.o(RTMSymTab)
 <LI><a href="#[1d8]">rt_portal_detach</a> from portal.o(.text) referenced from portal.o(RTMSymTab)
 <LI><a href="#[1d7]">rt_portal_init</a> from portal.o(.text) referenced from portal.o(RTMSymTab)
 <LI><a href="#[193]">rt_realloc</a> from mem.o(.text) referenced from mem.o(RTMSymTab)
 <LI><a href="#[1de]">rt_ringbuffer_get</a> from ringbuffer.o(.text) referenced from ringbuffer.o(RTMSymTab)
 <LI><a href="#[1e1]">rt_ringbuffer_getchar</a> from ringbuffer.o(.text) referenced from ringbuffer.o(RTMSymTab)
 <LI><a href="#[1db]">rt_ringbuffer_init</a> from ringbuffer.o(.text) referenced from ringbuffer.o(RTMSymTab)
 <LI><a href="#[1dc]">rt_ringbuffer_put</a> from ringbuffer.o(.text) referenced from ringbuffer.o(RTMSymTab)
 <LI><a href="#[1dd]">rt_ringbuffer_put_force</a> from ringbuffer.o(.text) referenced from ringbuffer.o(RTMSymTab)
 <LI><a href="#[1df]">rt_ringbuffer_putchar</a> from ringbuffer.o(.text) referenced from ringbuffer.o(RTMSymTab)
 <LI><a href="#[1e0]">rt_ringbuffer_putchar_force</a> from ringbuffer.o(.text) referenced from ringbuffer.o(RTMSymTab)
 <LI><a href="#[75]">rt_rtc_control</a> from rtc.o(.text) referenced from rtc.o(.text)
 <LI><a href="#[73]">rt_rtc_open</a> from rtc.o(.text) referenced from rtc.o(.text)
 <LI><a href="#[74]">rt_rtc_read</a> from rtc.o(.text) referenced from rtc.o(.text)
 <LI><a href="#[155]">rt_sem_control</a> from ipc.o(.text) referenced from ipc.o(RTMSymTab)
 <LI><a href="#[150]">rt_sem_create</a> from ipc.o(.text) referenced from ipc.o(RTMSymTab)
 <LI><a href="#[151]">rt_sem_delete</a> from ipc.o(.text) referenced from ipc.o(RTMSymTab)
 <LI><a href="#[14f]">rt_sem_detach</a> from ipc.o(.text) referenced from ipc.o(RTMSymTab)
 <LI><a href="#[14e]">rt_sem_init</a> from ipc.o(.text) referenced from ipc.o(RTMSymTab)
 <LI><a href="#[154]">rt_sem_release</a> from ipc.o(.text) referenced from ipc.o(RTMSymTab)
 <LI><a href="#[152]">rt_sem_take</a> from ipc.o(.text) referenced from ipc.o(RTMSymTab)
 <LI><a href="#[153]">rt_sem_trytake</a> from ipc.o(.text) referenced from ipc.o(RTMSymTab)
 <LI><a href="#[92]">rt_serial_close</a> from serial.o(.text) referenced from serial.o(.text)
 <LI><a href="#[95]">rt_serial_control</a> from serial.o(.text) referenced from serial.o(.text)
 <LI><a href="#[90]">rt_serial_init</a> from serial.o(.text) referenced from serial.o(.text)
 <LI><a href="#[91]">rt_serial_open</a> from serial.o(.text) referenced from serial.o(.text)
 <LI><a href="#[93]">rt_serial_read</a> from serial.o(.text) referenced from serial.o(.text)
 <LI><a href="#[94]">rt_serial_write</a> from serial.o(.text) referenced from serial.o(.text)
 <LI><a href="#[17a]">rt_set_errno</a> from kservice.o(.text) referenced from kservice.o(RTMSymTab)
 <LI><a href="#[187]">rt_show_version</a> from kservice.o(.text) referenced from kservice.o(RTMSymTab)
 <LI><a href="#[189]">rt_snprintf</a> from kservice.o(.text) referenced from kservice.o(RTMSymTab)
 <LI><a href="#[18b]">rt_sprintf</a> from kservice.o(.text) referenced from kservice.o(RTMSymTab)
 <LI><a href="#[181]">rt_strcasecmp</a> from kservice.o(.text) referenced from kservice.o(RTMSymTab)
 <LI><a href="#[184]">rt_strcmp</a> from kservice.o(.text) referenced from kservice.o(RTMSymTab)
 <LI><a href="#[186]">rt_strdup</a> from kservice.o(.text) referenced from kservice.o(RTMSymTab)
 <LI><a href="#[185]">rt_strlen</a> from kservice.o(.text) referenced from kservice.o(RTMSymTab)
 <LI><a href="#[183]">rt_strncmp</a> from kservice.o(.text) referenced from kservice.o(RTMSymTab)
 <LI><a href="#[182]">rt_strncpy</a> from kservice.o(.text) referenced from kservice.o(RTMSymTab)
 <LI><a href="#[180]">rt_strstr</a> from kservice.o(.text) referenced from kservice.o(RTMSymTab)
 <LI><a href="#[100]">rt_system_module_init</a> from module.o(.text) referenced from module.o(.rti_fn.3)
 <LI><a href="#[1a9]">rt_thread_control</a> from thread.o(.text) referenced from thread.o(RTMSymTab)
 <LI><a href="#[1a5]">rt_thread_create</a> from thread.o(.text) referenced from thread.o(RTMSymTab)
 <LI><a href="#[1a8]">rt_thread_delay</a> from thread.o(.text) referenced from thread.o(RTMSymTab)
 <LI><a href="#[1a6]">rt_thread_delete</a> from thread.o(.text) referenced from thread.o(RTMSymTab)
 <LI><a href="#[1a4]">rt_thread_detach</a> from thread.o(.text) referenced from thread.o(RTMSymTab)
 <LI><a href="#[1fd]">rt_thread_entry_com_rx</a> from application.o(.text) referenced from application.o(.text)
 <LI><a href="#[72]">rt_thread_entry_sys_status</a> from sys_status.o(.text) referenced from application.o(.text)
 <LI><a href="#[34e]">rt_thread_exit</a> from thread.o(.text) referenced from thread.o(.text)
 <LI><a href="#[1ad]">rt_thread_find</a> from thread.o(.text) referenced from thread.o(RTMSymTab)
 <LI><a href="#[8b]">rt_thread_idle_entry</a> from idle.o(.text) referenced from idle.o(.text)
 <LI><a href="#[1a1]">rt_thread_init</a> from thread.o(.text) referenced from thread.o(RTMSymTab)
 <LI><a href="#[1ab]">rt_thread_resume</a> from thread.o(.text) referenced from thread.o(RTMSymTab)
 <LI><a href="#[1a2]">rt_thread_self</a> from thread.o(.text) referenced from thread.o(RTMSymTab)
 <LI><a href="#[1a3]">rt_thread_startup</a> from thread.o(.text) referenced from thread.o(RTMSymTab)
 <LI><a href="#[1aa]">rt_thread_suspend</a> from thread.o(.text) referenced from thread.o(RTMSymTab)
 <LI><a href="#[1ac]">rt_thread_timeout</a> from thread.o(.text) referenced from thread.o(.text)
 <LI><a href="#[1ac]">rt_thread_timeout</a> from thread.o(.text) referenced from thread.o(RTMSymTab)
 <LI><a href="#[1a7]">rt_thread_yield</a> from thread.o(.text) referenced from thread.o(RTMSymTab)
 <LI><a href="#[143]">rt_tick_from_millisecond</a> from clock.o(.text) referenced from clock.o(RTMSymTab)
 <LI><a href="#[142]">rt_tick_get</a> from clock.o(.text) referenced from clock.o(RTMSymTab)
 <LI><a href="#[1b4]">rt_timer_control</a> from timer.o(.text) referenced from timer.o(RTMSymTab)
 <LI><a href="#[1b0]">rt_timer_create</a> from timer.o(.text) referenced from timer.o(RTMSymTab)
 <LI><a href="#[1b1]">rt_timer_delete</a> from timer.o(.text) referenced from timer.o(RTMSymTab)
 <LI><a href="#[1af]">rt_timer_detach</a> from timer.o(.text) referenced from timer.o(RTMSymTab)
 <LI><a href="#[1ae]">rt_timer_init</a> from timer.o(.text) referenced from timer.o(RTMSymTab)
 <LI><a href="#[1b2]">rt_timer_start</a> from timer.o(.text) referenced from timer.o(RTMSymTab)
 <LI><a href="#[1b3]">rt_timer_stop</a> from timer.o(.text) referenced from timer.o(RTMSymTab)
 <LI><a href="#[188]">rt_vsnprintf</a> from kservice.o(.text) referenced from kservice.o(RTMSymTab)
 <LI><a href="#[18a]">rt_vsprintf</a> from kservice.o(.text) referenced from kservice.o(RTMSymTab)
 <LI><a href="#[fe]">rti_board_end</a> from components.o(.text) referenced from components.o(.rti_fn.1.end)
 <LI><a href="#[fb]">rti_board_start</a> from components.o(.text) referenced from components.o(.rti_fn.0.end)
 <LI><a href="#[104]">rti_end</a> from components.o(.text) referenced from components.o(.rti_fn.6.end)
 <LI><a href="#[fa]">rti_start</a> from components.o(.text) referenced from components.o(.rti_fn.0)
 <LI><a href="#[111]">ry</a> from tofile.o(.text) referenced from tofile.o(FSymTab)
 <LI><a href="#[1c7]">seekdir</a> from dfs_posix.o(.text) referenced from dfs_posix.o(RTMSymTab)
 <LI><a href="#[5]">serial_RTT_close</a> from serial_platform.o(.text) referenced 2 times from serial_platform.o(.data)
 <LI><a href="#[9]">serial_RTT_get_cfg_str</a> from serial_platform.o(.text) referenced 2 times from serial_platform.o(.data)
 <LI><a href="#[8]">serial_RTT_gpio</a> from serial_platform.o(.text) referenced 2 times from serial_platform.o(.data)
 <LI><a href="#[4]">serial_RTT_open</a> from serial_platform.o(.text) referenced 2 times from serial_platform.o(.data)
 <LI><a href="#[6]">serial_RTT_read</a> from serial_platform.o(.text) referenced 2 times from serial_platform.o(.data)
 <LI><a href="#[7]">serial_RTT_write</a> from serial_platform.o(.text) referenced 2 times from serial_platform.o(.data)
 <LI><a href="#[10e]">set_date</a> from rtc.o(.text) referenced from rtc.o(FSymTab)
 <LI><a href="#[10f]">set_time</a> from rtc.o(.text) referenced from rtc.o(FSymTab)
 <LI><a href="#[1be]">stat</a> from dfs_posix.o(.text) referenced from dfs_posix.o(RTMSymTab)
 <LI><a href="#[1c2]">statfs</a> from dfs_posix.o(.text) referenced from dfs_posix.o(RTMSymTab)
 <LI><a href="#[b4]">stm32_configure</a> from usart.o(.text) referenced from usart.o(.constdata)
 <LI><a href="#[b5]">stm32_control</a> from usart.o(.text) referenced from usart.o(.constdata)
 <LI><a href="#[b7]">stm32_getc</a> from usart.o(.text) referenced from usart.o(.constdata)
 <LI><a href="#[fd]">stm32_hw_pin_init</a> from gpio.o(.text) referenced from gpio.o(.rti_fn.1)
 <LI><a href="#[fc]">stm32_hw_usart_init</a> from usart.o(.text) referenced from usart.o(.rti_fn.1)
 <LI><a href="#[b8]">stm32_pin_mode</a> from gpio.o(.text) referenced from gpio.o(.constdata)
 <LI><a href="#[ba]">stm32_pin_read</a> from gpio.o(.text) referenced from gpio.o(.constdata)
 <LI><a href="#[b9]">stm32_pin_write</a> from gpio.o(.text) referenced from gpio.o(.constdata)
 <LI><a href="#[b6]">stm32_putc</a> from usart.o(.text) referenced from usart.o(.constdata)
 <LI><a href="#[105]">sys_reboot</a> from sys_misc.o(.text) referenced from sys_misc.o(FSymTab)
 <LI><a href="#[107]">sys_reboot_if</a> from sys_misc.o(.text) referenced from sys_misc.o(FSymTab)
 <LI><a href="#[108]">sys_reboot_if_0</a> from sys_misc.o(.text) referenced from sys_misc.o(FSymTab)
 <LI><a href="#[106]">sys_shutdown</a> from sys_misc.o(.text) referenced from sys_misc.o(FSymTab)
 <LI><a href="#[1c6]">telldir</a> from dfs_posix.o(.text) referenced from dfs_posix.o(RTMSymTab)
 <LI><a href="#[10b]">touch</a> from sys_misc.o(.text) referenced from sys_misc.o(FSymTab)
 <LI><a href="#[1bd]">unlink</a> from dfs_posix.o(.text) referenced from dfs_posix.o(RTMSymTab)
 <LI><a href="#[12e]">version</a> from cmd.o(.text) referenced from cmd.o(FSymTab)
 <LI><a href="#[78]">w25qxx_flash_close</a> from spi_flash_w25qxx.o(.text) referenced from spi_flash_w25qxx.o(.text)
 <LI><a href="#[7b]">w25qxx_flash_control</a> from spi_flash_w25qxx.o(.text) referenced from spi_flash_w25qxx.o(.text)
 <LI><a href="#[76]">w25qxx_flash_init</a> from spi_flash_w25qxx.o(.text) referenced from spi_flash_w25qxx.o(.text)
 <LI><a href="#[77]">w25qxx_flash_open</a> from spi_flash_w25qxx.o(.text) referenced from spi_flash_w25qxx.o(.text)
 <LI><a href="#[79]">w25qxx_flash_read</a> from spi_flash_w25qxx.o(.text) referenced from spi_flash_w25qxx.o(.text)
 <LI><a href="#[7a]">w25qxx_flash_write</a> from spi_flash_w25qxx.o(.text) referenced from spi_flash_w25qxx.o(.text)
 <LI><a href="#[1ba]">write</a> from dfs_posix.o(.text) referenced from dfs_posix.o(RTMSymTab)
 <LI><a href="#[1]">xfer</a> from stm32f20x_40x_spi.o(.text) referenced 2 times from stm32f20x_40x_spi.o(.data)
</UL>
<P>
<H3>
Global Symbols
</H3>
<P><STRONG><a name="[85]"></a>__main</STRONG> (Thumb, 0 bytes, Stack size unknown bytes, entry.o(.ARM.Collect$$$$00000000))
<BR>[Address Reference Count : 1]<UL><LI> startup_stm32f2xx.o(.text)
</UL>
<P><STRONG><a name="[469]"></a>_main_stk</STRONG> (Thumb, 0 bytes, Stack size unknown bytes, entry2.o(.ARM.Collect$$$$00000001))

<P><STRONG><a name="[1e6]"></a>_main_scatterload</STRONG> (Thumb, 0 bytes, Stack size unknown bytes, entry5.o(.ARM.Collect$$$$00000004))
<BR><BR>[Calls]<UL><LI><a href="#[1e7]">&gt;&gt;</a>&nbsp;&nbsp;&nbsp;__scatterload
</UL>

<P><STRONG><a name="[452]"></a>__main_after_scatterload</STRONG> (Thumb, 0 bytes, Stack size unknown bytes, entry5.o(.ARM.Collect$$$$00000004))
<BR><BR>[Called By]<UL><LI><a href="#[1e7]">&gt;&gt;</a>&nbsp;&nbsp;&nbsp;__scatterload
</UL>

<P><STRONG><a name="[46a]"></a>_main_clock</STRONG> (Thumb, 0 bytes, Stack size unknown bytes, entry7b.o(.ARM.Collect$$$$00000008))

<P><STRONG><a name="[46b]"></a>_main_cpp_init</STRONG> (Thumb, 0 bytes, Stack size unknown bytes, entry8b.o(.ARM.Collect$$$$0000000A))

<P><STRONG><a name="[46c]"></a>_main_init</STRONG> (Thumb, 0 bytes, Stack size unknown bytes, entry9a.o(.ARM.Collect$$$$0000000B))

<P><STRONG><a name="[46d]"></a>__rt_final_cpp</STRONG> (Thumb, 0 bytes, Stack size unknown bytes, entry10a.o(.ARM.Collect$$$$0000000D))

<P><STRONG><a name="[46e]"></a>__rt_final_exit</STRONG> (Thumb, 0 bytes, Stack size unknown bytes, entry11a.o(.ARM.Collect$$$$0000000F))

<P><STRONG><a name="[1e8]"></a>com_bus_rx_ind</STRONG> (Thumb, 14 bytes, Stack size 16 bytes, application.o(.text))
<BR><BR>[Stack]<UL><LI>Max Depth = 304<LI>Call Chain = com_bus_rx_ind &rArr; rt_sem_release &rArr; rt_ipc_list_resume &rArr; rt_thread_resume &rArr; rt_assert_handler &rArr;  rt_schedule (Cycle)
</UL>
<BR>[Calls]<UL><LI><a href="#[154]">&gt;&gt;</a>&nbsp;&nbsp;&nbsp;rt_sem_release
</UL>
<BR>[Address Reference Count : 1]<UL><LI> application.o(.text)
</UL>
<P><STRONG><a name="[1fa]"></a>com_bus_tx_complete</STRONG> (Thumb, 4 bytes, Stack size 0 bytes, application.o(.text))
<BR>[Address Reference Count : 1]<UL><LI> application.o(.text)
</UL>
<P><STRONG><a name="[1e9]"></a>system_fs_check</STRONG> (Thumb, 520 bytes, Stack size 32 bytes, application.o(.text))
<BR><BR>[Stack]<UL><LI>Max Depth = 552<LI>Call Chain = system_fs_check &rArr; json_cfg_create &rArr; open &rArr; dfs_file_open &rArr; dfs_normalize_path &rArr; rt_strdup &rArr; rt_malloc &rArr; rt_sem_take &rArr; rt_ipc_list_suspend &rArr; rt_thread_suspend &rArr; rt_assert_handler &rArr;  rt_schedule (Cycle)
</UL>
<BR>[Calls]<UL><LI><a href="#[1ba]">&gt;&gt;</a>&nbsp;&nbsp;&nbsp;write
<LI><a href="#[1a8]">&gt;&gt;</a>&nbsp;&nbsp;&nbsp;rt_thread_delay
<LI><a href="#[115]">&gt;&gt;</a>&nbsp;&nbsp;&nbsp;rt_kprintf
<LI><a href="#[124]">&gt;&gt;</a>&nbsp;&nbsp;&nbsp;rm
<LI><a href="#[1b9]">&gt;&gt;</a>&nbsp;&nbsp;&nbsp;read
<LI><a href="#[1c4]">&gt;&gt;</a>&nbsp;&nbsp;&nbsp;opendir
<LI><a href="#[1b7]">&gt;&gt;</a>&nbsp;&nbsp;&nbsp;open
<LI><a href="#[127]">&gt;&gt;</a>&nbsp;&nbsp;&nbsp;mkfs
<LI><a href="#[129]">&gt;&gt;</a>&nbsp;&nbsp;&nbsp;mkdir
<LI><a href="#[1bb]">&gt;&gt;</a>&nbsp;&nbsp;&nbsp;lseek
<LI><a href="#[1ed]">&gt;&gt;</a>&nbsp;&nbsp;&nbsp;json_cfg_create
<LI><a href="#[1ea]">&gt;&gt;</a>&nbsp;&nbsp;&nbsp;dfs_unmount
<LI><a href="#[1eb]">&gt;&gt;</a>&nbsp;&nbsp;&nbsp;dfs_mount
<LI><a href="#[1c9]">&gt;&gt;</a>&nbsp;&nbsp;&nbsp;closedir
<LI><a href="#[1b8]">&gt;&gt;</a>&nbsp;&nbsp;&nbsp;close
<LI><a href="#[1ec]">&gt;&gt;</a>&nbsp;&nbsp;&nbsp;strlen
</UL>
<BR>[Called By]<UL><LI><a href="#[1ee]">&gt;&gt;</a>&nbsp;&nbsp;&nbsp;rt_init_thread_entry
</UL>

<P><STRONG><a name="[1ee]"></a>rt_init_thread_entry</STRONG> (Thumb, 176 bytes, Stack size 16 bytes, application.o(.text))
<BR><BR>[Stack]<UL><LI>Max Depth = 1064<LI>Call Chain = rt_init_thread_entry &rArr; do_init &rArr; script_exec &rArr; finsh_parser_run &rArr; proc_variable_decl &rArr; proc_assign_expr &rArr;  proc_assign_expr (Cycle)
</UL>
<BR>[Calls]<UL><LI><a href="#[1a8]">&gt;&gt;</a>&nbsp;&nbsp;&nbsp;rt_thread_delay
<LI><a href="#[1f0]">&gt;&gt;</a>&nbsp;&nbsp;&nbsp;rt_platform_init
<LI><a href="#[115]">&gt;&gt;</a>&nbsp;&nbsp;&nbsp;rt_kprintf
<LI><a href="#[1ef]">&gt;&gt;</a>&nbsp;&nbsp;&nbsp;rt_components_init
<LI><a href="#[1f1]">&gt;&gt;</a>&nbsp;&nbsp;&nbsp;msd_init
<LI><a href="#[127]">&gt;&gt;</a>&nbsp;&nbsp;&nbsp;mkfs
<LI><a href="#[1f4]">&gt;&gt;</a>&nbsp;&nbsp;&nbsp;memlog_init
<LI><a href="#[1f3]">&gt;&gt;</a>&nbsp;&nbsp;&nbsp;json_cfg_wr_sys_cfg
<LI><a href="#[1f2]">&gt;&gt;</a>&nbsp;&nbsp;&nbsp;json_cfg_load
<LI><a href="#[114]">&gt;&gt;</a>&nbsp;&nbsp;&nbsp;do_init
<LI><a href="#[1eb]">&gt;&gt;</a>&nbsp;&nbsp;&nbsp;dfs_mount
<LI><a href="#[126]">&gt;&gt;</a>&nbsp;&nbsp;&nbsp;copy
<LI><a href="#[1e9]">&gt;&gt;</a>&nbsp;&nbsp;&nbsp;system_fs_check
</UL>
<BR>[Address Reference Count : 1]<UL><LI> application.o(.text)
</UL>
<P><STRONG><a name="[1f5]"></a>ISP_force_test</STRONG> (Thumb, 92 bytes, Stack size 48 bytes, application.o(.text), UNUSED)
<BR><BR>[Calls]<UL><LI><a href="#[1ba]">&gt;&gt;</a>&nbsp;&nbsp;&nbsp;write
<LI><a href="#[10b]">&gt;&gt;</a>&nbsp;&nbsp;&nbsp;touch
<LI><a href="#[115]">&gt;&gt;</a>&nbsp;&nbsp;&nbsp;rt_kprintf
<LI><a href="#[1b7]">&gt;&gt;</a>&nbsp;&nbsp;&nbsp;open
<LI><a href="#[1b8]">&gt;&gt;</a>&nbsp;&nbsp;&nbsp;close
<LI><a href="#[11d]">&gt;&gt;</a>&nbsp;&nbsp;&nbsp;ISP_flash
<LI><a href="#[1f6]">&gt;&gt;</a>&nbsp;&nbsp;&nbsp;__aeabi_memcpy4
</UL>

<P><STRONG><a name="[1f7]"></a>ISP_otp_ID</STRONG> (Thumb, 1074 bytes, Stack size 584 bytes, application.o(.text))
<BR><BR>[Stack]<UL><LI>Max Depth = 1728<LI>Call Chain = ISP_otp_ID &rArr; ISP_flash &rArr; ISP_stm32 &rArr; init_bl_exit &rArr; stm32_reset_device &rArr; stm32_run_raw_code &rArr; stm32_write_memory &rArr; stm32_send_command &rArr; stm32_send_command_timeout &rArr; stm32_get_ack_timeout &rArr; rt_time &rArr; rt_device_control &rArr; rt_assert_handler &rArr;  rt_schedule (Cycle)
</UL>
<BR>[Calls]<UL><LI><a href="#[1ba]">&gt;&gt;</a>&nbsp;&nbsp;&nbsp;write
<LI><a href="#[10b]">&gt;&gt;</a>&nbsp;&nbsp;&nbsp;touch
<LI><a href="#[17d]">&gt;&gt;</a>&nbsp;&nbsp;&nbsp;rt_memcpy
<LI><a href="#[115]">&gt;&gt;</a>&nbsp;&nbsp;&nbsp;rt_kprintf
<LI><a href="#[1b7]">&gt;&gt;</a>&nbsp;&nbsp;&nbsp;open
<LI><a href="#[1b8]">&gt;&gt;</a>&nbsp;&nbsp;&nbsp;close
<LI><a href="#[11d]">&gt;&gt;</a>&nbsp;&nbsp;&nbsp;ISP_flash
<LI><a href="#[1f8]">&gt;&gt;</a>&nbsp;&nbsp;&nbsp;__aeabi_memclr4
</UL>
<BR>[Called By]<UL><LI><a href="#[1f9]">&gt;&gt;</a>&nbsp;&nbsp;&nbsp;rt_ISP_thread_entry
</UL>

<P><STRONG><a name="[1f9]"></a>rt_ISP_thread_entry</STRONG> (Thumb, 526 bytes, Stack size 0 bytes, application.o(.text))
<BR><BR>[Stack]<UL><LI>Max Depth = 1728<LI>Call Chain = rt_ISP_thread_entry &rArr; ISP_otp_ID &rArr; ISP_flash &rArr; ISP_stm32 &rArr; init_bl_exit &rArr; stm32_reset_device &rArr; stm32_run_raw_code &rArr; stm32_write_memory &rArr; stm32_send_command &rArr; stm32_send_command_timeout &rArr; stm32_get_ack_timeout &rArr; rt_time &rArr; rt_device_control &rArr; rt_assert_handler &rArr;  rt_schedule (Cycle)
</UL>
<BR>[Calls]<UL><LI><a href="#[1fb]">&gt;&gt;</a>&nbsp;&nbsp;&nbsp;sys_status_set
<LI><a href="#[1a8]">&gt;&gt;</a>&nbsp;&nbsp;&nbsp;rt_thread_delay
<LI><a href="#[12b]">&gt;&gt;</a>&nbsp;&nbsp;&nbsp;rt_pin_write
<LI><a href="#[12c]">&gt;&gt;</a>&nbsp;&nbsp;&nbsp;rt_pin_read
<LI><a href="#[115]">&gt;&gt;</a>&nbsp;&nbsp;&nbsp;rt_kprintf
<LI><a href="#[14d]">&gt;&gt;</a>&nbsp;&nbsp;&nbsp;rt_device_set_tx_complete
<LI><a href="#[14c]">&gt;&gt;</a>&nbsp;&nbsp;&nbsp;rt_device_set_rx_indicate
<LI><a href="#[147]">&gt;&gt;</a>&nbsp;&nbsp;&nbsp;rt_device_open
<LI><a href="#[146]">&gt;&gt;</a>&nbsp;&nbsp;&nbsp;rt_device_find
<LI><a href="#[14b]">&gt;&gt;</a>&nbsp;&nbsp;&nbsp;rt_device_control
<LI><a href="#[11f]">&gt;&gt;</a>&nbsp;&nbsp;&nbsp;ISP_unreadprot
<LI><a href="#[11e]">&gt;&gt;</a>&nbsp;&nbsp;&nbsp;ISP_readprot
<LI><a href="#[11d]">&gt;&gt;</a>&nbsp;&nbsp;&nbsp;ISP_flash
<LI><a href="#[1f7]">&gt;&gt;</a>&nbsp;&nbsp;&nbsp;ISP_otp_ID
</UL>
<BR>[Address Reference Count : 1]<UL><LI> application.o(.text)
</UL>
<P><STRONG><a name="[1fc]"></a>com_rx_parser</STRONG> (Thumb, 782 bytes, Stack size 56 bytes, application.o(.text))
<BR><BR>[Stack]<UL><LI>Max Depth = 344<LI>Call Chain = com_rx_parser &rArr; rt_thread_delay &rArr; rt_thread_sleep &rArr; rt_schedule &rArr; _rt_scheduler_stack_check &rArr; rt_assert_handler &rArr;  rt_schedule (Cycle)
</UL>
<BR>[Calls]<UL><LI><a href="#[1fb]">&gt;&gt;</a>&nbsp;&nbsp;&nbsp;sys_status_set
<LI><a href="#[1a8]">&gt;&gt;</a>&nbsp;&nbsp;&nbsp;rt_thread_delay
<LI><a href="#[115]">&gt;&gt;</a>&nbsp;&nbsp;&nbsp;rt_kprintf
<LI><a href="#[14a]">&gt;&gt;</a>&nbsp;&nbsp;&nbsp;rt_device_write
<LI><a href="#[149]">&gt;&gt;</a>&nbsp;&nbsp;&nbsp;rt_device_read
</UL>
<BR>[Called By]<UL><LI><a href="#[1fd]">&gt;&gt;</a>&nbsp;&nbsp;&nbsp;rt_thread_entry_com_rx
</UL>

<P><STRONG><a name="[46f]"></a>com_rx_handler</STRONG> (Thumb, 4 bytes, Stack size 0 bytes, application.o(.text), UNUSED)

<P><STRONG><a name="[1fd]"></a>rt_thread_entry_com_rx</STRONG> (Thumb, 58 bytes, Stack size 0 bytes, application.o(.text))
<BR><BR>[Stack]<UL><LI>Max Depth = 344<LI>Call Chain = rt_thread_entry_com_rx &rArr; com_rx_parser &rArr; rt_thread_delay &rArr; rt_thread_sleep &rArr; rt_schedule &rArr; _rt_scheduler_stack_check &rArr; rt_assert_handler &rArr;  rt_schedule (Cycle)
</UL>
<BR>[Calls]<UL><LI><a href="#[1a8]">&gt;&gt;</a>&nbsp;&nbsp;&nbsp;rt_thread_delay
<LI><a href="#[152]">&gt;&gt;</a>&nbsp;&nbsp;&nbsp;rt_sem_take
<LI><a href="#[14e]">&gt;&gt;</a>&nbsp;&nbsp;&nbsp;rt_sem_init
<LI><a href="#[1fc]">&gt;&gt;</a>&nbsp;&nbsp;&nbsp;com_rx_parser
</UL>
<BR>[Address Reference Count : 1]<UL><LI> application.o(.text)
</UL>
<P><STRONG><a name="[1fe]"></a>rt_application_init</STRONG> (Thumb, 164 bytes, Stack size 24 bytes, application.o(.text))
<BR><BR>[Stack]<UL><LI>Max Depth = 456<LI>Call Chain = rt_application_init &rArr; rt_thread_create &rArr; rt_object_allocate &rArr; rt_malloc &rArr; rt_sem_take &rArr; rt_ipc_list_suspend &rArr; rt_thread_suspend &rArr; rt_assert_handler &rArr;  rt_schedule (Cycle)
</UL>
<BR>[Calls]<UL><LI><a href="#[1a3]">&gt;&gt;</a>&nbsp;&nbsp;&nbsp;rt_thread_startup
<LI><a href="#[1a5]">&gt;&gt;</a>&nbsp;&nbsp;&nbsp;rt_thread_create
</UL>
<BR>[Called By]<UL><LI><a href="#[200]">&gt;&gt;</a>&nbsp;&nbsp;&nbsp;rtthread_startup
</UL>

<P><STRONG><a name="[1ff]"></a>assert_failed</STRONG> (Thumb, 30 bytes, Stack size 0 bytes, startup.o(.text), UNUSED)
<BR><BR>[Calls]<UL><LI><a href="#[115]">&gt;&gt;</a>&nbsp;&nbsp;&nbsp;rt_kprintf
</UL>

<P><STRONG><a name="[200]"></a>rtthread_startup</STRONG> (Thumb, 52 bytes, Stack size 8 bytes, startup.o(.text))
<BR><BR>[Stack]<UL><LI>Max Depth = 464<LI>Call Chain = rtthread_startup &rArr; rt_application_init &rArr; rt_thread_create &rArr; rt_object_allocate &rArr; rt_malloc &rArr; rt_sem_take &rArr; rt_ipc_list_suspend &rArr; rt_thread_suspend &rArr; rt_assert_handler &rArr;  rt_schedule (Cycle)
</UL>
<BR>[Calls]<UL><LI><a href="#[208]">&gt;&gt;</a>&nbsp;&nbsp;&nbsp;rt_thread_idle_init
<LI><a href="#[207]">&gt;&gt;</a>&nbsp;&nbsp;&nbsp;rt_system_timer_thread_init
<LI><a href="#[204]">&gt;&gt;</a>&nbsp;&nbsp;&nbsp;rt_system_timer_init
<LI><a href="#[202]">&gt;&gt;</a>&nbsp;&nbsp;&nbsp;rt_system_tick_init
<LI><a href="#[209]">&gt;&gt;</a>&nbsp;&nbsp;&nbsp;rt_system_scheduler_start
<LI><a href="#[206]">&gt;&gt;</a>&nbsp;&nbsp;&nbsp;rt_system_scheduler_init
<LI><a href="#[203]">&gt;&gt;</a>&nbsp;&nbsp;&nbsp;rt_system_object_init
<LI><a href="#[205]">&gt;&gt;</a>&nbsp;&nbsp;&nbsp;rt_system_heap_init
<LI><a href="#[187]">&gt;&gt;</a>&nbsp;&nbsp;&nbsp;rt_show_version
<LI><a href="#[201]">&gt;&gt;</a>&nbsp;&nbsp;&nbsp;rt_hw_board_init
<LI><a href="#[1fe]">&gt;&gt;</a>&nbsp;&nbsp;&nbsp;rt_application_init
</UL>
<BR>[Called By]<UL><LI><a href="#[71]">&gt;&gt;</a>&nbsp;&nbsp;&nbsp;main
</UL>

<P><STRONG><a name="[71]"></a>main</STRONG> (Thumb, 14 bytes, Stack size 8 bytes, startup.o(.text))
<BR><BR>[Stack]<UL><LI>Max Depth = 472<LI>Call Chain = main &rArr; rtthread_startup &rArr; rt_application_init &rArr; rt_thread_create &rArr; rt_object_allocate &rArr; rt_malloc &rArr; rt_sem_take &rArr; rt_ipc_list_suspend &rArr; rt_thread_suspend &rArr; rt_assert_handler &rArr;  rt_schedule (Cycle)
</UL>
<BR>[Calls]<UL><LI><a href="#[177]">&gt;&gt;</a>&nbsp;&nbsp;&nbsp;rt_hw_interrupt_disable
<LI><a href="#[200]">&gt;&gt;</a>&nbsp;&nbsp;&nbsp;rtthread_startup
</UL>
<BR>[Address Reference Count : 1]<UL><LI> entry9a.o(.ARM.Collect$$$$0000000B)
</UL>
<P><STRONG><a name="[20a]"></a>Print_caller_adr</STRONG> (Thumb, 18 bytes, Stack size 16 bytes, sys_misc.o(.text), UNUSED)
<BR><BR>[Calls]<UL><LI><a href="#[115]">&gt;&gt;</a>&nbsp;&nbsp;&nbsp;rt_kprintf
</UL>

<P><STRONG><a name="[470]"></a>parity_check_uchar</STRONG> (Thumb, 20 bytes, Stack size 0 bytes, sys_misc.o(.text), UNUSED)

<P><STRONG><a name="[20b]"></a>SYS_SoftReset</STRONG> (Thumb, 42 bytes, Stack size 0 bytes, sys_misc.o(.text))
<BR><BR>[Called By]<UL><LI><a href="#[105]">&gt;&gt;</a>&nbsp;&nbsp;&nbsp;sys_reboot
</UL>

<P><STRONG><a name="[105]"></a>sys_reboot</STRONG> (Thumb, 4 bytes, Stack size 0 bytes, sys_misc.o(.text))
<BR><BR>[Calls]<UL><LI><a href="#[20b]">&gt;&gt;</a>&nbsp;&nbsp;&nbsp;SYS_SoftReset
</UL>
<BR>[Called By]<UL><LI><a href="#[108]">&gt;&gt;</a>&nbsp;&nbsp;&nbsp;sys_reboot_if_0
<LI><a href="#[107]">&gt;&gt;</a>&nbsp;&nbsp;&nbsp;sys_reboot_if
</UL>
<BR>[Address Reference Count : 1]<UL><LI> sys_misc.o(FSymTab)
</UL>
<P><STRONG><a name="[106]"></a>sys_shutdown</STRONG> (Thumb, 4 bytes, Stack size 0 bytes, sys_misc.o(.text))
<BR>[Address Reference Count : 1]<UL><LI> sys_misc.o(FSymTab)
</UL>
<P><STRONG><a name="[107]"></a>sys_reboot_if</STRONG> (Thumb, 12 bytes, Stack size 4 bytes, sys_misc.o(.text))
<BR><BR>[Stack]<UL><LI>Max Depth = 4<LI>Call Chain = sys_reboot_if
</UL>
<BR>[Calls]<UL><LI><a href="#[105]">&gt;&gt;</a>&nbsp;&nbsp;&nbsp;sys_reboot
</UL>
<BR>[Address Reference Count : 1]<UL><LI> sys_misc.o(FSymTab)
</UL>
<P><STRONG><a name="[108]"></a>sys_reboot_if_0</STRONG> (Thumb, 12 bytes, Stack size 4 bytes, sys_misc.o(.text))
<BR><BR>[Stack]<UL><LI>Max Depth = 4<LI>Call Chain = sys_reboot_if_0
</UL>
<BR>[Calls]<UL><LI><a href="#[105]">&gt;&gt;</a>&nbsp;&nbsp;&nbsp;sys_reboot
</UL>
<BR>[Address Reference Count : 1]<UL><LI> sys_misc.o(FSymTab)
</UL>
<P><STRONG><a name="[109]"></a>cat_bin</STRONG> (Thumb, 210 bytes, Stack size 120 bytes, sys_misc.o(.text))
<BR><BR>[Stack]<UL><LI>Max Depth = 552<LI>Call Chain = cat_bin &rArr; dfs_file_open &rArr; dfs_normalize_path &rArr; rt_strdup &rArr; rt_malloc &rArr; rt_sem_take &rArr; rt_ipc_list_suspend &rArr; rt_thread_suspend &rArr; rt_assert_handler &rArr;  rt_schedule (Cycle)
</UL>
<BR>[Calls]<UL><LI><a href="#[17c]">&gt;&gt;</a>&nbsp;&nbsp;&nbsp;rt_memset
<LI><a href="#[20e]">&gt;&gt;</a>&nbsp;&nbsp;&nbsp;dfs_file_read
<LI><a href="#[20c]">&gt;&gt;</a>&nbsp;&nbsp;&nbsp;dfs_file_open
<LI><a href="#[20d]">&gt;&gt;</a>&nbsp;&nbsp;&nbsp;dfs_file_lseek
<LI><a href="#[20f]">&gt;&gt;</a>&nbsp;&nbsp;&nbsp;dfs_file_close
<LI><a href="#[115]">&gt;&gt;</a>&nbsp;&nbsp;&nbsp;rt_kprintf
</UL>
<BR>[Address Reference Count : 1]<UL><LI> sys_misc.o(FSymTab)
</UL>
<P><STRONG><a name="[10a]"></a>cat_flash</STRONG> (Thumb, 176 bytes, Stack size 40 bytes, sys_misc.o(.text))
<BR><BR>[Stack]<UL><LI>Max Depth = 216<LI>Call Chain = cat_flash &rArr; rt_kprintf &rArr; rt_device_write &rArr;  rt_assert_handler (Cycle)
</UL>
<BR>[Calls]<UL><LI><a href="#[115]">&gt;&gt;</a>&nbsp;&nbsp;&nbsp;rt_kprintf
<LI><a href="#[210]">&gt;&gt;</a>&nbsp;&nbsp;&nbsp;memcmp
<LI><a href="#[1ec]">&gt;&gt;</a>&nbsp;&nbsp;&nbsp;strlen
</UL>
<BR>[Address Reference Count : 1]<UL><LI> sys_misc.o(FSymTab)
</UL>
<P><STRONG><a name="[10b]"></a>touch</STRONG> (Thumb, 76 bytes, Stack size 32 bytes, sys_misc.o(.text))
<BR><BR>[Stack]<UL><LI>Max Depth = 496<LI>Call Chain = touch &rArr; rm &rArr; dfs_file_unlink &rArr; fd_is_open &rArr; dfs_normalize_path &rArr; rt_strdup &rArr; rt_malloc &rArr; rt_sem_take &rArr; rt_ipc_list_suspend &rArr; rt_thread_suspend &rArr; rt_assert_handler &rArr;  rt_schedule (Cycle)
</UL>
<BR>[Calls]<UL><LI><a href="#[1bf]">&gt;&gt;</a>&nbsp;&nbsp;&nbsp;fstat
<LI><a href="#[115]">&gt;&gt;</a>&nbsp;&nbsp;&nbsp;rt_kprintf
<LI><a href="#[124]">&gt;&gt;</a>&nbsp;&nbsp;&nbsp;rm
<LI><a href="#[1b7]">&gt;&gt;</a>&nbsp;&nbsp;&nbsp;open
<LI><a href="#[1b8]">&gt;&gt;</a>&nbsp;&nbsp;&nbsp;close
</UL>
<BR>[Called By]<UL><LI><a href="#[1f7]">&gt;&gt;</a>&nbsp;&nbsp;&nbsp;ISP_otp_ID
<LI><a href="#[1f5]">&gt;&gt;</a>&nbsp;&nbsp;&nbsp;ISP_force_test
</UL>
<BR>[Address Reference Count : 1]<UL><LI> sys_misc.o(FSymTab)
</UL>
<P><STRONG><a name="[10c]"></a>append</STRONG> (Thumb, 96 bytes, Stack size 24 bytes, sys_misc.o(.text))
<BR><BR>[Stack]<UL><LI>Max Depth = 488<LI>Call Chain = append &rArr; open &rArr; dfs_file_open &rArr; dfs_normalize_path &rArr; rt_strdup &rArr; rt_malloc &rArr; rt_sem_take &rArr; rt_ipc_list_suspend &rArr; rt_thread_suspend &rArr; rt_assert_handler &rArr;  rt_schedule (Cycle)
</UL>
<BR>[Calls]<UL><LI><a href="#[1ba]">&gt;&gt;</a>&nbsp;&nbsp;&nbsp;write
<LI><a href="#[115]">&gt;&gt;</a>&nbsp;&nbsp;&nbsp;rt_kprintf
<LI><a href="#[1b7]">&gt;&gt;</a>&nbsp;&nbsp;&nbsp;open
<LI><a href="#[1b8]">&gt;&gt;</a>&nbsp;&nbsp;&nbsp;close
<LI><a href="#[1ec]">&gt;&gt;</a>&nbsp;&nbsp;&nbsp;strlen
</UL>
<BR>[Address Reference Count : 1]<UL><LI> sys_misc.o(FSymTab)
</UL>
<P><STRONG><a name="[10d]"></a>gpio_pin_circle</STRONG> (Thumb, 82 bytes, Stack size 24 bytes, sys_misc.o(.text))
<BR><BR>[Stack]<UL><LI>Max Depth = 312<LI>Call Chain = gpio_pin_circle &rArr; rt_thread_delay &rArr; rt_thread_sleep &rArr; rt_schedule &rArr; _rt_scheduler_stack_check &rArr; rt_assert_handler &rArr;  rt_schedule (Cycle)
</UL>
<BR>[Calls]<UL><LI><a href="#[12a]">&gt;&gt;</a>&nbsp;&nbsp;&nbsp;rt_pin_mode
<LI><a href="#[1a8]">&gt;&gt;</a>&nbsp;&nbsp;&nbsp;rt_thread_delay
<LI><a href="#[12b]">&gt;&gt;</a>&nbsp;&nbsp;&nbsp;rt_pin_write
</UL>
<BR>[Address Reference Count : 1]<UL><LI> sys_misc.o(FSymTab)
</UL>
<P><STRONG><a name="[212]"></a>sys_ctrl_init</STRONG> (Thumb, 32 bytes, Stack size 0 bytes, sys_status.o(.text))
<BR><BR>[Called By]<UL><LI><a href="#[72]">&gt;&gt;</a>&nbsp;&nbsp;&nbsp;rt_thread_entry_sys_status
</UL>

<P><STRONG><a name="[1fb]"></a>sys_status_set</STRONG> (Thumb, 8 bytes, Stack size 0 bytes, sys_status.o(.text))
<BR><BR>[Called By]<UL><LI><a href="#[72]">&gt;&gt;</a>&nbsp;&nbsp;&nbsp;rt_thread_entry_sys_status
<LI><a href="#[1fc]">&gt;&gt;</a>&nbsp;&nbsp;&nbsp;com_rx_parser
<LI><a href="#[1f9]">&gt;&gt;</a>&nbsp;&nbsp;&nbsp;rt_ISP_thread_entry
</UL>

<P><STRONG><a name="[211]"></a>sys_ctrl_handler</STRONG> (Thumb, 1786 bytes, Stack size 8 bytes, sys_status.o(.text))
<BR><BR>[Stack]<UL><LI>Max Depth = 248<LI>Call Chain = sys_ctrl_handler &rArr; rt_pin_write &rArr; rt_assert_handler &rArr;  rt_schedule (Cycle)
</UL>
<BR>[Calls]<UL><LI><a href="#[12b]">&gt;&gt;</a>&nbsp;&nbsp;&nbsp;rt_pin_write
</UL>
<BR>[Called By]<UL><LI><a href="#[72]">&gt;&gt;</a>&nbsp;&nbsp;&nbsp;rt_thread_entry_sys_status
</UL>

<P><STRONG><a name="[213]"></a>sys_ctrl_server</STRONG> (Thumb, 10 bytes, Stack size 0 bytes, sys_status.o(.text))
<BR><BR>[Called By]<UL><LI><a href="#[72]">&gt;&gt;</a>&nbsp;&nbsp;&nbsp;rt_thread_entry_sys_status
</UL>

<P><STRONG><a name="[72]"></a>rt_thread_entry_sys_status</STRONG> (Thumb, 60 bytes, Stack size 0 bytes, sys_status.o(.text))
<BR><BR>[Stack]<UL><LI>Max Depth = 288<LI>Call Chain = rt_thread_entry_sys_status &rArr; rt_thread_delay &rArr; rt_thread_sleep &rArr; rt_schedule &rArr; _rt_scheduler_stack_check &rArr; rt_assert_handler &rArr;  rt_schedule (Cycle)
</UL>
<BR>[Calls]<UL><LI><a href="#[213]">&gt;&gt;</a>&nbsp;&nbsp;&nbsp;sys_ctrl_server
<LI><a href="#[211]">&gt;&gt;</a>&nbsp;&nbsp;&nbsp;sys_ctrl_handler
<LI><a href="#[212]">&gt;&gt;</a>&nbsp;&nbsp;&nbsp;sys_ctrl_init
<LI><a href="#[1fb]">&gt;&gt;</a>&nbsp;&nbsp;&nbsp;sys_status_set
<LI><a href="#[1a8]">&gt;&gt;</a>&nbsp;&nbsp;&nbsp;rt_thread_delay
</UL>
<BR>[Address Reference Count : 1]<UL><LI> application.o(.text)
</UL>
<P><STRONG><a name="[214]"></a>NVIC_Configuration</STRONG> (Thumb, 22 bytes, Stack size 8 bytes, board.o(.text))
<BR><BR>[Stack]<UL><LI>Max Depth = 8<LI>Call Chain = NVIC_Configuration
</UL>
<BR>[Calls]<UL><LI><a href="#[215]">&gt;&gt;</a>&nbsp;&nbsp;&nbsp;NVIC_SetVectorTable
<LI><a href="#[216]">&gt;&gt;</a>&nbsp;&nbsp;&nbsp;NVIC_PriorityGroupConfig
</UL>
<BR>[Called By]<UL><LI><a href="#[201]">&gt;&gt;</a>&nbsp;&nbsp;&nbsp;rt_hw_board_init
</UL>

<P><STRONG><a name="[217]"></a>SysTick_Configuration</STRONG> (Thumb, 100 bytes, Stack size 32 bytes, board.o(.text))
<BR><BR>[Stack]<UL><LI>Max Depth = 52<LI>Call Chain = SysTick_Configuration &rArr; RCC_GetClocksFreq
</UL>
<BR>[Calls]<UL><LI><a href="#[219]">&gt;&gt;</a>&nbsp;&nbsp;&nbsp;SysTick_CLKSourceConfig
<LI><a href="#[218]">&gt;&gt;</a>&nbsp;&nbsp;&nbsp;RCC_GetClocksFreq
</UL>
<BR>[Called By]<UL><LI><a href="#[201]">&gt;&gt;</a>&nbsp;&nbsp;&nbsp;rt_hw_board_init
</UL>

<P><STRONG><a name="[1f]"></a>SysTick_Handler</STRONG> (Thumb, 50 bytes, Stack size 8 bytes, board.o(.text))
<BR><BR>[Stack]<UL><LI>Max Depth = 296<LI>Call Chain = SysTick_Handler &rArr; rt_tick_increase &rArr; rt_thread_yield &rArr; rt_schedule &rArr; _rt_scheduler_stack_check &rArr; rt_assert_handler &rArr;  rt_schedule (Cycle)
</UL>
<BR>[Calls]<UL><LI><a href="#[21a]">&gt;&gt;</a>&nbsp;&nbsp;&nbsp;rt_tick_increase
<LI><a href="#[175]">&gt;&gt;</a>&nbsp;&nbsp;&nbsp;rt_interrupt_leave
<LI><a href="#[174]">&gt;&gt;</a>&nbsp;&nbsp;&nbsp;rt_interrupt_enter
</UL>
<BR>[Address Reference Count : 1]<UL><LI> startup_stm32f2xx.o(RESET)
</UL>
<P><STRONG><a name="[221]"></a>rt_hw_tick_get_millisecond</STRONG> (Thumb, 50 bytes, Stack size 16 bytes, board.o(.text), UNUSED)
<BR><BR>[Calls]<UL><LI><a href="#[142]">&gt;&gt;</a>&nbsp;&nbsp;&nbsp;rt_tick_get
</UL>

<P><STRONG><a name="[222]"></a>rt_hw_tick_get_microsecond</STRONG> (Thumb, 52 bytes, Stack size 16 bytes, board.o(.text), UNUSED)
<BR><BR>[Calls]<UL><LI><a href="#[142]">&gt;&gt;</a>&nbsp;&nbsp;&nbsp;rt_tick_get
</UL>

<P><STRONG><a name="[471]"></a>sys_get_board_type</STRONG> (Thumb, 70 bytes, Stack size 12 bytes, board.o(.text), UNUSED)

<P><STRONG><a name="[201]"></a>rt_hw_board_init</STRONG> (Thumb, 26 bytes, Stack size 8 bytes, board.o(.text))
<BR><BR>[Stack]<UL><LI>Max Depth = 312<LI>Call Chain = rt_hw_board_init &rArr; stm32_hw_usart_init &rArr; rt_hw_serial_register &rArr; rt_assert_handler &rArr;  rt_schedule (Cycle)
</UL>
<BR>[Calls]<UL><LI><a href="#[fc]">&gt;&gt;</a>&nbsp;&nbsp;&nbsp;stm32_hw_usart_init
<LI><a href="#[fd]">&gt;&gt;</a>&nbsp;&nbsp;&nbsp;stm32_hw_pin_init
<LI><a href="#[18e]">&gt;&gt;</a>&nbsp;&nbsp;&nbsp;rt_console_set_device
<LI><a href="#[217]">&gt;&gt;</a>&nbsp;&nbsp;&nbsp;SysTick_Configuration
<LI><a href="#[214]">&gt;&gt;</a>&nbsp;&nbsp;&nbsp;NVIC_Configuration
</UL>
<BR>[Called By]<UL><LI><a href="#[200]">&gt;&gt;</a>&nbsp;&nbsp;&nbsp;rtthread_startup
</UL>

<P><STRONG><a name="[17]"></a>NMI_Handler</STRONG> (Thumb, 2 bytes, Stack size 0 bytes, stm32f2xx_it.o(.text))
<BR>[Address Reference Count : 1]<UL><LI> startup_stm32f2xx.o(RESET)
</UL>
<P><STRONG><a name="[19]"></a>MemManage_Handler</STRONG> (Thumb, 4 bytes, Stack size 0 bytes, stm32f2xx_it.o(.text))
<BR>[Address Reference Count : 1]<UL><LI> startup_stm32f2xx.o(RESET)
</UL>
<P><STRONG><a name="[1a]"></a>BusFault_Handler</STRONG> (Thumb, 4 bytes, Stack size 0 bytes, stm32f2xx_it.o(.text))
<BR>[Address Reference Count : 1]<UL><LI> startup_stm32f2xx.o(RESET)
</UL>
<P><STRONG><a name="[1b]"></a>UsageFault_Handler</STRONG> (Thumb, 4 bytes, Stack size 0 bytes, stm32f2xx_it.o(.text))
<BR>[Address Reference Count : 1]<UL><LI> startup_stm32f2xx.o(RESET)
</UL>
<P><STRONG><a name="[1c]"></a>SVC_Handler</STRONG> (Thumb, 2 bytes, Stack size 0 bytes, stm32f2xx_it.o(.text))
<BR>[Address Reference Count : 1]<UL><LI> startup_stm32f2xx.o(RESET)
</UL>
<P><STRONG><a name="[1d]"></a>DebugMon_Handler</STRONG> (Thumb, 2 bytes, Stack size 0 bytes, stm32f2xx_it.o(.text))
<BR>[Address Reference Count : 1]<UL><LI> startup_stm32f2xx.o(RESET)
</UL>
<P><STRONG><a name="[45]"></a>USART1_IRQHandler</STRONG> (Thumb, 56 bytes, Stack size 8 bytes, usart.o(.text))
<BR><BR>[Stack]<UL><LI>Max Depth = 368<LI>Call Chain = USART1_IRQHandler &rArr; rt_hw_serial_isr &rArr; rt_data_queue_pop &rArr; rt_timer_start &rArr; rt_assert_handler &rArr;  rt_schedule (Cycle)
</UL>
<BR>[Calls]<UL><LI><a href="#[227]">&gt;&gt;</a>&nbsp;&nbsp;&nbsp;rt_hw_serial_isr
<LI><a href="#[226]">&gt;&gt;</a>&nbsp;&nbsp;&nbsp;USART_GetITStatus
<LI><a href="#[228]">&gt;&gt;</a>&nbsp;&nbsp;&nbsp;USART_ClearITPendingBit
<LI><a href="#[175]">&gt;&gt;</a>&nbsp;&nbsp;&nbsp;rt_interrupt_leave
<LI><a href="#[174]">&gt;&gt;</a>&nbsp;&nbsp;&nbsp;rt_interrupt_enter
</UL>
<BR>[Address Reference Count : 1]<UL><LI> startup_stm32f2xx.o(RESET)
</UL>
<P><STRONG><a name="[46]"></a>USART2_IRQHandler</STRONG> (Thumb, 56 bytes, Stack size 8 bytes, usart.o(.text))
<BR><BR>[Stack]<UL><LI>Max Depth = 368<LI>Call Chain = USART2_IRQHandler &rArr; rt_hw_serial_isr &rArr; rt_data_queue_pop &rArr; rt_timer_start &rArr; rt_assert_handler &rArr;  rt_schedule (Cycle)
</UL>
[...]
<BR><BR>[Stack]<UL><LI>Max Depth = 544<LI>Call Chain = proc_expr_statement &rArr; proc_expr &rArr; proc_assign_expr &rArr;  proc_assign_expr (Cycle)
</UL>
<BR>[Calls]<UL><LI><a href="#[409]">&gt;&gt;</a>&nbsp;&nbsp;&nbsp;finsh_token_token
<LI><a href="#[40a]">&gt;&gt;</a>&nbsp;&nbsp;&nbsp;proc_expr
<LI><a href="#[3ec]">&gt;&gt;</a>&nbsp;&nbsp;&nbsp;finsh_error_set
</UL>
<BR>[Called By]<UL><LI><a href="#[28e]">&gt;&gt;</a>&nbsp;&nbsp;&nbsp;finsh_parser_run
</UL>

<P><STRONG><a name="[420]"></a>token_prev_char</STRONG> (Thumb, 22 bytes, Stack size 0 bytes, finsh_token.o(.text))
<BR><BR>[Called By]<UL><LI><a href="#[426]">&gt;&gt;</a>&nbsp;&nbsp;&nbsp;token_get_string
<LI><a href="#[428]">&gt;&gt;</a>&nbsp;&nbsp;&nbsp;token_run
<LI><a href="#[427]">&gt;&gt;</a>&nbsp;&nbsp;&nbsp;token_trim_space
<LI><a href="#[424]">&gt;&gt;</a>&nbsp;&nbsp;&nbsp;token_proc_char
<LI><a href="#[422]">&gt;&gt;</a>&nbsp;&nbsp;&nbsp;token_proc_escape
<LI><a href="#[41f]">&gt;&gt;</a>&nbsp;&nbsp;&nbsp;token_proc_number
</UL>

<P><STRONG><a name="[41e]"></a>token_next_char</STRONG> (Thumb, 62 bytes, Stack size 8 bytes, finsh_token.o(.text))
<BR><BR>[Stack]<UL><LI>Max Depth = 8<LI>Call Chain = token_next_char
</UL>
<BR>[Calls]<UL><LI><a href="#[1ec]">&gt;&gt;</a>&nbsp;&nbsp;&nbsp;strlen
</UL>
<BR>[Called By]<UL><LI><a href="#[426]">&gt;&gt;</a>&nbsp;&nbsp;&nbsp;token_get_string
<LI><a href="#[428]">&gt;&gt;</a>&nbsp;&nbsp;&nbsp;token_run
<LI><a href="#[427]">&gt;&gt;</a>&nbsp;&nbsp;&nbsp;token_trim_space
<LI><a href="#[424]">&gt;&gt;</a>&nbsp;&nbsp;&nbsp;token_proc_char
<LI><a href="#[423]">&gt;&gt;</a>&nbsp;&nbsp;&nbsp;token_proc_string
<LI><a href="#[422]">&gt;&gt;</a>&nbsp;&nbsp;&nbsp;token_proc_escape
<LI><a href="#[41f]">&gt;&gt;</a>&nbsp;&nbsp;&nbsp;token_proc_number
</UL>

<P><STRONG><a name="[421]"></a>token_spec_number</STRONG> (Thumb, 152 bytes, Stack size 40 bytes, finsh_token.o(.text))
<BR><BR>[Stack]<UL><LI>Max Depth = 40<LI>Call Chain = token_spec_number
</UL>
<BR>[Called By]<UL><LI><a href="#[41f]">&gt;&gt;</a>&nbsp;&nbsp;&nbsp;token_proc_number
</UL>

<P><STRONG><a name="[41f]"></a>token_proc_number</STRONG> (Thumb, 288 bytes, Stack size 160 bytes, finsh_token.o(.text))
<BR><BR>[Stack]<UL><LI>Max Depth = 200<LI>Call Chain = token_proc_number &rArr; token_spec_number
</UL>
<BR>[Calls]<UL><LI><a href="#[421]">&gt;&gt;</a>&nbsp;&nbsp;&nbsp;token_spec_number
<LI><a href="#[41e]">&gt;&gt;</a>&nbsp;&nbsp;&nbsp;token_next_char
<LI><a href="#[420]">&gt;&gt;</a>&nbsp;&nbsp;&nbsp;token_prev_char
<LI><a href="#[1ec]">&gt;&gt;</a>&nbsp;&nbsp;&nbsp;strlen
</UL>
<BR>[Called By]<UL><LI><a href="#[428]">&gt;&gt;</a>&nbsp;&nbsp;&nbsp;token_run
</UL>

<P><STRONG><a name="[422]"></a>token_proc_escape</STRONG> (Thumb, 214 bytes, Stack size 16 bytes, finsh_token.o(.text))
<BR><BR>[Stack]<UL><LI>Max Depth = 24<LI>Call Chain = token_proc_escape &rArr; token_next_char
</UL>
<BR>[Calls]<UL><LI><a href="#[41e]">&gt;&gt;</a>&nbsp;&nbsp;&nbsp;token_next_char
<LI><a href="#[420]">&gt;&gt;</a>&nbsp;&nbsp;&nbsp;token_prev_char
</UL>
<BR>[Called By]<UL><LI><a href="#[423]">&gt;&gt;</a>&nbsp;&nbsp;&nbsp;token_proc_string
</UL>

<P><STRONG><a name="[423]"></a>token_proc_string</STRONG> (Thumb, 80 bytes, Stack size 16 bytes, finsh_token.o(.text))
<BR><BR>[Stack]<UL><LI>Max Depth = 40<LI>Call Chain = token_proc_string &rArr; token_proc_escape &rArr; token_next_char
</UL>
<BR>[Calls]<UL><LI><a href="#[422]">&gt;&gt;</a>&nbsp;&nbsp;&nbsp;token_proc_escape
<LI><a href="#[41e]">&gt;&gt;</a>&nbsp;&nbsp;&nbsp;token_next_char
<LI><a href="#[3ec]">&gt;&gt;</a>&nbsp;&nbsp;&nbsp;finsh_error_set
</UL>
<BR>[Called By]<UL><LI><a href="#[428]">&gt;&gt;</a>&nbsp;&nbsp;&nbsp;token_run
</UL>

<P><STRONG><a name="[424]"></a>token_proc_char</STRONG> (Thumb, 162 bytes, Stack size 24 bytes, finsh_token.o(.text))
<BR><BR>[Stack]<UL><LI>Max Depth = 112<LI>Call Chain = token_proc_char &rArr; atoi &rArr; strtol &rArr; _strtoul
</UL>
<BR>[Calls]<UL><LI><a href="#[41e]">&gt;&gt;</a>&nbsp;&nbsp;&nbsp;token_next_char
<LI><a href="#[420]">&gt;&gt;</a>&nbsp;&nbsp;&nbsp;token_prev_char
<LI><a href="#[3ec]">&gt;&gt;</a>&nbsp;&nbsp;&nbsp;finsh_error_set
<LI><a href="#[288]">&gt;&gt;</a>&nbsp;&nbsp;&nbsp;atoi
</UL>
<BR>[Called By]<UL><LI><a href="#[428]">&gt;&gt;</a>&nbsp;&nbsp;&nbsp;token_run
</UL>

<P><STRONG><a name="[425]"></a>token_match_name</STRONG> (Thumb, 48 bytes, Stack size 16 bytes, finsh_token.o(.text))
<BR><BR>[Stack]<UL><LI>Max Depth = 24<LI>Call Chain = token_match_name &rArr; strcmp
</UL>
<BR>[Calls]<UL><LI><a href="#[364]">&gt;&gt;</a>&nbsp;&nbsp;&nbsp;strcmp
</UL>
<BR>[Called By]<UL><LI><a href="#[428]">&gt;&gt;</a>&nbsp;&nbsp;&nbsp;token_run
</UL>

<P><STRONG><a name="[427]"></a>token_trim_space</STRONG> (Thumb, 34 bytes, Stack size 16 bytes, finsh_token.o(.text))
<BR><BR>[Stack]<UL><LI>Max Depth = 24<LI>Call Chain = token_trim_space &rArr; token_next_char
</UL>
<BR>[Calls]<UL><LI><a href="#[41e]">&gt;&gt;</a>&nbsp;&nbsp;&nbsp;token_next_char
<LI><a href="#[420]">&gt;&gt;</a>&nbsp;&nbsp;&nbsp;token_prev_char
</UL>
<BR>[Called By]<UL><LI><a href="#[428]">&gt;&gt;</a>&nbsp;&nbsp;&nbsp;token_run
</UL>

<P><STRONG><a name="[428]"></a>token_run</STRONG> (Thumb, 414 bytes, Stack size 16 bytes, finsh_token.o(.text))
<BR><BR>[Stack]<UL><LI>Max Depth = 216<LI>Call Chain = token_run &rArr; token_proc_number &rArr; token_spec_number
</UL>
<BR>[Calls]<UL><LI><a href="#[426]">&gt;&gt;</a>&nbsp;&nbsp;&nbsp;token_get_string
<LI><a href="#[427]">&gt;&gt;</a>&nbsp;&nbsp;&nbsp;token_trim_space
<LI><a href="#[425]">&gt;&gt;</a>&nbsp;&nbsp;&nbsp;token_match_name
<LI><a href="#[424]">&gt;&gt;</a>&nbsp;&nbsp;&nbsp;token_proc_char
<LI><a href="#[423]">&gt;&gt;</a>&nbsp;&nbsp;&nbsp;token_proc_string
<LI><a href="#[41f]">&gt;&gt;</a>&nbsp;&nbsp;&nbsp;token_proc_number
<LI><a href="#[41e]">&gt;&gt;</a>&nbsp;&nbsp;&nbsp;token_next_char
<LI><a href="#[420]">&gt;&gt;</a>&nbsp;&nbsp;&nbsp;token_prev_char
<LI><a href="#[3ec]">&gt;&gt;</a>&nbsp;&nbsp;&nbsp;finsh_error_set
</UL>
<BR>[Called By]<UL><LI><a href="#[409]">&gt;&gt;</a>&nbsp;&nbsp;&nbsp;finsh_token_token
</UL>

<P><STRONG><a name="[a7]"></a>fdevice_open</STRONG> (Thumb, 82 bytes, Stack size 24 bytes, log_file.o(.text))
<BR><BR>[Stack]<UL><LI>Max Depth = 488<LI>Call Chain = fdevice_open &rArr; open &rArr; dfs_file_open &rArr; dfs_normalize_path &rArr; rt_strdup &rArr; rt_malloc &rArr; rt_sem_take &rArr; rt_ipc_list_suspend &rArr; rt_thread_suspend &rArr; rt_assert_handler &rArr;  rt_schedule (Cycle)
</UL>
<BR>[Calls]<UL><LI><a href="#[1b7]">&gt;&gt;</a>&nbsp;&nbsp;&nbsp;open
<LI><a href="#[1b8]">&gt;&gt;</a>&nbsp;&nbsp;&nbsp;close
</UL>
<BR>[Address Reference Count : 1]<UL><LI> log_file.o(.text)
</UL>
<P><STRONG><a name="[a8]"></a>fdevice_close</STRONG> (Thumb, 38 bytes, Stack size 16 bytes, log_file.o(.text))
<BR><BR>[Stack]<UL><LI>Max Depth = 384<LI>Call Chain = fdevice_close &rArr; close &rArr; fd_get &rArr; dfs_unlock &rArr; rt_mutex_release &rArr; rt_thread_control &rArr; rt_thread_startup &rArr; rt_thread_resume &rArr; rt_assert_handler &rArr;  rt_schedule (Cycle)
</UL>
<BR>[Calls]<UL><LI><a href="#[1b8]">&gt;&gt;</a>&nbsp;&nbsp;&nbsp;close
</UL>
<BR>[Address Reference Count : 1]<UL><LI> log_file.o(.text)
</UL>
<P><STRONG><a name="[a9]"></a>fdevice_write</STRONG> (Thumb, 38 bytes, Stack size 24 bytes, log_file.o(.text))
<BR><BR>[Stack]<UL><LI>Max Depth = 400<LI>Call Chain = fdevice_write &rArr; write &rArr; fd_get &rArr; dfs_unlock &rArr; rt_mutex_release &rArr; rt_thread_control &rArr; rt_thread_startup &rArr; rt_thread_resume &rArr; rt_assert_handler &rArr;  rt_schedule (Cycle)
</UL>
<BR>[Calls]<UL><LI><a href="#[1ba]">&gt;&gt;</a>&nbsp;&nbsp;&nbsp;write
</UL>
<BR>[Address Reference Count : 1]<UL><LI> log_file.o(.text)
</UL>
<P><STRONG><a name="[aa]"></a>fdevice_control</STRONG> (Thumb, 100 bytes, Stack size 24 bytes, log_file.o(.text))
<BR><BR>[Stack]<UL><LI>Max Depth = 376<LI>Call Chain = fdevice_control &rArr; fd_get &rArr; dfs_unlock &rArr; rt_mutex_release &rArr; rt_thread_control &rArr; rt_thread_startup &rArr; rt_thread_resume &rArr; rt_assert_handler &rArr;  rt_schedule (Cycle)
</UL>
<BR>[Calls]<UL><LI><a href="#[17a]">&gt;&gt;</a>&nbsp;&nbsp;&nbsp;rt_set_errno
<LI><a href="#[373]">&gt;&gt;</a>&nbsp;&nbsp;&nbsp;dfs_file_flush
<LI><a href="#[360]">&gt;&gt;</a>&nbsp;&nbsp;&nbsp;fd_get
</UL>
<BR>[Address Reference Count : 1]<UL><LI> log_file.o(.text)
</UL>
<P><STRONG><a name="[432]"></a>_idname_len</STRONG> (Thumb, 44 bytes, Stack size 0 bytes, log_trace.o(.text))
<BR><BR>[Called By]<UL><LI><a href="#[431]">&gt;&gt;</a>&nbsp;&nbsp;&nbsp;__logtrace_vfmtout
<LI><a href="#[ab]">&gt;&gt;</a>&nbsp;&nbsp;&nbsp;_log_write
</UL>

<P><STRONG><a name="[42b]"></a>_lg_lookup_session</STRONG> (Thumb, 116 bytes, Stack size 24 bytes, log_trace.o(.text))
<BR><BR>[Stack]<UL><LI>Max Depth = 328<LI>Call Chain = _lg_lookup_session &rArr; rt_assert_handler &rArr;  rt_schedule (Cycle)
</UL>
<BR>[Calls]<UL><LI><a href="#[192]">&gt;&gt;</a>&nbsp;&nbsp;&nbsp;rt_assert_handler
</UL>
<BR>[Called By]<UL><LI><a href="#[42d]">&gt;&gt;</a>&nbsp;&nbsp;&nbsp;log_trace_session_find
<LI><a href="#[430]">&gt;&gt;</a>&nbsp;&nbsp;&nbsp;_lg_parse_session
</UL>

<P><STRONG><a name="[42f]"></a>_lg_parse_lvl</STRONG> (Thumb, 70 bytes, Stack size 16 bytes, log_trace.o(.text))
<BR><BR>[Stack]<UL><LI>Max Depth = 320<LI>Call Chain = _lg_parse_lvl &rArr; rt_assert_handler &rArr;  rt_schedule (Cycle)
</UL>
<BR>[Calls]<UL><LI><a href="#[192]">&gt;&gt;</a>&nbsp;&nbsp;&nbsp;rt_assert_handler
</UL>
<BR>[Called By]<UL><LI><a href="#[433]">&gt;&gt;</a>&nbsp;&nbsp;&nbsp;log_session
<LI><a href="#[13d]">&gt;&gt;</a>&nbsp;&nbsp;&nbsp;log_trace
<LI><a href="#[ab]">&gt;&gt;</a>&nbsp;&nbsp;&nbsp;_log_write
</UL>

<P><STRONG><a name="[430]"></a>_lg_parse_session</STRONG> (Thumb, 114 bytes, Stack size 32 bytes, log_trace.o(.text))
<BR><BR>[Stack]<UL><LI>Max Depth = 360<LI>Call Chain = _lg_parse_session &rArr; _lg_lookup_session &rArr; rt_assert_handler &rArr;  rt_schedule (Cycle)
</UL>
<BR>[Calls]<UL><LI><a href="#[192]">&gt;&gt;</a>&nbsp;&nbsp;&nbsp;rt_assert_handler
<LI><a href="#[42b]">&gt;&gt;</a>&nbsp;&nbsp;&nbsp;_lg_lookup_session
</UL>
<BR>[Called By]<UL><LI><a href="#[13d]">&gt;&gt;</a>&nbsp;&nbsp;&nbsp;log_trace
<LI><a href="#[ab]">&gt;&gt;</a>&nbsp;&nbsp;&nbsp;_log_write
</UL>

<P><STRONG><a name="[ab]"></a>_log_write</STRONG> (Thumb, 308 bytes, Stack size 48 bytes, log_trace.o(.text))
<BR><BR>[Stack]<UL><LI>Max Depth = 408<LI>Call Chain = _log_write &rArr; _lg_parse_session &rArr; _lg_lookup_session &rArr; rt_assert_handler &rArr;  rt_schedule (Cycle)
</UL>
<BR>[Calls]<UL><LI><a href="#[14a]">&gt;&gt;</a>&nbsp;&nbsp;&nbsp;rt_device_write
<LI><a href="#[430]">&gt;&gt;</a>&nbsp;&nbsp;&nbsp;_lg_parse_session
<LI><a href="#[42f]">&gt;&gt;</a>&nbsp;&nbsp;&nbsp;_lg_parse_lvl
<LI><a href="#[432]">&gt;&gt;</a>&nbsp;&nbsp;&nbsp;_idname_len
</UL>
<BR>[Address Reference Count : 1]<UL><LI> log_trace.o(.text)
</UL>
<P><STRONG><a name="[ac]"></a>_log_control</STRONG> (Thumb, 34 bytes, Stack size 16 bytes, log_trace.o(.text))
<BR><BR>[Stack]<UL><LI>Max Depth = 256<LI>Call Chain = _log_control &rArr; rt_device_control &rArr; rt_assert_handler &rArr;  rt_schedule (Cycle)
</UL>
<BR>[Calls]<UL><LI><a href="#[14b]">&gt;&gt;</a>&nbsp;&nbsp;&nbsp;rt_device_control
</UL>
<BR>[Address Reference Count : 1]<UL><LI> log_trace.o(.text)
</UL>
<P><STRONG><a name="[ad]"></a>_rym_rx_ind</STRONG> (Thumb, 18 bytes, Stack size 16 bytes, ymodem.o(.text))
<BR><BR>[Stack]<UL><LI>Max Depth = 304<LI>Call Chain = _rym_rx_ind &rArr; rt_sem_release &rArr; rt_ipc_list_resume &rArr; rt_thread_resume &rArr; rt_assert_handler &rArr;  rt_schedule (Cycle)
</UL>
<BR>[Calls]<UL><LI><a href="#[154]">&gt;&gt;</a>&nbsp;&nbsp;&nbsp;rt_sem_release
</UL>
<BR>[Address Reference Count : 1]<UL><LI> ymodem.o(.text)
</UL>
<P><STRONG><a name="[434]"></a>_rym_read_code</STRONG> (Thumb, 72 bytes, Stack size 16 bytes, ymodem.o(.text))
<BR><BR>[Stack]<UL><LI>Max Depth = 328<LI>Call Chain = _rym_read_code &rArr; rt_sem_take &rArr; rt_ipc_list_suspend &rArr; rt_thread_suspend &rArr; rt_assert_handler &rArr;  rt_schedule (Cycle)
</UL>
<BR>[Calls]<UL><LI><a href="#[152]">&gt;&gt;</a>&nbsp;&nbsp;&nbsp;rt_sem_take
<LI><a href="#[149]">&gt;&gt;</a>&nbsp;&nbsp;&nbsp;rt_device_read
</UL>
<BR>[Called By]<UL><LI><a href="#[43b]">&gt;&gt;</a>&nbsp;&nbsp;&nbsp;_rym_do_fin
<LI><a href="#[43a]">&gt;&gt;</a>&nbsp;&nbsp;&nbsp;_rym_do_trans
<LI><a href="#[437]">&gt;&gt;</a>&nbsp;&nbsp;&nbsp;_rym_do_handshake
</UL>

<P><STRONG><a name="[435]"></a>_rym_read_data</STRONG> (Thumb, 60 bytes, Stack size 24 bytes, ymodem.o(.text))
<BR><BR>[Stack]<UL><LI>Max Depth = 336<LI>Call Chain = _rym_read_data &rArr; rt_sem_take &rArr; rt_ipc_list_suspend &rArr; rt_thread_suspend &rArr; rt_assert_handler &rArr;  rt_schedule (Cycle)
</UL>
<BR>[Calls]<UL><LI><a href="#[152]">&gt;&gt;</a>&nbsp;&nbsp;&nbsp;rt_sem_take
<LI><a href="#[149]">&gt;&gt;</a>&nbsp;&nbsp;&nbsp;rt_device_read
</UL>
<BR>[Called By]<UL><LI><a href="#[43b]">&gt;&gt;</a>&nbsp;&nbsp;&nbsp;_rym_do_fin
<LI><a href="#[439]">&gt;&gt;</a>&nbsp;&nbsp;&nbsp;_rym_trans_data
<LI><a href="#[437]">&gt;&gt;</a>&nbsp;&nbsp;&nbsp;_rym_do_handshake
</UL>

<P><STRONG><a name="[436]"></a>_rym_putchar</STRONG> (Thumb, 20 bytes, Stack size 16 bytes, ymodem.o(.text))
<BR><BR>[Stack]<UL><LI>Max Depth = 56<LI>Call Chain = _rym_putchar &rArr; rt_device_write &rArr;  rt_assert_handler (Cycle)
</UL>
<BR>[Calls]<UL><LI><a href="#[14a]">&gt;&gt;</a>&nbsp;&nbsp;&nbsp;rt_device_write
</UL>
<BR>[Called By]<UL><LI><a href="#[43b]">&gt;&gt;</a>&nbsp;&nbsp;&nbsp;_rym_do_fin
<LI><a href="#[43a]">&gt;&gt;</a>&nbsp;&nbsp;&nbsp;_rym_do_trans
<LI><a href="#[437]">&gt;&gt;</a>&nbsp;&nbsp;&nbsp;_rym_do_handshake
</UL>

<P><STRONG><a name="[437]"></a>_rym_do_handshake</STRONG> (Thumb, 168 bytes, Stack size 32 bytes, ymodem.o(.text))
<BR><BR>[Stack]<UL><LI>Max Depth = 368<LI>Call Chain = _rym_do_handshake &rArr; _rym_read_data &rArr; rt_sem_take &rArr; rt_ipc_list_suspend &rArr; rt_thread_suspend &rArr; rt_assert_handler &rArr;  rt_schedule (Cycle)
</UL>
<BR>[Calls]<UL><LI><a href="#[438]">&gt;&gt;</a>&nbsp;&nbsp;&nbsp;CRC16
<LI><a href="#[436]">&gt;&gt;</a>&nbsp;&nbsp;&nbsp;_rym_putchar
<LI><a href="#[435]">&gt;&gt;</a>&nbsp;&nbsp;&nbsp;_rym_read_data
<LI><a href="#[434]">&gt;&gt;</a>&nbsp;&nbsp;&nbsp;_rym_read_code
</UL>
<BR>[Called By]<UL><LI><a href="#[43c]">&gt;&gt;</a>&nbsp;&nbsp;&nbsp;_rym_do_recv
</UL>

<P><STRONG><a name="[439]"></a>_rym_trans_data</STRONG> (Thumb, 140 bytes, Stack size 32 bytes, ymodem.o(.text))
<BR><BR>[Stack]<UL><LI>Max Depth = 368<LI>Call Chain = _rym_trans_data &rArr; _rym_read_data &rArr; rt_sem_take &rArr; rt_ipc_list_suspend &rArr; rt_thread_suspend &rArr; rt_assert_handler &rArr;  rt_schedule (Cycle)
</UL>
<BR>[Calls]<UL><LI><a href="#[438]">&gt;&gt;</a>&nbsp;&nbsp;&nbsp;CRC16
<LI><a href="#[435]">&gt;&gt;</a>&nbsp;&nbsp;&nbsp;_rym_read_data
</UL>
<BR>[Called By]<UL><LI><a href="#[43a]">&gt;&gt;</a>&nbsp;&nbsp;&nbsp;_rym_do_trans
</UL>

<P><STRONG><a name="[43a]"></a>_rym_do_trans</STRONG> (Thumb, 150 bytes, Stack size 24 bytes, ymodem.o(.text))
<BR><BR>[Stack]<UL><LI>Max Depth = 392<LI>Call Chain = _rym_do_trans &rArr; _rym_trans_data &rArr; _rym_read_data &rArr; rt_sem_take &rArr; rt_ipc_list_suspend &rArr; rt_thread_suspend &rArr; rt_assert_handler &rArr;  rt_schedule (Cycle)
</UL>
<BR>[Calls]<UL><LI><a href="#[439]">&gt;&gt;</a>&nbsp;&nbsp;&nbsp;_rym_trans_data
<LI><a href="#[436]">&gt;&gt;</a>&nbsp;&nbsp;&nbsp;_rym_putchar
<LI><a href="#[434]">&gt;&gt;</a>&nbsp;&nbsp;&nbsp;_rym_read_code
</UL>
<BR>[Called By]<UL><LI><a href="#[43c]">&gt;&gt;</a>&nbsp;&nbsp;&nbsp;_rym_do_recv
</UL>

<P><STRONG><a name="[43b]"></a>_rym_do_fin</STRONG> (Thumb, 186 bytes, Stack size 24 bytes, ymodem.o(.text))
<BR><BR>[Stack]<UL><LI>Max Depth = 360<LI>Call Chain = _rym_do_fin &rArr; _rym_read_data &rArr; rt_sem_take &rArr; rt_ipc_list_suspend &rArr; rt_thread_suspend &rArr; rt_assert_handler &rArr;  rt_schedule (Cycle)
</UL>
<BR>[Calls]<UL><LI><a href="#[438]">&gt;&gt;</a>&nbsp;&nbsp;&nbsp;CRC16
<LI><a href="#[436]">&gt;&gt;</a>&nbsp;&nbsp;&nbsp;_rym_putchar
<LI><a href="#[435]">&gt;&gt;</a>&nbsp;&nbsp;&nbsp;_rym_read_data
<LI><a href="#[434]">&gt;&gt;</a>&nbsp;&nbsp;&nbsp;_rym_read_code
</UL>
<BR>[Called By]<UL><LI><a href="#[43c]">&gt;&gt;</a>&nbsp;&nbsp;&nbsp;_rym_do_recv
</UL>

<P><STRONG><a name="[43c]"></a>_rym_do_recv</STRONG> (Thumb, 68 bytes, Stack size 16 bytes, ymodem.o(.text))
<BR><BR>[Stack]<UL><LI>Max Depth = 408<LI>Call Chain = _rym_do_recv &rArr; _rym_do_trans &rArr; _rym_trans_data &rArr; _rym_read_data &rArr; rt_sem_take &rArr; rt_ipc_list_suspend &rArr; rt_thread_suspend &rArr; rt_assert_handler &rArr;  rt_schedule (Cycle)
</UL>
<BR>[Calls]<UL><LI><a href="#[2]">&gt;&gt;</a>&nbsp;&nbsp;&nbsp;rt_malloc
<LI><a href="#[43b]">&gt;&gt;</a>&nbsp;&nbsp;&nbsp;_rym_do_fin
<LI><a href="#[43a]">&gt;&gt;</a>&nbsp;&nbsp;&nbsp;_rym_do_trans
<LI><a href="#[437]">&gt;&gt;</a>&nbsp;&nbsp;&nbsp;_rym_do_handshake
</UL>
<BR>[Called By]<UL><LI><a href="#[28a]">&gt;&gt;</a>&nbsp;&nbsp;&nbsp;rym_recv_on_device
</UL>

<P><STRONG><a name="[45f]"></a>_fp_digits</STRONG> (Thumb, 334 bytes, Stack size 56 bytes, printfa.o(i._fp_digits), UNUSED)
<BR><BR>[Calls]<UL><LI><a href="#[29d]">&gt;&gt;</a>&nbsp;&nbsp;&nbsp;__aeabi_dmul
<LI><a href="#[29e]">&gt;&gt;</a>&nbsp;&nbsp;&nbsp;__aeabi_dadd
<LI><a href="#[2a4]">&gt;&gt;</a>&nbsp;&nbsp;&nbsp;__aeabi_cdrcmple
<LI><a href="#[450]">&gt;&gt;</a>&nbsp;&nbsp;&nbsp;__aeabi_ddiv
<LI><a href="#[44d]">&gt;&gt;</a>&nbsp;&nbsp;&nbsp;__aeabi_uldivmod
<LI><a href="#[451]">&gt;&gt;</a>&nbsp;&nbsp;&nbsp;__aeabi_d2ulz
</UL>
<BR>[Called By]<UL><LI><a href="#[455]">&gt;&gt;</a>&nbsp;&nbsp;&nbsp;_printf_core
</UL>

<P><STRONG><a name="[455]"></a>_printf_core</STRONG> (Thumb, 1744 bytes, Stack size 136 bytes, printfa.o(i._printf_core), UNUSED)
<BR><BR>[Calls]<UL><LI><a href="#[44d]">&gt;&gt;</a>&nbsp;&nbsp;&nbsp;__aeabi_uldivmod
<LI><a href="#[462]">&gt;&gt;</a>&nbsp;&nbsp;&nbsp;__aeabi_uidivmod
<LI><a href="#[460]">&gt;&gt;</a>&nbsp;&nbsp;&nbsp;_printf_pre_padding
<LI><a href="#[461]">&gt;&gt;</a>&nbsp;&nbsp;&nbsp;_printf_post_padding
<LI><a href="#[45f]">&gt;&gt;</a>&nbsp;&nbsp;&nbsp;_fp_digits
</UL>
<BR>[Called By]<UL><LI><a href="#[456]">&gt;&gt;</a>&nbsp;&nbsp;&nbsp;__0sprintf
<LI><a href="#[454]">&gt;&gt;</a>&nbsp;&nbsp;&nbsp;__0snprintf
</UL>

<P><STRONG><a name="[461]"></a>_printf_post_padding</STRONG> (Thumb, 36 bytes, Stack size 24 bytes, printfa.o(i._printf_post_padding), UNUSED)
<BR><BR>[Called By]<UL><LI><a href="#[455]">&gt;&gt;</a>&nbsp;&nbsp;&nbsp;_printf_core
</UL>

<P><STRONG><a name="[460]"></a>_printf_pre_padding</STRONG> (Thumb, 46 bytes, Stack size 24 bytes, printfa.o(i._printf_pre_padding), UNUSED)
<BR><BR>[Called By]<UL><LI><a href="#[455]">&gt;&gt;</a>&nbsp;&nbsp;&nbsp;_printf_core
</UL>

<P><STRONG><a name="[b2]"></a>_snputc</STRONG> (Thumb, 22 bytes, Stack size 0 bytes, printfa.o(i._snputc))
<BR>[Address Reference Count : 1]<UL><LI> printfa.o(i.__0snprintf)
</UL>
<P><STRONG><a name="[b3]"></a>_sputc</STRONG> (Thumb, 10 bytes, Stack size 0 bytes, printfa.o(i._sputc))
<BR><BR>[Called By]<UL><LI><a href="#[456]">&gt;&gt;</a>&nbsp;&nbsp;&nbsp;__0sprintf
</UL>
<BR>[Address Reference Count : 1]<UL><LI> printfa.o(i.__0sprintf)
</UL>
<P><STRONG><a name="[458]"></a>internal_alloc</STRONG> (Thumb, 76 bytes, Stack size 24 bytes, mallocr.o(i.internal_alloc))
<BR><BR>[Stack]<UL><LI>Max Depth = 24<LI>Call Chain = internal_alloc
</UL>
<BR>[Calls]<UL><LI><a href="#[298]">&gt;&gt;</a>&nbsp;&nbsp;&nbsp;__aeabi_memcpy
</UL>
<BR>[Called By]<UL><LI><a href="#[31e]">&gt;&gt;</a>&nbsp;&nbsp;&nbsp;realloc
<LI><a href="#[89]">&gt;&gt;</a>&nbsp;&nbsp;&nbsp;malloc
</UL>

<P><STRONG><a name="[b0]"></a>_scanf_char_input</STRONG> (Thumb, 12 bytes, Stack size 0 bytes, scanf_char.o(.text))
<BR>[Address Reference Count : 1]<UL><LI> scanf_char.o(.text)
</UL><P>
<H3>
Undefined Global Symbols
</H3><HR></body></html>
