<!doctype html public "-//w3c//dtd html 4.0 transitional//en">
<html><head>
<title>Static Call Graph - [.\build\SZJS_gateway.axf]</title></head>
<body><HR>
<H1>Static Call Graph for image .\build\SZJS_gateway.axf</H1><HR>
<BR><P>#&#060CALLGRAPH&#062# ARM Linker, 5060061: Last Updated: Tue Oct 24 15:59:10 2017
<BR><P>
<H3>Maximum Stack Usage =       1152 bytes + Unknown(Cycles, Untraceable Function Pointers)</H3><H3>
Call chain for Maximum Stack Depth:</H3>
dfs_elm_stat &rArr; f_stat &rArr; follow_path &rArr; dir_find &rArr; dir_next &rArr; create_chain &rArr; put_fat &rArr; move_window &rArr; disk_write &rArr; rt_device_write &rArr;  rt_assert_handler (Cycle)
<P>
<H3>
Mutually Recursive functions
</H3> <LI><a href="#[12b]">rt_device_write</a>&nbsp;&nbsp;&nbsp;&rArr;&nbsp;&nbsp;&nbsp;<a href="#[173]">rt_assert_handler</a><BR>
 <LI><a href="#[2e0]">_rt_scheduler_stack_check</a>&nbsp;&nbsp;&nbsp;&rArr;&nbsp;&nbsp;&nbsp;<a href="#[173]">rt_assert_handler</a><BR>
 <LI><a href="#[2cf]">rt_module_unload</a>&nbsp;&nbsp;&nbsp;&rArr;&nbsp;&nbsp;&nbsp;<a href="#[173]">rt_assert_handler</a><BR>
 <LI><a href="#[2c4]">rt_object_is_systemobject</a>&nbsp;&nbsp;&nbsp;&rArr;&nbsp;&nbsp;&nbsp;<a href="#[173]">rt_assert_handler</a><BR>
 <LI><a href="#[185]">rt_thread_detach</a>&nbsp;&nbsp;&nbsp;&rArr;&nbsp;&nbsp;&nbsp;<a href="#[173]">rt_assert_handler</a><BR>
 <LI><a href="#[2c0]">rt_object_detach</a>&nbsp;&nbsp;&nbsp;&rArr;&nbsp;&nbsp;&nbsp;<a href="#[173]">rt_assert_handler</a><BR>
 <LI><a href="#[2e4]">rt_schedule_remove_thread</a>&nbsp;&nbsp;&nbsp;&rArr;&nbsp;&nbsp;&nbsp;<a href="#[173]">rt_assert_handler</a><BR>
 <LI><a href="#[190]">rt_timer_detach</a>&nbsp;&nbsp;&nbsp;&rArr;&nbsp;&nbsp;&nbsp;<a href="#[173]">rt_assert_handler</a><BR>
 <LI><a href="#[187]">rt_thread_delete</a>&nbsp;&nbsp;&nbsp;&rArr;&nbsp;&nbsp;&nbsp;<a href="#[173]">rt_assert_handler</a><BR>
 <LI><a href="#[ec]">sys_shutdown</a>&nbsp;&nbsp;&nbsp;&rArr;&nbsp;&nbsp;&nbsp;<a href="#[ec]">sys_shutdown</a><BR>
 <LI><a href="#[7]">MemManage_Handler</a>&nbsp;&nbsp;&nbsp;&rArr;&nbsp;&nbsp;&nbsp;<a href="#[7]">MemManage_Handler</a><BR>
 <LI><a href="#[8]">BusFault_Handler</a>&nbsp;&nbsp;&nbsp;&rArr;&nbsp;&nbsp;&nbsp;<a href="#[8]">BusFault_Handler</a><BR>
 <LI><a href="#[9]">UsageFault_Handler</a>&nbsp;&nbsp;&nbsp;&rArr;&nbsp;&nbsp;&nbsp;<a href="#[9]">UsageFault_Handler</a><BR>
 <LI><a href="#[20]">ADC_IRQHandler</a>&nbsp;&nbsp;&nbsp;&rArr;&nbsp;&nbsp;&nbsp;<a href="#[20]">ADC_IRQHandler</a><BR>
 <LI><a href="#[2fe]">copydir</a>&nbsp;&nbsp;&nbsp;&rArr;&nbsp;&nbsp;&nbsp;<a href="#[2fe]">copydir</a><BR>
 <LI><a href="#[393]">proc_assign_expr</a>&nbsp;&nbsp;&nbsp;&rArr;&nbsp;&nbsp;&nbsp;<a href="#[393]">proc_assign_expr</a><BR>
 <LI><a href="#[38a]">proc_cast_expr</a>&nbsp;&nbsp;&nbsp;&rArr;&nbsp;&nbsp;&nbsp;<a href="#[38a]">proc_cast_expr</a><BR>
 <LI><a href="#[39a]">proc_primary_expr</a>&nbsp;&nbsp;&nbsp;&rArr;&nbsp;&nbsp;&nbsp;<a href="#[398]">proc_expr</a><BR>
 <LI><a href="#[38c]">proc_postfix_expr</a>&nbsp;&nbsp;&nbsp;&rArr;&nbsp;&nbsp;&nbsp;<a href="#[393]">proc_assign_expr</a><BR>
 <LI><a href="#[388]">proc_unary_expr</a>&nbsp;&nbsp;&nbsp;&rArr;&nbsp;&nbsp;&nbsp;<a href="#[38a]">proc_cast_expr</a><BR>
 <LI><a href="#[371]">finsh_type_check</a>&nbsp;&nbsp;&nbsp;&rArr;&nbsp;&nbsp;&nbsp;<a href="#[371]">finsh_type_check</a><BR>
 <LI><a href="#[36f]">finsh_compile</a>&nbsp;&nbsp;&nbsp;&rArr;&nbsp;&nbsp;&nbsp;<a href="#[36f]">finsh_compile</a><BR>
 <LI><a href="#[290]">print_array</a>&nbsp;&nbsp;&nbsp;&rArr;&nbsp;&nbsp;&nbsp;<a href="#[28f]">print_value</a><BR>
 <LI><a href="#[28e]">print_object</a>&nbsp;&nbsp;&nbsp;&rArr;&nbsp;&nbsp;&nbsp;<a href="#[28f]">print_value</a><BR>
 <LI><a href="#[274]">cJSON_Delete</a>&nbsp;&nbsp;&nbsp;&rArr;&nbsp;&nbsp;&nbsp;<a href="#[274]">cJSON_Delete</a><BR>
 <LI><a href="#[28b]">parse_array</a>&nbsp;&nbsp;&nbsp;&rArr;&nbsp;&nbsp;&nbsp;<a href="#[289]">parse_value</a><BR>
 <LI><a href="#[286]">parse_object</a>&nbsp;&nbsp;&nbsp;&rArr;&nbsp;&nbsp;&nbsp;<a href="#[289]">parse_value</a><BR>
</UL>
<P>
<H3>
Function Pointers
</H3><UL>
 <LI><a href="#[20]">ADC_IRQHandler</a> from startup_stm32f2xx.o(.text) referenced from startup_stm32f2xx.o(RESET)
 <LI><a href="#[8]">BusFault_Handler</a> from stm32f2xx_it.o(.text) referenced from startup_stm32f2xx.o(RESET)
 <LI><a href="#[22]">CAN1_RX0_IRQHandler</a> from startup_stm32f2xx.o(.text) referenced from startup_stm32f2xx.o(RESET)
 <LI><a href="#[23]">CAN1_RX1_IRQHandler</a> from startup_stm32f2xx.o(.text) referenced from startup_stm32f2xx.o(RESET)
 <LI><a href="#[24]">CAN1_SCE_IRQHandler</a> from startup_stm32f2xx.o(.text) referenced from startup_stm32f2xx.o(RESET)
 <LI><a href="#[21]">CAN1_TX_IRQHandler</a> from startup_stm32f2xx.o(.text) referenced from startup_stm32f2xx.o(RESET)
 <LI><a href="#[4e]">CAN2_RX0_IRQHandler</a> from startup_stm32f2xx.o(.text) referenced from startup_stm32f2xx.o(RESET)
 <LI><a href="#[4f]">CAN2_RX1_IRQHandler</a> from startup_stm32f2xx.o(.text) referenced from startup_stm32f2xx.o(RESET)
 <LI><a href="#[50]">CAN2_SCE_IRQHandler</a> from startup_stm32f2xx.o(.text) referenced from startup_stm32f2xx.o(RESET)
 <LI><a href="#[4d]">CAN2_TX_IRQHandler</a> from startup_stm32f2xx.o(.text) referenced from startup_stm32f2xx.o(RESET)
 <LI><a href="#[5d]">CRYP_IRQHandler</a> from startup_stm32f2xx.o(.text) referenced from startup_stm32f2xx.o(RESET)
 <LI><a href="#[5c]">DCMI_IRQHandler</a> from startup_stm32f2xx.o(.text) referenced from startup_stm32f2xx.o(RESET)
 <LI><a href="#[19]">DMA1_Stream0_IRQHandler</a> from startup_stm32f2xx.o(.text) referenced from startup_stm32f2xx.o(RESET)
 <LI><a href="#[1a]">DMA1_Stream1_IRQHandler</a> from startup_stm32f2xx.o(.text) referenced from startup_stm32f2xx.o(RESET)
 <LI><a href="#[1b]">DMA1_Stream2_IRQHandler</a> from startup_stm32f2xx.o(.text) referenced from startup_stm32f2xx.o(RESET)
 <LI><a href="#[1c]">DMA1_Stream3_IRQHandler</a> from startup_stm32f2xx.o(.text) referenced from startup_stm32f2xx.o(RESET)
 <LI><a href="#[1d]">DMA1_Stream4_IRQHandler</a> from startup_stm32f2xx.o(.text) referenced from startup_stm32f2xx.o(RESET)
 <LI><a href="#[1e]">DMA1_Stream5_IRQHandler</a> from startup_stm32f2xx.o(.text) referenced from startup_stm32f2xx.o(RESET)
 <LI><a href="#[1f]">DMA1_Stream6_IRQHandler</a> from startup_stm32f2xx.o(.text) referenced from startup_stm32f2xx.o(RESET)
 <LI><a href="#[3d]">DMA1_Stream7_IRQHandler</a> from startup_stm32f2xx.o(.text) referenced from startup_stm32f2xx.o(RESET)
 <LI><a href="#[46]">DMA2_Stream0_IRQHandler</a> from startup_stm32f2xx.o(.text) referenced from startup_stm32f2xx.o(RESET)
 <LI><a href="#[47]">DMA2_Stream1_IRQHandler</a> from startup_stm32f2xx.o(.text) referenced from startup_stm32f2xx.o(RESET)
 <LI><a href="#[48]">DMA2_Stream2_IRQHandler</a> from startup_stm32f2xx.o(.text) referenced from startup_stm32f2xx.o(RESET)
 <LI><a href="#[49]">DMA2_Stream3_IRQHandler</a> from startup_stm32f2xx.o(.text) referenced from startup_stm32f2xx.o(RESET)
 <LI><a href="#[4a]">DMA2_Stream4_IRQHandler</a> from startup_stm32f2xx.o(.text) referenced from startup_stm32f2xx.o(RESET)
 <LI><a href="#[52]">DMA2_Stream5_IRQHandler</a> from startup_stm32f2xx.o(.text) referenced from startup_stm32f2xx.o(RESET)
 <LI><a href="#[53]">DMA2_Stream6_IRQHandler</a> from startup_stm32f2xx.o(.text) referenced from startup_stm32f2xx.o(RESET)
 <LI><a href="#[54]">DMA2_Stream7_IRQHandler</a> from startup_stm32f2xx.o(.text) referenced from startup_stm32f2xx.o(RESET)
 <LI><a href="#[b]">DebugMon_Handler</a> from stm32f2xx_it.o(.text) referenced from startup_stm32f2xx.o(RESET)
 <LI><a href="#[4b]">ETH_IRQHandler</a> from startup_stm32f2xx.o(.text) referenced from startup_stm32f2xx.o(RESET)
 <LI><a href="#[4c]">ETH_WKUP_IRQHandler</a> from startup_stm32f2xx.o(.text) referenced from startup_stm32f2xx.o(RESET)
 <LI><a href="#[14]">EXTI0_IRQHandler</a> from startup_stm32f2xx.o(.text) referenced from startup_stm32f2xx.o(RESET)
 <LI><a href="#[36]">EXTI15_10_IRQHandler</a> from startup_stm32f2xx.o(.text) referenced from startup_stm32f2xx.o(RESET)
 <LI><a href="#[15]">EXTI1_IRQHandler</a> from startup_stm32f2xx.o(.text) referenced from startup_stm32f2xx.o(RESET)
 <LI><a href="#[16]">EXTI2_IRQHandler</a> from startup_stm32f2xx.o(.text) referenced from startup_stm32f2xx.o(RESET)
 <LI><a href="#[17]">EXTI3_IRQHandler</a> from startup_stm32f2xx.o(.text) referenced from startup_stm32f2xx.o(RESET)
 <LI><a href="#[18]">EXTI4_IRQHandler</a> from startup_stm32f2xx.o(.text) referenced from startup_stm32f2xx.o(RESET)
 <LI><a href="#[25]">EXTI9_5_IRQHandler</a> from startup_stm32f2xx.o(.text) referenced from startup_stm32f2xx.o(RESET)
 <LI><a href="#[12]">FLASH_IRQHandler</a> from startup_stm32f2xx.o(.text) referenced from startup_stm32f2xx.o(RESET)
 <LI><a href="#[3e]">FSMC_IRQHandler</a> from startup_stm32f2xx.o(.text) referenced from startup_stm32f2xx.o(RESET)
 <LI><a href="#[5e]">HASH_RNG_IRQHandler</a> from startup_stm32f2xx.o(.text) referenced from startup_stm32f2xx.o(RESET)
 <LI><a href="#[6]">HardFault_Handler</a> from context_rvds.o(.text) referenced from startup_stm32f2xx.o(RESET)
 <LI><a href="#[2e]">I2C1_ER_IRQHandler</a> from startup_stm32f2xx.o(.text) referenced from startup_stm32f2xx.o(RESET)
 <LI><a href="#[2d]">I2C1_EV_IRQHandler</a> from startup_stm32f2xx.o(.text) referenced from startup_stm32f2xx.o(RESET)
 <LI><a href="#[30]">I2C2_ER_IRQHandler</a> from startup_stm32f2xx.o(.text) referenced from startup_stm32f2xx.o(RESET)
 <LI><a href="#[2f]">I2C2_EV_IRQHandler</a> from startup_stm32f2xx.o(.text) referenced from startup_stm32f2xx.o(RESET)
 <LI><a href="#[57]">I2C3_ER_IRQHandler</a> from startup_stm32f2xx.o(.text) referenced from startup_stm32f2xx.o(RESET)
 <LI><a href="#[56]">I2C3_EV_IRQHandler</a> from startup_stm32f2xx.o(.text) referenced from startup_stm32f2xx.o(RESET)
 <LI><a href="#[7]">MemManage_Handler</a> from stm32f2xx_it.o(.text) referenced from startup_stm32f2xx.o(RESET)
 <LI><a href="#[5]">NMI_Handler</a> from stm32f2xx_it.o(.text) referenced from startup_stm32f2xx.o(RESET)
 <LI><a href="#[b1]">OP_add_byte</a> from finsh_ops.o(.text) referenced from finsh_ops.o(.constdata)
 <LI><a href="#[b3]">OP_add_dword</a> from finsh_ops.o(.text) referenced from finsh_ops.o(.constdata)
 <LI><a href="#[b2]">OP_add_word</a> from finsh_ops.o(.text) referenced from finsh_ops.o(.constdata)
 <LI><a href="#[c0]">OP_and_byte</a> from finsh_ops.o(.text) referenced from finsh_ops.o(.constdata)
 <LI><a href="#[c2]">OP_and_dword</a> from finsh_ops.o(.text) referenced from finsh_ops.o(.constdata)
 <LI><a href="#[c1]">OP_and_word</a> from finsh_ops.o(.text) referenced from finsh_ops.o(.constdata)
 <LI><a href="#[c9]">OP_bw_byte</a> from finsh_ops.o(.text) referenced from finsh_ops.o(.constdata)
 <LI><a href="#[cb]">OP_bw_dword</a> from finsh_ops.o(.text) referenced from finsh_ops.o(.constdata)
 <LI><a href="#[ca]">OP_bw_word</a> from finsh_ops.o(.text) referenced from finsh_ops.o(.constdata)
 <LI><a href="#[dc]">OP_call</a> from finsh_ops.o(.text) referenced from finsh_ops.o(.constdata)
 <LI><a href="#[b7]">OP_div_byte</a> from finsh_ops.o(.text) referenced from finsh_ops.o(.constdata)
 <LI><a href="#[b9]">OP_div_dword</a> from finsh_ops.o(.text) referenced from finsh_ops.o(.constdata)
 <LI><a href="#[b8]">OP_div_word</a> from finsh_ops.o(.text) referenced from finsh_ops.o(.constdata)
 <LI><a href="#[d2]">OP_ld_byte</a> from finsh_ops.o(.text) referenced from finsh_ops.o(.constdata)
 <LI><a href="#[d4]">OP_ld_dword</a> from finsh_ops.o(.text) referenced from finsh_ops.o(.constdata)
 <LI><a href="#[d5]">OP_ld_value_byte</a> from finsh_ops.o(.text) referenced from finsh_ops.o(.constdata)
 <LI><a href="#[dd]">OP_ld_value_byte_stack</a> from finsh_ops.o(.text) referenced from finsh_ops.o(.constdata)
 <LI><a href="#[d7]">OP_ld_value_dword</a> from finsh_ops.o(.text) referenced from finsh_ops.o(.constdata)
 <LI><a href="#[df]">OP_ld_value_dword_stack</a> from finsh_ops.o(.text) referenced from finsh_ops.o(.constdata)
 <LI><a href="#[d6]">OP_ld_value_word</a> from finsh_ops.o(.text) referenced from finsh_ops.o(.constdata)
 <LI><a href="#[de]">OP_ld_value_word_stack</a> from finsh_ops.o(.text) referenced from finsh_ops.o(.constdata)
 <LI><a href="#[d3]">OP_ld_word</a> from finsh_ops.o(.text) referenced from finsh_ops.o(.constdata)
 <LI><a href="#[ba]">OP_mod_byte</a> from finsh_ops.o(.text) referenced from finsh_ops.o(.constdata)
 <LI><a href="#[bc]">OP_mod_dword</a> from finsh_ops.o(.text) referenced from finsh_ops.o(.constdata)
 <LI><a href="#[bb]">OP_mod_word</a> from finsh_ops.o(.text) referenced from finsh_ops.o(.constdata)
 <LI><a href="#[bd]">OP_mul_byte</a> from finsh_ops.o(.text) referenced from finsh_ops.o(.constdata)
 <LI><a href="#[bf]">OP_mul_dword</a> from finsh_ops.o(.text) referenced from finsh_ops.o(.constdata)
 <LI><a href="#[be]">OP_mul_word</a> from finsh_ops.o(.text) referenced from finsh_ops.o(.constdata)
 <LI><a href="#[b0]">OP_no_op</a> from finsh_ops.o(.text) referenced from finsh_ops.o(.constdata)
 <LI><a href="#[c3]">OP_or_byte</a> from finsh_ops.o(.text) referenced from finsh_ops.o(.constdata)
 <LI><a href="#[c5]">OP_or_dword</a> from finsh_ops.o(.text) referenced from finsh_ops.o(.constdata)
 <LI><a href="#[c4]">OP_or_word</a> from finsh_ops.o(.text) referenced from finsh_ops.o(.constdata)
 <LI><a href="#[db]">OP_pop</a> from finsh_ops.o(.text) referenced from finsh_ops.o(.constdata)
 <LI><a href="#[cc]">OP_shl_byte</a> from finsh_ops.o(.text) referenced from finsh_ops.o(.constdata)
 <LI><a href="#[ce]">OP_shl_dword</a> from finsh_ops.o(.text) referenced from finsh_ops.o(.constdata)
 <LI><a href="#[cd]">OP_shl_word</a> from finsh_ops.o(.text) referenced from finsh_ops.o(.constdata)
 <LI><a href="#[cf]">OP_shr_byte</a> from finsh_ops.o(.text) referenced from finsh_ops.o(.constdata)
 <LI><a href="#[d1]">OP_shr_dword</a> from finsh_ops.o(.text) referenced from finsh_ops.o(.constdata)
 <LI><a href="#[d0]">OP_shr_word</a> from finsh_ops.o(.text) referenced from finsh_ops.o(.constdata)
 <LI><a href="#[d8]">OP_st_byte</a> from finsh_ops.o(.text) referenced from finsh_ops.o(.constdata)
 <LI><a href="#[da]">OP_st_dword</a> from finsh_ops.o(.text) referenced from finsh_ops.o(.constdata)
 <LI><a href="#[d9]">OP_st_word</a> from finsh_ops.o(.text) referenced from finsh_ops.o(.constdata)
 <LI><a href="#[b4]">OP_sub_byte</a> from finsh_ops.o(.text) referenced from finsh_ops.o(.constdata)
 <LI><a href="#[b6]">OP_sub_dword</a> from finsh_ops.o(.text) referenced from finsh_ops.o(.constdata)
 <LI><a href="#[b5]">OP_sub_word</a> from finsh_ops.o(.text) referenced from finsh_ops.o(.constdata)
 <LI><a href="#[c6]">OP_xor_byte</a> from finsh_ops.o(.text) referenced from finsh_ops.o(.constdata)
 <LI><a href="#[c8]">OP_xor_dword</a> from finsh_ops.o(.text) referenced from finsh_ops.o(.constdata)
 <LI><a href="#[c7]">OP_xor_word</a> from finsh_ops.o(.text) referenced from finsh_ops.o(.constdata)
 <LI><a href="#[51]">OTG_FS_IRQHandler</a> from startup_stm32f2xx.o(.text) referenced from startup_stm32f2xx.o(RESET)
 <LI><a href="#[38]">OTG_FS_WKUP_IRQHandler</a> from startup_stm32f2xx.o(.text) referenced from startup_stm32f2xx.o(RESET)
 <LI><a href="#[59]">OTG_HS_EP1_IN_IRQHandler</a> from startup_stm32f2xx.o(.text) referenced from startup_stm32f2xx.o(RESET)
 <LI><a href="#[58]">OTG_HS_EP1_OUT_IRQHandler</a> from startup_stm32f2xx.o(.text) referenced from startup_stm32f2xx.o(RESET)
 <LI><a href="#[5b]">OTG_HS_IRQHandler</a> from startup_stm32f2xx.o(.text) referenced from startup_stm32f2xx.o(RESET)
 <LI><a href="#[5a]">OTG_HS_WKUP_IRQHandler</a> from startup_stm32f2xx.o(.text) referenced from startup_stm32f2xx.o(RESET)
 <LI><a href="#[f]">PVD_IRQHandler</a> from startup_stm32f2xx.o(.text) referenced from startup_stm32f2xx.o(RESET)
 <LI><a href="#[c]">PendSV_Handler</a> from context_rvds.o(.text) referenced from startup_stm32f2xx.o(RESET)
 <LI><a href="#[13]">RCC_IRQHandler</a> from startup_stm32f2xx.o(.text) referenced from startup_stm32f2xx.o(RESET)
 <LI><a href="#[37]">RTC_Alarm_IRQHandler</a> from startup_stm32f2xx.o(.text) referenced from startup_stm32f2xx.o(RESET)
 <LI><a href="#[11]">RTC_WKUP_IRQHandler</a> from startup_stm32f2xx.o(.text) referenced from startup_stm32f2xx.o(RESET)
 <LI><a href="#[4]">Reset_Handler</a> from startup_stm32f2xx.o(.text) referenced from startup_stm32f2xx.o(RESET)
 <LI><a href="#[3f]">SDIO_IRQHandler</a> from startup_stm32f2xx.o(.text) referenced from startup_stm32f2xx.o(RESET)
 <LI><a href="#[31]">SPI1_IRQHandler</a> from startup_stm32f2xx.o(.text) referenced from startup_stm32f2xx.o(RESET)
 <LI><a href="#[32]">SPI2_IRQHandler</a> from startup_stm32f2xx.o(.text) referenced from startup_stm32f2xx.o(RESET)
 <LI><a href="#[41]">SPI3_IRQHandler</a> from startup_stm32f2xx.o(.text) referenced from startup_stm32f2xx.o(RESET)
 <LI><a href="#[a]">SVC_Handler</a> from stm32f2xx_it.o(.text) referenced from startup_stm32f2xx.o(RESET)
 <LI><a href="#[d]">SysTick_Handler</a> from board.o(.text) referenced from startup_stm32f2xx.o(RESET)
 <LI><a href="#[6b]">SystemInit</a> from system_stm32f2xx.o(.text) referenced from startup_stm32f2xx.o(.text)
 <LI><a href="#[10]">TAMP_STAMP_IRQHandler</a> from startup_stm32f2xx.o(.text) referenced from startup_stm32f2xx.o(RESET)
 <LI><a href="#[26]">TIM1_BRK_TIM9_IRQHandler</a> from startup_stm32f2xx.o(.text) referenced from startup_stm32f2xx.o(RESET)
 <LI><a href="#[29]">TIM1_CC_IRQHandler</a> from startup_stm32f2xx.o(.text) referenced from startup_stm32f2xx.o(RESET)
 <LI><a href="#[28]">TIM1_TRG_COM_TIM11_IRQHandler</a> from startup_stm32f2xx.o(.text) referenced from startup_stm32f2xx.o(RESET)
 <LI><a href="#[27]">TIM1_UP_TIM10_IRQHandler</a> from startup_stm32f2xx.o(.text) referenced from startup_stm32f2xx.o(RESET)
 <LI><a href="#[2a]">TIM2_IRQHandler</a> from startup_stm32f2xx.o(.text) referenced from startup_stm32f2xx.o(RESET)
 <LI><a href="#[2b]">TIM3_IRQHandler</a> from startup_stm32f2xx.o(.text) referenced from startup_stm32f2xx.o(RESET)
 <LI><a href="#[2c]">TIM4_IRQHandler</a> from startup_stm32f2xx.o(.text) referenced from startup_stm32f2xx.o(RESET)
 <LI><a href="#[40]">TIM5_IRQHandler</a> from startup_stm32f2xx.o(.text) referenced from startup_stm32f2xx.o(RESET)
 <LI><a href="#[44]">TIM6_DAC_IRQHandler</a> from startup_stm32f2xx.o(.text) referenced from startup_stm32f2xx.o(RESET)
 <LI><a href="#[45]">TIM7_IRQHandler</a> from startup_stm32f2xx.o(.text) referenced from startup_stm32f2xx.o(RESET)
 <LI><a href="#[39]">TIM8_BRK_TIM12_IRQHandler</a> from startup_stm32f2xx.o(.text) referenced from startup_stm32f2xx.o(RESET)
 <LI><a href="#[3c]">TIM8_CC_IRQHandler</a> from startup_stm32f2xx.o(.text) referenced from startup_stm32f2xx.o(RESET)
 <LI><a href="#[3b]">TIM8_TRG_COM_TIM14_IRQHandler</a> from startup_stm32f2xx.o(.text) referenced from startup_stm32f2xx.o(RESET)
 <LI><a href="#[3a]">TIM8_UP_TIM13_IRQHandler</a> from startup_stm32f2xx.o(.text) referenced from startup_stm32f2xx.o(RESET)
 <LI><a href="#[42]">UART4_IRQHandler</a> from startup_stm32f2xx.o(.text) referenced from startup_stm32f2xx.o(RESET)
 <LI><a href="#[43]">UART5_IRQHandler</a> from startup_stm32f2xx.o(.text) referenced from startup_stm32f2xx.o(RESET)
 <LI><a href="#[33]">USART1_IRQHandler</a> from usart.o(.text) referenced from startup_stm32f2xx.o(RESET)
 <LI><a href="#[34]">USART2_IRQHandler</a> from usart.o(.text) referenced from startup_stm32f2xx.o(RESET)
 <LI><a href="#[35]">USART3_IRQHandler</a> from usart.o(.text) referenced from startup_stm32f2xx.o(RESET)
 <LI><a href="#[55]">USART6_IRQHandler</a> from startup_stm32f2xx.o(.text) referenced from startup_stm32f2xx.o(RESET)
 <LI><a href="#[9]">UsageFault_Handler</a> from stm32f2xx_it.o(.text) referenced from startup_stm32f2xx.o(RESET)
 <LI><a href="#[e]">WWDG_IRQHandler</a> from startup_stm32f2xx.o(.text) referenced from startup_stm32f2xx.o(RESET)
 <LI><a href="#[6c]">__main</a> from entry.o(.ARM.Collect$$$$00000000) referenced from startup_stm32f2xx.o(.text)
 <LI><a href="#[93]">_log_control</a> from log_trace.o(.text) referenced from log_trace.o(.text)
 <LI><a href="#[92]">_log_write</a> from log_trace.o(.text) referenced from log_trace.o(.text)
 <LI><a href="#[76]">_pin_control</a> from pin.o(.text) referenced from pin.o(.text)
 <LI><a href="#[74]">_pin_read</a> from pin.o(.text) referenced from pin.o(.text)
 <LI><a href="#[75]">_pin_write</a> from pin.o(.text) referenced from pin.o(.text)
 <LI><a href="#[88]">_portal_close</a> from portal.o(.text) referenced from portal.o(.text)
 <LI><a href="#[86]">_portal_init</a> from portal.o(.text) referenced from portal.o(.text)
 <LI><a href="#[87]">_portal_open</a> from portal.o(.text) referenced from portal.o(.text)
 <LI><a href="#[8a]">_portal_read</a> from portal.o(.text) referenced from portal.o(.text)
 <LI><a href="#[8c]">_portal_rx_indicate</a> from portal.o(.text) referenced from portal.o(.text)
 <LI><a href="#[8b]">_portal_tx_complete</a> from portal.o(.text) referenced from portal.o(.text)
 <LI><a href="#[89]">_portal_write</a> from portal.o(.text) referenced from portal.o(.text)
 <LI><a href="#[15c]">_rt_errno</a> from kservice.o(.text) referenced from kservice.o(RTMSymTab)
 <LI><a href="#[6f]">_rym_bg</a> from tofile.o(.text) referenced from tofile.o(.text)
 <LI><a href="#[6d]">_rym_end</a> from tofile.o(.text) referenced from tofile.o(.text)
 <LI><a href="#[94]">_rym_rx_ind</a> from ymodem.o(.text) referenced from ymodem.o(.text)
 <LI><a href="#[6e]">_rym_tof</a> from tofile.o(.text) referenced from tofile.o(.text)
 <LI><a href="#[96]">_sbackspace</a> from _sgetc.o(.text) referenced from __0sscanf.o(.text)
 <LI><a href="#[97]">_scanf_char_input</a> from scanf_char.o(.text) referenced from scanf_char.o(.text)
 <LI><a href="#[95]">_sgetc</a> from _sgetc.o(.text) referenced from __0sscanf.o(.text)
 <LI><a href="#[7f]">_spi_bus_device_control</a> from spi_dev.o(.text) referenced from spi_dev.o(.text)
 <LI><a href="#[7d]">_spi_bus_device_read</a> from spi_dev.o(.text) referenced from spi_dev.o(.text)
 <LI><a href="#[7e]">_spi_bus_device_write</a> from spi_dev.o(.text) referenced from spi_dev.o(.text)
 <LI><a href="#[82]">_spidev_device_control</a> from spi_dev.o(.text) referenced from spi_dev.o(.text)
 <LI><a href="#[80]">_spidev_device_read</a> from spi_dev.o(.text) referenced from spi_dev.o(.text)
 <LI><a href="#[81]">_spidev_device_write</a> from spi_dev.o(.text) referenced from spi_dev.o(.text)
 <LI><a href="#[99]">_sputc</a> from printfa.o(i._sputc) referenced from printfa.o(i.__0sprintf)
 <LI><a href="#[f1]">append</a> from sys_misc.o(.text) referenced from sys_misc.o(FSymTab)
 <LI><a href="#[106]">cat</a> from dfs_file.o(.text) referenced from dfs_file.o(FSymTab)
 <LI><a href="#[ef]">cat_bin</a> from sys_misc.o(.text) referenced from sys_misc.o(FSymTab)
 <LI><a href="#[199]">close</a> from dfs_posix.o(.text) referenced from dfs_posix.o(RTMSymTab)
 <LI><a href="#[1aa]">closedir</a> from dfs_posix.o(.text) referenced from dfs_posix.o(RTMSymTab)
 <LI><a href="#[0]">configure</a> from stm32f20x_40x_spi.o(.text) referenced 2 times from stm32f20x_40x_spi.o(.data)
 <LI><a href="#[107]">copy</a> from dfs_file.o(.text) referenced from dfs_file.o(FSymTab)
 <LI><a href="#[109]">df</a> from dfs_fs.o(.text) referenced from dfs_fs.o(FSymTab)
 <LI><a href="#[a6]">dfs_elm_close</a> from dfs_elm.o(.text) referenced from dfs_elm.o(.constdata)
 <LI><a href="#[aa]">dfs_elm_flush</a> from dfs_elm.o(.text) referenced from dfs_elm.o(.constdata)
 <LI><a href="#[ac]">dfs_elm_getdents</a> from dfs_elm.o(.text) referenced from dfs_elm.o(.constdata)
 <LI><a href="#[a7]">dfs_elm_ioctl</a> from dfs_elm.o(.text) referenced from dfs_elm.o(.constdata)
 <LI><a href="#[ab]">dfs_elm_lseek</a> from dfs_elm.o(.text) referenced from dfs_elm.o(.constdata)
 <LI><a href="#[a3]">dfs_elm_mkfs</a> from dfs_elm.o(.text) referenced from dfs_elm.o(.constdata)
 <LI><a href="#[a1]">dfs_elm_mount</a> from dfs_elm.o(.text) referenced from dfs_elm.o(.constdata)
 <LI><a href="#[a5]">dfs_elm_open</a> from dfs_elm.o(.text) referenced from dfs_elm.o(.constdata)
 <LI><a href="#[a8]">dfs_elm_read</a> from dfs_elm.o(.text) referenced from dfs_elm.o(.constdata)
 <LI><a href="#[af]">dfs_elm_rename</a> from dfs_elm.o(.text) referenced from dfs_elm.o(.constdata)
 <LI><a href="#[ae]">dfs_elm_stat</a> from dfs_elm.o(.text) referenced from dfs_elm.o(.constdata)
 <LI><a href="#[a4]">dfs_elm_statfs</a> from dfs_elm.o(.text) referenced from dfs_elm.o(.constdata)
 <LI><a href="#[ad]">dfs_elm_unlink</a> from dfs_elm.o(.text) referenced from dfs_elm.o(.constdata)
 <LI><a href="#[a2]">dfs_elm_unmount</a> from dfs_elm.o(.text) referenced from dfs_elm.o(.constdata)
 <LI><a href="#[a9]">dfs_elm_write</a> from dfs_elm.o(.text) referenced from dfs_elm.o(.constdata)
 <LI><a href="#[e7]">dfs_init</a> from dfs.o(.text) referenced from dfs.o(.rti_fn.3)
 <LI><a href="#[197]">dfs_normalize_path</a> from dfs.o(.text) referenced from dfs.o(RTMSymTab)
 <LI><a href="#[196]">dfs_subdir</a> from dfs.o(.text) referenced from dfs.o(RTMSymTab)
 <LI><a href="#[1c3]">dlclose</a> from dlclose.o(.text) referenced from dlclose.o(RTMSymTab)
 <LI><a href="#[1c4]">dlerror</a> from dlerror.o(.text) referenced from dlerror.o(RTMSymTab)
 <LI><a href="#[1c5]">dlopen</a> from dlopen.o(.text) referenced from dlopen.o(RTMSymTab)
 <LI><a href="#[1c6]">dlsym</a> from dlsym.o(.text) referenced from dlsym.o(RTMSymTab)
 <LI><a href="#[f8]">do_init</a> from init_rc.o(.text) referenced from init_rc.o(FSymTab)
 <LI><a href="#[f7]">do_modules</a> from init_rc.o(.text) referenced from init_rc.o(FSymTab)
 <LI><a href="#[e9]">elm_init</a> from dfs_elm.o(.text) referenced from dfs_elm.o(.rti_fn.4)
 <LI><a href="#[8f]">fdevice_close</a> from log_file.o(.text) referenced from log_file.o(.text)
 <LI><a href="#[91]">fdevice_control</a> from log_file.o(.text) referenced from log_file.o(.text)
 <LI><a href="#[8e]">fdevice_open</a> from log_file.o(.text) referenced from log_file.o(.text)
 <LI><a href="#[90]">fdevice_write</a> from log_file.o(.text) referenced from log_file.o(.text)
 <LI><a href="#[8d]">finsh_rx_ind</a> from shell.o(.text) referenced from shell.o(.text)
 <LI><a href="#[e8]">finsh_system_init</a> from shell.o(.text) referenced from shell.o(.rti_fn.3)
 <LI><a href="#[35b]">finsh_thread_entry</a> from shell.o(.text) referenced from shell.o(.text)
 <LI><a href="#[71]">free</a> from malloc.o(i.free) referenced from cjson.o(.text)
 <LI><a href="#[1a0]">fstat</a> from dfs_posix.o(.text) referenced from dfs_posix.o(RTMSymTab)
 <LI><a href="#[1a1]">fsync</a> from dfs_posix.o(.text) referenced from dfs_posix.o(RTMSymTab)
 <LI><a href="#[1ab]">getcwd</a> from dfs_posix.o(.text) referenced from dfs_posix.o(RTMSymTab)
 <LI><a href="#[10e]">hello</a> from cmd.o(.text) referenced from cmd.o(FSymTab)
 <LI><a href="#[1a2]">ioctl</a> from dfs_posix.o(.text) referenced from dfs_posix.o(RTMSymTab)
 <LI><a href="#[98]">isspace</a> from isspace_o.o(.text) referenced from scanf_char.o(.text)
 <LI><a href="#[100]">json_cfg_print_server_ip_port</a> from json_config.o(.text) referenced from json_config.o(FSymTab)
 <LI><a href="#[ff]">json_cfg_print_server_port</a> from json_config.o(.text) referenced from json_config.o(FSymTab)
 <LI><a href="#[fe]">json_cfg_print_svr_use_name</a> from json_config.o(.text) referenced from json_config.o(FSymTab)
 <LI><a href="#[fd]">json_cfg_wr_server_ip_port</a> from json_config.o(.text) referenced from json_config.o(FSymTab)
 <LI><a href="#[fc]">json_cfg_wr_server_port</a> from json_config.o(.text) referenced from json_config.o(FSymTab)
 <LI><a href="#[fb]">json_cfg_wr_svr_use_name</a> from json_config.o(.text) referenced from json_config.o(FSymTab)
 <LI><a href="#[11b]">list</a> from cmd.o(.text) referenced from cmd.o(FSymTab)
 <LI><a href="#[f4]">list_date</a> from rtc.o(.text) referenced from rtc.o(FSymTab)
 <LI><a href="#[118]">list_device</a> from cmd.o(.text) referenced from cmd.o(FSymTab)
 <LI><a href="#[112]">list_event</a> from cmd.o(.text) referenced from cmd.o(FSymTab)
 <LI><a href="#[114]">list_mailbox</a> from cmd.o(.text) referenced from cmd.o(FSymTab)
 <LI><a href="#[101]">list_mem</a> from mem.o(.text) referenced from mem.o(FSymTab)
 <LI><a href="#[116]">list_mempool</a> from cmd.o(.text) referenced from cmd.o(FSymTab)
 <LI><a href="#[11a]">list_mod_detail</a> from cmd.o(.text) referenced from cmd.o(FSymTab)
 <LI><a href="#[119]">list_module</a> from cmd.o(.text) referenced from cmd.o(FSymTab)
 <LI><a href="#[115]">list_msgqueue</a> from cmd.o(.text) referenced from cmd.o(FSymTab)
 <LI><a href="#[113]">list_mutex</a> from cmd.o(.text) referenced from cmd.o(FSymTab)
 <LI><a href="#[111]">list_sem</a> from cmd.o(.text) referenced from cmd.o(FSymTab)
 <LI><a href="#[102]">list_symbol</a> from module.o(.text) referenced from module.o(FSymTab)
 <LI><a href="#[110]">list_thread</a> from cmd.o(.text) referenced from cmd.o(FSymTab)
 <LI><a href="#[117]">list_timer</a> from cmd.o(.text) referenced from cmd.o(FSymTab)
 <LI><a href="#[11e]">log_trace</a> from log_trace.o(.text) referenced from log_trace.o(FSymTab)
 <LI><a href="#[11e]">log_trace</a> from log_trace.o(.text) referenced from log_trace.o(RTMSymTab)
 <LI><a href="#[122]">log_trace_close</a> from log_trace.o(.text) referenced from log_trace.o(FSymTab)
 <LI><a href="#[11f]">log_trace_flush</a> from log_trace.o(.text) referenced from log_trace.o(FSymTab)
 <LI><a href="#[11f]">log_trace_flush</a> from log_trace.o(.text) referenced from log_trace.o(RTMSymTab)
 <LI><a href="#[e5]">log_trace_init</a> from log_trace.o(.text) referenced from log_trace.o(.rti_fn.2)
 <LI><a href="#[121]">log_trace_list_date</a> from log_trace.o(.text) referenced from log_trace.o(FSymTab)
 <LI><a href="#[120]">log_trace_set_device</a> from log_trace.o(.text) referenced from log_trace.o(FSymTab)
 <LI><a href="#[11c]">log_trace_set_file</a> from log_file.o(.text) referenced from log_file.o(FSymTab)
 <LI><a href="#[11d]">log_trace_set_level</a> from log_trace.o(.text) referenced from log_trace.o(FSymTab)
 <LI><a href="#[104]">ls</a> from dfs_file.o(.text) referenced from dfs_file.o(FSymTab)
 <LI><a href="#[19c]">lseek</a> from dfs_posix.o(.text) referenced from dfs_posix.o(RTMSymTab)
 <LI><a href="#[5f]">main</a> from startup.o(.text) referenced from entry9a.o(.ARM.Collect$$$$0000000B)
 <LI><a href="#[70]">malloc</a> from malloc.o(i.malloc) referenced from cjson.o(.text)
 <LI><a href="#[262]">memlog_flush</a> from memlog.o(.text) referenced from memlog.o(.text)
 <LI><a href="#[10a]">mkdir</a> from dfs_posix.o(.text) referenced from dfs_posix.o(FSymTab)
 <LI><a href="#[10a]">mkdir</a> from dfs_posix.o(.text) referenced from dfs_posix.o(RTMSymTab)
 <LI><a href="#[108]">mkfs</a> from dfs_fs.o(.text) referenced from dfs_fs.o(FSymTab)
 <LI><a href="#[73]">module_main_entry</a> from module.o(.text) referenced from module.o(.text)
 <LI><a href="#[fa]">module_test</a> from init_rc.o(.text) referenced from init_rc.o(FSymTab)
 <LI><a href="#[198]">open</a> from dfs_posix.o(.text) referenced from dfs_posix.o(RTMSymTab)
 <LI><a href="#[1a5]">opendir</a> from dfs_posix.o(.text) referenced from dfs_posix.o(RTMSymTab)
 <LI><a href="#[19a]">read</a> from dfs_posix.o(.text) referenced from dfs_posix.o(RTMSymTab)
 <LI><a href="#[1a6]">readdir</a> from dfs_posix.o(.text) referenced from dfs_posix.o(RTMSymTab)
 <LI><a href="#[19d]">rename</a> from dfs_posix.o(.text) referenced from dfs_posix.o(RTMSymTab)
 <LI><a href="#[1a9]">rewinddir</a> from dfs_posix.o(.text) referenced from dfs_posix.o(RTMSymTab)
 <LI><a href="#[f6]">rf</a> from tofile.o(.text) referenced from tofile.o(FSymTab)
 <LI><a href="#[105]">rm</a> from dfs_file.o(.text) referenced from dfs_file.o(FSymTab)
 <LI><a href="#[1a4]">rmdir</a> from dfs_posix.o(.text) referenced from dfs_posix.o(RTMSymTab)
 <LI><a href="#[173]">rt_assert_handler</a> from kservice.o(.text) referenced from kservice.o(RTMSymTab)
 <LI><a href="#[175]">rt_calloc</a> from mem.o(.text) referenced from mem.o(RTMSymTab)
 <LI><a href="#[1ae]">rt_completion_done</a> from completion.o(.text) referenced from completion.o(RTMSymTab)
 <LI><a href="#[1ac]">rt_completion_init</a> from completion.o(.text) referenced from completion.o(RTMSymTab)
 <LI><a href="#[1ad]">rt_completion_wait</a> from completion.o(.text) referenced from completion.o(RTMSymTab)
 <LI><a href="#[16e]">rt_console_close_device</a> from kservice.o(.text) referenced from kservice.o(RTMSymTab)
 <LI><a href="#[16d]">rt_console_get_device</a> from kservice.o(.text) referenced from kservice.o(RTMSymTab)
 <LI><a href="#[16f]">rt_console_set_device</a> from kservice.o(.text) referenced from kservice.o(RTMSymTab)
 <LI><a href="#[181]">rt_critical_level</a> from scheduler.o(.text) referenced from scheduler.o(RTMSymTab)
 <LI><a href="#[1af]">rt_data_queue_init</a> from dataqueue.o(.text) referenced from dataqueue.o(RTMSymTab)
 <LI><a href="#[1b2]">rt_data_queue_peak</a> from dataqueue.o(.text) referenced from dataqueue.o(RTMSymTab)
 <LI><a href="#[1b1]">rt_data_queue_pop</a> from dataqueue.o(.text) referenced from dataqueue.o(RTMSymTab)
 <LI><a href="#[1b0]">rt_data_queue_push</a> from dataqueue.o(.text) referenced from dataqueue.o(RTMSymTab)
 <LI><a href="#[1b3]">rt_data_queue_reset</a> from dataqueue.o(.text) referenced from dataqueue.o(RTMSymTab)
 <LI><a href="#[129]">rt_device_close</a> from device.o(.text) referenced from device.o(RTMSymTab)
 <LI><a href="#[12c]">rt_device_control</a> from device.o(.text) referenced from device.o(RTMSymTab)
 <LI><a href="#[127]">rt_device_find</a> from device.o(.text) referenced from device.o(RTMSymTab)
 <LI><a href="#[128]">rt_device_open</a> from device.o(.text) referenced from device.o(RTMSymTab)
 <LI><a href="#[12a]">rt_device_read</a> from device.o(.text) referenced from device.o(RTMSymTab)
 <LI><a href="#[125]">rt_device_register</a> from device.o(.text) referenced from device.o(RTMSymTab)
 <LI><a href="#[12d]">rt_device_set_rx_indicate</a> from device.o(.text) referenced from device.o(RTMSymTab)
 <LI><a href="#[12e]">rt_device_set_tx_complete</a> from device.o(.text) referenced from device.o(RTMSymTab)
 <LI><a href="#[126]">rt_device_unregister</a> from device.o(.text) referenced from device.o(RTMSymTab)
 <LI><a href="#[12b]">rt_device_write</a> from device.o(.text) referenced from device.o(RTMSymTab)
 <LI><a href="#[17f]">rt_enter_critical</a> from scheduler.o(.text) referenced from scheduler.o(RTMSymTab)
 <LI><a href="#[144]">rt_event_control</a> from ipc.o(.text) referenced from ipc.o(RTMSymTab)
 <LI><a href="#[140]">rt_event_create</a> from ipc.o(.text) referenced from ipc.o(RTMSymTab)
 <LI><a href="#[141]">rt_event_delete</a> from ipc.o(.text) referenced from ipc.o(RTMSymTab)
 <LI><a href="#[13f]">rt_event_detach</a> from ipc.o(.text) referenced from ipc.o(RTMSymTab)
 <LI><a href="#[13e]">rt_event_init</a> from ipc.o(.text) referenced from ipc.o(RTMSymTab)
 <LI><a href="#[143]">rt_event_recv</a> from ipc.o(.text) referenced from ipc.o(RTMSymTab)
 <LI><a href="#[142]">rt_event_send</a> from ipc.o(.text) referenced from ipc.o(RTMSymTab)
 <LI><a href="#[180]">rt_exit_critical</a> from scheduler.o(.text) referenced from scheduler.o(RTMSymTab)
 <LI><a href="#[3]">rt_free</a> from mem.o(.text) referenced 2 times from cjson.o(.data)
 <LI><a href="#[3]">rt_free</a> from mem.o(.text) referenced from mem.o(RTMSymTab)
 <LI><a href="#[172]">rt_free_align</a> from kservice.o(.text) referenced from kservice.o(RTMSymTab)
 <LI><a href="#[15a]">rt_get_errno</a> from kservice.o(.text) referenced from kservice.o(RTMSymTab)
 <LI><a href="#[170]">rt_hw_console_output</a> from kservice.o(.text) referenced from kservice.o(RTMSymTab)
 <LI><a href="#[158]">rt_hw_interrupt_disable</a> from context_rvds.o(.text) referenced from irq.o(RTMSymTab)
 <LI><a href="#[159]">rt_hw_interrupt_enable</a> from context_rvds.o(.text) referenced from irq.o(RTMSymTab)
 <LI><a href="#[1c9]">rt_init_thread_entry</a> from application.o(.text) referenced from application.o(.text)
 <LI><a href="#[155]">rt_interrupt_enter</a> from irq.o(.text) referenced from irq.o(RTMSymTab)
 <LI><a href="#[157]">rt_interrupt_get_nest</a> from irq.o(.text) referenced from irq.o(RTMSymTab)
 <LI><a href="#[156]">rt_interrupt_leave</a> from irq.o(.text) referenced from irq.o(RTMSymTab)
 <LI><a href="#[f9]">rt_kprintf</a> from kservice.o(.text) referenced from init_rc.o(FSymTab)
 <LI><a href="#[f9]">rt_kprintf</a> from kservice.o(.text) referenced from kservice.o(RTMSymTab)
 <LI><a href="#[2]">rt_malloc</a> from mem.o(.text) referenced 2 times from cjson.o(.data)
 <LI><a href="#[2]">rt_malloc</a> from mem.o(.text) referenced from mem.o(RTMSymTab)
 <LI><a href="#[171]">rt_malloc_align</a> from kservice.o(.text) referenced from kservice.o(RTMSymTab)
 <LI><a href="#[14c]">rt_mb_control</a> from ipc.o(.text) referenced from ipc.o(RTMSymTab)
 <LI><a href="#[147]">rt_mb_create</a> from ipc.o(.text) referenced from ipc.o(RTMSymTab)
 <LI><a href="#[148]">rt_mb_delete</a> from ipc.o(.text) referenced from ipc.o(RTMSymTab)
 <LI><a href="#[146]">rt_mb_detach</a> from ipc.o(.text) referenced from ipc.o(RTMSymTab)
 <LI><a href="#[145]">rt_mb_init</a> from ipc.o(.text) referenced from ipc.o(RTMSymTab)
 <LI><a href="#[14b]">rt_mb_recv</a> from ipc.o(.text) referenced from ipc.o(RTMSymTab)
 <LI><a href="#[14a]">rt_mb_send</a> from ipc.o(.text) referenced from ipc.o(RTMSymTab)
 <LI><a href="#[149]">rt_mb_send_wait</a> from ipc.o(.text) referenced from ipc.o(RTMSymTab)
 <LI><a href="#[160]">rt_memcmp</a> from kservice.o(.text) referenced from kservice.o(RTMSymTab)
 <LI><a href="#[15e]">rt_memcpy</a> from kservice.o(.text) referenced from kservice.o(RTMSymTab)
 <LI><a href="#[15f]">rt_memmove</a> from kservice.o(.text) referenced from kservice.o(RTMSymTab)
 <LI><a href="#[15d]">rt_memset</a> from kservice.o(.text) referenced from kservice.o(RTMSymTab)
 <LI><a href="#[17d]">rt_module_find</a> from module.o(.text) referenced from module.o(RTMSymTab)
 <LI><a href="#[103]">rt_module_open</a> from module.o(.text) referenced from module.o(FSymTab)
 <LI><a href="#[17c]">rt_module_self</a> from module.o(.text) referenced from module.o(RTMSymTab)
 <LI><a href="#[17a]">rt_mp_alloc</a> from mempool.o(.text) referenced from mempool.o(RTMSymTab)
 <LI><a href="#[178]">rt_mp_create</a> from mempool.o(.text) referenced from mempool.o(RTMSymTab)
 <LI><a href="#[179]">rt_mp_delete</a> from mempool.o(.text) referenced from mempool.o(RTMSymTab)
 <LI><a href="#[177]">rt_mp_detach</a> from mempool.o(.text) referenced from mempool.o(RTMSymTab)
 <LI><a href="#[17b]">rt_mp_free</a> from mempool.o(.text) referenced from mempool.o(RTMSymTab)
 <LI><a href="#[176]">rt_mp_init</a> from mempool.o(.text) referenced from mempool.o(RTMSymTab)
 <LI><a href="#[154]">rt_mq_control</a> from ipc.o(.text) referenced from ipc.o(RTMSymTab)
 <LI><a href="#[14f]">rt_mq_create</a> from ipc.o(.text) referenced from ipc.o(RTMSymTab)
 <LI><a href="#[150]">rt_mq_delete</a> from ipc.o(.text) referenced from ipc.o(RTMSymTab)
 <LI><a href="#[14e]">rt_mq_detach</a> from ipc.o(.text) referenced from ipc.o(RTMSymTab)
 <LI><a href="#[14d]">rt_mq_init</a> from ipc.o(.text) referenced from ipc.o(RTMSymTab)
 <LI><a href="#[153]">rt_mq_recv</a> from ipc.o(.text) referenced from ipc.o(RTMSymTab)
 <LI><a href="#[151]">rt_mq_send</a> from ipc.o(.text) referenced from ipc.o(RTMSymTab)
 <LI><a href="#[152]">rt_mq_urgent</a> from ipc.o(.text) referenced from ipc.o(RTMSymTab)
 <LI><a href="#[13d]">rt_mutex_control</a> from ipc.o(.text) referenced from ipc.o(RTMSymTab)
 <LI><a href="#[139]">rt_mutex_create</a> from ipc.o(.text) referenced from ipc.o(RTMSymTab)
 <LI><a href="#[13a]">rt_mutex_delete</a> from ipc.o(.text) referenced from ipc.o(RTMSymTab)
 <LI><a href="#[138]">rt_mutex_detach</a> from ipc.o(.text) referenced from ipc.o(RTMSymTab)
 <LI><a href="#[137]">rt_mutex_init</a> from ipc.o(.text) referenced from ipc.o(RTMSymTab)
 <LI><a href="#[13c]">rt_mutex_release</a> from ipc.o(.text) referenced from ipc.o(RTMSymTab)
 <LI><a href="#[13b]">rt_mutex_take</a> from ipc.o(.text) referenced from ipc.o(RTMSymTab)
 <LI><a href="#[17e]">rt_object_get_information</a> from object.o(.text) referenced from object.o(RTMSymTab)
 <LI><a href="#[10b]">rt_pin_mode</a> from pin.o(.text) referenced from pin.o(FSymTab)
 <LI><a href="#[10d]">rt_pin_read</a> from pin.o(.text) referenced from pin.o(FSymTab)
 <LI><a href="#[10c]">rt_pin_write</a> from pin.o(.text) referenced from pin.o(FSymTab)
 <LI><a href="#[85]">rt_pipe_control</a> from pipe.o(.text) referenced from pipe.o(.text)
 <LI><a href="#[1b6]">rt_pipe_create</a> from pipe.o(.text) referenced from pipe.o(RTMSymTab)
 <LI><a href="#[1b7]">rt_pipe_destroy</a> from pipe.o(.text) referenced from pipe.o(RTMSymTab)
 <LI><a href="#[1b5]">rt_pipe_detach</a> from pipe.o(.text) referenced from pipe.o(RTMSymTab)
 <LI><a href="#[1b4]">rt_pipe_init</a> from pipe.o(.text) referenced from pipe.o(RTMSymTab)
 <LI><a href="#[83]">rt_pipe_read</a> from pipe.o(.text) referenced from pipe.o(.text)
 <LI><a href="#[84]">rt_pipe_write</a> from pipe.o(.text) referenced from pipe.o(.text)
 <LI><a href="#[1ba]">rt_portal_create</a> from portal.o(.text) referenced from portal.o(RTMSymTab)
 <LI><a href="#[1bb]">rt_portal_destroy</a> from portal.o(.text) referenced from portal.o(RTMSymTab)
 <LI><a href="#[1b9]">rt_portal_detach</a> from portal.o(.text) referenced from portal.o(RTMSymTab)
 <LI><a href="#[1b8]">rt_portal_init</a> from portal.o(.text) referenced from portal.o(RTMSymTab)
 <LI><a href="#[174]">rt_realloc</a> from mem.o(.text) referenced from mem.o(RTMSymTab)
 <LI><a href="#[1bf]">rt_ringbuffer_get</a> from ringbuffer.o(.text) referenced from ringbuffer.o(RTMSymTab)
 <LI><a href="#[1c2]">rt_ringbuffer_getchar</a> from ringbuffer.o(.text) referenced from ringbuffer.o(RTMSymTab)
 <LI><a href="#[1bc]">rt_ringbuffer_init</a> from ringbuffer.o(.text) referenced from ringbuffer.o(RTMSymTab)
 <LI><a href="#[1bd]">rt_ringbuffer_put</a> from ringbuffer.o(.text) referenced from ringbuffer.o(RTMSymTab)
 <LI><a href="#[1be]">rt_ringbuffer_put_force</a> from ringbuffer.o(.text) referenced from ringbuffer.o(RTMSymTab)
 <LI><a href="#[1c0]">rt_ringbuffer_putchar</a> from ringbuffer.o(.text) referenced from ringbuffer.o(RTMSymTab)
 <LI><a href="#[1c1]">rt_ringbuffer_putchar_force</a> from ringbuffer.o(.text) referenced from ringbuffer.o(RTMSymTab)
 <LI><a href="#[64]">rt_rtc_control</a> from rtc.o(.text) referenced from rtc.o(.text)
 <LI><a href="#[62]">rt_rtc_open</a> from rtc.o(.text) referenced from rtc.o(.text)
 <LI><a href="#[63]">rt_rtc_read</a> from rtc.o(.text) referenced from rtc.o(.text)
 <LI><a href="#[136]">rt_sem_control</a> from ipc.o(.text) referenced from ipc.o(RTMSymTab)
 <LI><a href="#[131]">rt_sem_create</a> from ipc.o(.text) referenced from ipc.o(RTMSymTab)
 <LI><a href="#[132]">rt_sem_delete</a> from ipc.o(.text) referenced from ipc.o(RTMSymTab)
 <LI><a href="#[130]">rt_sem_detach</a> from ipc.o(.text) referenced from ipc.o(RTMSymTab)
 <LI><a href="#[12f]">rt_sem_init</a> from ipc.o(.text) referenced from ipc.o(RTMSymTab)
 <LI><a href="#[135]">rt_sem_release</a> from ipc.o(.text) referenced from ipc.o(RTMSymTab)
 <LI><a href="#[133]">rt_sem_take</a> from ipc.o(.text) referenced from ipc.o(RTMSymTab)
 <LI><a href="#[134]">rt_sem_trytake</a> from ipc.o(.text) referenced from ipc.o(RTMSymTab)
 <LI><a href="#[79]">rt_serial_close</a> from serial.o(.text) referenced from serial.o(.text)
 <LI><a href="#[7c]">rt_serial_control</a> from serial.o(.text) referenced from serial.o(.text)
 <LI><a href="#[77]">rt_serial_init</a> from serial.o(.text) referenced from serial.o(.text)
 <LI><a href="#[78]">rt_serial_open</a> from serial.o(.text) referenced from serial.o(.text)
 <LI><a href="#[7a]">rt_serial_read</a> from serial.o(.text) referenced from serial.o(.text)
 <LI><a href="#[7b]">rt_serial_write</a> from serial.o(.text) referenced from serial.o(.text)
 <LI><a href="#[15b]">rt_set_errno</a> from kservice.o(.text) referenced from kservice.o(RTMSymTab)
 <LI><a href="#[168]">rt_show_version</a> from kservice.o(.text) referenced from kservice.o(RTMSymTab)
 <LI><a href="#[16a]">rt_snprintf</a> from kservice.o(.text) referenced from kservice.o(RTMSymTab)
 <LI><a href="#[16c]">rt_sprintf</a> from kservice.o(.text) referenced from kservice.o(RTMSymTab)
 <LI><a href="#[162]">rt_strcasecmp</a> from kservice.o(.text) referenced from kservice.o(RTMSymTab)
 <LI><a href="#[165]">rt_strcmp</a> from kservice.o(.text) referenced from kservice.o(RTMSymTab)
 <LI><a href="#[167]">rt_strdup</a> from kservice.o(.text) referenced from kservice.o(RTMSymTab)
 <LI><a href="#[166]">rt_strlen</a> from kservice.o(.text) referenced from kservice.o(RTMSymTab)
 <LI><a href="#[164]">rt_strncmp</a> from kservice.o(.text) referenced from kservice.o(RTMSymTab)
 <LI><a href="#[163]">rt_strncpy</a> from kservice.o(.text) referenced from kservice.o(RTMSymTab)
 <LI><a href="#[161]">rt_strstr</a> from kservice.o(.text) referenced from kservice.o(RTMSymTab)
 <LI><a href="#[e6]">rt_system_module_init</a> from module.o(.text) referenced from module.o(.rti_fn.3)
 <LI><a href="#[18a]">rt_thread_control</a> from thread.o(.text) referenced from thread.o(RTMSymTab)
 <LI><a href="#[186]">rt_thread_create</a> from thread.o(.text) referenced from thread.o(RTMSymTab)
 <LI><a href="#[189]">rt_thread_delay</a> from thread.o(.text) referenced from thread.o(RTMSymTab)
 <LI><a href="#[187]">rt_thread_delete</a> from thread.o(.text) referenced from thread.o(RTMSymTab)
 <LI><a href="#[185]">rt_thread_detach</a> from thread.o(.text) referenced from thread.o(RTMSymTab)
 <LI><a href="#[61]">rt_thread_entry_sys_IAP</a> from stm32_iap.o(.text) referenced from application.o(.text)
 <LI><a href="#[60]">rt_thread_entry_sys_status</a> from sys_status.o(.text) referenced from application.o(.text)
 <LI><a href="#[2e5]">rt_thread_exit</a> from thread.o(.text) referenced from thread.o(.text)
 <LI><a href="#[18e]">rt_thread_find</a> from thread.o(.text) referenced from thread.o(RTMSymTab)
 <LI><a href="#[72]">rt_thread_idle_entry</a> from idle.o(.text) referenced from idle.o(.text)
 <LI><a href="#[182]">rt_thread_init</a> from thread.o(.text) referenced from thread.o(RTMSymTab)
 <LI><a href="#[18c]">rt_thread_resume</a> from thread.o(.text) referenced from thread.o(RTMSymTab)
 <LI><a href="#[183]">rt_thread_self</a> from thread.o(.text) referenced from thread.o(RTMSymTab)
 <LI><a href="#[184]">rt_thread_startup</a> from thread.o(.text) referenced from thread.o(RTMSymTab)
 <LI><a href="#[18b]">rt_thread_suspend</a> from thread.o(.text) referenced from thread.o(RTMSymTab)
 <LI><a href="#[18d]">rt_thread_timeout</a> from thread.o(.text) referenced from thread.o(.text)
 <LI><a href="#[18d]">rt_thread_timeout</a> from thread.o(.text) referenced from thread.o(RTMSymTab)
 <LI><a href="#[188]">rt_thread_yield</a> from thread.o(.text) referenced from thread.o(RTMSymTab)
 <LI><a href="#[124]">rt_tick_from_millisecond</a> from clock.o(.text) referenced from clock.o(RTMSymTab)
 <LI><a href="#[123]">rt_tick_get</a> from clock.o(.text) referenced from clock.o(RTMSymTab)
 <LI><a href="#[195]">rt_timer_control</a> from timer.o(.text) referenced from timer.o(RTMSymTab)
 <LI><a href="#[191]">rt_timer_create</a> from timer.o(.text) referenced from timer.o(RTMSymTab)
 <LI><a href="#[192]">rt_timer_delete</a> from timer.o(.text) referenced from timer.o(RTMSymTab)
 <LI><a href="#[190]">rt_timer_detach</a> from timer.o(.text) referenced from timer.o(RTMSymTab)
 <LI><a href="#[18f]">rt_timer_init</a> from timer.o(.text) referenced from timer.o(RTMSymTab)
 <LI><a href="#[193]">rt_timer_start</a> from timer.o(.text) referenced from timer.o(RTMSymTab)
 <LI><a href="#[194]">rt_timer_stop</a> from timer.o(.text) referenced from timer.o(RTMSymTab)
 <LI><a href="#[169]">rt_vsnprintf</a> from kservice.o(.text) referenced from kservice.o(RTMSymTab)
 <LI><a href="#[16b]">rt_vsprintf</a> from kservice.o(.text) referenced from kservice.o(RTMSymTab)
 <LI><a href="#[e4]">rti_board_end</a> from components.o(.text) referenced from components.o(.rti_fn.1.end)
 <LI><a href="#[e1]">rti_board_start</a> from components.o(.text) referenced from components.o(.rti_fn.0.end)
 <LI><a href="#[ea]">rti_end</a> from components.o(.text) referenced from components.o(.rti_fn.6.end)
 <LI><a href="#[e0]">rti_start</a> from components.o(.text) referenced from components.o(.rti_fn.0)
 <LI><a href="#[f5]">ry</a> from tofile.o(.text) referenced from tofile.o(FSymTab)
 <LI><a href="#[1a8]">seekdir</a> from dfs_posix.o(.text) referenced from dfs_posix.o(RTMSymTab)
 <LI><a href="#[f2]">set_date</a> from rtc.o(.text) referenced from rtc.o(FSymTab)
 <LI><a href="#[f3]">set_time</a> from rtc.o(.text) referenced from rtc.o(FSymTab)
 <LI><a href="#[19f]">stat</a> from dfs_posix.o(.text) referenced from dfs_posix.o(RTMSymTab)
 <LI><a href="#[1a3]">statfs</a> from dfs_posix.o(.text) referenced from dfs_posix.o(RTMSymTab)
 <LI><a href="#[9a]">stm32_configure</a> from usart.o(.text) referenced from usart.o(.constdata)
 <LI><a href="#[9b]">stm32_control</a> from usart.o(.text) referenced from usart.o(.constdata)
 <LI><a href="#[9d]">stm32_getc</a> from usart.o(.text) referenced from usart.o(.constdata)
 <LI><a href="#[e3]">stm32_hw_pin_init</a> from gpio.o(.text) referenced from gpio.o(.rti_fn.1)
 <LI><a href="#[e2]">stm32_hw_usart_init</a> from usart.o(.text) referenced from usart.o(.rti_fn.1)
 <LI><a href="#[9e]">stm32_pin_mode</a> from gpio.o(.text) referenced from gpio.o(.constdata)
 <LI><a href="#[a0]">stm32_pin_read</a> from gpio.o(.text) referenced from gpio.o(.constdata)
 <LI><a href="#[9f]">stm32_pin_write</a> from gpio.o(.text) referenced from gpio.o(.constdata)
 <LI><a href="#[9c]">stm32_putc</a> from usart.o(.text) referenced from usart.o(.constdata)
 <LI><a href="#[eb]">sys_reboot</a> from sys_misc.o(.text) referenced from sys_misc.o(FSymTab)
 <LI><a href="#[ed]">sys_reboot_if</a> from sys_misc.o(.text) referenced from sys_misc.o(FSymTab)
 <LI><a href="#[ee]">sys_reboot_if_0</a> from sys_misc.o(.text) referenced from sys_misc.o(FSymTab)
 <LI><a href="#[ec]">sys_shutdown</a> from sys_misc.o(.text) referenced from sys_misc.o(FSymTab)
 <LI><a href="#[1a7]">telldir</a> from dfs_posix.o(.text) referenced from dfs_posix.o(RTMSymTab)
 <LI><a href="#[f0]">touch</a> from sys_misc.o(.text) referenced from sys_misc.o(FSymTab)
 <LI><a href="#[19e]">unlink</a> from dfs_posix.o(.text) referenced from dfs_posix.o(RTMSymTab)
 <LI><a href="#[10f]">version</a> from cmd.o(.text) referenced from cmd.o(FSymTab)
 <LI><a href="#[67]">w25qxx_flash_close</a> from spi_flash_w25qxx.o(.text) referenced from spi_flash_w25qxx.o(.text)
 <LI><a href="#[6a]">w25qxx_flash_control</a> from spi_flash_w25qxx.o(.text) referenced from spi_flash_w25qxx.o(.text)
 <LI><a href="#[65]">w25qxx_flash_init</a> from spi_flash_w25qxx.o(.text) referenced from spi_flash_w25qxx.o(.text)
 <LI><a href="#[66]">w25qxx_flash_open</a> from spi_flash_w25qxx.o(.text) referenced from spi_flash_w25qxx.o(.text)
 <LI><a href="#[68]">w25qxx_flash_read</a> from spi_flash_w25qxx.o(.text) referenced from spi_flash_w25qxx.o(.text)
 <LI><a href="#[69]">w25qxx_flash_write</a> from spi_flash_w25qxx.o(.text) referenced from spi_flash_w25qxx.o(.text)
 <LI><a href="#[19b]">write</a> from dfs_posix.o(.text) referenced from dfs_posix.o(RTMSymTab)
 <LI><a href="#[1]">xfer</a> from stm32f20x_40x_spi.o(.text) referenced 2 times from stm32f20x_40x_spi.o(.data)
</UL>
<P>
<H3>
Global Symbols
</H3>
<P><STRONG><a name="[6c]"></a>__main</STRONG> (Thumb, 0 bytes, Stack size unknown bytes, entry.o(.ARM.Collect$$$$00000000))
<BR>[Address Reference Count : 1]<UL><LI> startup_stm32f2xx.o(.text)
</UL>
<P><STRONG><a name="[3e0]"></a>_main_stk</STRONG> (Thumb, 0 bytes, Stack size unknown bytes, entry2.o(.ARM.Collect$$$$00000001))

<P><STRONG><a name="[1c7]"></a>_main_scatterload</STRONG> (Thumb, 0 bytes, Stack size unknown bytes, entry5.o(.ARM.Collect$$$$00000004))
<BR><BR>[Calls]<UL><LI><a href="#[1c8]">&gt;&gt;</a>&nbsp;&nbsp;&nbsp;__scatterload
</UL>

<P><STRONG><a name="[3ce]"></a>__main_after_scatterload</STRONG> (Thumb, 0 bytes, Stack size unknown bytes, entry5.o(.ARM.Collect$$$$00000004))
<BR><BR>[Called By]<UL><LI><a href="#[1c8]">&gt;&gt;</a>&nbsp;&nbsp;&nbsp;__scatterload
</UL>

<P><STRONG><a name="[3e1]"></a>_main_clock</STRONG> (Thumb, 0 bytes, Stack size unknown bytes, entry7b.o(.ARM.Collect$$$$00000008))

<P><STRONG><a name="[3e2]"></a>_main_cpp_init</STRONG> (Thumb, 0 bytes, Stack size unknown bytes, entry8b.o(.ARM.Collect$$$$0000000A))

<P><STRONG><a name="[3e3]"></a>_main_init</STRONG> (Thumb, 0 bytes, Stack size unknown bytes, entry9a.o(.ARM.Collect$$$$0000000B))

<P><STRONG><a name="[3e4]"></a>__rt_final_cpp</STRONG> (Thumb, 0 bytes, Stack size unknown bytes, entry10a.o(.ARM.Collect$$$$0000000D))

<P><STRONG><a name="[3e5]"></a>__rt_final_exit</STRONG> (Thumb, 0 bytes, Stack size unknown bytes, entry11a.o(.ARM.Collect$$$$0000000F))

<P><STRONG><a name="[3e6]"></a>__get_PSP</STRONG> (Thumb, 6 bytes, Stack size 0 bytes, core_cm3.o(.emb_text), UNUSED)

<P><STRONG><a name="[3e7]"></a>__set_PSP</STRONG> (Thumb, 6 bytes, Stack size 0 bytes, core_cm3.o(.emb_text), UNUSED)

<P><STRONG><a name="[3e8]"></a>__get_MSP</STRONG> (Thumb, 6 bytes, Stack size 0 bytes, core_cm3.o(.emb_text), UNUSED)

<P><STRONG><a name="[1ec]"></a>__set_MSP</STRONG> (Thumb, 6 bytes, Stack size 0 bytes, core_cm3.o(.emb_text))
<BR><BR>[Called By]<UL><LI><a href="#[1e9]">&gt;&gt;</a>&nbsp;&nbsp;&nbsp;start_APP
</UL>

<P><STRONG><a name="[3e9]"></a>__REV16</STRONG> (Thumb, 4 bytes, Stack size 0 bytes, core_cm3.o(.emb_text), UNUSED)

<P><STRONG><a name="[3ea]"></a>__REVSH</STRONG> (Thumb, 4 bytes, Stack size 0 bytes, core_cm3.o(.emb_text), UNUSED)

<P><STRONG><a name="[1c9]"></a>rt_init_thread_entry</STRONG> (Thumb, 92 bytes, Stack size 16 bytes, application.o(.text))
<BR><BR>[Stack]<UL><LI>Max Depth = 544<LI>Call Chain = rt_init_thread_entry &rArr; dfs_mount &rArr; dfs_file_open &rArr; dfs_normalize_path &rArr; rt_strdup &rArr; rt_malloc &rArr; rt_sem_take &rArr; rt_ipc_list_suspend &rArr; rt_thread_suspend &rArr; rt_assert_handler &rArr; rt_kprintf &rArr; rt_device_write &rArr;  rt_assert_handler (Cycle)
</UL>
<BR>[Calls]<UL><LI><a href="#[189]">&gt;&gt;</a>&nbsp;&nbsp;&nbsp;rt_thread_delay
<LI><a href="#[1cb]">&gt;&gt;</a>&nbsp;&nbsp;&nbsp;rt_platform_init
<LI><a href="#[f9]">&gt;&gt;</a>&nbsp;&nbsp;&nbsp;rt_kprintf
<LI><a href="#[1ca]">&gt;&gt;</a>&nbsp;&nbsp;&nbsp;rt_components_init
<LI><a href="#[108]">&gt;&gt;</a>&nbsp;&nbsp;&nbsp;mkfs
<LI><a href="#[1cd]">&gt;&gt;</a>&nbsp;&nbsp;&nbsp;memlog_init
<LI><a href="#[1cc]">&gt;&gt;</a>&nbsp;&nbsp;&nbsp;dfs_mount
</UL>
<BR>[Address Reference Count : 1]<UL><LI> application.o(.text)
</UL>
<P><STRONG><a name="[1ce]"></a>rt_application_init</STRONG> (Thumb, 98 bytes, Stack size 24 bytes, application.o(.text))
<BR><BR>[Stack]<UL><LI>Max Depth = 472<LI>Call Chain = rt_application_init &rArr; rt_thread_create &rArr; rt_object_allocate &rArr; rt_malloc &rArr; rt_sem_take &rArr; rt_ipc_list_suspend &rArr; rt_thread_suspend &rArr; rt_assert_handler &rArr; rt_kprintf &rArr; rt_device_write &rArr;  rt_assert_handler (Cycle)
</UL>
<BR>[Calls]<UL><LI><a href="#[184]">&gt;&gt;</a>&nbsp;&nbsp;&nbsp;rt_thread_startup
<LI><a href="#[186]">&gt;&gt;</a>&nbsp;&nbsp;&nbsp;rt_thread_create
</UL>
<BR>[Called By]<UL><LI><a href="#[1d0]">&gt;&gt;</a>&nbsp;&nbsp;&nbsp;rtthread_startup
</UL>

<P><STRONG><a name="[1cf]"></a>assert_failed</STRONG> (Thumb, 28 bytes, Stack size 0 bytes, startup.o(.text), UNUSED)
<BR><BR>[Calls]<UL><LI><a href="#[f9]">&gt;&gt;</a>&nbsp;&nbsp;&nbsp;rt_kprintf
</UL>

<P><STRONG><a name="[1d0]"></a>rtthread_startup</STRONG> (Thumb, 54 bytes, Stack size 8 bytes, startup.o(.text))
<BR><BR>[Stack]<UL><LI>Max Depth = 480<LI>Call Chain = rtthread_startup &rArr; rt_application_init &rArr; rt_thread_create &rArr; rt_object_allocate &rArr; rt_malloc &rArr; rt_sem_take &rArr; rt_ipc_list_suspend &rArr; rt_thread_suspend &rArr; rt_assert_handler &rArr; rt_kprintf &rArr; rt_device_write &rArr;  rt_assert_handler (Cycle)
</UL>
<BR>[Calls]<UL><LI><a href="#[1d8]">&gt;&gt;</a>&nbsp;&nbsp;&nbsp;rt_thread_idle_init
<LI><a href="#[1d7]">&gt;&gt;</a>&nbsp;&nbsp;&nbsp;rt_system_timer_thread_init
<LI><a href="#[1d4]">&gt;&gt;</a>&nbsp;&nbsp;&nbsp;rt_system_timer_init
<LI><a href="#[1d2]">&gt;&gt;</a>&nbsp;&nbsp;&nbsp;rt_system_tick_init
<LI><a href="#[1d9]">&gt;&gt;</a>&nbsp;&nbsp;&nbsp;rt_system_scheduler_start
<LI><a href="#[1d6]">&gt;&gt;</a>&nbsp;&nbsp;&nbsp;rt_system_scheduler_init
<LI><a href="#[1d3]">&gt;&gt;</a>&nbsp;&nbsp;&nbsp;rt_system_object_init
<LI><a href="#[1d5]">&gt;&gt;</a>&nbsp;&nbsp;&nbsp;rt_system_heap_init
<LI><a href="#[168]">&gt;&gt;</a>&nbsp;&nbsp;&nbsp;rt_show_version
<LI><a href="#[1d1]">&gt;&gt;</a>&nbsp;&nbsp;&nbsp;rt_hw_board_init
<LI><a href="#[1ce]">&gt;&gt;</a>&nbsp;&nbsp;&nbsp;rt_application_init
</UL>
<BR>[Called By]<UL><LI><a href="#[5f]">&gt;&gt;</a>&nbsp;&nbsp;&nbsp;main
</UL>

<P><STRONG><a name="[5f]"></a>main</STRONG> (Thumb, 14 bytes, Stack size 8 bytes, startup.o(.text))
<BR><BR>[Stack]<UL><LI>Max Depth = 488<LI>Call Chain = main &rArr; rtthread_startup &rArr; rt_application_init &rArr; rt_thread_create &rArr; rt_object_allocate &rArr; rt_malloc &rArr; rt_sem_take &rArr; rt_ipc_list_suspend &rArr; rt_thread_suspend &rArr; rt_assert_handler &rArr; rt_kprintf &rArr; rt_device_write &rArr;  rt_assert_handler (Cycle)
</UL>
<BR>[Calls]<UL><LI><a href="#[158]">&gt;&gt;</a>&nbsp;&nbsp;&nbsp;rt_hw_interrupt_disable
<LI><a href="#[1d0]">&gt;&gt;</a>&nbsp;&nbsp;&nbsp;rtthread_startup
</UL>
<BR>[Address Reference Count : 1]<UL><LI> entry9a.o(.ARM.Collect$$$$0000000B)
</UL>
<P><STRONG><a name="[1da]"></a>Print_caller_adr</STRONG> (Thumb, 10 bytes, Stack size 0 bytes, sys_misc.o(.text), UNUSED)
<BR><BR>[Calls]<UL><LI><a href="#[f9]">&gt;&gt;</a>&nbsp;&nbsp;&nbsp;rt_kprintf
</UL>

<P><STRONG><a name="[3eb]"></a>parity_check_uchar</STRONG> (Thumb, 18 bytes, Stack size 0 bytes, sys_misc.o(.text), UNUSED)

<P><STRONG><a name="[1db]"></a>SYS_SoftReset</STRONG> (Thumb, 26 bytes, Stack size 0 bytes, sys_misc.o(.text))
<BR><BR>[Called By]<UL><LI><a href="#[ee]">&gt;&gt;</a>&nbsp;&nbsp;&nbsp;sys_reboot_if_0
<LI><a href="#[ed]">&gt;&gt;</a>&nbsp;&nbsp;&nbsp;sys_reboot_if
<LI><a href="#[eb]">&gt;&gt;</a>&nbsp;&nbsp;&nbsp;sys_reboot
</UL>

<P><STRONG><a name="[eb]"></a>sys_reboot</STRONG> (Thumb, 4 bytes, Stack size 0 bytes, sys_misc.o(.text))
<BR><BR>[Calls]<UL><LI><a href="#[1db]">&gt;&gt;</a>&nbsp;&nbsp;&nbsp;SYS_SoftReset
</UL>
<BR>[Address Reference Count : 1]<UL><LI> sys_misc.o(FSymTab)
</UL>
<P><STRONG><a name="[ec]"></a>sys_shutdown</STRONG> (Thumb, 2 bytes, Stack size 0 bytes, sys_misc.o(.text))
<BR><BR>[Calls]<UL><LI><a href="#[ec]">&gt;&gt;</a>&nbsp;&nbsp;&nbsp;sys_shutdown
</UL>
<BR>[Called By]<UL><LI><a href="#[ec]">&gt;&gt;</a>&nbsp;&nbsp;&nbsp;sys_shutdown
</UL>
<BR>[Address Reference Count : 1]<UL><LI> sys_misc.o(FSymTab)
</UL>
<P><STRONG><a name="[ed]"></a>sys_reboot_if</STRONG> (Thumb, 12 bytes, Stack size 4 bytes, sys_misc.o(.text))
<BR><BR>[Stack]<UL><LI>Max Depth = 4<LI>Call Chain = sys_reboot_if
</UL>
<BR>[Calls]<UL><LI><a href="#[1db]">&gt;&gt;</a>&nbsp;&nbsp;&nbsp;SYS_SoftReset
</UL>
<BR>[Address Reference Count : 1]<UL><LI> sys_misc.o(FSymTab)
</UL>
<P><STRONG><a name="[ee]"></a>sys_reboot_if_0</STRONG> (Thumb, 12 bytes, Stack size 4 bytes, sys_misc.o(.text))
<BR><BR>[Stack]<UL><LI>Max Depth = 4<LI>Call Chain = sys_reboot_if_0
</UL>
<BR>[Calls]<UL><LI><a href="#[1db]">&gt;&gt;</a>&nbsp;&nbsp;&nbsp;SYS_SoftReset
</UL>
<BR>[Address Reference Count : 1]<UL><LI> sys_misc.o(FSymTab)
</UL>
<P><STRONG><a name="[ef]"></a>cat_bin</STRONG> (Thumb, 188 bytes, Stack size 112 bytes, sys_misc.o(.text))
<BR><BR>[Stack]<UL><LI>Max Depth = 552<LI>Call Chain = cat_bin &rArr; dfs_file_open &rArr; dfs_normalize_path &rArr; rt_strdup &rArr; rt_malloc &rArr; rt_sem_take &rArr; rt_ipc_list_suspend &rArr; rt_thread_suspend &rArr; rt_assert_handler &rArr; rt_kprintf &rArr; rt_device_write &rArr;  rt_assert_handler (Cycle)
</UL>
<BR>[Calls]<UL><LI><a href="#[15d]">&gt;&gt;</a>&nbsp;&nbsp;&nbsp;rt_memset
<LI><a href="#[1de]">&gt;&gt;</a>&nbsp;&nbsp;&nbsp;dfs_file_read
<LI><a href="#[1dc]">&gt;&gt;</a>&nbsp;&nbsp;&nbsp;dfs_file_open
<LI><a href="#[1dd]">&gt;&gt;</a>&nbsp;&nbsp;&nbsp;dfs_file_lseek
<LI><a href="#[1df]">&gt;&gt;</a>&nbsp;&nbsp;&nbsp;dfs_file_close
<LI><a href="#[f9]">&gt;&gt;</a>&nbsp;&nbsp;&nbsp;rt_kprintf
</UL>
<BR>[Address Reference Count : 1]<UL><LI> sys_misc.o(FSymTab)
</UL>
<P><STRONG><a name="[f0]"></a>touch</STRONG> (Thumb, 68 bytes, Stack size 24 bytes, sys_misc.o(.text))
<BR><BR>[Stack]<UL><LI>Max Depth = 496<LI>Call Chain = touch &rArr; rm &rArr; dfs_file_unlink &rArr; fd_is_open &rArr; dfs_normalize_path &rArr; rt_strdup &rArr; rt_malloc &rArr; rt_sem_take &rArr; rt_ipc_list_suspend &rArr; rt_thread_suspend &rArr; rt_assert_handler &rArr; rt_kprintf &rArr; rt_device_write &rArr;  rt_assert_handler (Cycle)
</UL>
<BR>[Calls]<UL><LI><a href="#[105]">&gt;&gt;</a>&nbsp;&nbsp;&nbsp;rm
<LI><a href="#[198]">&gt;&gt;</a>&nbsp;&nbsp;&nbsp;open
<LI><a href="#[1a0]">&gt;&gt;</a>&nbsp;&nbsp;&nbsp;fstat
<LI><a href="#[199]">&gt;&gt;</a>&nbsp;&nbsp;&nbsp;close
<LI><a href="#[f9]">&gt;&gt;</a>&nbsp;&nbsp;&nbsp;rt_kprintf
</UL>
<BR>[Address Reference Count : 1]<UL><LI> sys_misc.o(FSymTab)
</UL>
<P><STRONG><a name="[f1]"></a>append</STRONG> (Thumb, 84 bytes, Stack size 16 bytes, sys_misc.o(.text))
<BR><BR>[Stack]<UL><LI>Max Depth = 480<LI>Call Chain = append &rArr; open &rArr; dfs_file_open &rArr; dfs_normalize_path &rArr; rt_strdup &rArr; rt_malloc &rArr; rt_sem_take &rArr; rt_ipc_list_suspend &rArr; rt_thread_suspend &rArr; rt_assert_handler &rArr; rt_kprintf &rArr; rt_device_write &rArr;  rt_assert_handler (Cycle)
</UL>
<BR>[Calls]<UL><LI><a href="#[19b]">&gt;&gt;</a>&nbsp;&nbsp;&nbsp;write
<LI><a href="#[198]">&gt;&gt;</a>&nbsp;&nbsp;&nbsp;open
<LI><a href="#[199]">&gt;&gt;</a>&nbsp;&nbsp;&nbsp;close
<LI><a href="#[f9]">&gt;&gt;</a>&nbsp;&nbsp;&nbsp;rt_kprintf
<LI><a href="#[1e0]">&gt;&gt;</a>&nbsp;&nbsp;&nbsp;strlen
</UL>
<BR>[Address Reference Count : 1]<UL><LI> sys_misc.o(FSymTab)
</UL>
<P><STRONG><a name="[1e2]"></a>sys_ctrl_init</STRONG> (Thumb, 26 bytes, Stack size 0 bytes, sys_status.o(.text))
<BR><BR>[Called By]<UL><LI><a href="#[60]">&gt;&gt;</a>&nbsp;&nbsp;&nbsp;rt_thread_entry_sys_status
</UL>

<P><STRONG><a name="[3ec]"></a>sys_status_set</STRONG> (Thumb, 8 bytes, Stack size 0 bytes, sys_status.o(.text), UNUSED)

<P><STRONG><a name="[1e1]"></a>sys_ctrl_handler</STRONG> (Thumb, 744 bytes, Stack size 24 bytes, sys_status.o(.text))
<BR><BR>[Stack]<UL><LI>Max Depth = 296<LI>Call Chain = sys_ctrl_handler &rArr; rt_pin_write &rArr; rt_assert_handler &rArr; rt_kprintf &rArr; rt_device_write &rArr;  rt_assert_handler (Cycle)
</UL>
<BR>[Calls]<UL><LI><a href="#[10c]">&gt;&gt;</a>&nbsp;&nbsp;&nbsp;rt_pin_write
</UL>
<BR>[Called By]<UL><LI><a href="#[60]">&gt;&gt;</a>&nbsp;&nbsp;&nbsp;rt_thread_entry_sys_status
</UL>

<P><STRONG><a name="[3ed]"></a>sys_ctrl_server</STRONG> (Thumb, 10 bytes, Stack size 0 bytes, sys_status.o(.text), UNUSED)

<P><STRONG><a name="[60]"></a>rt_thread_entry_sys_status</STRONG> (Thumb, 54 bytes, Stack size 0 bytes, sys_status.o(.text))
<BR><BR>[Stack]<UL><LI>Max Depth = 312<LI>Call Chain = rt_thread_entry_sys_status &rArr; rt_thread_delay &rArr; rt_thread_sleep &rArr; rt_thread_suspend &rArr; rt_assert_handler &rArr; rt_kprintf &rArr; rt_device_write &rArr;  rt_assert_handler (Cycle)
</UL>
<BR>[Calls]<UL><LI><a href="#[1e1]">&gt;&gt;</a>&nbsp;&nbsp;&nbsp;sys_ctrl_handler
<LI><a href="#[1e2]">&gt;&gt;</a>&nbsp;&nbsp;&nbsp;sys_ctrl_init
<LI><a href="#[189]">&gt;&gt;</a>&nbsp;&nbsp;&nbsp;rt_thread_delay
</UL>
<BR>[Address Reference Count : 1]<UL><LI> application.o(.text)
</UL>
<P><STRONG><a name="[1e3]"></a>file_program</STRONG> (Thumb, 184 bytes, Stack size 56 bytes, stm32_iap.o(.text))
<BR><BR>[Stack]<UL><LI>Max Depth = 448<LI>Call Chain = file_program &rArr; read &rArr; fd_put &rArr; dfs_lock &rArr; rt_mutex_take &rArr; rt_thread_control &rArr; rt_thread_startup &rArr; rt_thread_resume &rArr; rt_assert_handler &rArr; rt_kprintf &rArr; rt_device_write &rArr;  rt_assert_handler (Cycle)
</UL>
<BR>[Calls]<UL><LI><a href="#[19a]">&gt;&gt;</a>&nbsp;&nbsp;&nbsp;read
<LI><a href="#[1e6]">&gt;&gt;</a>&nbsp;&nbsp;&nbsp;decode
<LI><a href="#[1e8]">&gt;&gt;</a>&nbsp;&nbsp;&nbsp;FLASH_Lock
<LI><a href="#[1e7]">&gt;&gt;</a>&nbsp;&nbsp;&nbsp;FLASH_If_Write
<LI><a href="#[1e4]">&gt;&gt;</a>&nbsp;&nbsp;&nbsp;FLASH_If_Init
<LI><a href="#[1e5]">&gt;&gt;</a>&nbsp;&nbsp;&nbsp;FLASH_If_Erase
<LI><a href="#[1a0]">&gt;&gt;</a>&nbsp;&nbsp;&nbsp;fstat
<LI><a href="#[199]">&gt;&gt;</a>&nbsp;&nbsp;&nbsp;close
<LI><a href="#[f9]">&gt;&gt;</a>&nbsp;&nbsp;&nbsp;rt_kprintf
</UL>
<BR>[Called By]<UL><LI><a href="#[61]">&gt;&gt;</a>&nbsp;&nbsp;&nbsp;rt_thread_entry_sys_IAP
</UL>

<P><STRONG><a name="[1ea]"></a>NVIC_DeInit</STRONG> (Thumb, 44 bytes, Stack size 0 bytes, stm32_iap.o(.text))
<BR><BR>[Called By]<UL><LI><a href="#[1e9]">&gt;&gt;</a>&nbsp;&nbsp;&nbsp;start_APP
</UL>

<P><STRONG><a name="[1e9]"></a>start_APP</STRONG> (Thumb, 60 bytes, Stack size 0 bytes, stm32_iap.o(.text))
<BR><BR>[Stack]<UL><LI>Max Depth = 312<LI>Call Chain = start_APP &rArr; rt_thread_delay &rArr; rt_thread_sleep &rArr; rt_thread_suspend &rArr; rt_assert_handler &rArr; rt_kprintf &rArr; rt_device_write &rArr;  rt_assert_handler (Cycle)
</UL>
<BR>[Calls]<UL><LI><a href="#[1ec]">&gt;&gt;</a>&nbsp;&nbsp;&nbsp;__set_MSP
<LI><a href="#[1eb]">&gt;&gt;</a>&nbsp;&nbsp;&nbsp;RCC_DeInit
<LI><a href="#[1ea]">&gt;&gt;</a>&nbsp;&nbsp;&nbsp;NVIC_DeInit
<LI><a href="#[189]">&gt;&gt;</a>&nbsp;&nbsp;&nbsp;rt_thread_delay
<LI><a href="#[f9]">&gt;&gt;</a>&nbsp;&nbsp;&nbsp;rt_kprintf
</UL>
<BR>[Called By]<UL><LI><a href="#[61]">&gt;&gt;</a>&nbsp;&nbsp;&nbsp;rt_thread_entry_sys_IAP
</UL>

<P><STRONG><a name="[61]"></a>rt_thread_entry_sys_IAP</STRONG> (Thumb, 152 bytes, Stack size 0 bytes, stm32_iap.o(.text))
<BR><BR>[Stack]<UL><LI>Max Depth = 472<LI>Call Chain = rt_thread_entry_sys_IAP &rArr; rm &rArr; dfs_file_unlink &rArr; fd_is_open &rArr; dfs_normalize_path &rArr; rt_strdup &rArr; rt_malloc &rArr; rt_sem_take &rArr; rt_ipc_list_suspend &rArr; rt_thread_suspend &rArr; rt_assert_handler &rArr; rt_kprintf &rArr; rt_device_write &rArr;  rt_assert_handler (Cycle)
</UL>
<BR>[Calls]<UL><LI><a href="#[1ed]">&gt;&gt;</a>&nbsp;&nbsp;&nbsp;RCC_APB1PeriphClockCmd
<LI><a href="#[1e9]">&gt;&gt;</a>&nbsp;&nbsp;&nbsp;start_APP
<LI><a href="#[1e3]">&gt;&gt;</a>&nbsp;&nbsp;&nbsp;file_program
<LI><a href="#[105]">&gt;&gt;</a>&nbsp;&nbsp;&nbsp;rm
<LI><a href="#[198]">&gt;&gt;</a>&nbsp;&nbsp;&nbsp;open
<LI><a href="#[199]">&gt;&gt;</a>&nbsp;&nbsp;&nbsp;close
<LI><a href="#[189]">&gt;&gt;</a>&nbsp;&nbsp;&nbsp;rt_thread_delay
<LI><a href="#[f9]">&gt;&gt;</a>&nbsp;&nbsp;&nbsp;rt_kprintf
</UL>
<BR>[Address Reference Count : 1]<UL><LI> application.o(.text)
</UL>
<P><STRONG><a name="[1ee]"></a>NVIC_Configuration</STRONG> (Thumb, 24 bytes, Stack size 8 bytes, board.o(.text))
<BR><BR>[Stack]<UL><LI>Max Depth = 8<LI>Call Chain = NVIC_Configuration
</UL>
<BR>[Calls]<UL><LI><a href="#[1ef]">&gt;&gt;</a>&nbsp;&nbsp;&nbsp;NVIC_SetVectorTable
<LI><a href="#[1f0]">&gt;&gt;</a>&nbsp;&nbsp;&nbsp;NVIC_PriorityGroupConfig
</UL>
<BR>[Called By]<UL><LI><a href="#[1d1]">&gt;&gt;</a>&nbsp;&nbsp;&nbsp;rt_hw_board_init
</UL>

<P><STRONG><a name="[1f1]"></a>SysTick_Configuration</STRONG> (Thumb, 64 bytes, Stack size 24 bytes, board.o(.text))
<BR><BR>[Stack]<UL><LI>Max Depth = 40<LI>Call Chain = SysTick_Configuration &rArr; RCC_GetClocksFreq
</UL>
<BR>[Calls]<UL><LI><a href="#[1f3]">&gt;&gt;</a>&nbsp;&nbsp;&nbsp;SysTick_CLKSourceConfig
<LI><a href="#[1f2]">&gt;&gt;</a>&nbsp;&nbsp;&nbsp;RCC_GetClocksFreq
</UL>
<BR>[Called By]<UL><LI><a href="#[1d1]">&gt;&gt;</a>&nbsp;&nbsp;&nbsp;rt_hw_board_init
</UL>

<P><STRONG><a name="[d]"></a>SysTick_Handler</STRONG> (Thumb, 34 bytes, Stack size 8 bytes, board.o(.text))
<BR><BR>[Stack]<UL><LI>Max Depth = 320<LI>Call Chain = SysTick_Handler &rArr; rt_tick_increase &rArr; rt_timer_check &rArr; rt_timer_start &rArr; rt_assert_handler &rArr; rt_kprintf &rArr; rt_device_write &rArr;  rt_assert_handler (Cycle)
</UL>
<BR>[Calls]<UL><LI><a href="#[1f4]">&gt;&gt;</a>&nbsp;&nbsp;&nbsp;rt_tick_increase
<LI><a href="#[156]">&gt;&gt;</a>&nbsp;&nbsp;&nbsp;rt_interrupt_leave
<LI><a href="#[155]">&gt;&gt;</a>&nbsp;&nbsp;&nbsp;rt_interrupt_enter
</UL>
<BR>[Address Reference Count : 1]<UL><LI> startup_stm32f2xx.o(RESET)
</UL>
<P><STRONG><a name="[1f5]"></a>rt_hw_tick_get_millisecond</STRONG> (Thumb, 38 bytes, Stack size 8 bytes, board.o(.text), UNUSED)
<BR><BR>[Calls]<UL><LI><a href="#[123]">&gt;&gt;</a>&nbsp;&nbsp;&nbsp;rt_tick_get
</UL>

<P><STRONG><a name="[1f6]"></a>rt_hw_tick_get_microsecond</STRONG> (Thumb, 38 bytes, Stack size 8 bytes, board.o(.text), UNUSED)
<BR><BR>[Calls]<UL><LI><a href="#[123]">&gt;&gt;</a>&nbsp;&nbsp;&nbsp;rt_tick_get
</UL>

<P><STRONG><a name="[3ee]"></a>sys_get_board_type</STRONG> (Thumb, 54 bytes, Stack size 16 bytes, board.o(.text), UNUSED)

<P><STRONG><a name="[1d1]"></a>rt_hw_board_init</STRONG> (Thumb, 28 bytes, Stack size 8 bytes, board.o(.text))
<BR><BR>[Stack]<UL><LI>Max Depth = 352<LI>Call Chain = rt_hw_board_init &rArr; stm32_hw_usart_init &rArr; rt_hw_serial_register &rArr; rt_device_register &rArr; rt_device_find &rArr; rt_exit_critical &rArr; rt_schedule &rArr; _rt_scheduler_stack_check &rArr;  rt_assert_handler (Cycle)
</UL>
<BR>[Calls]<UL><LI><a href="#[e2]">&gt;&gt;</a>&nbsp;&nbsp;&nbsp;stm32_hw_usart_init
<LI><a href="#[e3]">&gt;&gt;</a>&nbsp;&nbsp;&nbsp;stm32_hw_pin_init
<LI><a href="#[16f]">&gt;&gt;</a>&nbsp;&nbsp;&nbsp;rt_console_set_device
<LI><a href="#[1f1]">&gt;&gt;</a>&nbsp;&nbsp;&nbsp;SysTick_Configuration
<LI><a href="#[1ee]">&gt;&gt;</a>&nbsp;&nbsp;&nbsp;NVIC_Configuration
</UL>
<BR>[Called By]<UL><LI><a href="#[1d0]">&gt;&gt;</a>&nbsp;&nbsp;&nbsp;rtthread_startup
</UL>

<P><STRONG><a name="[5]"></a>NMI_Handler</STRONG> (Thumb, 2 bytes, Stack size 0 bytes, stm32f2xx_it.o(.text))
<BR>[Address Reference Count : 1]<UL><LI> startup_stm32f2xx.o(RESET)
</UL>
<P><STRONG><a name="[7]"></a>MemManage_Handler</STRONG> (Thumb, 2 bytes, Stack size 0 bytes, stm32f2xx_it.o(.text))
<BR><BR>[Calls]<UL><LI><a href="#[7]">&gt;&gt;</a>&nbsp;&nbsp;&nbsp;MemManage_Handler
</UL>
<BR>[Called By]<UL><LI><a href="#[7]">&gt;&gt;</a>&nbsp;&nbsp;&nbsp;MemManage_Handler
</UL>
<BR>[Address Reference Count : 1]<UL><LI> startup_stm32f2xx.o(RESET)
</UL>
<P><STRONG><a name="[8]"></a>BusFault_Handler</STRONG> (Thumb, 2 bytes, Stack size 0 bytes, stm32f2xx_it.o(.text))
<BR><BR>[Calls]<UL><LI><a href="#[8]">&gt;&gt;</a>&nbsp;&nbsp;&nbsp;BusFault_Handler
</UL>
<BR>[Called By]<UL><LI><a href="#[8]">&gt;&gt;</a>&nbsp;&nbsp;&nbsp;BusFault_Handler
</UL>
<BR>[Address Reference Count : 1]<UL><LI> startup_stm32f2xx.o(RESET)
</UL>
<P><STRONG><a name="[9]"></a>UsageFault_Handler</STRONG> (Thumb, 2 bytes, Stack size 0 bytes, stm32f2xx_it.o(.text))
<BR><BR>[Calls]<UL><LI><a href="#[9]">&gt;&gt;</a>&nbsp;&nbsp;&nbsp;UsageFault_Handler
</UL>
<BR>[Called By]<UL><LI><a href="#[9]">&gt;&gt;</a>&nbsp;&nbsp;&nbsp;UsageFault_Handler
</UL>
<BR>[Address Reference Count : 1]<UL><LI> startup_stm32f2xx.o(RESET)
</UL>
<P><STRONG><a name="[a]"></a>SVC_Handler</STRONG> (Thumb, 2 bytes, Stack size 0 bytes, stm32f2xx_it.o(.text))
<BR>[Address Reference Count : 1]<UL><LI> startup_stm32f2xx.o(RESET)
</UL>
<P><STRONG><a name="[b]"></a>DebugMon_Handler</STRONG> (Thumb, 2 bytes, Stack size 0 bytes, stm32f2xx_it.o(.text))
<BR>[Address Reference Count : 1]<UL><LI> startup_stm32f2xx.o(RESET)
</UL>
<P><STRONG><a name="[33]"></a>USART1_IRQHandler</STRONG> (Thumb, 58 bytes, Stack size 16 bytes, usart.o(.text))
<BR><BR>[Stack]<UL><LI>Max Depth = 392<LI>Call Chain = USART1_IRQHandler &rArr; rt_hw_serial_isr &rArr; rt_data_queue_pop &rArr; rt_timer_start &rArr; rt_assert_handler &rArr; rt_kprintf &rArr; rt_device_write &rArr;  rt_assert_handler (Cycle)
</UL>
<BR>[Calls]<UL><LI><a href="#[1fb]">&gt;&gt;</a>&nbsp;&nbsp;&nbsp;rt_hw_serial_isr
<LI><a href="#[1fa]">&gt;&gt;</a>&nbsp;&nbsp;&nbsp;USART_GetITStatus
<LI><a href="#[1fc]">&gt;&gt;</a>&nbsp;&nbsp;&nbsp;USART_ClearITPendingBit
<LI><a href="#[156]">&gt;&gt;</a>&nbsp;&nbsp;&nbsp;rt_interrupt_leave
<LI><a href="#[155]">&gt;&gt;</a>&nbsp;&nbsp;&nbsp;rt_interrupt_enter
</UL>
<BR>[Address Reference Count : 1]<UL><LI> startup_stm32f2xx.o(RESET)
</UL>
<P><STRONG><a name="[34]"></a>USART2_IRQHandler</STRONG> (Thumb, 62 bytes, Stack size 16 bytes, usart.o(.text))
<BR><BR>[Stack]<UL><LI>Max Depth = 392<LI>Call Chain = USART2_IRQHandler &rArr; rt_hw_serial_isr &rArr; rt_data_queue_pop &rArr; rt_timer_start &rArr; rt_assert_handler &rArr; rt_kprintf &rArr; rt_device_write &rArr;  rt_assert_handler (Cycle)
</UL>
<BR>[Calls]<UL><LI><a href="#[1fb]">&gt;&gt;</a>&nbsp;&nbsp;&nbsp;rt_hw_serial_isr
<LI><a href="#[1fa]">&gt;&gt;</a>&nbsp;&nbsp;&nbsp;USART_GetITStatus
<LI><a href="#[1fc]">&gt;&gt;</a>&nbsp;&nbsp;&nbsp;USART_ClearITPendingBit
<LI><a href="#[156]">&gt;&gt;</a>&nbsp;&nbsp;&nbsp;rt_interrupt_leave
<LI><a href="#[155]">&gt;&gt;</a>&nbsp;&nbsp;&nbsp;rt_interrupt_enter
</UL>
<BR>[Address Reference Count : 1]<UL><LI> startup_stm32f2xx.o(RESET)
</UL>
<P><STRONG><a name="[35]"></a>USART3_IRQHandler</STRONG> (Thumb, 62 bytes, Stack size 16 bytes, usart.o(.text))
<BR><BR>[Stack]<UL><LI>Max Depth = 392<LI>Call Chain = USART3_IRQHandler &rArr; rt_hw_serial_isr &rArr; rt_data_queue_pop &rArr; rt_timer_start &rArr; rt_assert_handler &rArr; rt_kprintf &rArr; rt_device_write &rArr;  rt_assert_handler (Cycle)
</UL>
<BR>[Calls]<UL><LI><a href="#[1fb]">&gt;&gt;</a>&nbsp;&nbsp;&nbsp;rt_hw_serial_isr
<LI><a href="#[1fa]">&gt;&gt;</a>&nbsp;&nbsp;&nbsp;USART_GetITStatus
<LI><a href="#[1fc]">&gt;&gt;</a>&nbsp;&nbsp;&nbsp;USART_ClearITPendingBit
<LI><a href="#[156]">&gt;&gt;</a>&nbsp;&nbsp;&nbsp;rt_interrupt_leave
<LI><a href="#[155]">&gt;&gt;</a>&nbsp;&nbsp;&nbsp;rt_interrupt_enter
</UL>
<BR>[Address Reference Count : 1]<UL><LI> startup_stm32f2xx.o(RESET)
</UL>
<P><STRONG><a name="[1fd]"></a>USART4_IRQHandler</STRONG> (Thumb, 60 bytes, Stack size 16 bytes, usart.o(.text), UNUSED)
<BR><BR>[Calls]<UL><LI><a href="#[1fb]">&gt;&gt;</a>&nbsp;&nbsp;&nbsp;rt_hw_serial_isr
<LI><a href="#[1fa]">&gt;&gt;</a>&nbsp;&nbsp;&nbsp;USART_GetITStatus
<LI><a href="#[1fc]">&gt;&gt;</a>&nbsp;&nbsp;&nbsp;USART_ClearITPendingBit
<LI><a href="#[156]">&gt;&gt;</a>&nbsp;&nbsp;&nbsp;rt_interrupt_leave
<LI><a href="#[155]">&gt;&gt;</a>&nbsp;&nbsp;&nbsp;rt_interrupt_enter
</UL>

<P><STRONG><a name="[1fe]"></a>USART5_IRQHandler</STRONG> (Thumb, 62 bytes, Stack size 16 bytes, usart.o(.text), UNUSED)
<BR><BR>[Calls]<UL><LI><a href="#[1fb]">&gt;&gt;</a>&nbsp;&nbsp;&nbsp;rt_hw_serial_isr
<LI><a href="#[1fa]">&gt;&gt;</a>&nbsp;&nbsp;&nbsp;USART_GetITStatus
<LI><a href="#[1fc]">&gt;&gt;</a>&nbsp;&nbsp;&nbsp;USART_ClearITPendingBit
<LI><a href="#[156]">&gt;&gt;</a>&nbsp;&nbsp;&nbsp;rt_interrupt_leave
<LI><a href="#[155]">&gt;&gt;</a>&nbsp;&nbsp;&nbsp;rt_interrupt_enter
</UL>

<P><STRONG><a name="[e2]"></a>stm32_hw_usart_init</STRONG> (Thumb, 310 bytes, Stack size 56 bytes, usart.o(.text))
<BR><BR>[Stack]<UL><LI>Max Depth = 344<LI>Call Chain = stm32_hw_usart_init &rArr; rt_hw_serial_register &rArr; rt_device_register &rArr; rt_device_find &rArr; rt_exit_critical &rArr; rt_schedule &rArr; _rt_scheduler_stack_check &rArr;  rt_assert_handler (Cycle)
</UL>
<BR>[Calls]<UL><LI><a href="#[204]">&gt;&gt;</a>&nbsp;&nbsp;&nbsp;rt_hw_serial_register
<LI><a href="#[203]">&gt;&gt;</a>&nbsp;&nbsp;&nbsp;NVIC_Configuration
<LI><a href="#[202]">&gt;&gt;</a>&nbsp;&nbsp;&nbsp;RCC_Configuration
<LI><a href="#[1ff]">&gt;&gt;</a>&nbsp;&nbsp;&nbsp;GPIO_Configuration
</UL>
<BR>[Called By]<UL><LI><a href="#[1d1]">&gt;&gt;</a>&nbsp;&nbsp;&nbsp;rt_hw_board_init
</UL>
<BR>[Address Reference Count : 1]<UL><LI> usart.o(.rti_fn.1)
</UL>
<P><STRONG><a name="[20a]"></a>rt_mktime</STRONG> (Thumb, 102 bytes, Stack size 8 bytes, rtc.o(.text))
<BR><BR>[Stack]<UL><LI>Max Depth = 8<LI>Call Chain = rt_mktime
</UL>
<BR>[Called By]<UL><LI><a href="#[64]">&gt;&gt;</a>&nbsp;&nbsp;&nbsp;rt_rtc_control
</UL>

<P><STRONG><a name="[20f]"></a>RTC_Config</STRONG> (Thumb, 80 bytes, Stack size 8 bytes, rtc.o(.text))
<BR><BR>[Stack]<UL><LI>Max Depth = 20<LI>Call Chain = RTC_Config &rArr; RTC_WaitForSynchro
</UL>
<BR>[Calls]<UL><LI><a href="#[214]">&gt;&gt;</a>&nbsp;&nbsp;&nbsp;RTC_WaitForSynchro
<LI><a href="#[212]">&gt;&gt;</a>&nbsp;&nbsp;&nbsp;RCC_RTCCLKConfig
<LI><a href="#[213]">&gt;&gt;</a>&nbsp;&nbsp;&nbsp;RCC_RTCCLKCmd
<LI><a href="#[210]">&gt;&gt;</a>&nbsp;&nbsp;&nbsp;RCC_LSEConfig
<LI><a href="#[211]">&gt;&gt;</a>&nbsp;&nbsp;&nbsp;RCC_GetFlagStatus
<LI><a href="#[20b]">&gt;&gt;</a>&nbsp;&nbsp;&nbsp;PWR_BackupAccessCmd
<LI><a href="#[1ed]">&gt;&gt;</a>&nbsp;&nbsp;&nbsp;RCC_APB1PeriphClockCmd
</UL>
<BR>[Called By]<UL><LI><a href="#[215]">&gt;&gt;</a>&nbsp;&nbsp;&nbsp;RTC_Configuration
</UL>

<P><STRONG><a name="[215]"></a>RTC_Configuration</STRONG> (Thumb, 94 bytes, Stack size 8 bytes, rtc.o(.text))
<BR><BR>[Stack]<UL><LI>Max Depth = 36<LI>Call Chain = RTC_Configuration &rArr; RTC_SetTime &rArr; RTC_WaitForSynchro
</UL>
<BR>[Calls]<UL><LI><a href="#[20d]">&gt;&gt;</a>&nbsp;&nbsp;&nbsp;RTC_SetTime
<LI><a href="#[20e]">&gt;&gt;</a>&nbsp;&nbsp;&nbsp;RTC_SetDate
<LI><a href="#[216]">&gt;&gt;</a>&nbsp;&nbsp;&nbsp;RTC_Init
<LI><a href="#[20f]">&gt;&gt;</a>&nbsp;&nbsp;&nbsp;RTC_Config
</UL>
<BR>[Called By]<UL><LI><a href="#[217]">&gt;&gt;</a>&nbsp;&nbsp;&nbsp;rt_hw_rtc_init
</UL>

<P><STRONG><a name="[217]"></a>rt_hw_rtc_init</STRONG> (Thumb, 116 bytes, Stack size 8 bytes, rtc.o(.text))
<BR><BR>[Stack]<UL><LI>Max Depth = 272<LI>Call Chain = rt_hw_rtc_init &rArr; rt_device_register &rArr; rt_device_find &rArr; rt_exit_critical &rArr; rt_schedule &rArr; _rt_scheduler_stack_check &rArr;  rt_assert_handler (Cycle)
</UL>
<BR>[Calls]<UL><LI><a href="#[125]">&gt;&gt;</a>&nbsp;&nbsp;&nbsp;rt_device_register
<LI><a href="#[214]">&gt;&gt;</a>&nbsp;&nbsp;&nbsp;RTC_WaitForSynchro
<LI><a href="#[218]">&gt;&gt;</a>&nbsp;&nbsp;&nbsp;RTC_ReadBackupRegister
<LI><a href="#[20b]">&gt;&gt;</a>&nbsp;&nbsp;&nbsp;PWR_BackupAccessCmd
<LI><a href="#[215]">&gt;&gt;</a>&nbsp;&nbsp;&nbsp;RTC_Configuration
<LI><a href="#[205]">&gt;&gt;</a>&nbsp;&nbsp;&nbsp;RCC_AHB1PeriphClockCmd
<LI><a href="#[1ed]">&gt;&gt;</a>&nbsp;&nbsp;&nbsp;RCC_APB1PeriphClockCmd
<LI><a href="#[f9]">&gt;&gt;</a>&nbsp;&nbsp;&nbsp;rt_kprintf
</UL>
<BR>[Called By]<UL><LI><a href="#[1cb]">&gt;&gt;</a>&nbsp;&nbsp;&nbsp;rt_platform_init
</UL>

<P><STRONG><a name="[219]"></a>rt_time</STRONG> (Thumb, 34 bytes, Stack size 16 bytes, rtc.o(.text))
<BR><BR>[Stack]<UL><LI>Max Depth = 288<LI>Call Chain = rt_time &rArr; rt_device_control &rArr; rt_assert_handler &rArr; rt_kprintf &rArr; rt_device_write &rArr;  rt_assert_handler (Cycle)
</UL>
<BR>[Calls]<UL><LI><a href="#[127]">&gt;&gt;</a>&nbsp;&nbsp;&nbsp;rt_device_find
<LI><a href="#[12c]">&gt;&gt;</a>&nbsp;&nbsp;&nbsp;rt_device_control
</UL>
<BR>[Called By]<UL><LI><a href="#[f4]">&gt;&gt;</a>&nbsp;&nbsp;&nbsp;list_date
<LI><a href="#[f3]">&gt;&gt;</a>&nbsp;&nbsp;&nbsp;set_time
<LI><a href="#[f2]">&gt;&gt;</a>&nbsp;&nbsp;&nbsp;set_date
<LI><a href="#[121]">&gt;&gt;</a>&nbsp;&nbsp;&nbsp;log_trace_list_date
</UL>

<P><STRONG><a name="[f2]"></a>set_date</STRONG> (Thumb, 72 bytes, Stack size 24 bytes, rtc.o(.text))
<BR><BR>[Stack]<UL><LI>Max Depth = 344<LI>Call Chain = set_date &rArr; rt_rtc_control &rArr; rt_assert_handler &rArr; rt_kprintf &rArr; rt_device_write &rArr;  rt_assert_handler (Cycle)
</UL>
<BR>[Calls]<UL><LI><a href="#[127]">&gt;&gt;</a>&nbsp;&nbsp;&nbsp;rt_device_find
<LI><a href="#[21b]">&gt;&gt;</a>&nbsp;&nbsp;&nbsp;RTC_WriteBackupRegister
<LI><a href="#[214]">&gt;&gt;</a>&nbsp;&nbsp;&nbsp;RTC_WaitForSynchro
<LI><a href="#[219]">&gt;&gt;</a>&nbsp;&nbsp;&nbsp;rt_time
[...]
<BR><BR>[Stack]<UL><LI>Max Depth = 428<LI>Call Chain = proc_expr &rArr; proc_assign_expr &rArr;  proc_assign_expr (Cycle)
</UL>
<BR>[Calls]<UL><LI><a href="#[393]">&gt;&gt;</a>&nbsp;&nbsp;&nbsp;proc_assign_expr
</UL>
<BR>[Called By]<UL><LI><a href="#[39a]">&gt;&gt;</a>&nbsp;&nbsp;&nbsp;proc_primary_expr
<LI><a href="#[397]">&gt;&gt;</a>&nbsp;&nbsp;&nbsp;proc_expr_statement
</UL>

<P><STRONG><a name="[395]"></a>proc_identifier</STRONG> (Thumb, 42 bytes, Stack size 16 bytes, finsh_parser.o(.text))
<BR><BR>[Stack]<UL><LI>Max Depth = 244<LI>Call Chain = proc_identifier &rArr; finsh_token_token &rArr; token_run &rArr; token_proc_number &rArr; token_spec_number
</UL>
<BR>[Calls]<UL><LI><a href="#[370]">&gt;&gt;</a>&nbsp;&nbsp;&nbsp;finsh_error_set
<LI><a href="#[386]">&gt;&gt;</a>&nbsp;&nbsp;&nbsp;strncpy
<LI><a href="#[389]">&gt;&gt;</a>&nbsp;&nbsp;&nbsp;finsh_token_token
</UL>
<BR>[Called By]<UL><LI><a href="#[39a]">&gt;&gt;</a>&nbsp;&nbsp;&nbsp;proc_primary_expr
<LI><a href="#[394]">&gt;&gt;</a>&nbsp;&nbsp;&nbsp;proc_variable_decl
</UL>

<P><STRONG><a name="[38c]"></a>proc_postfix_expr</STRONG> (Thumb, 160 bytes, Stack size 24 bytes, finsh_parser.o(.text))
<BR><BR>[Stack]<UL><LI>Max Depth = 308 + In Cycle
<LI>Call Chain = proc_postfix_expr &rArr;  proc_assign_expr (Cycle)
</UL>
<BR>[Calls]<UL><LI><a href="#[370]">&gt;&gt;</a>&nbsp;&nbsp;&nbsp;finsh_error_set
<LI><a href="#[389]">&gt;&gt;</a>&nbsp;&nbsp;&nbsp;finsh_token_token
<LI><a href="#[39a]">&gt;&gt;</a>&nbsp;&nbsp;&nbsp;proc_primary_expr
<LI><a href="#[38b]">&gt;&gt;</a>&nbsp;&nbsp;&nbsp;make_sys_node
<LI><a href="#[393]">&gt;&gt;</a>&nbsp;&nbsp;&nbsp;proc_assign_expr
</UL>
<BR>[Called By]<UL><LI><a href="#[388]">&gt;&gt;</a>&nbsp;&nbsp;&nbsp;proc_unary_expr
</UL>

<P><STRONG><a name="[39a]"></a>proc_primary_expr</STRONG> (Thumb, 168 bytes, Stack size 40 bytes, finsh_parser.o(.text))
<BR><BR>[Stack]<UL><LI>Max Depth = 284 + In Cycle
<LI>Call Chain = proc_primary_expr &rArr;  proc_expr (Cycle)
</UL>
<BR>[Calls]<UL><LI><a href="#[387]">&gt;&gt;</a>&nbsp;&nbsp;&nbsp;finsh_node_new_ptr
<LI><a href="#[385]">&gt;&gt;</a>&nbsp;&nbsp;&nbsp;finsh_node_new_string
<LI><a href="#[384]">&gt;&gt;</a>&nbsp;&nbsp;&nbsp;finsh_node_new_long
<LI><a href="#[383]">&gt;&gt;</a>&nbsp;&nbsp;&nbsp;finsh_node_new_int
<LI><a href="#[382]">&gt;&gt;</a>&nbsp;&nbsp;&nbsp;finsh_node_new_char
<LI><a href="#[37d]">&gt;&gt;</a>&nbsp;&nbsp;&nbsp;finsh_node_new_id
<LI><a href="#[370]">&gt;&gt;</a>&nbsp;&nbsp;&nbsp;finsh_error_set
<LI><a href="#[389]">&gt;&gt;</a>&nbsp;&nbsp;&nbsp;finsh_token_token
<LI><a href="#[395]">&gt;&gt;</a>&nbsp;&nbsp;&nbsp;proc_identifier
<LI><a href="#[398]">&gt;&gt;</a>&nbsp;&nbsp;&nbsp;proc_expr
</UL>
<BR>[Called By]<UL><LI><a href="#[38c]">&gt;&gt;</a>&nbsp;&nbsp;&nbsp;proc_postfix_expr
</UL>

<P><STRONG><a name="[39e]"></a>token_next_char</STRONG> (Thumb, 56 bytes, Stack size 8 bytes, finsh_token.o(.text))
<BR><BR>[Stack]<UL><LI>Max Depth = 8<LI>Call Chain = token_next_char
</UL>
<BR>[Calls]<UL><LI><a href="#[1e0]">&gt;&gt;</a>&nbsp;&nbsp;&nbsp;strlen
</UL>
<BR>[Called By]<UL><LI><a href="#[3a2]">&gt;&gt;</a>&nbsp;&nbsp;&nbsp;token_get_string
<LI><a href="#[3a4]">&gt;&gt;</a>&nbsp;&nbsp;&nbsp;token_proc_char
<LI><a href="#[3a5]">&gt;&gt;</a>&nbsp;&nbsp;&nbsp;token_proc_escape
<LI><a href="#[3a3]">&gt;&gt;</a>&nbsp;&nbsp;&nbsp;token_run
<LI><a href="#[39f]">&gt;&gt;</a>&nbsp;&nbsp;&nbsp;token_proc_number
</UL>

<P><STRONG><a name="[39f]"></a>token_proc_number</STRONG> (Thumb, 244 bytes, Stack size 160 bytes, finsh_token.o(.text))
<BR><BR>[Stack]<UL><LI>Max Depth = 188<LI>Call Chain = token_proc_number &rArr; token_spec_number
</UL>
<BR>[Calls]<UL><LI><a href="#[1e0]">&gt;&gt;</a>&nbsp;&nbsp;&nbsp;strlen
<LI><a href="#[3a0]">&gt;&gt;</a>&nbsp;&nbsp;&nbsp;token_spec_number
<LI><a href="#[3a1]">&gt;&gt;</a>&nbsp;&nbsp;&nbsp;token_prev_char
<LI><a href="#[39e]">&gt;&gt;</a>&nbsp;&nbsp;&nbsp;token_next_char
</UL>
<BR>[Called By]<UL><LI><a href="#[3a3]">&gt;&gt;</a>&nbsp;&nbsp;&nbsp;token_run
</UL>

<P><STRONG><a name="[3a3]"></a>token_run</STRONG> (Thumb, 436 bytes, Stack size 32 bytes, finsh_token.o(.text))
<BR><BR>[Stack]<UL><LI>Max Depth = 220<LI>Call Chain = token_run &rArr; token_proc_number &rArr; token_spec_number
</UL>
<BR>[Calls]<UL><LI><a href="#[370]">&gt;&gt;</a>&nbsp;&nbsp;&nbsp;finsh_error_set
<LI><a href="#[2f7]">&gt;&gt;</a>&nbsp;&nbsp;&nbsp;strcmp
<LI><a href="#[3a2]">&gt;&gt;</a>&nbsp;&nbsp;&nbsp;token_get_string
<LI><a href="#[3a4]">&gt;&gt;</a>&nbsp;&nbsp;&nbsp;token_proc_char
<LI><a href="#[3a5]">&gt;&gt;</a>&nbsp;&nbsp;&nbsp;token_proc_escape
<LI><a href="#[3a1]">&gt;&gt;</a>&nbsp;&nbsp;&nbsp;token_prev_char
<LI><a href="#[39f]">&gt;&gt;</a>&nbsp;&nbsp;&nbsp;token_proc_number
<LI><a href="#[39e]">&gt;&gt;</a>&nbsp;&nbsp;&nbsp;token_next_char
</UL>
<BR>[Called By]<UL><LI><a href="#[389]">&gt;&gt;</a>&nbsp;&nbsp;&nbsp;finsh_token_token
</UL>

<P><STRONG><a name="[3a1]"></a>token_prev_char</STRONG> (Thumb, 18 bytes, Stack size 0 bytes, finsh_token.o(.text))
<BR><BR>[Called By]<UL><LI><a href="#[3a2]">&gt;&gt;</a>&nbsp;&nbsp;&nbsp;token_get_string
<LI><a href="#[3a4]">&gt;&gt;</a>&nbsp;&nbsp;&nbsp;token_proc_char
<LI><a href="#[3a5]">&gt;&gt;</a>&nbsp;&nbsp;&nbsp;token_proc_escape
<LI><a href="#[3a3]">&gt;&gt;</a>&nbsp;&nbsp;&nbsp;token_run
<LI><a href="#[39f]">&gt;&gt;</a>&nbsp;&nbsp;&nbsp;token_proc_number
</UL>

<P><STRONG><a name="[3a0]"></a>token_spec_number</STRONG> (Thumb, 118 bytes, Stack size 28 bytes, finsh_token.o(.text))
<BR><BR>[Stack]<UL><LI>Max Depth = 28<LI>Call Chain = token_spec_number
</UL>
<BR>[Called By]<UL><LI><a href="#[39f]">&gt;&gt;</a>&nbsp;&nbsp;&nbsp;token_proc_number
</UL>

<P><STRONG><a name="[3a5]"></a>token_proc_escape</STRONG> (Thumb, 170 bytes, Stack size 16 bytes, finsh_token.o(.text))
<BR><BR>[Stack]<UL><LI>Max Depth = 24<LI>Call Chain = token_proc_escape &rArr; token_next_char
</UL>
<BR>[Calls]<UL><LI><a href="#[3a1]">&gt;&gt;</a>&nbsp;&nbsp;&nbsp;token_prev_char
<LI><a href="#[39e]">&gt;&gt;</a>&nbsp;&nbsp;&nbsp;token_next_char
</UL>
<BR>[Called By]<UL><LI><a href="#[3a3]">&gt;&gt;</a>&nbsp;&nbsp;&nbsp;token_run
</UL>

<P><STRONG><a name="[3a4]"></a>token_proc_char</STRONG> (Thumb, 144 bytes, Stack size 24 bytes, finsh_token.o(.text))
<BR><BR>[Stack]<UL><LI>Max Depth = 112<LI>Call Chain = token_proc_char &rArr; atoi &rArr; strtol &rArr; _strtoul
</UL>
<BR>[Calls]<UL><LI><a href="#[370]">&gt;&gt;</a>&nbsp;&nbsp;&nbsp;finsh_error_set
<LI><a href="#[3a1]">&gt;&gt;</a>&nbsp;&nbsp;&nbsp;token_prev_char
<LI><a href="#[39e]">&gt;&gt;</a>&nbsp;&nbsp;&nbsp;token_next_char
<LI><a href="#[265]">&gt;&gt;</a>&nbsp;&nbsp;&nbsp;atoi
</UL>
<BR>[Called By]<UL><LI><a href="#[3a3]">&gt;&gt;</a>&nbsp;&nbsp;&nbsp;token_run
</UL>

<P><STRONG><a name="[8e]"></a>fdevice_open</STRONG> (Thumb, 62 bytes, Stack size 8 bytes, log_file.o(.text))
<BR><BR>[Stack]<UL><LI>Max Depth = 472<LI>Call Chain = fdevice_open &rArr; open &rArr; dfs_file_open &rArr; dfs_normalize_path &rArr; rt_strdup &rArr; rt_malloc &rArr; rt_sem_take &rArr; rt_ipc_list_suspend &rArr; rt_thread_suspend &rArr; rt_assert_handler &rArr; rt_kprintf &rArr; rt_device_write &rArr;  rt_assert_handler (Cycle)
</UL>
<BR>[Calls]<UL><LI><a href="#[198]">&gt;&gt;</a>&nbsp;&nbsp;&nbsp;open
<LI><a href="#[199]">&gt;&gt;</a>&nbsp;&nbsp;&nbsp;close
</UL>
<BR>[Address Reference Count : 1]<UL><LI> log_file.o(.text)
</UL>
<P><STRONG><a name="[8f]"></a>fdevice_close</STRONG> (Thumb, 30 bytes, Stack size 8 bytes, log_file.o(.text))
<BR><BR>[Stack]<UL><LI>Max Depth = 400<LI>Call Chain = fdevice_close &rArr; close &rArr; dfs_file_close &rArr; rt_free &rArr; rt_sem_take &rArr; rt_ipc_list_suspend &rArr; rt_thread_suspend &rArr; rt_assert_handler &rArr; rt_kprintf &rArr; rt_device_write &rArr;  rt_assert_handler (Cycle)
</UL>
<BR>[Calls]<UL><LI><a href="#[199]">&gt;&gt;</a>&nbsp;&nbsp;&nbsp;close
</UL>
<BR>[Address Reference Count : 1]<UL><LI> log_file.o(.text)
</UL>
<P><STRONG><a name="[90]"></a>fdevice_write</STRONG> (Thumb, 18 bytes, Stack size 0 bytes, log_file.o(.text))
<BR><BR>[Stack]<UL><LI>Max Depth = 392<LI>Call Chain = fdevice_write &rArr; write &rArr; fd_put &rArr; dfs_lock &rArr; rt_mutex_take &rArr; rt_thread_control &rArr; rt_thread_startup &rArr; rt_thread_resume &rArr; rt_assert_handler &rArr; rt_kprintf &rArr; rt_device_write &rArr;  rt_assert_handler (Cycle)
</UL>
<BR>[Calls]<UL><LI><a href="#[19b]">&gt;&gt;</a>&nbsp;&nbsp;&nbsp;write
</UL>
<BR>[Address Reference Count : 1]<UL><LI> log_file.o(.text)
</UL>
<P><STRONG><a name="[91]"></a>fdevice_control</STRONG> (Thumb, 56 bytes, Stack size 16 bytes, log_file.o(.text))
<BR><BR>[Stack]<UL><LI>Max Depth = 384<LI>Call Chain = fdevice_control &rArr; fd_get &rArr; dfs_lock &rArr; rt_mutex_take &rArr; rt_thread_control &rArr; rt_thread_startup &rArr; rt_thread_resume &rArr; rt_assert_handler &rArr; rt_kprintf &rArr; rt_device_write &rArr;  rt_assert_handler (Cycle)
</UL>
<BR>[Calls]<UL><LI><a href="#[15b]">&gt;&gt;</a>&nbsp;&nbsp;&nbsp;rt_set_errno
<LI><a href="#[307]">&gt;&gt;</a>&nbsp;&nbsp;&nbsp;dfs_file_flush
<LI><a href="#[2f3]">&gt;&gt;</a>&nbsp;&nbsp;&nbsp;fd_get
</UL>
<BR>[Address Reference Count : 1]<UL><LI> log_file.o(.text)
</UL>
<P><STRONG><a name="[3a8]"></a>_lg_lookup_session</STRONG> (Thumb, 84 bytes, Stack size 32 bytes, log_trace.o(.text))
<BR><BR>[Stack]<UL><LI>Max Depth = 368<LI>Call Chain = _lg_lookup_session &rArr; rt_assert_handler &rArr; rt_kprintf &rArr; rt_device_write &rArr;  rt_assert_handler (Cycle)
</UL>
<BR>[Calls]<UL><LI><a href="#[173]">&gt;&gt;</a>&nbsp;&nbsp;&nbsp;rt_assert_handler
</UL>
<BR>[Called By]<UL><LI><a href="#[3aa]">&gt;&gt;</a>&nbsp;&nbsp;&nbsp;log_trace_session_find
<LI><a href="#[3ad]">&gt;&gt;</a>&nbsp;&nbsp;&nbsp;_lg_parse_session
</UL>

<P><STRONG><a name="[3ac]"></a>_lg_parse_lvl</STRONG> (Thumb, 70 bytes, Stack size 16 bytes, log_trace.o(.text))
<BR><BR>[Stack]<UL><LI>Max Depth = 352<LI>Call Chain = _lg_parse_lvl &rArr; rt_assert_handler &rArr; rt_kprintf &rArr; rt_device_write &rArr;  rt_assert_handler (Cycle)
</UL>
<BR>[Calls]<UL><LI><a href="#[173]">&gt;&gt;</a>&nbsp;&nbsp;&nbsp;rt_assert_handler
</UL>
<BR>[Called By]<UL><LI><a href="#[3b0]">&gt;&gt;</a>&nbsp;&nbsp;&nbsp;log_session
<LI><a href="#[11e]">&gt;&gt;</a>&nbsp;&nbsp;&nbsp;log_trace
<LI><a href="#[92]">&gt;&gt;</a>&nbsp;&nbsp;&nbsp;_log_write
</UL>

<P><STRONG><a name="[3ad]"></a>_lg_parse_session</STRONG> (Thumb, 100 bytes, Stack size 24 bytes, log_trace.o(.text))
<BR><BR>[Stack]<UL><LI>Max Depth = 392<LI>Call Chain = _lg_parse_session &rArr; _lg_lookup_session &rArr; rt_assert_handler &rArr; rt_kprintf &rArr; rt_device_write &rArr;  rt_assert_handler (Cycle)
</UL>
<BR>[Calls]<UL><LI><a href="#[173]">&gt;&gt;</a>&nbsp;&nbsp;&nbsp;rt_assert_handler
<LI><a href="#[3a8]">&gt;&gt;</a>&nbsp;&nbsp;&nbsp;_lg_lookup_session
</UL>
<BR>[Called By]<UL><LI><a href="#[11e]">&gt;&gt;</a>&nbsp;&nbsp;&nbsp;log_trace
<LI><a href="#[92]">&gt;&gt;</a>&nbsp;&nbsp;&nbsp;_log_write
</UL>

<P><STRONG><a name="[92]"></a>_log_write</STRONG> (Thumb, 124 bytes, Stack size 40 bytes, log_trace.o(.text))
<BR><BR>[Stack]<UL><LI>Max Depth = 432<LI>Call Chain = _log_write &rArr; _lg_parse_session &rArr; _lg_lookup_session &rArr; rt_assert_handler &rArr; rt_kprintf &rArr; rt_device_write &rArr;  rt_assert_handler (Cycle)
</UL>
<BR>[Calls]<UL><LI><a href="#[12b]">&gt;&gt;</a>&nbsp;&nbsp;&nbsp;rt_device_write
<LI><a href="#[3af]">&gt;&gt;</a>&nbsp;&nbsp;&nbsp;_idname_len
<LI><a href="#[3ad]">&gt;&gt;</a>&nbsp;&nbsp;&nbsp;_lg_parse_session
<LI><a href="#[3ac]">&gt;&gt;</a>&nbsp;&nbsp;&nbsp;_lg_parse_lvl
</UL>
<BR>[Address Reference Count : 1]<UL><LI> log_trace.o(.text)
</UL>
<P><STRONG><a name="[93]"></a>_log_control</STRONG> (Thumb, 16 bytes, Stack size 0 bytes, log_trace.o(.text))
<BR><BR>[Stack]<UL><LI>Max Depth = 272<LI>Call Chain = _log_control &rArr; rt_device_control &rArr; rt_assert_handler &rArr; rt_kprintf &rArr; rt_device_write &rArr;  rt_assert_handler (Cycle)
</UL>
<BR>[Calls]<UL><LI><a href="#[12c]">&gt;&gt;</a>&nbsp;&nbsp;&nbsp;rt_device_control
</UL>
<BR>[Address Reference Count : 1]<UL><LI> log_trace.o(.text)
</UL>
<P><STRONG><a name="[3af]"></a>_idname_len</STRONG> (Thumb, 42 bytes, Stack size 0 bytes, log_trace.o(.text))
<BR><BR>[Called By]<UL><LI><a href="#[3ae]">&gt;&gt;</a>&nbsp;&nbsp;&nbsp;__logtrace_vfmtout
<LI><a href="#[92]">&gt;&gt;</a>&nbsp;&nbsp;&nbsp;_log_write
</UL>

<P><STRONG><a name="[94]"></a>_rym_rx_ind</STRONG> (Thumb, 10 bytes, Stack size 0 bytes, ymodem.o(.text))
<BR><BR>[Stack]<UL><LI>Max Depth = 312<LI>Call Chain = _rym_rx_ind &rArr; rt_sem_release &rArr; rt_ipc_list_resume &rArr; rt_thread_resume &rArr; rt_assert_handler &rArr; rt_kprintf &rArr; rt_device_write &rArr;  rt_assert_handler (Cycle)
</UL>
<BR>[Calls]<UL><LI><a href="#[135]">&gt;&gt;</a>&nbsp;&nbsp;&nbsp;rt_sem_release
</UL>
<BR>[Address Reference Count : 1]<UL><LI> ymodem.o(.text)
</UL>
<P><STRONG><a name="[3b1]"></a>_rym_read_code</STRONG> (Thumb, 62 bytes, Stack size 16 bytes, ymodem.o(.text))
<BR><BR>[Stack]<UL><LI>Max Depth = 360<LI>Call Chain = _rym_read_code &rArr; rt_sem_take &rArr; rt_ipc_list_suspend &rArr; rt_thread_suspend &rArr; rt_assert_handler &rArr; rt_kprintf &rArr; rt_device_write &rArr;  rt_assert_handler (Cycle)
</UL>
<BR>[Calls]<UL><LI><a href="#[133]">&gt;&gt;</a>&nbsp;&nbsp;&nbsp;rt_sem_take
<LI><a href="#[12a]">&gt;&gt;</a>&nbsp;&nbsp;&nbsp;rt_device_read
</UL>
<BR>[Called By]<UL><LI><a href="#[3b5]">&gt;&gt;</a>&nbsp;&nbsp;&nbsp;_rym_do_fin
<LI><a href="#[3b4]">&gt;&gt;</a>&nbsp;&nbsp;&nbsp;_rym_do_trans
<LI><a href="#[3b3]">&gt;&gt;</a>&nbsp;&nbsp;&nbsp;_rym_do_handshake
</UL>

<P><STRONG><a name="[3b2]"></a>_rym_read_data</STRONG> (Thumb, 58 bytes, Stack size 32 bytes, ymodem.o(.text))
<BR><BR>[Stack]<UL><LI>Max Depth = 376<LI>Call Chain = _rym_read_data &rArr; rt_sem_take &rArr; rt_ipc_list_suspend &rArr; rt_thread_suspend &rArr; rt_assert_handler &rArr; rt_kprintf &rArr; rt_device_write &rArr;  rt_assert_handler (Cycle)
</UL>
<BR>[Calls]<UL><LI><a href="#[133]">&gt;&gt;</a>&nbsp;&nbsp;&nbsp;rt_sem_take
<LI><a href="#[12a]">&gt;&gt;</a>&nbsp;&nbsp;&nbsp;rt_device_read
</UL>
<BR>[Called By]<UL><LI><a href="#[3b8]">&gt;&gt;</a>&nbsp;&nbsp;&nbsp;_rym_trans_data
<LI><a href="#[3b5]">&gt;&gt;</a>&nbsp;&nbsp;&nbsp;_rym_do_fin
<LI><a href="#[3b3]">&gt;&gt;</a>&nbsp;&nbsp;&nbsp;_rym_do_handshake
</UL>

<P><STRONG><a name="[3b3]"></a>_rym_do_handshake</STRONG> (Thumb, 146 bytes, Stack size 24 bytes, ymodem.o(.text))
<BR><BR>[Stack]<UL><LI>Max Depth = 400<LI>Call Chain = _rym_do_handshake &rArr; _rym_read_data &rArr; rt_sem_take &rArr; rt_ipc_list_suspend &rArr; rt_thread_suspend &rArr; rt_assert_handler &rArr; rt_kprintf &rArr; rt_device_write &rArr;  rt_assert_handler (Cycle)
</UL>
<BR>[Calls]<UL><LI><a href="#[3b7]">&gt;&gt;</a>&nbsp;&nbsp;&nbsp;CRC16
<LI><a href="#[3b6]">&gt;&gt;</a>&nbsp;&nbsp;&nbsp;_rym_putchar
<LI><a href="#[3b2]">&gt;&gt;</a>&nbsp;&nbsp;&nbsp;_rym_read_data
<LI><a href="#[3b1]">&gt;&gt;</a>&nbsp;&nbsp;&nbsp;_rym_read_code
</UL>
<BR>[Called By]<UL><LI><a href="#[268]">&gt;&gt;</a>&nbsp;&nbsp;&nbsp;rym_recv_on_device
</UL>

<P><STRONG><a name="[3b4]"></a>_rym_do_trans</STRONG> (Thumb, 124 bytes, Stack size 24 bytes, ymodem.o(.text))
<BR><BR>[Stack]<UL><LI>Max Depth = 424<LI>Call Chain = _rym_do_trans &rArr; _rym_trans_data &rArr; _rym_read_data &rArr; rt_sem_take &rArr; rt_ipc_list_suspend &rArr; rt_thread_suspend &rArr; rt_assert_handler &rArr; rt_kprintf &rArr; rt_device_write &rArr;  rt_assert_handler (Cycle)
</UL>
<BR>[Calls]<UL><LI><a href="#[3b8]">&gt;&gt;</a>&nbsp;&nbsp;&nbsp;_rym_trans_data
<LI><a href="#[3b6]">&gt;&gt;</a>&nbsp;&nbsp;&nbsp;_rym_putchar
<LI><a href="#[3b1]">&gt;&gt;</a>&nbsp;&nbsp;&nbsp;_rym_read_code
</UL>
<BR>[Called By]<UL><LI><a href="#[268]">&gt;&gt;</a>&nbsp;&nbsp;&nbsp;rym_recv_on_device
</UL>

<P><STRONG><a name="[3b5]"></a>_rym_do_fin</STRONG> (Thumb, 158 bytes, Stack size 16 bytes, ymodem.o(.text))
<BR><BR>[Stack]<UL><LI>Max Depth = 392<LI>Call Chain = _rym_do_fin &rArr; _rym_read_data &rArr; rt_sem_take &rArr; rt_ipc_list_suspend &rArr; rt_thread_suspend &rArr; rt_assert_handler &rArr; rt_kprintf &rArr; rt_device_write &rArr;  rt_assert_handler (Cycle)
</UL>
<BR>[Calls]<UL><LI><a href="#[3b7]">&gt;&gt;</a>&nbsp;&nbsp;&nbsp;CRC16
<LI><a href="#[3b6]">&gt;&gt;</a>&nbsp;&nbsp;&nbsp;_rym_putchar
<LI><a href="#[3b2]">&gt;&gt;</a>&nbsp;&nbsp;&nbsp;_rym_read_data
<LI><a href="#[3b1]">&gt;&gt;</a>&nbsp;&nbsp;&nbsp;_rym_read_code
</UL>
<BR>[Called By]<UL><LI><a href="#[268]">&gt;&gt;</a>&nbsp;&nbsp;&nbsp;rym_recv_on_device
</UL>

<P><STRONG><a name="[3b6]"></a>_rym_putchar</STRONG> (Thumb, 18 bytes, Stack size 16 bytes, ymodem.o(.text))
<BR><BR>[Stack]<UL><LI>Max Depth = 56<LI>Call Chain = _rym_putchar &rArr; rt_device_write &rArr;  rt_assert_handler (Cycle)
</UL>
<BR>[Calls]<UL><LI><a href="#[12b]">&gt;&gt;</a>&nbsp;&nbsp;&nbsp;rt_device_write
</UL>
<BR>[Called By]<UL><LI><a href="#[3b5]">&gt;&gt;</a>&nbsp;&nbsp;&nbsp;_rym_do_fin
<LI><a href="#[3b4]">&gt;&gt;</a>&nbsp;&nbsp;&nbsp;_rym_do_trans
<LI><a href="#[3b3]">&gt;&gt;</a>&nbsp;&nbsp;&nbsp;_rym_do_handshake
</UL>

<P><STRONG><a name="[3b8]"></a>_rym_trans_data</STRONG> (Thumb, 112 bytes, Stack size 24 bytes, ymodem.o(.text))
<BR><BR>[Stack]<UL><LI>Max Depth = 400<LI>Call Chain = _rym_trans_data &rArr; _rym_read_data &rArr; rt_sem_take &rArr; rt_ipc_list_suspend &rArr; rt_thread_suspend &rArr; rt_assert_handler &rArr; rt_kprintf &rArr; rt_device_write &rArr;  rt_assert_handler (Cycle)
</UL>
<BR>[Calls]<UL><LI><a href="#[3b7]">&gt;&gt;</a>&nbsp;&nbsp;&nbsp;CRC16
<LI><a href="#[3b2]">&gt;&gt;</a>&nbsp;&nbsp;&nbsp;_rym_read_data
</UL>
<BR>[Called By]<UL><LI><a href="#[3b4]">&gt;&gt;</a>&nbsp;&nbsp;&nbsp;_rym_do_trans
</UL>

<P><STRONG><a name="[3d9]"></a>_fp_digits</STRONG> (Thumb, 334 bytes, Stack size 56 bytes, printfa.o(i._fp_digits), UNUSED)
<BR><BR>[Calls]<UL><LI><a href="#[277]">&gt;&gt;</a>&nbsp;&nbsp;&nbsp;__aeabi_dmul
<LI><a href="#[278]">&gt;&gt;</a>&nbsp;&nbsp;&nbsp;__aeabi_dadd
<LI><a href="#[27e]">&gt;&gt;</a>&nbsp;&nbsp;&nbsp;__aeabi_cdrcmple
<LI><a href="#[3cc]">&gt;&gt;</a>&nbsp;&nbsp;&nbsp;__aeabi_ddiv
<LI><a href="#[3c8]">&gt;&gt;</a>&nbsp;&nbsp;&nbsp;__aeabi_uldivmod
<LI><a href="#[3cd]">&gt;&gt;</a>&nbsp;&nbsp;&nbsp;__aeabi_d2ulz
</UL>
<BR>[Called By]<UL><LI><a href="#[3d1]">&gt;&gt;</a>&nbsp;&nbsp;&nbsp;_printf_core
</UL>

<P><STRONG><a name="[3d1]"></a>_printf_core</STRONG> (Thumb, 1744 bytes, Stack size 136 bytes, printfa.o(i._printf_core), UNUSED)
<BR><BR>[Calls]<UL><LI><a href="#[3c8]">&gt;&gt;</a>&nbsp;&nbsp;&nbsp;__aeabi_uldivmod
<LI><a href="#[3dc]">&gt;&gt;</a>&nbsp;&nbsp;&nbsp;__aeabi_uidivmod
<LI><a href="#[3da]">&gt;&gt;</a>&nbsp;&nbsp;&nbsp;_printf_pre_padding
<LI><a href="#[3db]">&gt;&gt;</a>&nbsp;&nbsp;&nbsp;_printf_post_padding
<LI><a href="#[3d9]">&gt;&gt;</a>&nbsp;&nbsp;&nbsp;_fp_digits
</UL>
<BR>[Called By]<UL><LI><a href="#[3d0]">&gt;&gt;</a>&nbsp;&nbsp;&nbsp;__0sprintf
</UL>

<P><STRONG><a name="[3db]"></a>_printf_post_padding</STRONG> (Thumb, 36 bytes, Stack size 24 bytes, printfa.o(i._printf_post_padding), UNUSED)
<BR><BR>[Called By]<UL><LI><a href="#[3d1]">&gt;&gt;</a>&nbsp;&nbsp;&nbsp;_printf_core
</UL>

<P><STRONG><a name="[3da]"></a>_printf_pre_padding</STRONG> (Thumb, 46 bytes, Stack size 24 bytes, printfa.o(i._printf_pre_padding), UNUSED)
<BR><BR>[Called By]<UL><LI><a href="#[3d1]">&gt;&gt;</a>&nbsp;&nbsp;&nbsp;_printf_core
</UL>

<P><STRONG><a name="[99]"></a>_sputc</STRONG> (Thumb, 10 bytes, Stack size 0 bytes, printfa.o(i._sputc))
<BR><BR>[Called By]<UL><LI><a href="#[3d0]">&gt;&gt;</a>&nbsp;&nbsp;&nbsp;__0sprintf
</UL>
<BR>[Address Reference Count : 1]<UL><LI> printfa.o(i.__0sprintf)
</UL>
<P><STRONG><a name="[97]"></a>_scanf_char_input</STRONG> (Thumb, 12 bytes, Stack size 0 bytes, scanf_char.o(.text))
<BR>[Address Reference Count : 1]<UL><LI> scanf_char.o(.text)
</UL><P>
<H3>
Undefined Global Symbols
</H3><HR></body></html>
